Microchip MPLAB XC8 Compiler V1.37 ()

Linker command line:

-W-3 --edf=D:\Program Files (x86)\Microchip\xc8\v1.37\dat\en_msgs.txt -cs \
  -h+dist/default/production\thermocouple.X.production.sym \
  --cmf=dist/default/production\thermocouple.X.production.cmf -z -Q16F1518 \
  -oC:\Users\ADMINI~1\AppData\Local\Temp\sa1g.2 \
  -Mdist/default/production/thermocouple.X.production.map -E1 -ver=XC8 \
  -ASTACK=02180h-023efh -pstack=STACK -ACODE=00h-07FFhx8 \
  -ASTRCODE=00h-03FFFh -ASTRING=00h-0FFhx64 -ACONST=00h-0FFhx64 \
  -AENTRY=00h-0FFhx64 -ACOMMON=070h-07Fh -ABANK0=020h-06Fh \
  -ABANK1=0A0h-0EFh -ABANK2=0120h-016Fh -ABANK3=01A0h-01EFh \
  -ABANK4=0220h-026Fh -ABANK5=02A0h-02EFh -ABANK6=0320h-036Fh \
  -ABANK7=03A0h-03EFh -ABANK8=0420h-046Fh -ABANK9=04A0h-04EFh \
  -ABANK10=0520h-056Fh -ABANK11=05A0h-05EFh -ABANK12=0620h-064Fh \
  -ABIGRAM=02000h-023EFh \
  -ARAM=020h-06Fh,0A0h-0EFh,0120h-016Fh,01A0h-01EFh,0220h-026Fh,02A0h-02EFh,0320h-036Fh,03A0h-03EFh,0420h-046Fh,04A0h-04EFh,0520h-056Fh,05A0h-05EFh,0620h-064Fh \
  -AABS1=020h-07Fh,0A0h-0EFh,0120h-016Fh,01A0h-01EFh,0220h-026Fh,02A0h-02EFh,0320h-036Fh,03A0h-03EFh,0420h-046Fh,04A0h-04EFh,0520h-056Fh,05A0h-05EFh,0620h-064Fh \
  -ASFR0=00h-01Fh -ASFR1=080h-09Fh -ASFR2=0100h-011Fh -ASFR3=0180h-019Fh \
  -ASFR4=0200h-021Fh -ASFR5=0280h-029Fh -ASFR6=0300h-031Fh \
  -ASFR7=0380h-039Fh -ASFR8=0400h-041Fh -ASFR9=0480h-049Fh \
  -ASFR10=0500h-051Fh -ASFR11=0580h-059Fh -ASFR12=0600h-061Fh \
  -ASFR13=0680h-06EFh -ASFR14=0700h-076Fh -ASFR15=0780h-07EFh \
  -ASFR16=0800h-086Fh -ASFR17=0880h-08EFh -ASFR18=0900h-096Fh \
  -ASFR19=0980h-09EFh -ASFR20=0A00h-0A6Fh -ASFR21=0A80h-0AEFh \
  -ASFR22=0B00h-0B6Fh -ASFR23=0B80h-0BEFh -ASFR24=0C00h-0C6Fh \
  -ASFR25=0C80h-0CEFh -ASFR26=0D00h-0D6Fh -ASFR27=0D80h-0DEFh \
  -ASFR28=0E00h-0E6Fh -ASFR29=0E80h-0EEFh -ASFR30=0F00h-0F6Fh \
  -ASFR31=0F80h-0FEFh -preset_vec=00h,intentry=04h,init,end_init \
  -ppowerup=CODE -pcinit=CODE -pfunctab=CODE -ACONFIG=08007h-08008h \
  -pconfig=CONFIG -DCONFIG=2 -AIDLOC=08000h-08003h -pidloc=IDLOC -DIDLOC=2 \
  -DCODE=2 -DSTRCODE=2 -DSTRING=2 -DCONST=2 -DENTRY=2 -k \
  C:\Users\ADMINI~1\AppData\Local\Temp\sa1g.obj \
  dist/default/production\thermocouple.X.production.obj 

Object code version is 3.11

Machine type is 16F1518



                Name                               Link     Load   Length Selector   Space Scale
C:\Users\ADMINI~1\AppData\Local\Temp\sa1g.obj
                end_init                             27       27        2        8       0
                reset_vec                             0        0        2        0       0
                config                             8007     8007        2    1000E       0
dist/default/production\thermocouple.X.production.obj
                cinit                                29       29       2F        8       0
                intentry                              4        4       23        8       0
                text73                              754      754       A4        8       0
                text72                              DD9      DD9       7D     1BB2       0
                text71                             1586     1586       1E     2B0C       0
                text70                             14C4     14C4       19     2988       0
                text69                             14DD     14DD       1B     29BA       0
                text67                              D5F      D5F       7A     1ABE       0
                text66                             13E4     13E4       10     27C8       0
                text65                             15C3     15C3       20     2B86       0
                text64                             15E3     15E3       20     2BC6       0
                text63                              40A      40A       D9        8       0
                text62                             179F     179F       30     2F3E       0
                text61                              AED      AED       56     15DA       0
                text60                             154C     154C       1D     2A98       0
                text59                             1569     1569       1D     2AD2       0
                text58                              CE7      CE7       78     19CE       0
                text57                             1445     1445       12     288A       0
                text56                             146A     146A       15     28D4       0
                text55                              C7C      C7C       6B     18F8       0
                text54                              8B6      8B6       3B     116C       0
                text53                              A48      A48       52     1490       0
                text52                              96B      96B       46     12D6       0
                text51                             1771     1771       2E     2EE2       0
                text50                              B43      B43       67     1686       0
                text49                              BAA      BAA       69     1754       0
                text48                              8F1      8F1       3C     11E2       0
                text47                             1434     1434       11     2868       0
                text46                             16A7     16A7       23     2D4E       0
                text45                             1643     1643       21     2C86       0
                text44                             1494     1494       18     2928       0
                text43                             13BC     13BC        5     2778       0
                text42                             13C6     13C6        6     278C       0
                text41                             1664     1664       21     2CC8       0
                text40                              815      815       35     102A       0
                text39                             17CF     17CF       31     2F9E       0
                text38                             13D8     13D8        C     27B0       0
                text37                              A9A      A9A       53     1534       0
                text36                             14AC     14AC       18     2958       0
                text35                             147F     147F       15     28FE       0
                text34                             13F4     13F4       10     27E8       0
                text33                             1603     1603       20     2C06       0
                text32                              9B1      9B1       4A     1362       0
                text31                              84A      84A       35     1094       0
                text30                             1744     1744       2D     2E88       0
                text29                             14F8     14F8       1C     29F0       0
                text28                              5B8      5B8       D1        8       0
                text27                             1718     1718       2C     2E30       0
                text26                             1457     1457       13     28AE       0
                text25                             1623     1623       20     2C46       0
                text24                             16ED     16ED       2B     2DDA       0
                text23                              689      689       CB        8       0
                text22                              E56      E56       82     1CAC       0
                text21                             1404     1404       10     2808       0
                text20                             1414     1414       10     2828       0
                text19                             1514     1514       1C     2A28       0
                text18                              268      268      1A2        8       0
                text17                               58       58      210        8       0
                text16                              92D      92D       3E     125A       0
                text15                              F6A      F6A       96     1ED4       0
                text14                              87F      87F       37     10FE       0
                text13                              ED8      ED8       92     1DB0       0
                text12                              7F8      7F8        8        8       0
                text11                             1530     1530       1C     2A60       0
                text10                             13B8     13B8        4     2770       0
                text9                              13C1     13C1        5     2782       0
                text8                              1685     1685       22     2D0A       0
                text7                              13CC     13CC        6     2798       0
                text6                              1424     1424       10     2848       0
                text5                               800      800       15     1000       0
                text4                               C13      C13       69     1826       0
                text3                               9FB      9FB       4D     13F6       0
                text2                              16CA     16CA       23     2D94       0
                text1                              15A4     15A4       1F     2B48       0
                maintext                            4E3      4E3       D5        8       0
                cstackBANK0                          20       20       41       20       1
                cstackCOMMON                         70       70        E       70       1
                cstackBANK1                          A0       A0       4E       A0       1
                cstackBANK3                         1D4      1D4        5      1A0       1
                clrtext                            13D2     13D2        6     27A4       0
                bssBANK4                            220      220       40      220       1
                bssBANK3                            1A0      1A0       34      1A0       1
                dataBANK2                           16E      16E        2      120       1
                bssBANK2                            120      120       4B      120       1
                bssBANK1                             EE       EE        2       A0       1
                bssBANK0                             61       61        A       20       1
                nvBANK2                             16B      16B        3      120       1
                stringtext                         1800     1800       15     3000       0
                idataBANK2                            2        2        2        0       0

TOTAL           Name                               Link     Load   Length     Space
        CLASS   STACK          

        CLASS   CODE           
                end_init                             27       27        2         0
                cinit                                29       29       2F         0
                intentry                              4        4       23         0
                reset_vec                             0        0        2         0
                text73                              754      754       A4         0
                text72                              DD9      DD9       7D         0
                text71                             1586     1586       1E         0
                text70                             14C4     14C4       19         0
                text69                             14DD     14DD       1B         0
                text67                              D5F      D5F       7A         0
                text66                             13E4     13E4       10         0
                text65                             15C3     15C3       20         0
                text64                             15E3     15E3       20         0
                text63                              40A      40A       D9         0
                text62                             179F     179F       30         0
                text61                              AED      AED       56         0
                text60                             154C     154C       1D         0
                text59                             1569     1569       1D         0
                text58                              CE7      CE7       78         0
                text57                             1445     1445       12         0
                text56                             146A     146A       15         0
                text55                              C7C      C7C       6B         0
                text54                              8B6      8B6       3B         0
                text53                              A48      A48       52         0
                text52                              96B      96B       46         0
                text51                             1771     1771       2E         0
                text50                              B43      B43       67         0
                text49                              BAA      BAA       69         0
                text48                              8F1      8F1       3C         0
                text47                             1434     1434       11         0
                text46                             16A7     16A7       23         0
                text45                             1643     1643       21         0
                text44                             1494     1494       18         0
                text43                             13BC     13BC        5         0
                text42                             13C6     13C6        6         0
                text41                             1664     1664       21         0
                text40                              815      815       35         0
                text39                             17CF     17CF       31         0
                text38                             13D8     13D8        C         0
                text37                              A9A      A9A       53         0
                text36                             14AC     14AC       18         0
                text35                             147F     147F       15         0
                text34                             13F4     13F4       10         0
                text33                             1603     1603       20         0
                text32                              9B1      9B1       4A         0
                text31                              84A      84A       35         0
                text30                             1744     1744       2D         0
                text29                             14F8     14F8       1C         0
                text28                              5B8      5B8       D1         0
                text27                             1718     1718       2C         0
                text26                             1457     1457       13         0
                text25                             1623     1623       20         0
                text24                             16ED     16ED       2B         0
                text23                              689      689       CB         0
                text22                              E56      E56       82         0
                text21                             1404     1404       10         0
                text20                             1414     1414       10         0
                text19                             1514     1514       1C         0
                text18                              268      268      1A2         0
                text17                               58       58      210         0
                text16                              92D      92D       3E         0
                text15                              F6A      F6A       96         0
                text14                              87F      87F       37         0
                text13                              ED8      ED8       92         0
                text12                              7F8      7F8        8         0
                text11                             1530     1530       1C         0
                text10                             13B8     13B8        4         0
                text9                              13C1     13C1        5         0
                text8                              1685     1685       22         0
                text7                              13CC     13CC        6         0
                text6                              1424     1424       10         0
                text5                               800      800       15         0
                text4                               C13      C13       69         0
                text3                               9FB      9FB       4D         0
                text2                              16CA     16CA       23         0
                text1                              15A4     15A4       1F         0
                maintext                            4E3      4E3       D5         0
                clrtext                            13D2     13D2        6         0
                idataBANK2                            2        2        2         0

        CLASS   STRCODE        
                stringtext                         1800     1800       15         0

        CLASS   STRING         

        CLASS   CONST          

        CLASS   ENTRY          

        CLASS   COMMON         
                cstackCOMMON                         70       70        E         1

        CLASS   BANK0          
                cstackBANK0                          20       20       41         1
                bssBANK0                             61       61        A         1

        CLASS   BANK1          
                cstackBANK1                          A0       A0       4E         1
                bssBANK1                             EE       EE        2         1

        CLASS   BANK2          
                dataBANK2                           16E      16E        2         1
                bssBANK2                            120      120       4B         1
                nvBANK2                             16B      16B        3         1

        CLASS   BANK3          
                cstackBANK3                         1D4      1D4        5         1
                bssBANK3                            1A0      1A0       34         1

        CLASS   BANK4          
                bssBANK4                            220      220       40         1

        CLASS   BANK5          

        CLASS   BANK6          

        CLASS   BANK7          

        CLASS   BANK8          

        CLASS   BANK9          

        CLASS   BANK10         

        CLASS   BANK11         

        CLASS   BANK12         

        CLASS   BIGRAM         

        CLASS   RAM            

        CLASS   ABS1           
                abs_s1                               7E       7E        2         1

        CLASS   SFR0           

        CLASS   SFR1           

        CLASS   SFR2           

        CLASS   SFR3           

        CLASS   SFR4           

        CLASS   SFR5           

        CLASS   SFR6           

        CLASS   SFR7           

        CLASS   SFR8           

        CLASS   SFR9           

        CLASS   SFR10          

        CLASS   SFR11          

        CLASS   SFR12          

        CLASS   SFR13          

        CLASS   SFR14          

        CLASS   SFR15          

        CLASS   SFR16          

        CLASS   SFR17          

        CLASS   SFR18          

        CLASS   SFR19          

        CLASS   SFR20          

        CLASS   SFR21          

        CLASS   SFR22          

        CLASS   SFR23          

        CLASS   SFR24          

        CLASS   SFR25          

        CLASS   SFR26          

        CLASS   SFR27          

        CLASS   SFR28          

        CLASS   SFR29          

        CLASS   SFR30          

        CLASS   SFR31          

        CLASS   CONFIG         
                config                             8007     8007        2         0

        CLASS   IDLOC          

        CLASS   BANK31         

        CLASS   BANK30         

        CLASS   BANK29         

        CLASS   BANK28         

        CLASS   BANK27         

        CLASS   BANK26         

        CLASS   BANK25         

        CLASS   BANK24         

        CLASS   BANK23         

        CLASS   BANK22         

        CLASS   BANK21         

        CLASS   BANK20         

        CLASS   BANK19         

        CLASS   BANK18         

        CLASS   BANK17         

        CLASS   BANK16         

        CLASS   BANK15         

        CLASS   BANK14         

        CLASS   BANK13         

        CLASS   EEDATA         



SEGMENTS        Name                           Load    Length   Top    Selector   Space  Class     Delta

                reset_vec                      000000  000004  000004         0       0  CODE        2
                intentry                       000004  0007FC  000800         8       0  CODE        2
                cstackBANK0                    000020  00004B  00006B        20       1  BANK0       1
                cstackCOMMON                   000070  00000E  00007E        70       1  COMMON      1
                cstackBANK1                    0000A0  000050  0000F0        A0       1  BANK1       1
                bssBANK2                       000120  000050  000170       120       1  BANK2       1
                bssBANK3                       0001A0  000039  0001D9       1A0       1  BANK3       1
                bssBANK4                       000220  000040  000260       220       1  BANK4       1
                text5                          000800  000015  000815      1000       0  CODE        2
                text40                         000815  000035  00084A      102A       0  CODE        2
                text31                         00084A  000035  00087F      1094       0  CODE        2
                text14                         00087F  000037  0008B6      10FE       0  CODE        2
                text54                         0008B6  00003B  0008F1      116C       0  CODE        2
                text48                         0008F1  00003C  00092D      11E2       0  CODE        2
                text16                         00092D  00003E  00096B      125A       0  CODE        2
                text52                         00096B  000046  0009B1      12D6       0  CODE        2
                text32                         0009B1  00004A  0009FB      1362       0  CODE        2
                text3                          0009FB  00004D  000A48      13F6       0  CODE        2
                text53                         000A48  000052  000A9A      1490       0  CODE        2
                text37                         000A9A  000053  000AED      1534       0  CODE        2
                text61                         000AED  000056  000B43      15DA       0  CODE        2
                text50                         000B43  000067  000BAA      1686       0  CODE        2
                text49                         000BAA  000069  000C13      1754       0  CODE        2
                text4                          000C13  000069  000C7C      1826       0  CODE        2
                text55                         000C7C  00006B  000CE7      18F8       0  CODE        2
                text58                         000CE7  000078  000D5F      19CE       0  CODE        2
                text67                         000D5F  00007A  000DD9      1ABE       0  CODE        2
                text72                         000DD9  00007D  000E56      1BB2       0  CODE        2
                text22                         000E56  000082  000ED8      1CAC       0  CODE        2
                text13                         000ED8  000092  000F6A      1DB0       0  CODE        2
                text15                         000F6A  000096  001000      1ED4       0  CODE        2
                text10                         0013B8  000004  0013BC      2770       0  CODE        2
                text43                         0013BC  000005  0013C1      2778       0  CODE        2
                text9                          0013C1  000005  0013C6      2782       0  CODE        2
                text42                         0013C6  000006  0013CC      278C       0  CODE        2
                text7                          0013CC  000006  0013D2      2798       0  CODE        2
                clrtext                        0013D2  000006  0013D8      27A4       0  CODE        2
                text38                         0013D8  00000C  0013E4      27B0       0  CODE        2
                text66                         0013E4  000010  0013F4      27C8       0  CODE        2
                text34                         0013F4  000010  001404      27E8       0  CODE        2
                text21                         001404  000010  001414      2808       0  CODE        2
                text20                         001414  000010  001424      2828       0  CODE        2
                text6                          001424  000010  001434      2848       0  CODE        2
                text47                         001434  000011  001445      2868       0  CODE        2
                text57                         001445  000012  001457      288A       0  CODE        2
                text26                         001457  000013  00146A      28AE       0  CODE        2
                text56                         00146A  000015  00147F      28D4       0  CODE        2
                text35                         00147F  000015  001494      28FE       0  CODE        2
                text44                         001494  000018  0014AC      2928       0  CODE        2
                text36                         0014AC  000018  0014C4      2958       0  CODE        2
                text70                         0014C4  000019  0014DD      2988       0  CODE        2
                text69                         0014DD  00001B  0014F8      29BA       0  CODE        2
                text29                         0014F8  00001C  001514      29F0       0  CODE        2
                text19                         001514  00001C  001530      2A28       0  CODE        2
                text11                         001530  00001C  00154C      2A60       0  CODE        2
                text60                         00154C  00001D  001569      2A98       0  CODE        2
                text59                         001569  00001D  001586      2AD2       0  CODE        2
                text71                         001586  00001E  0015A4      2B0C       0  CODE        2
                text1                          0015A4  00001F  0015C3      2B48       0  CODE        2
                text65                         0015C3  000020  0015E3      2B86       0  CODE        2
                text64                         0015E3  000020  001603      2BC6       0  CODE        2
                text33                         001603  000020  001623      2C06       0  CODE        2
                text25                         001623  000020  001643      2C46       0  CODE        2
                text45                         001643  000021  001664      2C86       0  CODE        2
                text41                         001664  000021  001685      2CC8       0  CODE        2
                text8                          001685  000022  0016A7      2D0A       0  CODE        2
                text46                         0016A7  000023  0016CA      2D4E       0  CODE        2
                text2                          0016CA  000023  0016ED      2D94       0  CODE        2
                text24                         0016ED  00002B  001718      2DDA       0  CODE        2
                text27                         001718  00002C  001744      2E30       0  CODE        2
                text30                         001744  00002D  001771      2E88       0  CODE        2
                text51                         001771  00002E  00179F      2EE2       0  CODE        2
                text62                         00179F  000030  0017CF      2F3E       0  CODE        2
                text39                         0017CF  000031  001800      2F9E       0  CODE        2
                stringtext                     001800  000015  001815      3000       0  STRCODE     2
                config                         008007  000002  008009     1000E       0  CONFIG      2


UNUSED ADDRESS RANGES

        Name                Unused          Largest block    Delta
        BANK0            0006B-0006F               5           1
        BANK10           00520-0056F              50           1
        BANK11           005A0-005EF              50           1
        BANK12           00620-0064F              30           1
        BANK3            001D9-001EF              17           1
        BANK4            00260-0026F              10           1
        BANK5            002A0-002EF              50           1
        BANK6            00320-0036F              50           1
        BANK7            003A0-003EF              50           1
        BANK8            00420-0046F              50           1
        BANK9            004A0-004EF              50           1
        BIGRAM           02000-023EF             3F0           1
        CODE             01000-013B7             3B8           2
                         01815-03FFF             800
        CONST            01000-013B7             100           2
                         01815-03FFF             100
        ENTRY            01000-013B7             100           2
                         01815-03FFF             100
        IDLOC            08000-08003               4           2
        RAM              0006B-0006F               5           1
                         001D9-001EF              17
                         00260-0026F              10
                         002A0-002EF              50
                         00320-0036F              50
                         003A0-003EF              50
                         00420-0046F              50
                         004A0-004EF              50
                         00520-0056F              50
                         005A0-005EF              50
                         00620-0064F              30
        SFR0             00000-0001F              20           1
        SFR1             00080-0009F              20           1
        SFR10            00500-0051F              20           1
        SFR11            00580-0059F              20           1
        SFR12            00600-0061F              20           1
        SFR13            00680-006EF              70           1
        SFR14            00700-0076F              70           1
        SFR15            00780-007EF              70           1
        SFR16            00800-0086F              70           1
        SFR17            00880-008EF              70           1
        SFR18            00900-0096F              70           1
        SFR19            00980-009EF              70           1
        SFR2             00100-0011F              20           1
        SFR20            00A00-00A6F              70           1
        SFR21            00A80-00AEF              70           1
        SFR22            00B00-00B6F              70           1
        SFR23            00B80-00BEF              70           1
        SFR24            00C00-00C6F              70           1
        SFR25            00C80-00CEF              70           1
        SFR26            00D00-00D6F              70           1
        SFR27            00D80-00DEF              70           1
        SFR28            00E00-00E6F              70           1
        SFR29            00E80-00EEF              70           1
        SFR3             00180-0019F              20           1
        SFR30            00F00-00F6F              70           1
        SFR31            00F80-00FEF              70           1
        SFR4             00200-0021F              20           1
        SFR5             00280-0029F              20           1
        SFR6             00300-0031F              20           1
        SFR7             00380-0039F              20           1
        SFR8             00400-0041F              20           1
        SFR9             00480-0049F              20           1
        STACK            02180-023EF             270           1
        STRCODE          01000-013B7             3B8           2
                         01815-03FFF            27EB
        STRING           01000-013B7             100           2
                         01815-03FFF             100

                                  Symbol Table

?_CRC_cal                                        cstackBANK0  00021
?_FLASH_ReadWord                                 cstackBANK0  00021
?___awdiv                                        cstackBANK0  00021
?___awmod                                        cstackBANK0  00021
?___lwdiv                                        cstackBANK0  00027
?___lwmod                                        cstackBANK0  00021
?___wmul                                         cstackBANK0  00021
Bq32k_Rtc_Read_Time@p                            cstackBANK0  00035
Bq32k_Rtc_Read_Time@temp                         cstackBANK0  0002B
Bq32k_Rtc_Write_Time@p                           cstackBANK0  0003E
Bq32k_Rtc_Write_Time@temp                        cstackBANK0  00034
Bq32k_Time_Init@F2033                            dataBANK2    0016E
CRC_cal@frame_len                                cstackBANK0  00021
CRC_cal@i                                        cstackBANK0  00028
CRC_cal@remainder                                cstackBANK0  00029
CRC_cal@rx_arr                                   cstackBANK0  00027
Calculate_Time@temp                              cstackBANK0  00042
Calculate_Time@temp1                             cstackBANK0  00046
Calculate_Time@temp2                             cstackBANK0  0004A
EUSART_Receive_ISR@rx_tmp                        cstackCOMMON 0007D
EUSART_Write@txData                              cstackBANK0  00021
FLASH_EraseBlock@GIEBitValue                     cstackBANK0  00023
FLASH_EraseBlock@startAddr                       cstackBANK0  00021
FLASH_ReadWord@GIEBitValue                       cstackBANK0  00023
FLASH_ReadWord@flashAddr                         cstackBANK0  00021
FLASH_WriteWord@GIEBitValue                      cstackBANK0  00025
FLASH_WriteWord@flashAddr                        cstackBANK0  00021
FLASH_WriteWord@word                             cstackBANK0  00023
FLASH_readBlock@address                          cstackBANK0  00024
FLASH_readBlock@buffer                           cstackBANK0  00028
FLASH_readBlock@count                            cstackBANK0  00026
I2C_Read_Buffer@ADD                              cstackBANK0  00027
I2C_Read_Buffer@Flag                             cstackBANK0  00028
I2C_Read_Buffer@Length                           cstackBANK0  00025
I2C_Read_Buffer@buff                             cstackBANK0  00024
I2C_Receive_Byte@Data                            cstackBANK0  00022
I2C_Receive_Byte@i                               cstackBANK0  00023
I2C_Send_Buffer@ADD                              cstackBANK0  00028
I2C_Send_Buffer@Flag                             cstackBANK0  0002A
I2C_Send_Buffer@Length                           cstackBANK0  00025
I2C_Send_Buffer@buff                             cstackBANK0  00024
I2C_Send_Buffer@i                                cstackBANK0  00029
I2C_Send_Byte@Data                               cstackBANK0  00022
I2C_Send_Byte@i                                  cstackBANK0  00023
Inf_to_Com@add_tmp                               cstackBANK1  000E8
Inf_to_Com@count_tmp                             cstackBANK1  000ED
Inf_to_Com@crc_tmp                               cstackBANK1  000EA
Inf_to_Com@i                                     cstackBANK1  000EC
Inf_to_Com@tmp_buf                               cstackBANK1  000A0
Key_Process@gKeyValue                            cstackBANK0  0005C
Key_Scan@Key_val                                 cstackBANK0  00023
Read_time_to_Com@crc_tmp                         cstackBANK0  0003C
Read_time_to_Com@i                               cstackBANK0  0003E
Read_time_to_Com@tmp_buf                         cstackBANK0  0002C
RxFrameCheck@frame_len                           cstackCOMMON 00070
RxFrameCheck@i                                   cstackCOMMON 00077
RxFrameCheck@remainder                           cstackCOMMON 00079
RxFrameCheck@rx_arr                              cstackCOMMON 00078
RxFrameCheck@tmp_crc                             cstackCOMMON 00075
SPI_Exchange8bit@data                            cstackBANK0  00021
SPI_Exchange8bitBuffer@bufLen                    cstackBANK0  00022
SPI_Exchange8bitBuffer@bytesWritten              cstackBANK0  00028
SPI_Exchange8bitBuffer@dataIn                    cstackBANK0  00027
SPI_Exchange8bitBuffer@dataOut                   cstackBANK0  00023
Save_Write_word@data                             cstackBANK0  00026
Save_process@var_time                            cstackBANK0  00050
SendBit_1621@cnt                                 cstackBANK0  00021
SendBit_1621@data                                cstackBANK0  00023
SendBit_1621@i                                   cstackBANK0  00024
SendCmd_1621@command                             cstackBANK0  00026
SendDataBit_1621@cnt                             cstackBANK0  00021
SendDataBit_1621@data                            cstackBANK0  00023
SendDataBit_1621@i                               cstackBANK0  00024
Serach_Flash_Head@count                          cstackBANK0  0002D
Serach_Flash_Head@data                           cstackBANK0  0002E
Serach_Flash_Head@i                              cstackBANK0  00030
TMR0_ISR@CountCallBack                           bssBANK2     00128
Tc_Display@count                                 cstackBANK0  00030
Tc_Display@data                                  cstackBANK0  00031
Two_Display@F2138                                bssBANK2     00120
Two_Display@num                                  cstackBANK0  0002C
Two_Display@number                               cstackBANK0  00030
WriteAll_1621@addr                               cstackBANK0  00029
WriteAll_1621@cnt                                cstackBANK0  00027
WriteAll_1621@i                                  cstackBANK0  0002A
WriteAll_1621@p                                  cstackBANK0  00025
_ADCON0                                          (abs)        0009D
_ADCON0bits                                      (abs)        0009D
_ADCON1                                          (abs)        0009E
_ADC_Initialize                                  text12       007F8
_ADRESH                                          (abs)        0009C
_ADRESL                                          (abs)        0009B
_ANSELA                                          (abs)        0018C
_ANSELB                                          (abs)        0018D
_ANSELC                                          (abs)        0018E
_APFCON                                          (abs)        0011D
_BAUDCON                                         (abs)        0019F
_Bq32k_Rtc_Read_Time                             text55       00C7C
_Bq32k_Rtc_Write_Time                            text50       00B43
_CH1_state                                       bssBANK2     00134
_CH1_temperature                                 bssBANK2     0012A
_CH2_state                                       bssBANK2     00135
_CH2_temperature                                 bssBANK2     0012C
_CRC_cal                                         text67       00D5F
_Calculate_Time                                  text18       00268
_Com_Process                                     text47       01434
_Cur_Save_Index                                  bssBANK0     00065
_Cur_Save_Index_Bak                              bssBANK2     0012E
_Cur_temperature_time_ch1                        bssBANK2     00136
_Cur_temperature_time_ch2                        bssBANK2     00137
_Dis_TAB                                         stringtext   01800
_EUSART_Initialize                               text11       01530
_EUSART_Receive_ISR                              text72       00DD9
_EUSART_Transmit_ISR                             text71       01586
_EUSART_Write                                    text66       013E4
_FLASH_EraseBlock                                text25       01623
_FLASH_ReadWord                                  text65       015C3
_FLASH_WriteWord                                 text24       016ED
_FLASH_readBlock                                 text64       015E3
_FVRCON                                          (abs)        00117
_FVRCONbits                                      (abs)        00117
_FVR_Initialize                                  text10       013B8
_Flash_buff                                      bssBANK4     00220
_I2C_Read_Buffer                                 text58       00CE7
_I2C_Receive_Byte                                text62       0179F
_I2C_Send_Buffer                                 text54       008B6
_I2C_Send_Byte                                   text61       00AED
_I2C_Start                                       text60       0154C
_I2C_Stop                                        text59       01569
_INTCONbits                                      (abs)        0000B
_INTERRUPT_InterruptManager                      intentry     00004
_Inf_cmd_flag                                    bssBANK2     00138
_Inf_to_Com                                      text63       0040A
_Key_Process                                     text13       00ED8
_Key_Scan                                        text46       016A7
_LATA                                            (abs)        0010C
_LATA0                                           (abs)        00860
_LATA1                                           (abs)        00861
_LATA2                                           (abs)        00862
_LATA3                                           (abs)        00863
_LATA4                                           (abs)        00864
_LATA5                                           (abs)        00865
_LATA6                                           (abs)        00866
_LATB                                            (abs)        0010D
_LATB0                                           (abs)        00868
_LATB1                                           (abs)        00869
_LATC                                            (abs)        0010E
_LATC0                                           (abs)        00870
_LATC1                                           (abs)        00871
_LATC2                                           (abs)        00872
_LongPressSec                                    bssBANK1     000EE
_MAX31856Sec                                     bssBANK2     00139
_OPTION_REG                                      (abs)        00095
_OPTION_REGbits                                  (abs)        00095
_OSCCON                                          (abs)        00099
_OSCILLATOR_Initialize                           text9        013C1
_OSCSTAT                                         (abs)        0009A
_PIE1bits                                        (abs)        00091
_PIN_MANAGER_Initialize                          text8        01685
_PIR1bits                                        (abs)        00011
_PMADRH                                          (abs)        00192
_PMADRL                                          (abs)        00191
_PMCON1bits                                      (abs)        00195
_PMCON2                                          (abs)        00196
_PMDATH                                          (abs)        00194
_PMDATL                                          (abs)        00193
_RA7                                             (abs)        00067
_RB1                                             (abs)        00069
_RB3                                             (abs)        0006B
_RB5                                             (abs)        0006D
_RCREG                                           (abs)        00199
_RCSTA                                           (abs)        0019D
_RCSTAbits                                       (abs)        0019D
_Read_time_to_Com                                text49       00BAA
_Record_flag                                     bssBANK0     00067
_RxFrameCheck                                    text73       00754
_SPBRGH                                          (abs)        0019C
_SPBRGL                                          (abs)        0019B
_SPI_Exchange8bit                                text38       013D8
_SPI_Exchange8bitBuffer                          text37       00A9A
_SPI_Initialize                                  text7        013CC
_SSP1ADD                                         (abs)        00212
_SSP1CON1                                        (abs)        00215
_SSP1CON1bits                                    (abs)        00215
_SSP1STAT                                        (abs)        00214
_SSP1STATbits                                    (abs)        00214
_SSPBUF                                          (abs)        00211
_SWDTEN                                          (abs)        004B8
_SYSTEM_Initialize                               text5        00800
_Save_Write_time                                 text22       00E56
_Save_Write_word                                 text23       00689
_Save_process                                    text4        00C13
_SendBit_1621                                    text45       01643
_SendCmd_1621                                    text44       01494
_SendDataBit_1621                                text41       01664
_Serach_Flash_Head                               text3        009FB
_Set_finish_flag                                 text43       013BC
_Set_start_flag                                  text42       013C6
_Set_time_cmd_flag                               bssBANK2     0013A
_Set_time_from_Com                               text48       008F1
_Sleep_process                                   text1        015A4
_Step_control                                    text2        016CA
_TMR0                                            (abs)        00015
_TMR0_CallBack                                   text70       014C4
_TMR0_ISR                                        text69       014DD
_TMR0_Initialize                                 text6        01424
_TRISA                                           (abs)        0008C
_TRISB                                           (abs)        0008D
_TRISB1                                          (abs)        00469
_TRISB3                                          (abs)        0046B
_TRISC                                           (abs)        0008E
_TXREG                                           (abs)        0019A
_TXSTA                                           (abs)        0019E
_Tc_Display                                      text28       005B8
_Two_Display                                     text39       017CF
_Usart_Run_Flag                                  nvBANK2      0016B
_Usart_Rx_Buff                                   bssBANK3     001B4
_Usart_Rx_Cnt                                    bssBANK0     00068
_WDTPS0                                          (abs)        004B9
_WDTPS1                                          (abs)        004BA
_WDTPS2                                          (abs)        004BB
_WDTPS3                                          (abs)        004BC
_WDTPS4                                          (abs)        004BD
_WPUB                                            (abs)        0020D
_WPUE                                            (abs)        00210
_WriteAll_1621                                   text40       00815
_Write_Flash_finish                              text21       01404
_Write_Flash_head                                text20       01414
__CFG_BOREN$ON                                   (abs)        00000
__CFG_BORV$LO                                    (abs)        00000
__CFG_CLKOUTEN$OFF                               (abs)        00000
__CFG_CP$OFF                                     (abs)        00000
__CFG_FCMEN$ON                                   (abs)        00000
__CFG_FOSC$INTOSC                                (abs)        00000
__CFG_IESO$ON                                    (abs)        00000
__CFG_LPBOR$OFF                                  (abs)        00000
__CFG_LVP$OFF                                    (abs)        00000
__CFG_MCLRE$ON                                   (abs)        00000
__CFG_PWRTE$OFF                                  (abs)        00000
__CFG_STVREN$ON                                  (abs)        00000
__CFG_VCAPEN$OFF                                 (abs)        00000
__CFG_WDTE$SWDTEN                                (abs)        00000
__CFG_WRT$OFF                                    (abs)        00000
__Habs1                                          abs1         00000
__Hbank0                                         bank0        00000
__Hbank1                                         bank1        00000
__Hbank10                                        bank10       00000
__Hbank11                                        bank11       00000
__Hbank12                                        bank12       00000
__Hbank13                                        bank13       00000
__Hbank14                                        bank14       00000
__Hbank15                                        bank15       00000
__Hbank16                                        bank16       00000
__Hbank17                                        bank17       00000
__Hbank18                                        bank18       00000
__Hbank19                                        bank19       00000
__Hbank2                                         bank2        00000
__Hbank20                                        bank20       00000
__Hbank21                                        bank21       00000
__Hbank22                                        bank22       00000
__Hbank23                                        bank23       00000
__Hbank24                                        bank24       00000
__Hbank25                                        bank25       00000
__Hbank26                                        bank26       00000
__Hbank27                                        bank27       00000
__Hbank28                                        bank28       00000
__Hbank29                                        bank29       00000
__Hbank3                                         bank3        00000
__Hbank30                                        bank30       00000
__Hbank31                                        bank31       00000
__Hbank4                                         bank4        00000
__Hbank5                                         bank5        00000
__Hbank6                                         bank6        00000
__Hbank7                                         bank7        00000
__Hbank8                                         bank8        00000
__Hbank9                                         bank9        00000
__Hbigram                                        bigram       00000
__HbssBANK0                                      bssBANK0     00000
__HbssBANK1                                      bssBANK1     00000
__HbssBANK2                                      bssBANK2     00000
__HbssBANK3                                      bssBANK3     00000
__HbssBANK4                                      bssBANK4     00000
__Hcinit                                         cinit        00058
__Hclrtext                                       clrtext      00000
__Hcode                                          code         00000
__Hcommon                                        common       00000
__Hconfig                                        config       08009
__HcstackBANK0                                   cstackBANK0  00000
__HcstackBANK1                                   cstackBANK1  00000
__HcstackBANK3                                   cstackBANK3  00000
__HcstackCOMMON                                  cstackCOMMON 00000
__HdataBANK2                                     dataBANK2    00000
__Heeprom_data                                   eeprom_data  00000
__Hend_init                                      end_init     00029
__Hfunctab                                       functab      00000
__HidataBANK2                                    idataBANK2   00000
__Hidloc                                         idloc        00000
__Hinit                                          init         00027
__Hintentry                                      intentry     00027
__Hmaintext                                      maintext     00000
__HnvBANK2                                       nvBANK2      00000
__Hpowerup                                       powerup      00000
__Hram                                           ram          00000
__Hreset_vec                                     reset_vec    00002
__Hsfr0                                          sfr0         00000
__Hsfr1                                          sfr1         00000
__Hsfr10                                         sfr10        00000
__Hsfr11                                         sfr11        00000
__Hsfr12                                         sfr12        00000
__Hsfr13                                         sfr13        00000
__Hsfr14                                         sfr14        00000
__Hsfr15                                         sfr15        00000
__Hsfr16                                         sfr16        00000
__Hsfr17                                         sfr17        00000
__Hsfr18                                         sfr18        00000
__Hsfr19                                         sfr19        00000
__Hsfr2                                          sfr2         00000
__Hsfr20                                         sfr20        00000
__Hsfr21                                         sfr21        00000
__Hsfr22                                         sfr22        00000
__Hsfr23                                         sfr23        00000
__Hsfr24                                         sfr24        00000
__Hsfr25                                         sfr25        00000
__Hsfr26                                         sfr26        00000
__Hsfr27                                         sfr27        00000
__Hsfr28                                         sfr28        00000
__Hsfr29                                         sfr29        00000
__Hsfr3                                          sfr3         00000
__Hsfr30                                         sfr30        00000
__Hsfr31                                         sfr31        00000
__Hsfr4                                          sfr4         00000
__Hsfr5                                          sfr5         00000
__Hsfr6                                          sfr6         00000
__Hsfr7                                          sfr7         00000
__Hsfr8                                          sfr8         00000
__Hsfr9                                          sfr9         00000
__Hspace_0                                       (abs)        08009
__Hspace_1                                       (abs)        00260
__Hspace_2                                       (abs)        00000
__Hspace_3                                       (abs)        00000
__Hstack                                         stack        00000
__Hstrings                                       strings      00000
__Hstringtext                                    stringtext   00000
__Htext                                          text         00000
__Labs1                                          abs1         00000
__Lbank0                                         bank0        00000
__Lbank1                                         bank1        00000
__Lbank10                                        bank10       00000
__Lbank11                                        bank11       00000
__Lbank12                                        bank12       00000
__Lbank13                                        bank13       00000
__Lbank14                                        bank14       00000
__Lbank15                                        bank15       00000
__Lbank16                                        bank16       00000
__Lbank17                                        bank17       00000
__Lbank18                                        bank18       00000
__Lbank19                                        bank19       00000
__Lbank2                                         bank2        00000
__Lbank20                                        bank20       00000
__Lbank21                                        bank21       00000
__Lbank22                                        bank22       00000
__Lbank23                                        bank23       00000
__Lbank24                                        bank24       00000
__Lbank25                                        bank25       00000
__Lbank26                                        bank26       00000
__Lbank27                                        bank27       00000
__Lbank28                                        bank28       00000
__Lbank29                                        bank29       00000
__Lbank3                                         bank3        00000
__Lbank30                                        bank30       00000
__Lbank31                                        bank31       00000
__Lbank4                                         bank4        00000
__Lbank5                                         bank5        00000
__Lbank6                                         bank6        00000
__Lbank7                                         bank7        00000
__Lbank8                                         bank8        00000
__Lbank9                                         bank9        00000
__Lbigram                                        bigram       00000
__LbssBANK0                                      bssBANK0     00000
__LbssBANK1                                      bssBANK1     00000
__LbssBANK2                                      bssBANK2     00000
__LbssBANK3                                      bssBANK3     00000
__LbssBANK4                                      bssBANK4     00000
__Lcinit                                         cinit        00029
__Lclrtext                                       clrtext      00000
__Lcode                                          code         00000
__Lcommon                                        common       00000
__Lconfig                                        config       08007
__LcstackBANK0                                   cstackBANK0  00000
__LcstackBANK1                                   cstackBANK1  00000
__LcstackBANK3                                   cstackBANK3  00000
__LcstackCOMMON                                  cstackCOMMON 00000
__LdataBANK2                                     dataBANK2    00000
__Leeprom_data                                   eeprom_data  00000
__Lend_init                                      end_init     00027
__Lfunctab                                       functab      00000
__LidataBANK2                                    idataBANK2   00000
__Lidloc                                         idloc        00000
__Linit                                          init         00027
__Lintentry                                      intentry     00004
__Lmaintext                                      maintext     00000
__LnvBANK2                                       nvBANK2      00000
__Lpowerup                                       powerup      00000
__Lram                                           ram          00000
__Lreset_vec                                     reset_vec    00000
__Lsfr0                                          sfr0         00000
__Lsfr1                                          sfr1         00000
__Lsfr10                                         sfr10        00000
__Lsfr11                                         sfr11        00000
__Lsfr12                                         sfr12        00000
__Lsfr13                                         sfr13        00000
__Lsfr14                                         sfr14        00000
__Lsfr15                                         sfr15        00000
__Lsfr16                                         sfr16        00000
__Lsfr17                                         sfr17        00000
__Lsfr18                                         sfr18        00000
__Lsfr19                                         sfr19        00000
__Lsfr2                                          sfr2         00000
__Lsfr20                                         sfr20        00000
__Lsfr21                                         sfr21        00000
__Lsfr22                                         sfr22        00000
__Lsfr23                                         sfr23        00000
__Lsfr24                                         sfr24        00000
__Lsfr25                                         sfr25        00000
__Lsfr26                                         sfr26        00000
__Lsfr27                                         sfr27        00000
__Lsfr28                                         sfr28        00000
__Lsfr29                                         sfr29        00000
__Lsfr3                                          sfr3         00000
__Lsfr30                                         sfr30        00000
__Lsfr31                                         sfr31        00000
__Lsfr4                                          sfr4         00000
__Lsfr5                                          sfr5         00000
__Lsfr6                                          sfr6         00000
__Lsfr7                                          sfr7         00000
__Lsfr8                                          sfr8         00000
__Lsfr9                                          sfr9         00000
__Lspace_0                                       (abs)        00000
__Lspace_1                                       (abs)        00000
__Lspace_2                                       (abs)        00000
__Lspace_3                                       (abs)        00000
__Lstack                                         stack        00000
__Lstrings                                       strings      00000
__Lstringtext                                    stringtext   00000
__Ltext                                          text         00000
__S0                                             (abs)        08009
__S1                                             (abs)        00260
__S2                                             (abs)        00000
___awdiv                                         text53       00A48
___awdiv@counter                                 cstackBANK0  00026
___awdiv@dividend                                cstackBANK0  00023
___awdiv@divisor                                 cstackBANK0  00021
___awdiv@quotient                                cstackBANK0  00028
___awdiv@sign                                    cstackBANK0  00027
___awmod                                         text52       0096B
___awmod@counter                                 cstackBANK0  00026
___awmod@dividend                                cstackBANK0  00023
___awmod@divisor                                 cstackBANK0  00021
___awmod@sign                                    cstackBANK0  00027
___bmul                                          text57       01445
___bmul@multiplicand                             cstackBANK0  00021
___bmul@multiplier                               cstackBANK0  00024
___bmul@product                                  cstackBANK0  00023
___int_sp                                        stack        00000
___latbits                                       (abs)        00003
___lwdiv                                         text31       0084A
___lwdiv@counter                                 cstackBANK0  0002C
___lwdiv@dividend                                cstackBANK0  00029
___lwdiv@divisor                                 cstackBANK0  00027
___lwdiv@quotient                                cstackBANK0  0002D
___lwmod                                         text30       01744
___lwmod@counter                                 cstackBANK0  00026
___lwmod@dividend                                cstackBANK0  00023
___lwmod@divisor                                 cstackBANK0  00021
___sp                                            stack        00000
___wmul                                          text19       01514
___wmul@multiplicand                             cstackBANK0  00023
___wmul@multiplier                               cstackBANK0  00021
___wmul@product                                  cstackBANK0  00025
__end_of_ADC_Initialize                          text12       00800
__end_of_Bq32k_Rtc_Read_Time                     text55       00CE7
__end_of_Bq32k_Rtc_Write_Time                    text50       00BAA
__end_of_CRC_cal                                 text67       00DD9
__end_of_Calculate_Time                          text18       0040A
__end_of_Com_Process                             text47       01445
__end_of_Dis_TAB                                 stringtext   01815
__end_of_EUSART_Initialize                       text11       0154C
__end_of_EUSART_Receive_ISR                      text72       00E56
__end_of_EUSART_Transmit_ISR                     text71       015A4
__end_of_EUSART_Write                            text66       013F4
__end_of_FLASH_EraseBlock                        text25       01643
__end_of_FLASH_ReadWord                          text65       015E3
__end_of_FLASH_WriteWord                         text24       01718
__end_of_FLASH_readBlock                         text64       01603
__end_of_FVR_Initialize                          text10       013BC
__end_of_I2C_Read_Buffer                         text58       00D5F
__end_of_I2C_Receive_Byte                        text62       017CF
__end_of_I2C_Send_Buffer                         text54       008F1
__end_of_I2C_Send_Byte                           text61       00B43
__end_of_I2C_Start                               text60       01569
__end_of_I2C_Stop                                text59       01586
__end_of_INTERRUPT_InterruptManager              intentry     00027
__end_of_Inf_to_Com                              text63       004E3
__end_of_Key_Process                             text13       00F6A
__end_of_Key_Scan                                text46       016CA
__end_of_OSCILLATOR_Initialize                   text9        013C6
__end_of_PIN_MANAGER_Initialize                  text8        016A7
__end_of_Read_time_to_Com                        text49       00C13
__end_of_RxFrameCheck                            text73       007F8
__end_of_SPI_Exchange8bit                        text38       013E4
__end_of_SPI_Exchange8bitBuffer                  text37       00AED
__end_of_SPI_Initialize                          text7        013D2
__end_of_SYSTEM_Initialize                       text5        00815
__end_of_Save_Write_time                         text22       00ED8
__end_of_Save_Write_word                         text23       00754
__end_of_Save_process                            text4        00C7C
__end_of_SendBit_1621                            text45       01664
__end_of_SendCmd_1621                            text44       014AC
__end_of_SendDataBit_1621                        text41       01685
__end_of_Serach_Flash_Head                       text3        00A48
__end_of_Set_finish_flag                         text43       013C1
__end_of_Set_start_flag                          text42       013CC
__end_of_Set_time_from_Com                       text48       0092D
__end_of_Sleep_process                           text1        015C3
__end_of_Step_control                            text2        016ED
__end_of_TMR0_CallBack                           text70       014DD
__end_of_TMR0_ISR                                text69       014F8
__end_of_TMR0_Initialize                         text6        01434
__end_of_Tc_Display                              text28       00689
__end_of_Two_Display                             text39       01800
__end_of_WriteAll_1621                           text40       0084A
__end_of_Write_Flash_finish                      text21       01414
__end_of_Write_Flash_head                        text20       01424
__end_of___awdiv                                 text53       00A9A
__end_of___awmod                                 text52       009B1
__end_of___bmul                                  text57       01457
__end_of___lwdiv                                 text31       0087F
__end_of___lwmod                                 text30       01771
__end_of___wmul                                  text19       01530
__end_of__initialization                         cinit        00054
__end_of_bcd2bin                                 text56       0147F
__end_of_bin2bcd                                 text51       0179F
__end_of_err_Display                             text27       01744
__end_of_main                                    maintext     005B8
__end_of_maxim_31856_read_nregisters             text36       014C4
__end_of_maxim_31856_read_register               text35       01494
__end_of_maxim_31856_write_register              text34       01404
__end_of_maxim_clear_fault_status                text26       0146A
__end_of_maxim_start_conversion                  text33       01623
__end_of_memset                                  text29       01514
__end_of_one_temperature_trans                   text32       009FB
__end_of_tc_temperature_trans                    text17       00268
__end_of_temperature_display                     text16       0096B
__end_of_temperature_process                     text14       008B6
__end_of_time_Display                            text15       01000
__initialization                                 cinit        00029
__pbssBANK0                                      bssBANK0     00061
__pbssBANK1                                      bssBANK1     000EE
__pbssBANK2                                      bssBANK2     00120
__pbssBANK3                                      bssBANK3     001A0
__pbssBANK4                                      bssBANK4     00220
__pcstackBANK0                                   cstackBANK0  00020
__pcstackBANK1                                   cstackBANK1  000A0
__pcstackBANK3                                   cstackBANK3  001D4
__pcstackCOMMON                                  cstackCOMMON 00070
__pdataBANK2                                     dataBANK2    0016E
__pidataBANK2                                    idataBANK2   00002
__pintentry                                      intentry     00004
__pmaintext                                      maintext     004E3
__pnvBANK2                                       nvBANK2      0016B
__pstringtext                                    stringtext   01800
__ptext1                                         text1        015A4
__ptext10                                        text10       013B8
__ptext11                                        text11       01530
__ptext12                                        text12       007F8
__ptext13                                        text13       00ED8
__ptext14                                        text14       0087F
__ptext15                                        text15       00F6A
__ptext16                                        text16       0092D
__ptext17                                        text17       00058
__ptext18                                        text18       00268
__ptext19                                        text19       01514
__ptext2                                         text2        016CA
__ptext20                                        text20       01414
__ptext21                                        text21       01404
__ptext22                                        text22       00E56
__ptext23                                        text23       00689
__ptext24                                        text24       016ED
__ptext25                                        text25       01623
__ptext26                                        text26       01457
__ptext27                                        text27       01718
__ptext28                                        text28       005B8
__ptext29                                        text29       014F8
__ptext3                                         text3        009FB
__ptext30                                        text30       01744
__ptext31                                        text31       0084A
__ptext32                                        text32       009B1
__ptext33                                        text33       01603
__ptext34                                        text34       013F4
__ptext35                                        text35       0147F
__ptext36                                        text36       014AC
__ptext37                                        text37       00A9A
__ptext38                                        text38       013D8
__ptext39                                        text39       017CF
__ptext4                                         text4        00C13
__ptext40                                        text40       00815
__ptext41                                        text41       01664
__ptext42                                        text42       013C6
__ptext43                                        text43       013BC
__ptext44                                        text44       01494
__ptext45                                        text45       01643
__ptext46                                        text46       016A7
__ptext47                                        text47       01434
__ptext48                                        text48       008F1
__ptext49                                        text49       00BAA
__ptext5                                         text5        00800
__ptext50                                        text50       00B43
__ptext51                                        text51       01771
__ptext52                                        text52       0096B
__ptext53                                        text53       00A48
__ptext54                                        text54       008B6
__ptext55                                        text55       00C7C
__ptext56                                        text56       0146A
__ptext57                                        text57       01445
__ptext58                                        text58       00CE7
__ptext59                                        text59       01569
__ptext6                                         text6        01424
__ptext60                                        text60       0154C
__ptext61                                        text61       00AED
__ptext62                                        text62       0179F
__ptext63                                        text63       0040A
__ptext64                                        text64       015E3
__ptext65                                        text65       015C3
__ptext66                                        text66       013E4
__ptext67                                        text67       00D5F
__ptext69                                        text69       014DD
__ptext7                                         text7        013CC
__ptext70                                        text70       014C4
__ptext71                                        text71       01586
__ptext72                                        text72       00DD9
__ptext73                                        text73       00754
__ptext8                                         text8        01685
__ptext9                                         text9        013C1
__size_of_ADC_Initialize                         (abs)        00000
__size_of_Bq32k_Rtc_Read_Time                    (abs)        00000
__size_of_Bq32k_Rtc_Write_Time                   (abs)        00000
__size_of_CRC_cal                                (abs)        00000
__size_of_Calculate_Time                         (abs)        00000
__size_of_Com_Process                            (abs)        00000
__size_of_EUSART_Initialize                      (abs)        00000
__size_of_EUSART_Receive_ISR                     (abs)        00000
__size_of_EUSART_Transmit_ISR                    (abs)        00000
__size_of_EUSART_Write                           (abs)        00000
__size_of_FLASH_EraseBlock                       (abs)        00000
__size_of_FLASH_ReadWord                         (abs)        00000
__size_of_FLASH_WriteWord                        (abs)        00000
__size_of_FLASH_readBlock                        (abs)        00000
__size_of_FVR_Initialize                         (abs)        00000
__size_of_I2C_Read_Buffer                        (abs)        00000
__size_of_I2C_Receive_Byte                       (abs)        00000
__size_of_I2C_Send_Buffer                        (abs)        00000
__size_of_I2C_Send_Byte                          (abs)        00000
__size_of_I2C_Start                              (abs)        00000
__size_of_I2C_Stop                               (abs)        00000
__size_of_INTERRUPT_InterruptManager             (abs)        00000
__size_of_Inf_to_Com                             (abs)        00000
__size_of_Key_Process                            (abs)        00000
__size_of_Key_Scan                               (abs)        00000
__size_of_OSCILLATOR_Initialize                  (abs)        00000
__size_of_PIN_MANAGER_Initialize                 (abs)        00000
__size_of_Read_time_to_Com                       (abs)        00000
__size_of_RxFrameCheck                           (abs)        00000
__size_of_SPI_Exchange8bit                       (abs)        00000
__size_of_SPI_Exchange8bitBuffer                 (abs)        00000
__size_of_SPI_Initialize                         (abs)        00000
__size_of_SYSTEM_Initialize                      (abs)        00000
__size_of_Save_Write_time                        (abs)        00000
__size_of_Save_Write_word                        (abs)        00000
__size_of_Save_process                           (abs)        00000
__size_of_SendBit_1621                           (abs)        00000
__size_of_SendCmd_1621                           (abs)        00000
__size_of_SendDataBit_1621                       (abs)        00000
__size_of_Serach_Flash_Head                      (abs)        00000
[...]
 Registers used:
		wreg, fsr1l, fsr1h, status,2, status,0, pclath, cstack
 Tracked objects:
		On entry : 
		On exit  : 
		Unchanged: 
 Data sizes:     COMMON   BANK0   BANK1   BANK2   BANK3   BANK4   BANK5   BANK6   BANK7   BANK8   BANK9  BANK10  BANK11  BANK12
      Params:         0       3       0       0       0       0       0       0       0       0       0       0       0       0
      Locals:         0       1       0       0       0       0       0       0       0       0       0       0       0       0
      Temps:          0       1       0       0       0       0       0       0       0       0       0       0       0       0
      Totals:         0       5       0       0       0       0       0       0       0       0       0       0       0       0
Total ram usage:        5 bytes
 Hardware stack levels used:    1
 Hardware stack levels required when called:    4
 This function calls:
		_FLASH_ReadWord
 This function is called by:
		_Inf_to_Com
 This function uses a non-reentrant model


 *************** function _FLASH_ReadWord *****************
 Defined at:
		line 58 in file "mcc_generated_files/memory.c"
 Parameters:    Size  Location     Type
  flashAddr       2    1[BANK0 ] unsigned int 
 Auto vars:     Size  Location     Type
  GIEBitValue     1    3[BANK0 ] unsigned char 
 Return value:  Size  Location     Type
                  2    1[BANK0 ] unsigned int 
 Registers used:
		wreg, status,2, status,0
 Tracked objects:
		On entry : 
		On exit  : 
		Unchanged: 
 Data sizes:     COMMON   BANK0   BANK1   BANK2   BANK3   BANK4   BANK5   BANK6   BANK7   BANK8   BANK9  BANK10  BANK11  BANK12
      Params:         0       2       0       0       0       0       0       0       0       0       0       0       0       0
      Locals:         0       1       0       0       0       0       0       0       0       0       0       0       0       0
      Temps:          0       0       0       0       0       0       0       0       0       0       0       0       0       0
      Totals:         0       3       0       0       0       0       0       0       0       0       0       0       0       0
Total ram usage:        3 bytes
 Hardware stack levels used:    1
 Hardware stack levels required when called:    3
 This function calls:
		Nothing
 This function is called by:
		_FLASH_readBlock
		_Serach_Flash_Head
		_Save_Write_word
 This function uses a non-reentrant model


 *************** function _EUSART_Write *****************
 Defined at:
		line 132 in file "mcc_generated_files/eusart.c"
 Parameters:    Size  Location     Type
  txData          1    wreg     unsigned char 
 Auto vars:     Size  Location     Type
  txData          1    1[BANK0 ] unsigned char 
 Return value:  Size  Location     Type
                  1    wreg      void 
 Registers used:
		wreg
 Tracked objects:
		On entry : 
		On exit  : 
		Unchanged: 
 Data sizes:     COMMON   BANK0   BANK1   BANK2   BANK3   BANK4   BANK5   BANK6   BANK7   BANK8   BANK9  BANK10  BANK11  BANK12
      Params:         0       0       0       0       0       0       0       0       0       0       0       0       0       0
      Locals:         0       1       0       0       0       0       0       0       0       0       0       0       0       0
      Temps:          0       0       0       0       0       0       0       0       0       0       0       0       0       0
      Totals:         0       1       0       0       0       0       0       0       0       0       0       0       0       0
Total ram usage:        1 bytes
 Hardware stack levels used:    1
 Hardware stack levels required when called:    3
 This function calls:
		Nothing
 This function is called by:
		_Read_time_to_Com
		_Inf_to_Com
		_EUSART_SendString
 This function uses a non-reentrant model


 *************** function _CRC_cal *****************
 Defined at:
		line 165 in file "mcc_generated_files/com.c"
 Parameters:    Size  Location     Type
  rx_arr          1    wreg     PTR unsigned char 
		 -> Inf_to_Com@tmp_buf(72), Read_time_to_Com@tmp_buf(16), 
  frame_len       1    1[BANK0 ] unsigned char 
 Auto vars:     Size  Location     Type
  rx_arr          1    7[BANK0 ] PTR unsigned char 
		 -> Inf_to_Com@tmp_buf(72), Read_time_to_Com@tmp_buf(16), 
  remainder       2    9[BANK0 ] unsigned int 
  i               1    8[BANK0 ] unsigned char 
 Return value:  Size  Location     Type
                  2    1[BANK0 ] unsigned int 
 Registers used:
		wreg, fsr1l, fsr1h, status,2, status,0
 Tracked objects:
		On entry : 
		On exit  : 
		Unchanged: 
 Data sizes:     COMMON   BANK0   BANK1   BANK2   BANK3   BANK4   BANK5   BANK6   BANK7   BANK8   BANK9  BANK10  BANK11  BANK12
      Params:         0       2       0       0       0       0       0       0       0       0       0       0       0       0
      Locals:         0       4       0       0       0       0       0       0       0       0       0       0       0       0
      Temps:          0       4       0       0       0       0       0       0       0       0       0       0       0       0
      Totals:         0      10       0       0       0       0       0       0       0       0       0       0       0       0
Total ram usage:       10 bytes
 Hardware stack levels used:    1
 Hardware stack levels required when called:    3
 This function calls:
		Nothing
 This function is called by:
		_Read_time_to_Com
		_Inf_to_Com
 This function uses a non-reentrant model


 *************** function _INTERRUPT_InterruptManager *****************
 Defined at:
		line 52 in file "mcc_generated_files/interrupt_manager.c"
 Parameters:    Size  Location     Type
		None
 Auto vars:     Size  Location     Type
		None
 Return value:  Size  Location     Type
                  1    wreg      void 
 Registers used:
		wreg, fsr0l, fsr0h, fsr1l, fsr1h, status,2, status,0, pclath, cstack
 Tracked objects:
		On entry : 
		On exit  : 
		Unchanged: 
 Data sizes:     COMMON   BANK0   BANK1   BANK2   BANK3   BANK4   BANK5   BANK6   BANK7   BANK8   BANK9  BANK10  BANK11  BANK12
      Params:         0       0       0       0       0       0       0       0       0       0       0       0       0       0
      Locals:         0       0       0       0       0       0       0       0       0       0       0       0       0       0
      Temps:          0       1       0       0       0       0       0       0       0       0       0       0       0       0
      Totals:         0       1       0       0       0       0       0       0       0       0       0       0       0       0
Total ram usage:        1 bytes
 Hardware stack levels used:    1
 Hardware stack levels required when called:    2
 This function calls:
		_EUSART_Receive_ISR
		_EUSART_Transmit_ISR
		_TMR0_ISR
 This function is called by:
		Interrupt level 1
 This function uses a non-reentrant model


 *************** function _TMR0_ISR *****************
 Defined at:
		line 103 in file "mcc_generated_files/tmr0.c"
 Parameters:    Size  Location     Type
		None
 Auto vars:     Size  Location     Type
		None
 Return value:  Size  Location     Type
                  1    wreg      void 
 Registers used:
		wreg, status,2, status,0, pclath, cstack
 Tracked objects:
		On entry : 
		On exit  : 
		Unchanged: 
 Data sizes:     COMMON   BANK0   BANK1   BANK2   BANK3   BANK4   BANK5   BANK6   BANK7   BANK8   BANK9  BANK10  BANK11  BANK12
      Params:         0       0       0       0       0       0       0       0       0       0       0       0       0       0
      Locals:         0       0       0       0       0       0       0       0       0       0       0       0       0       0
      Temps:          1       0       0       0       0       0       0       0       0       0       0       0       0       0
      Totals:         1       0       0       0       0       0       0       0       0       0       0       0       0       0
Total ram usage:        1 bytes
 Hardware stack levels used:    1
 Hardware stack levels required when called:    1
 This function calls:
		_TMR0_CallBack
 This function is called by:
		_INTERRUPT_InterruptManager
 This function uses a non-reentrant model


 *************** function _TMR0_CallBack *****************
 Defined at:
		line 125 in file "mcc_generated_files/tmr0.c"
 Parameters:    Size  Location     Type
		None
 Auto vars:     Size  Location     Type
		None
 Return value:  Size  Location     Type
                  1    wreg      void 
 Registers used:
		wreg, status,2, status,0
 Tracked objects:
		On entry : 
		On exit  : 
		Unchanged: 
 Data sizes:     COMMON   BANK0   BANK1   BANK2   BANK3   BANK4   BANK5   BANK6   BANK7   BANK8   BANK9  BANK10  BANK11  BANK12
      Params:         0       0       0       0       0       0       0       0       0       0       0       0       0       0
      Locals:         0       0       0       0       0       0       0       0       0       0       0       0       0       0
      Temps:          1       0       0       0       0       0       0       0       0       0       0       0       0       0
      Totals:         1       0       0       0       0       0       0       0       0       0       0       0       0       0
Total ram usage:        1 bytes
 Hardware stack levels used:    1
 This function calls:
		Nothing
 This function is called by:
		_TMR0_ISR
 This function uses a non-reentrant model


 *************** function _EUSART_Transmit_ISR *****************
 Defined at:
		line 155 in file "mcc_generated_files/eusart.c"
 Parameters:    Size  Location     Type
		None
 Auto vars:     Size  Location     Type
		None
 Return value:  Size  Location     Type
                  1    wreg      void 
 Registers used:
		wreg, fsr1l, fsr1h, status,2, status,0
 Tracked objects:
		On entry : 
		On exit  : 
		Unchanged: 
 Data sizes:     COMMON   BANK0   BANK1   BANK2   BANK3   BANK4   BANK5   BANK6   BANK7   BANK8   BANK9  BANK10  BANK11  BANK12
      Params:         0       0       0       0       0       0       0       0       0       0       0       0       0       0
      Locals:         0       0       0       0       0       0       0       0       0       0       0       0       0       0
      Temps:          1       0       0       0       0       0       0       0       0       0       0       0       0       0
      Totals:         1       0       0       0       0       0       0       0       0       0       0       0       0       0
Total ram usage:        1 bytes
 Hardware stack levels used:    1
 This function calls:
		Nothing
 This function is called by:
		_INTERRUPT_InterruptManager
 This function uses a non-reentrant model


 *************** function _EUSART_Receive_ISR *****************
 Defined at:
		line 169 in file "mcc_generated_files/eusart.c"
 Parameters:    Size  Location     Type
		None
 Auto vars:     Size  Location     Type
  rx_tmp          1   13[COMMON] unsigned char 
 Return value:  Size  Location     Type
                  1    wreg      void 
 Registers used:
		wreg, fsr0l, fsr0h, fsr1l, fsr1h, status,2, status,0, pclath, cstack
 Tracked objects:
		On entry : 
		On exit  : 
		Unchanged: 
 Data sizes:     COMMON   BANK0   BANK1   BANK2   BANK3   BANK4   BANK5   BANK6   BANK7   BANK8   BANK9  BANK10  BANK11  BANK12
      Params:         0       0       0       0       0       0       0       0       0       0       0       0       0       0
      Locals:         1       0       0       0       0       0       0       0       0       0       0       0       0       0
      Temps:          2       0       0       0       0       0       0       0       0       0       0       0       0       0
      Totals:         3       0       0       0       0       0       0       0       0       0       0       0       0       0
Total ram usage:        3 bytes
 Hardware stack levels used:    1
 Hardware stack levels required when called:    1
 This function calls:
		_RxFrameCheck
 This function is called by:
		_INTERRUPT_InterruptManager
 This function uses a non-reentrant model


 *************** function _RxFrameCheck *****************
 Defined at:
		line 126 in file "mcc_generated_files/com.c"
 Parameters:    Size  Location     Type
  rx_arr          1    wreg     PTR unsigned char 
		 -> Usart_Rx_Buff(32), 
  frame_len       1    0[COMMON] unsigned char 
 Auto vars:     Size  Location     Type
  rx_arr          1    8[COMMON] PTR unsigned char 
		 -> Usart_Rx_Buff(32), 
  remainder       2    9[COMMON] unsigned int 
  tmp_crc         2    5[COMMON] unsigned int 
  i               1    7[COMMON] unsigned char 
 Return value:  Size  Location     Type
                  1    wreg      unsigned char 
 Registers used:
		wreg, fsr1l, fsr1h, status,2, status,0
 Tracked objects:
		On entry : 
		On exit  : 
		Unchanged: 
 Data sizes:     COMMON   BANK0   BANK1   BANK2   BANK3   BANK4   BANK5   BANK6   BANK7   BANK8   BANK9  BANK10  BANK11  BANK12
      Params:         1       0       0       0       0       0       0       0       0       0       0       0       0       0
      Locals:         6       0       0       0       0       0       0       0       0       0       0       0       0       0
      Temps:          4       0       0       0       0       0       0       0       0       0       0       0       0       0
      Totals:        11       0       0       0       0       0       0       0       0       0       0       0       0       0
Total ram usage:       11 bytes
 Hardware stack levels used:    1
 This function calls:
		Nothing
 This function is called by:
		_EUSART_Receive_ISR
 This function uses a non-reentrant model



MODULE INFORMATION

Module		Function		Class		Link	Load	Size
mcc_generated_files/max31856.c
		_one_temperature_trans		CODE           	09B1	0000	75
		_maxim_31856_read_nregisters		CODE           	14AC	0000	25
		_maxim_31856_read_register		CODE           	147F	0000	22
		_maxim_clear_fault_status		CODE           	1457	0000	20
		_tc_temperature_trans		CODE           	0058	0000	529
		_maxim_start_conversion		CODE           	1603	0000	33
		_temperature_process		CODE           	087F	0000	56
		_temperature_display		CODE           	092D	0000	63
		_maxim_31856_write_register		CODE           	13F4	0000	17

mcc_generated_files/max31856.c estimated size: 840

mcc_generated_files/fvr.c
		_FVR_Initialize		CODE           	13B8	0000	5

mcc_generated_files/fvr.c estimated size: 5

mcc_generated_files/interrupt_manager.c
		_INTERRUPT_InterruptManager		CODE           	0004	0000	36

mcc_generated_files/interrupt_manager.c estimated size: 36

mcc_generated_files/i2c.c
		_I2C_Receive_Byte		CODE           	179F	0000	49
		_I2C_Read_Buffer		CODE           	0CE7	0000	121
		_I2C_Send_Buffer		CODE           	08B6	0000	60
		_I2C_Stop      		CODE           	1569	0000	30
		_I2C_Send_Byte 		CODE           	0AED	0000	87
		_I2C_Start     		CODE           	154C	0000	30

mcc_generated_files/i2c.c estimated size: 377

mcc_generated_files/bq32k.c
		_bin2bcd       		CODE           	1771	0000	47
		_bcd2bin       		CODE           	146A	0000	22
		_Bq32k_Rtc_Write_Time		CODE           	0B43	0000	104
		_Bq32k_Rtc_Read_Time		CODE           	0C7C	0000	108

mcc_generated_files/bq32k.c estimated size: 281

mcc_generated_files/tmr0.c
		_TMR0_CallBack 		CODE           	14C4	0000	26
		_TMR0_ISR      		CODE           	14DD	0000	28
		_TMR0_Initialize		CODE           	1424	0000	17

mcc_generated_files/tmr0.c estimated size: 71

mcc_generated_files/pin_manager.c
		_PIN_MANAGER_Initialize		CODE           	1685	0000	35

mcc_generated_files/pin_manager.c estimated size: 35

mcc_generated_files/ht1621.c
		_WriteAll_1621 		CODE           	0815	0000	54
		_SendCmd_1621  		CODE           	1494	0000	25
		_Two_Display   		CODE           	17CF	0000	50
		_err_Display   		CODE           	1718	0000	45
		_Tc_Display    		CODE           	05B8	0000	210
		_SendBit_1621  		CODE           	1643	0000	34
		_SendDataBit_1621		CODE           	1664	0000	34
		_time_Display  		CODE           	0F6A	0000	151

mcc_generated_files/ht1621.c estimated size: 603

mcc_generated_files/com.c
		_RxFrameCheck  		CODE           	0754	0000	165
		_Inf_to_Com    		CODE           	040A	0000	218
		_CRC_cal       		CODE           	0D5F	0000	123
		_Com_Process   		CODE           	1434	0000	18
		_Read_time_to_Com		CODE           	0BAA	0000	106
		_Set_time_from_Com		CODE           	08F1	0000	61

mcc_generated_files/com.c estimated size: 691

mcc_generated_files/adc.c
		_ADC_Initialize		CODE           	07F8	0000	9

mcc_generated_files/adc.c estimated size: 9

mcc_generated_files/key.c
		_Key_Scan      		CODE           	16A7	0000	36
		_Key_Process   		CODE           	0ED8	0000	147

mcc_generated_files/key.c estimated size: 183

mcc_generated_files/power.c
		_Step_control  		CODE           	16CA	0000	36
		_Sleep_process 		CODE           	15A4	0000	32

mcc_generated_files/power.c estimated size: 68

D:\Program Files (x86)\Microchip\xc8\v1.37\sources\common\lwmod.c
		___lwmod       		CODE           	1744	0000	46

D:\Program Files (x86)\Microchip\xc8\v1.37\sources\common\lwmod.c estimated size: 46

D:\Program Files (x86)\Microchip\xc8\v1.37\sources\common\awmod.c
		___awmod       		CODE           	096B	0000	71

D:\Program Files (x86)\Microchip\xc8\v1.37\sources\common\awmod.c estimated size: 71

mcc_generated_files/save.c
		_Save_Write_time		CODE           	0E56	0000	131
		_Save_Write_word		CODE           	0689	0000	204
		_Save_process  		CODE           	0C13	0000	106
		_Set_finish_flag		CODE           	13BC	0000	6
		_Write_Flash_head		CODE           	1414	0000	17
		_Calculate_Time		CODE           	0268	0000	419
		_Serach_Flash_Head		CODE           	09FB	0000	78
		_Write_Flash_finish		CODE           	1404	0000	17
		_Set_start_flag		CODE           	13C6	0000	7

mcc_generated_files/save.c estimated size: 985

mcc_generated_files/spi.c
		_SPI_Exchange8bitBuffer		CODE           	0A9A	0000	84
		_SPI_Exchange8bit		CODE           	13D8	0000	13
		_SPI_Initialize		CODE           	13CC	0000	7

mcc_generated_files/spi.c estimated size: 104

shared
		_Dis_TAB       		STRCODE        	1800	0000	22
		__initialization		CODE           	0029	0000	44

shared estimated size: 66

mcc_generated_files/mcc.c
		_OSCILLATOR_Initialize		CODE           	13C1	0000	6
		_SYSTEM_Initialize		CODE           	0800	0000	22

mcc_generated_files/mcc.c estimated size: 28

D:\Program Files (x86)\Microchip\xc8\v1.37\sources\common\memset.c
		_memset        		CODE           	14F8	0000	29

D:\Program Files (x86)\Microchip\xc8\v1.37\sources\common\memset.c estimated size: 29

mcc_generated_files/memory.c
		_FLASH_EraseBlock		CODE           	1623	0000	33
		_FLASH_ReadWord		CODE           	15C3	0000	33
		_FLASH_readBlock		CODE           	15E3	0000	33
		_FLASH_WriteWord		CODE           	16ED	0000	44

mcc_generated_files/memory.c estimated size: 143

mcc_generated_files/eusart.c
		_EUSART_Write  		CODE           	13E4	0000	17
		_EUSART_Transmit_ISR		CODE           	1586	0000	31
		_EUSART_Initialize		CODE           	1530	0000	29
		_EUSART_Receive_ISR		CODE           	0DD9	0000	126

mcc_generated_files/eusart.c estimated size: 203

D:\Program Files (x86)\Microchip\xc8\v1.37\sources\common\lwdiv.c
		___lwdiv       		CODE           	084A	0000	54

D:\Program Files (x86)\Microchip\xc8\v1.37\sources\common\lwdiv.c estimated size: 54

D:\Program Files (x86)\Microchip\xc8\v1.37\sources\common\awdiv.c
		___awdiv       		CODE           	0A48	0000	83

D:\Program Files (x86)\Microchip\xc8\v1.37\sources\common\awdiv.c estimated size: 83

main.c
		_main          		CODE           	04E3	0000	214

main.c estimated size: 214

D:\Program Files (x86)\Microchip\xc8\v1.37\sources\common\Umul16.c
		___wmul        		CODE           	1514	0000	29

D:\Program Files (x86)\Microchip\xc8\v1.37\sources\common\Umul16.c estimated size: 29

D:\Program Files (x86)\Microchip\xc8\v1.37\sources\common\Umul8.c
		___bmul        		CODE           	1445	0000	19

D:\Program Files (x86)\Microchip\xc8\v1.37\sources\common\Umul8.c estimated size: 19

