Microchip MPLAB XC8 Compiler V1.37 ()

Linker command line:

-W-3 --edf=D:\Program Files (x86)\Microchip\xc8\v1.37\dat\en_msgs.txt -cs \
  -h+dist/default/production\thermocouple.X.production.sym \
  --cmf=dist/default/production\thermocouple.X.production.cmf -z -Q16F1518 \
  -oC:\Users\ADMINI~1\AppData\Local\Temp\s5d4.2 \
  -Mdist/default/production/thermocouple.X.production.map -E1 -ver=XC8 \
  -ASTACK=020E0h-023efh -pstack=STACK -ACODE=00h-07FFhx8 \
  -ASTRCODE=00h-03FFFh -ASTRING=00h-0FFhx64 -ACONST=00h-0FFhx64 \
  -AENTRY=00h-0FFhx64 -ACOMMON=070h-07Fh -ABANK0=020h-06Fh \
  -ABANK1=0A0h-0EFh -ABANK2=0120h-016Fh -ABANK3=01A0h-01EFh \
  -ABANK4=0220h-026Fh -ABANK5=02A0h-02EFh -ABANK6=0320h-036Fh \
  -ABANK7=03A0h-03EFh -ABANK8=0420h-046Fh -ABANK9=04A0h-04EFh \
  -ABANK10=0520h-056Fh -ABANK11=05A0h-05EFh -ABANK12=0620h-064Fh \
  -ABIGRAM=02000h-023EFh \
  -ARAM=020h-06Fh,0A0h-0EFh,0120h-016Fh,01A0h-01EFh,0220h-026Fh,02A0h-02EFh,0320h-036Fh,03A0h-03EFh,0420h-046Fh,04A0h-04EFh,0520h-056Fh,05A0h-05EFh,0620h-064Fh \
  -AABS1=020h-07Fh,0A0h-0EFh,0120h-016Fh,01A0h-01EFh,0220h-026Fh,02A0h-02EFh,0320h-036Fh,03A0h-03EFh,0420h-046Fh,04A0h-04EFh,0520h-056Fh,05A0h-05EFh,0620h-064Fh \
  -ASFR0=00h-01Fh -ASFR1=080h-09Fh -ASFR2=0100h-011Fh -ASFR3=0180h-019Fh \
  -ASFR4=0200h-021Fh -ASFR5=0280h-029Fh -ASFR6=0300h-031Fh \
  -ASFR7=0380h-039Fh -ASFR8=0400h-041Fh -ASFR9=0480h-049Fh \
  -ASFR10=0500h-051Fh -ASFR11=0580h-059Fh -ASFR12=0600h-061Fh \
  -ASFR13=0680h-06EFh -ASFR14=0700h-076Fh -ASFR15=0780h-07EFh \
  -ASFR16=0800h-086Fh -ASFR17=0880h-08EFh -ASFR18=0900h-096Fh \
  -ASFR19=0980h-09EFh -ASFR20=0A00h-0A6Fh -ASFR21=0A80h-0AEFh \
  -ASFR22=0B00h-0B6Fh -ASFR23=0B80h-0BEFh -ASFR24=0C00h-0C6Fh \
  -ASFR25=0C80h-0CEFh -ASFR26=0D00h-0D6Fh -ASFR27=0D80h-0DEFh \
  -ASFR28=0E00h-0E6Fh -ASFR29=0E80h-0EEFh -ASFR30=0F00h-0F6Fh \
  -ASFR31=0F80h-0FEFh -preset_vec=00h,intentry=04h,init,end_init \
  -ppowerup=CODE -pcinit=CODE -pfunctab=CODE -ACONFIG=08007h-08008h \
  -pconfig=CONFIG -DCONFIG=2 -AIDLOC=08000h-08003h -pidloc=IDLOC -DIDLOC=2 \
  -DCODE=2 -DSTRCODE=2 -DSTRING=2 -DCONST=2 -DENTRY=2 -k \
  C:\Users\ADMINI~1\AppData\Local\Temp\s5d4.obj \
  dist/default/production\thermocouple.X.production.obj 

Object code version is 3.11

Machine type is 16F1518



                Name                               Link     Load   Length Selector   Space Scale
C:\Users\ADMINI~1\AppData\Local\Temp\s5d4.obj
                end_init                             13       13        2        8       0
                reset_vec                             0        0        2        0       0
                config                             8007     8007        2    1000E       0
dist/default/production\thermocouple.X.production.obj
                cinit                                15       15       2A        8       0
                intentry                              4        4        F        8       0
                text49                              EF9      EF9       13     1DF2       0
                text48                              F66      F66       19     1ECC       0
                text46                              FB1      FB1       1A     1F62       0
                text45                              4AF      4AF       4C        8       0
                text44                              F7F      F7F       19     1EFE       0
                text43                              F98      F98       19     1F30       0
                text42                              588      588       3B        8       0
                text41                              FE5      FE5       1B     1FCA       0
                text40                              73D      73D       23        8       0
                text39                              7A2      7A2       20        8       0
                text38                              F36      F36       18     1E6C       0
                text37                              782      782       20        8       0
                text36                              630      630       35        8       0
                text35                              6EF      6EF       29        8       0
                text34                              E8C      E8C        9     1D18       0
                text33                              45E      45E       51        8       0
                text32                              F4E      F4E       18     1E9C       0
                text31                              ED7      ED7       11     1DAE       0
                text30                              EAB      EAB        D     1D56       0
                text29                              FCB      FCB       1A     1F96       0
                text28                              5C3      5C3       38        8       0
                text27                              5FB      5FB       35        8       0
                text26                              698      698       2D        8       0
                text25                              7E0      7E0       1B        8       0
                text24                              198      198       A7        8       0
                text23                              718      718       25        8       0
                text22                              EC7      EC7       10     1D8E       0
                text21                               F0       F0       A8        8       0
                text20                              7C2      7C2       1E        8       0
                text19                              6C5      6C5       2A        8       0
                text18                              2CC      2CC       78        8       0
                text17                              EE8      EE8       11     1DD0       0
                text16                              F0C      F0C       15     1E18       0
                text15                              3A8      3A8       64        8       0
                text14                              40C      40C       52        8       0
                text13                              542      542       46        8       0
                text12                              23F      23F       8D        8       0
                text11                              665      665       33        8       0
                text10                              4FB      4FB       47        8       0
                text9                               E84      E84        8     1D08       0
                text8                               E9F      E9F        C     1D3E       0
                text7                               E6E      E6E        4     1CDC       0
                text6                               7FB      7FB        5        8       0
                text5                               760      760       22        8       0
                text4                               E72      E72        6     1CE4       0
                text3                               EB8      EB8        F     1D70       0
                text2                               F21      F21       15     1E42       0
                text1                               344      344       64        8       0
                maintext                             3F       3F       B1        8       0
                cstackBANK0                          52       52       1C       20       1
                cstackCOMMON                         70       70        8       70       1
                cstackBANK1                          B1       B1        3       A0       1
                inittext                            E78      E78        6     1CF0       0
                clrtext                             E7E      E7E        6     1CFC       0
                bssBANK2                            120      120       40      120       1
                dataBANK1                            A0       A0        A       A0       1
                bssBANK1                             AA       AA        7       A0       1
                bssBANK0                             20       20       32       20       1
                bssCOMMON                            78       78        3       70       1
                nvBANK0                              6E       6E        1       20       1
                stringtext                         1000     1000       15     2000       0
                idataBANK1                          E95      E95        A     1D2A       0

TOTAL           Name                               Link     Load   Length     Space
        CLASS   STACK          

        CLASS   CODE           
                end_init                             13       13        2         0
                cinit                                15       15       2A         0
                intentry                              4        4        F         0
                reset_vec                             0        0        2         0
                text49                              EF9      EF9       13         0
                text48                              F66      F66       19         0
                text46                              FB1      FB1       1A         0
                text45                              4AF      4AF       4C         0
                text44                              F7F      F7F       19         0
                text43                              F98      F98       19         0
                text42                              588      588       3B         0
                text41                              FE5      FE5       1B         0
                text40                              73D      73D       23         0
                text39                              7A2      7A2       20         0
                text38                              F36      F36       18         0
                text37                              782      782       20         0
                text36                              630      630       35         0
                text35                              6EF      6EF       29         0
                text34                              E8C      E8C        9         0
                text33                              45E      45E       51         0
                text32                              F4E      F4E       18         0
                text31                              ED7      ED7       11         0
                text30                              EAB      EAB        D         0
                text29                              FCB      FCB       1A         0
                text28                              5C3      5C3       38         0
                text27                              5FB      5FB       35         0
                text26                              698      698       2D         0
                text25                              7E0      7E0       1B         0
                text24                              198      198       A7         0
                text23                              718      718       25         0
                text22                              EC7      EC7       10         0
                text21                               F0       F0       A8         0
                text20                              7C2      7C2       1E         0
                text19                              6C5      6C5       2A         0
                text18                              2CC      2CC       78         0
                text17                              EE8      EE8       11         0
                text16                              F0C      F0C       15         0
                text15                              3A8      3A8       64         0
                text14                              40C      40C       52         0
                text13                              542      542       46         0
                text12                              23F      23F       8D         0
                text11                              665      665       33         0
                text10                              4FB      4FB       47         0
                text9                               E84      E84        8         0
                text8                               E9F      E9F        C         0
                text7                               E6E      E6E        4         0
                text6                               7FB      7FB        5         0
                text5                               760      760       22         0
                text4                               E72      E72        6         0
                text3                               EB8      EB8        F         0
                text2                               F21      F21       15         0
                text1                               344      344       64         0
                maintext                             3F       3F       B1         0
                inittext                            E78      E78        6         0
                clrtext                             E7E      E7E        6         0
                idataBANK1                          E95      E95        A         0

        CLASS   STRCODE        
                stringtext                         1000     1000       15         0

        CLASS   STRING         

        CLASS   CONST          

        CLASS   ENTRY          

        CLASS   COMMON         
                cstackCOMMON                         70       70        8         1
                bssCOMMON                            78       78        3         1

        CLASS   BANK0          
                cstackBANK0                          52       52       1C         1
                bssBANK0                             20       20       32         1
                nvBANK0                              6E       6E        1         1

        CLASS   BANK1          
                cstackBANK1                          B1       B1        3         1
                dataBANK1                            A0       A0        A         1
                bssBANK1                             AA       AA        7         1

        CLASS   BANK2          
                bssBANK2                            120      120       40         1

        CLASS   BANK3          

        CLASS   BANK4          

        CLASS   BANK5          

        CLASS   BANK6          

        CLASS   BANK7          

        CLASS   BANK8          

        CLASS   BANK9          

        CLASS   BANK10         

        CLASS   BANK11         

        CLASS   BANK12         

        CLASS   BIGRAM         

        CLASS   RAM            

        CLASS   ABS1           
                abs_s1                               7E       7E        2         1

        CLASS   SFR0           

        CLASS   SFR1           

        CLASS   SFR2           

        CLASS   SFR3           

        CLASS   SFR4           

        CLASS   SFR5           

        CLASS   SFR6           

        CLASS   SFR7           

        CLASS   SFR8           

        CLASS   SFR9           

        CLASS   SFR10          

        CLASS   SFR11          

        CLASS   SFR12          

        CLASS   SFR13          

        CLASS   SFR14          

        CLASS   SFR15          

        CLASS   SFR16          

        CLASS   SFR17          

        CLASS   SFR18          

        CLASS   SFR19          

        CLASS   SFR20          

        CLASS   SFR21          

        CLASS   SFR22          

        CLASS   SFR23          

        CLASS   SFR24          

        CLASS   SFR25          

        CLASS   SFR26          

        CLASS   SFR27          

        CLASS   SFR28          

        CLASS   SFR29          

        CLASS   SFR30          

        CLASS   SFR31          

        CLASS   CONFIG         
                config                             8007     8007        2         0

        CLASS   IDLOC          

        CLASS   BANK31         

        CLASS   BANK30         

        CLASS   BANK29         

        CLASS   BANK28         

        CLASS   BANK27         

        CLASS   BANK26         

        CLASS   BANK25         

        CLASS   BANK24         

        CLASS   BANK23         

        CLASS   BANK22         

        CLASS   BANK21         

        CLASS   BANK20         

        CLASS   BANK19         

        CLASS   BANK18         

        CLASS   BANK17         

        CLASS   BANK16         

        CLASS   BANK15         

        CLASS   BANK14         

        CLASS   BANK13         

        CLASS   EEDATA         



SEGMENTS        Name                           Load    Length   Top    Selector   Space  Class     Delta

                reset_vec                      000000  000002  000002         0       0  CODE        2
                intentry                       000004  0007FC  000800         8       0  CODE        2
                bssBANK0                       000020  00004F  00006F        20       1  BANK0       1
                cstackCOMMON                   000070  00000B  00007B        70       1  COMMON      1
                dataBANK1                      0000A0  000014  0000B4        A0       1  BANK1       1
                bssBANK2                       000120  000040  000160       120       1  BANK2       1
                text7                          000E6E  000004  000E72      1CDC       0  CODE        2
                text4                          000E72  000006  000E78      1CE4       0  CODE        2
                inittext                       000E78  000006  000E7E      1CF0       0  CODE        2
                clrtext                        000E7E  000006  000E84      1CFC       0  CODE        2
                text9                          000E84  000008  000E8C      1D08       0  CODE        2
                text34                         000E8C  000009  000E95      1D18       0  CODE        2
                idataBANK1                     000E95  00000A  000E9F      1D2A       0  CODE        2
                text8                          000E9F  00000C  000EAB      1D3E       0  CODE        2
                text30                         000EAB  00000D  000EB8      1D56       0  CODE        2
                text3                          000EB8  00000F  000EC7      1D70       0  CODE        2
                text22                         000EC7  000010  000ED7      1D8E       0  CODE        2
                text31                         000ED7  000011  000EE8      1DAE       0  CODE        2
                text17                         000EE8  000011  000EF9      1DD0       0  CODE        2
                text49                         000EF9  000013  000F0C      1DF2       0  CODE        2
                text16                         000F0C  000015  000F21      1E18       0  CODE        2
                text2                          000F21  000015  000F36      1E42       0  CODE        2
                text38                         000F36  000018  000F4E      1E6C       0  CODE        2
                text32                         000F4E  000018  000F66      1E9C       0  CODE        2
                text48                         000F66  000019  000F7F      1ECC       0  CODE        2
                text44                         000F7F  000019  000F98      1EFE       0  CODE        2
                text43                         000F98  000019  000FB1      1F30       0  CODE        2
                text46                         000FB1  00001A  000FCB      1F62       0  CODE        2
                text29                         000FCB  00001A  000FE5      1F96       0  CODE        2
                text41                         000FE5  00001B  001000      1FCA       0  CODE        2
                stringtext                     001000  000015  001015      2000       0  STRCODE     2
                config                         008007  000002  008009     1000E       0  CONFIG      2


UNUSED ADDRESS RANGES

        Name                Unused          Largest block    Delta
        BANK0            0006F-0006F               1           1
        BANK1            000B4-000EF              3C           1
        BANK10           00520-0056F              50           1
        BANK11           005A0-005EF              50           1
        BANK12           00620-0064F              30           1
        BANK2            00160-0016F              10           1
        BANK3            001A0-001EF              50           1
        BANK4            00220-0026F              50           1
        BANK5            002A0-002EF              50           1
        BANK6            00320-0036F              50           1
        BANK7            003A0-003EF              50           1
        BANK8            00420-0046F              50           1
        BANK9            004A0-004EF              50           1
        BIGRAM           02000-023EF             3F0           1
        CODE             00002-00003               2           2
                         00800-00E6D             66E
                         01015-03FFF             800
        COMMON           0007B-0007D               3           1
        CONST            00002-00003               2           2
                         00800-00E6D             100
                         01015-03FFF             100
        ENTRY            00002-00003               2           2
                         00800-00E6D             100
                         01015-03FFF             100
        IDLOC            08000-08003               4           2
        RAM              0006F-0006F               1           1
                         000B4-000EF              3C
                         00160-0016F              10
                         001A0-001EF              50
                         00220-0026F              50
                         002A0-002EF              50
                         00320-0036F              50
                         003A0-003EF              50
                         00420-0046F              50
                         004A0-004EF              50
                         00520-0056F              50
                         005A0-005EF              50
                         00620-0064F              30
        SFR0             00000-0001F              20           1
        SFR1             00080-0009F              20           1
        SFR10            00500-0051F              20           1
        SFR11            00580-0059F              20           1
        SFR12            00600-0061F              20           1
        SFR13            00680-006EF              70           1
        SFR14            00700-0076F              70           1
        SFR15            00780-007EF              70           1
        SFR16            00800-0086F              70           1
        SFR17            00880-008EF              70           1
        SFR18            00900-0096F              70           1
        SFR19            00980-009EF              70           1
        SFR2             00100-0011F              20           1
        SFR20            00A00-00A6F              70           1
        SFR21            00A80-00AEF              70           1
        SFR22            00B00-00B6F              70           1
        SFR23            00B80-00BEF              70           1
        SFR24            00C00-00C6F              70           1
        SFR25            00C80-00CEF              70           1
        SFR26            00D00-00D6F              70           1
        SFR27            00D80-00DEF              70           1
        SFR28            00E00-00E6F              70           1
        SFR29            00E80-00EEF              70           1
        SFR3             00180-0019F              20           1
        SFR30            00F00-00F6F              70           1
        SFR31            00F80-00FEF              70           1
        SFR4             00200-0021F              20           1
        SFR5             00280-0029F              20           1
        SFR6             00300-0031F              20           1
        SFR7             00380-0039F              20           1
        SFR8             00400-0041F              20           1
        SFR9             00480-0049F              20           1
        STACK            020E0-023EF             310           1
        STRCODE          00002-00003               2           2
                         00800-00E6D             66E
                         01015-03FFF            2FEB
        STRING           00002-00003               2           2
                         00800-00E6D             100
                         01015-03FFF             100

                                  Symbol Table

?_ADC_GetConversion                              cstackCOMMON 00073
?___awdiv                                        cstackCOMMON 00073
?___awmod                                        cstackCOMMON 00073
?___lwdiv                                        cstackBANK0  00053
?___lwmod                                        cstackCOMMON 00073
ADC_GetConversion@channel                        cstackCOMMON 00076
Bq32k_Rtc_Read_Time@p                            cstackBANK0  00061
Bq32k_Rtc_Read_Time@temp                         cstackBANK0  00057
Bq32k_Time_Init@F2009                            dataBANK1    000A0
Bq32k_Time_Init@temp                             cstackBANK0  00059
I2C_Read_Buffer@ADD                              cstackBANK0  00053
I2C_Read_Buffer@Flag                             cstackBANK0  00054
I2C_Read_Buffer@Length                           cstackCOMMON 00077
I2C_Read_Buffer@buff                             cstackCOMMON 00076
I2C_Receive_Byte@Data                            cstackCOMMON 00074
I2C_Receive_Byte@i                               cstackCOMMON 00075
I2C_Send_Buffer@ADD                              cstackBANK0  00054
I2C_Send_Buffer@Flag                             cstackBANK0  00056
I2C_Send_Buffer@Length                           cstackCOMMON 00077
I2C_Send_Buffer@buff                             cstackCOMMON 00076
I2C_Send_Buffer@i                                cstackBANK0  00055
I2C_Send_Byte@Data                               cstackCOMMON 00074
I2C_Send_Byte@i                                  cstackCOMMON 00075
Key_Process@gKeyValue                            cstackBANK0  0006A
Key_Scan@Key_val                                 cstackCOMMON 00075
SPI_Exchange8bit@data                            cstackCOMMON 00073
SPI_Exchange8bitBuffer@bufLen                    cstackCOMMON 00074
SPI_Exchange8bitBuffer@bytesWritten              cstackCOMMON 00077
SPI_Exchange8bitBuffer@dataIn                    cstackCOMMON 00076
SPI_Exchange8bitBuffer@dataOut                   cstackCOMMON 00075
SendBit_1621@cnt                                 cstackCOMMON 00073
SendBit_1621@data                                cstackCOMMON 00076
SendBit_1621@i                                   cstackCOMMON 00077
SendCmd_1621@command                             cstackBANK0  00053
SendDataBit_1621@cnt                             cstackCOMMON 00073
SendDataBit_1621@data                            cstackCOMMON 00076
SendDataBit_1621@i                               cstackCOMMON 00077
TMR0_ISR@CountCallBack                           bssBANK0     00036
Tc_Display@count                                 cstackBANK0  0005C
Tc_Display@data                                  cstackBANK0  0005D
Two_Display@F2114                                bssBANK0     00020
Two_Display@num                                  cstackBANK0  00059
Two_Display@number                               cstackBANK0  0005D
WriteAll_1621@addr                               cstackBANK0  00056
WriteAll_1621@cnt                                cstackBANK0  00054
WriteAll_1621@i                                  cstackBANK0  00057
WriteAll_1621@p                                  cstackBANK0  00052
_ADCON0                                          (abs)        0009D
_ADCON0bits                                      (abs)        0009D
_ADCON1                                          (abs)        0009E
_ADC_GetConversion                               text46       00FB1
_ADC_Initialize                                  text9        00E84
_ADRESH                                          (abs)        0009C
_ADRESL                                          (abs)        0009B
_ANSELA                                          (abs)        0018C
_ANSELB                                          (abs)        0018D
_ANSELC                                          (abs)        0018E
_APFCON                                          (abs)        0011D
_BAUDCON                                         (abs)        0019F
_Bq32k_Rtc_Read_Time                             text15       003A8
_Bq32k_Time_Init                                 text41       00FE5
_Dis_TAB                                         stringtext   01000
_EUSART_Initialize                               text8        00E9F
_FVRCON                                          (abs)        00117
_FVRCONbits                                      (abs)        00117
_FVR_Initialize                                  text7        00E6E
_I2C_Read_Buffer                                 text18       002CC
_I2C_Receive_Byte                                text19       006C5
_I2C_Send_Buffer                                 text42       00588
_I2C_Send_Byte                                   text45       004AF
_I2C_Start                                       text44       00F7F
_I2C_Stop                                        text43       00F98
_INTCONbits                                      (abs)        0000B
_INTERRUPT_InterruptManager                      intentry     00004
_Key_Process                                     text10       004FB
_Key_Scan                                        text40       0073D
_LATA                                            (abs)        0010C
_LATA0                                           (abs)        00860
_LATA1                                           (abs)        00861
_LATA2                                           (abs)        00862
_LATA3                                           (abs)        00863
_LATA4                                           (abs)        00864
_LATA5                                           (abs)        00865
_LATB                                            (abs)        0010D
_LATB0                                           (abs)        00868
_LATB1                                           (abs)        00869
_LATC                                            (abs)        0010E
_LATC0                                           (abs)        00870
_LATC1                                           (abs)        00871
_LATC2                                           (abs)        00872
_LongPressSec                                    bssBANK0     0003A
_MAX31856Sec                                     bssCOMMON    00078
_OPTION_REG                                      (abs)        00095
_OPTION_REGbits                                  (abs)        00095
_OSCCON                                          (abs)        00099
_OSCILLATOR_Initialize                           text6        007FB
_OSCSTAT                                         (abs)        0009A
_PIN_MANAGER_Initialize                          text5        00760
_PIR1bits                                        (abs)        00011
_PMADR                                           (abs)        00191
_PMADRH                                          (abs)        00192
_PMADRL                                          (abs)        00191
_PMCON1bits                                      (abs)        00195
_PMCON2                                          (abs)        00196
_PMDAT                                           (abs)        00193
_PMDATH                                          (abs)        00194
_PMDATL                                          (abs)        00193
_RA7                                             (abs)        00067
_RB1                                             (abs)        00069
_RB3                                             (abs)        0006B
_RB5                                             (abs)        0006D
_RCREG                                           (abs)        00199
_RCSTA                                           (abs)        0019D
_RCSTAbits                                       (abs)        0019D
_SPBRGH                                          (abs)        0019C
_SPBRGL                                          (abs)        0019B
_SPI_Exchange8bit                                text34       00E8C
_SPI_Exchange8bitBuffer                          text33       0045E
_SPI_Initialize                                  text4        00E72
_SSP1ADD                                         (abs)        00212
_SSP1CON1                                        (abs)        00215
_SSP1CON1bits                                    (abs)        00215
_SSP1STAT                                        (abs)        00214
_SSP1STATbits                                    (abs)        00214
_SSPBUF                                          (abs)        00211
_SYSTEM_Initialize                               text2        00F21
_SendBit_1621                                    text39       007A2
_SendCmd_1621                                    text38       00F36
_SendDataBit_1621                                text37       00782
_TMR0                                            (abs)        00015
_TMR0_CallBack                                   text49       00EF9
_TMR0_ISR                                        text48       00F66
_TMR0_Initialize                                 text3        00EB8
_TRISA                                           (abs)        0008C
_TRISB                                           (abs)        0008D
_TRISB1                                          (abs)        00469
_TRISB3                                          (abs)        0046B
_TRISC                                           (abs)        0008E
_TXREG                                           (abs)        0019A
_TXSTA                                           (abs)        0019E
_Tc_Display                                      text24       00198
_Two_Display                                     text35       006EF
_WPUB                                            (abs)        0020D
_WPUE                                            (abs)        00210
_WriteAll_1621                                   text36       00630
__CFG_BOREN$ON                                   (abs)        00000
__CFG_BORV$LO                                    (abs)        00000
__CFG_CLKOUTEN$OFF                               (abs)        00000
__CFG_CP$OFF                                     (abs)        00000
__CFG_FCMEN$ON                                   (abs)        00000
__CFG_FOSC$INTOSC                                (abs)        00000
__CFG_IESO$ON                                    (abs)        00000
__CFG_LPBOR$OFF                                  (abs)        00000
__CFG_LVP$OFF                                    (abs)        00000
__CFG_MCLRE$ON                                   (abs)        00000
__CFG_PWRTE$OFF                                  (abs)        00000
__CFG_STVREN$ON                                  (abs)        00000
__CFG_VCAPEN$OFF                                 (abs)        00000
__CFG_WDTE$OFF                                   (abs)        00000
__CFG_WRT$OFF                                    (abs)        00000
__Habs1                                          abs1         00000
__Hbank0                                         bank0        00000
__Hbank1                                         bank1        00000
__Hbank10                                        bank10       00000
__Hbank11                                        bank11       00000
__Hbank12                                        bank12       00000
__Hbank13                                        bank13       00000
__Hbank14                                        bank14       00000
__Hbank15                                        bank15       00000
__Hbank16                                        bank16       00000
__Hbank17                                        bank17       00000
__Hbank18                                        bank18       00000
__Hbank19                                        bank19       00000
__Hbank2                                         bank2        00000
__Hbank20                                        bank20       00000
__Hbank21                                        bank21       00000
__Hbank22                                        bank22       00000
__Hbank23                                        bank23       00000
__Hbank24                                        bank24       00000
__Hbank25                                        bank25       00000
__Hbank26                                        bank26       00000
__Hbank27                                        bank27       00000
__Hbank28                                        bank28       00000
__Hbank29                                        bank29       00000
__Hbank3                                         bank3        00000
__Hbank30                                        bank30       00000
__Hbank31                                        bank31       00000
__Hbank4                                         bank4        00000
__Hbank5                                         bank5        00000
__Hbank6                                         bank6        00000
__Hbank7                                         bank7        00000
__Hbank8                                         bank8        00000
__Hbank9                                         bank9        00000
__Hbigram                                        bigram       00000
__HbssBANK0                                      bssBANK0     00000
__HbssBANK1                                      bssBANK1     00000
__HbssBANK2                                      bssBANK2     00000
__HbssCOMMON                                     bssCOMMON    00000
__Hcinit                                         cinit        0003F
__Hclrtext                                       clrtext      00000
__Hcode                                          code         00000
__Hcommon                                        common       00000
__Hconfig                                        config       08009
__HcstackBANK0                                   cstackBANK0  00000
__HcstackBANK1                                   cstackBANK1  00000
__HcstackCOMMON                                  cstackCOMMON 00000
__HdataBANK1                                     dataBANK1    00000
__Heeprom_data                                   eeprom_data  00000
__Hend_init                                      end_init     00015
__Hfunctab                                       functab      00000
__HidataBANK1                                    idataBANK1   00000
__Hidloc                                         idloc        00000
__Hinit                                          init         00013
__Hinittext                                      inittext     00000
__Hintentry                                      intentry     00013
__Hmaintext                                      maintext     00000
__HnvBANK0                                       nvBANK0      00000
__Hpowerup                                       powerup      00000
__Hram                                           ram          00000
__Hreset_vec                                     reset_vec    00002
__Hsfr0                                          sfr0         00000
__Hsfr1                                          sfr1         00000
__Hsfr10                                         sfr10        00000
__Hsfr11                                         sfr11        00000
__Hsfr12                                         sfr12        00000
__Hsfr13                                         sfr13        00000
__Hsfr14                                         sfr14        00000
__Hsfr15                                         sfr15        00000
__Hsfr16                                         sfr16        00000
__Hsfr17                                         sfr17        00000
__Hsfr18                                         sfr18        00000
__Hsfr19                                         sfr19        00000
__Hsfr2                                          sfr2         00000
__Hsfr20                                         sfr20        00000
__Hsfr21                                         sfr21        00000
__Hsfr22                                         sfr22        00000
__Hsfr23                                         sfr23        00000
__Hsfr24                                         sfr24        00000
__Hsfr25                                         sfr25        00000
__Hsfr26                                         sfr26        00000
__Hsfr27                                         sfr27        00000
__Hsfr28                                         sfr28        00000
__Hsfr29                                         sfr29        00000
__Hsfr3                                          sfr3         00000
__Hsfr30                                         sfr30        00000
__Hsfr31                                         sfr31        00000
__Hsfr4                                          sfr4         00000
__Hsfr5                                          sfr5         00000
__Hsfr6                                          sfr6         00000
__Hsfr7                                          sfr7         00000
__Hsfr8                                          sfr8         00000
__Hsfr9                                          sfr9         00000
__Hspace_0                                       (abs)        08009
__Hspace_1                                       (abs)        00160
__Hspace_2                                       (abs)        00000
__Hspace_3                                       (abs)        00000
__Hstack                                         stack        00000
__Hstrings                                       strings      00000
__Hstringtext                                    stringtext   00000
__Htext                                          text         00000
__Labs1                                          abs1         00000
__Lbank0                                         bank0        00000
__Lbank1                                         bank1        00000
__Lbank10                                        bank10       00000
__Lbank11                                        bank11       00000
__Lbank12                                        bank12       00000
__Lbank13                                        bank13       00000
__Lbank14                                        bank14       00000
__Lbank15                                        bank15       00000
__Lbank16                                        bank16       00000
__Lbank17                                        bank17       00000
__Lbank18                                        bank18       00000
__Lbank19                                        bank19       00000
__Lbank2                                         bank2        00000
__Lbank20                                        bank20       00000
__Lbank21                                        bank21       00000
__Lbank22                                        bank22       00000
__Lbank23                                        bank23       00000
__Lbank24                                        bank24       00000
__Lbank25                                        bank25       00000
__Lbank26                                        bank26       00000
__Lbank27                                        bank27       00000
__Lbank28                                        bank28       00000
__Lbank29                                        bank29       00000
__Lbank3                                         bank3        00000
__Lbank30                                        bank30       00000
__Lbank31                                        bank31       00000
__Lbank4                                         bank4        00000
__Lbank5                                         bank5        00000
__Lbank6                                         bank6        00000
__Lbank7                                         bank7        00000
__Lbank8                                         bank8        00000
__Lbank9                                         bank9        00000
__Lbigram                                        bigram       00000
__LbssBANK0                                      bssBANK0     00000
__LbssBANK1                                      bssBANK1     00000
__LbssBANK2                                      bssBANK2     00000
__LbssCOMMON                                     bssCOMMON    00000
__Lcinit                                         cinit        00015
__Lclrtext                                       clrtext      00000
__Lcode                                          code         00000
__Lcommon                                        common       00000
__Lconfig                                        config       08007
__LcstackBANK0                                   cstackBANK0  00000
__LcstackBANK1                                   cstackBANK1  00000
__LcstackCOMMON                                  cstackCOMMON 00000
__LdataBANK1                                     dataBANK1    00000
__Leeprom_data                                   eeprom_data  00000
__Lend_init                                      end_init     00013
__Lfunctab                                       functab      00000
__LidataBANK1                                    idataBANK1   00000
__Lidloc                                         idloc        00000
__Linit                                          init         00013
__Linittext                                      inittext     00000
__Lintentry                                      intentry     00004
__Lmaintext                                      maintext     00000
__LnvBANK0                                       nvBANK0      00000
__Lpowerup                                       powerup      00000
__Lram                                           ram          00000
__Lreset_vec                                     reset_vec    00000
__Lsfr0                                          sfr0         00000
__Lsfr1                                          sfr1         00000
__Lsfr10                                         sfr10        00000
__Lsfr11                                         sfr11        00000
__Lsfr12                                         sfr12        00000
__Lsfr13                                         sfr13        00000
__Lsfr14                                         sfr14        00000
__Lsfr15                                         sfr15        00000
__Lsfr16                                         sfr16        00000
__Lsfr17                                         sfr17        00000
__Lsfr18                                         sfr18        00000
__Lsfr19                                         sfr19        00000
__Lsfr2                                          sfr2         00000
__Lsfr20                                         sfr20        00000
__Lsfr21                                         sfr21        00000
__Lsfr22                                         sfr22        00000
__Lsfr23                                         sfr23        00000
__Lsfr24                                         sfr24        00000
__Lsfr25                                         sfr25        00000
__Lsfr26                                         sfr26        00000
__Lsfr27                                         sfr27        00000
__Lsfr28                                         sfr28        00000
__Lsfr29                                         sfr29        00000
__Lsfr3                                          sfr3         00000
__Lsfr30                                         sfr30        00000
__Lsfr31                                         sfr31        00000
__Lsfr4                                          sfr4         00000
__Lsfr5                                          sfr5         00000
__Lsfr6                                          sfr6         00000
__Lsfr7                                          sfr7         00000
__Lsfr8                                          sfr8         00000
__Lsfr9                                          sfr9         00000
__Lspace_0                                       (abs)        00000
__Lspace_1                                       (abs)        00000
__Lspace_2                                       (abs)        00000
__Lspace_3                                       (abs)        00000
__Lstack                                         stack        00000
__Lstrings                                       strings      00000
__Lstringtext                                    stringtext   00000
__Ltext                                          text         00000
__S0                                             (abs)        08009
__S1                                             (abs)        00160
__S2                                             (abs)        00000
___awdiv                                         text14       0040C
___awdiv@counter                                 cstackBANK0  00052
___awdiv@dividend                                cstackCOMMON 00075
___awdiv@divisor                                 cstackCOMMON 00073
___awdiv@quotient                                cstackBANK0  00054
___awdiv@sign                                    cstackBANK0  00053
___awmod                                         text13       00542
___awmod@counter                                 cstackBANK0  00052
___awmod@dividend                                cstackCOMMON 00075
___awmod@divisor                                 cstackCOMMON 00073
___awmod@sign                                    cstackBANK0  00053
___bmul                                          text17       00EE8
___bmul@multiplicand                             cstackCOMMON 00073
___bmul@multiplier                               cstackCOMMON 00076
___bmul@product                                  cstackCOMMON 00075
___int_sp                                        stack        00000
___latbits                                       (abs)        00003
___lwdiv                                         text27       005FB
___lwdiv@counter                                 cstackBANK0  00058
___lwdiv@dividend                                cstackBANK0  00055
___lwdiv@divisor                                 cstackBANK0  00053
___lwdiv@quotient                                cstackBANK0  00059
___lwmod                                         text26       00698
___lwmod@counter                                 cstackBANK0  00052
___lwmod@dividend                                cstackCOMMON 00075
___lwmod@divisor                                 cstackCOMMON 00073
___sp                                            stack        00000
__end_of_ADC_GetConversion                       text46       00FCB
__end_of_ADC_Initialize                          text9        00E8C
__end_of_Bq32k_Rtc_Read_Time                     text15       0040C
__end_of_Bq32k_Time_Init                         text41       01000
__end_of_Dis_TAB                                 stringtext   01015
__end_of_EUSART_Initialize                       text8        00EAB
__end_of_FVR_Initialize                          text7        00E72
__end_of_I2C_Read_Buffer                         text18       00344
__end_of_I2C_Receive_Byte                        text19       006EF
__end_of_I2C_Send_Buffer                         text42       005C3
__end_of_I2C_Send_Byte                           text45       004FB
__end_of_I2C_Start                               text44       00F98
__end_of_I2C_Stop                                text43       00FB1
__end_of_INTERRUPT_InterruptManager              intentry     00013
__end_of_Key_Process                             text10       00542
__end_of_Key_Scan                                text40       00760
__end_of_OSCILLATOR_Initialize                   text6        00800
__end_of_PIN_MANAGER_Initialize                  text5        00782
__end_of_SPI_Exchange8bit                        text34       00E95
__end_of_SPI_Exchange8bitBuffer                  text33       004AF
__end_of_SPI_Initialize                          text4        00E78
__end_of_SYSTEM_Initialize                       text2        00F36
__end_of_SendBit_1621                            text39       007C2
__end_of_SendCmd_1621                            text38       00F4E
__end_of_SendDataBit_1621                        text37       007A2
__end_of_TMR0_CallBack                           text49       00F0C
__end_of_TMR0_ISR                                text48       00F7F
__end_of_TMR0_Initialize                         text3        00EC7
__end_of_Tc_Display                              text24       0023F
__end_of_Two_Display                             text35       00718
__end_of_WriteAll_1621                           text36       00665
__end_of___awdiv                                 text14       0045E
__end_of___awmod                                 text13       00588
__end_of___bmul                                  text17       00EF9
__end_of___lwdiv                                 text27       00630
__end_of___lwmod                                 text26       006C5
__end_of__initialization                         cinit        0003B
__end_of_bcd2bin                                 text16       00F21
__end_of_err_Display                             text23       0073D
__end_of_main                                    maintext     000F0
__end_of_maxim_31856_init                        text1        003A8
__end_of_maxim_31856_read_nregisters             text32       00F66
__end_of_maxim_31856_read_register               text31       00EE8
__end_of_maxim_31856_write_register              text30       00EB8
__end_of_maxim_clear_fault_status                text22       00ED7
__end_of_maxim_start_conversion                  text29       00FE5
__end_of_memset                                  text25       007FB
__end_of_one_temperature_trans                   text28       005FB
__end_of_tc_temperature_trans                    text21       00198
__end_of_temperature_display                     text20       007E0
__end_of_temperature_process                     text11       00698
__end_of_time_Display                            text12       002CC
__initialization                                 cinit        00015
__pbssBANK0                                      bssBANK0     00020
__pbssBANK1                                      bssBANK1     000AA
__pbssBANK2                                      bssBANK2     00120
__pbssCOMMON                                     bssCOMMON    00078
__pcstackBANK0                                   cstackBANK0  00052
__pcstackBANK1                                   cstackBANK1  000B1
__pcstackCOMMON                                  cstackCOMMON 00070
__pdataBANK1                                     dataBANK1    000A0
__pidataBANK1                                    idataBANK1   00E95
__pintentry                                      intentry     00004
__pmaintext                                      maintext     0003F
__pnvBANK0                                       nvBANK0      0006E
__pstringtext                                    stringtext   01000
__ptext1                                         text1        00344
__ptext10                                        text10       004FB
__ptext11                                        text11       00665
__ptext12                                        text12       0023F
__ptext13                                        text13       00542
__ptext14                                        text14       0040C
__ptext15                                        text15       003A8
__ptext16                                        text16       00F0C
__ptext17                                        text17       00EE8
__ptext18                                        text18       002CC
__ptext19                                        text19       006C5
__ptext2                                         text2        00F21
__ptext20                                        text20       007C2
__ptext21                                        text21       000F0
__ptext22                                        text22       00EC7
__ptext23                                        text23       00718
__ptext24                                        text24       00198
__ptext25                                        text25       007E0
__ptext26                                        text26       00698
__ptext27                                        text27       005FB
__ptext28                                        text28       005C3
__ptext29                                        text29       00FCB
__ptext3                                         text3        00EB8
__ptext30                                        text30       00EAB
__ptext31                                        text31       00ED7
__ptext32                                        text32       00F4E
__ptext33                                        text33       0045E
__ptext34                                        text34       00E8C
__ptext35                                        text35       006EF
__ptext36                                        text36       00630
__ptext37                                        text37       00782
__ptext38                                        text38       00F36
__ptext39                                        text39       007A2
__ptext4                                         text4        00E72
__ptext40                                        text40       0073D
__ptext41                                        text41       00FE5
__ptext42                                        text42       00588
__ptext43                                        text43       00F98
__ptext44                                        text44       00F7F
__ptext45                                        text45       004AF
__ptext46                                        text46       00FB1
__ptext48                                        text48       00F66
__ptext49                                        text49       00EF9
__ptext5                                         text5        00760
__ptext6                                         text6        007FB
__ptext7                                         text7        00E6E
__ptext8                                         text8        00E9F
__ptext9                                         text9        00E84
__size_of_ADC_GetConversion                      (abs)        00000
__size_of_ADC_Initialize                         (abs)        00000
__size_of_Bq32k_Rtc_Read_Time                    (abs)        00000
__size_of_Bq32k_Time_Init                        (abs)        00000
__size_of_EUSART_Initialize                      (abs)        00000
__size_of_FVR_Initialize                         (abs)        00000
__size_of_I2C_Read_Buffer                        (abs)        00000
__size_of_I2C_Receive_Byte                       (abs)        00000
__size_of_I2C_Send_Buffer                        (abs)        00000
__size_of_I2C_Send_Byte                          (abs)        00000
__size_of_I2C_Start                              (abs)        00000
__size_of_I2C_Stop                               (abs)        00000
__size_of_INTERRUPT_InterruptManager             (abs)        00000
__size_of_Key_Process                            (abs)        00000
__size_of_Key_Scan                               (abs)        00000
__size_of_OSCILLATOR_Initialize                  (abs)        00000
__size_of_PIN_MANAGER_Initialize                 (abs)        00000
__size_of_SPI_Exchange8bit                       (abs)        00000
__size_of_SPI_Exchange8bitBuffer                 (abs)        00000
__size_of_SPI_Initialize                         (abs)        00000
__size_of_SYSTEM_Initialize                      (abs)        00000
__size_of_SendBit_1621                           (abs)        00000
__size_of_SendCmd_1621                           (abs)        00000
__size_of_SendDataBit_1621                       (abs)        00000
__size_of_TMR0_CallBack                          (abs)        00000
__size_of_TMR0_ISR                               (abs)        00000
__size_of_TMR0_Initialize                        (abs)        00000
__size_of_Tc_Display                             (abs)        00000
__size_of_Two_Display                            (abs)        00000
__size_of_WriteAll_1621                          (abs)        00000
__size_of___awdiv                                (abs)        00000
__size_of___awmod                                (abs)        00000
__size_of___bmul                                 (abs)        00000
__size_of___lwdiv                                (abs)        00000
__size_of___lwmod                                (abs)        00000
__size_of_bcd2bin                                (abs)        00000
__size_of_err_Display                            (abs)        00000
__size_of_main                                   (abs)        00000
__size_of_maxim_31856_init                       (abs)        00000
__size_of_maxim_31856_read_nregisters            (abs)        00000
__size_of_maxim_31856_read_register              (abs)        00000
__size_of_maxim_31856_write_register             (abs)        00000
__size_of_maxim_clear_fault_status               (abs)        00000
__size_of_maxim_start_conversion                 (abs)        00000
__size_of_memset                                 (abs)        00000
__size_of_one_temperature_trans                  (abs)        00000
__size_of_tc_temperature_trans                   (abs)        00000
__size_of_temperature_display                    (abs)        00000
__size_of_temperature_process                    (abs)        00000
__size_of_time_Display                           (abs)        00000
_bcd2bin                                         text16       00F0C
_display_buff                                    bssBANK0     0004E
_err_Display                                     text23       00718
_main                                            maintext     0003F
_maxim_31856_init                                text1        00344
_maxim_31856_read_nregisters                     text32       00F4E
_maxim_31856_read_register                       text31       00ED7
_maxim_31856_write_register                      text30       00EAB
_maxim_clear_fault_status                        text22       00EC7
_maxim_start_conversion                          text29       00FCB
_memset                                          text25       007E0
_one_temperature_trans                           text28       005C3
_tc_temperature_trans                            text21       000F0
_temperature_decimal                             bssBANK0     0003B
_temperature_display                             text20       007C2
_temperature_int                                 bssBANK0     00038
_temperature_process                             text11       00665
_temperature_sign                                bssBANK0     0003C
_temperature_value                               bssBANK0     00024
_time_Display                                    text12       0023F
_time_count                                      bssBANK0     0003D
_timer0ReloadVal                                 nvBANK0      0006E
_tm                                              bssBANK1     000AA
_uch_cjth                                        bssBANK0     0003F
_uch_cjtl                                        bssBANK0     00040
_uch_cr0                                         bssCOMMON    00079
_uch_cr1                                         bssBANK0     00041
_uch_ltcbh                                       bssCOMMON    0007A
_uch_ltcbl                                       bssBANK0     00042
_uch_ltcbm                                       bssBANK0     00043
_uch_mask                                        bssBANK0     00044
_uch_reg                                         bssBANK0     00046
_uch_sr                                          bssBANK0     00045
bcd2bin@val                                      cstackCOMMON 00077
btemp                                            (abs)        0007E
clear_ram0                                       clrtext      00E7E
end_of_initialization                            cinit        0003B
err_Display@F2117                                bssBANK0     00028
err_Display@num                                  cstackBANK0  00059
init_ram                                         inittext     00E78
int$flags                                        (abs)        0007E
intlevel0                                        functab      00000
intlevel1                                        functab      00000
intlevel2                                        functab      00000
intlevel3                                        functab      00000
intlevel4                                        functab      00000
intlevel5                                        functab      00000
ltemp                                            (abs)        0007E
ltemp0                                           (abs)        0007E
ltemp1                                           (abs)        00082
ltemp2                                           (abs)        00086
ltemp3                                           (abs)        00080
main@bat_data                                    cstackBANK1  000B2
main@i                                           cstackBANK1  000B1
maxim_31856_read_nregisters@uch_buff             cstackBANK0  00055
maxim_31856_read_nregisters@uch_nBytes           cstackBANK0  00056
maxim_31856_read_nregisters@uch_register_address cstackBANK0  00059
maxim_31856_read_register@uch_register_address   cstackCOMMON 00075
maxim_31856_read_register@uch_register_data      cstackCOMMON 00076
maxim_31856_write_register@uch_register_address  cstackCOMMON 00075
maxim_31856_write_register@uch_register_value    cstackCOMMON 00074
maxim_start_conversion@uch_conversion_mode       cstackBANK0  00052
memset@c                                         cstackCOMMON 00073
memset@n                                         cstackCOMMON 00075
memset@p                                         cstackBANK0  00053
memset@p1                                        cstackBANK0  00052
reset_vec                                        reset_vec    00000
stackhi                                          (abs)        023EF
stacklo                                          (abs)        020E0
start                                            init         00013
start_initialization                             cinit        00015
time_Display@F2120                               bssBANK0     0002C
time_Display@num                                 cstackBANK0  00065
ttemp                                            (abs)        0007E
ttemp0                                           (abs)        0007E
ttemp1                                           (abs)        00081
ttemp2                                           (abs)        00084
ttemp3                                           (abs)        00087
ttemp4                                           (abs)        0007F
wtemp                                            (abs)        0007E
wtemp0                                           (abs)        0007E
wtemp1                                           (abs)        00080
wtemp2                                           (abs)        00082
wtemp3                                           (abs)        00084
wtemp4                                           (abs)        00086
wtemp5                                           (abs)        00088
wtemp6                                           (abs)        0007F


FUNCTION INFORMATION:

 *************** function _main *****************
 Defined at:
		line 65 in file "main.c"
 Parameters:    Size  Location     Type
		None
 Auto vars:     Size  Location     Type
  bat_data        2    1[BANK1 ] unsigned int 
  i               1    0[BANK1 ] unsigned char 
 Return value:  Size  Location     Type
                  1    wreg      void 
 Registers used:
		wreg, fsr0l, fsr0h, fsr1l, fsr1h, status,2, status,0, pclath, cstack
 Tracked objects:
		On entry : 
		On exit  : 
		Unchanged: 
 Data sizes:     COMMON   BANK0   BANK1   BANK2   BANK3   BANK4   BANK5   BANK6   BANK7   BANK8   BANK9  BANK10  BANK11  BANK12
      Params:         0       0       0       0       0       0       0       0       0       0       0       0       0       0
      Locals:         0       0       3       0       0       0       0       0       0       0       0       0       0       0
      Temps:          0       3       0       0       0       0       0       0       0       0       0       0       0       0
      Totals:         0       3       3       0       0       0       0       0       0       0       0       0       0       0
Total ram usage:        6 bytes
 Hardware stack levels required when called:    9
 This function calls:
		_ADC_GetConversion
		_Bq32k_Time_Init
		_Key_Process
		_SYSTEM_Initialize
		_SendCmd_1621
		_WriteAll_1621
		_maxim_31856_init
		_temperature_process
 This function is called by:
		Startup code after reset
 This function uses a non-reentrant model


 *************** function _maxim_31856_init *****************
 Defined at:
		line 63 in file "mcc_generated_files/max31856.c"
 Parameters:    Size  Location     Type
		None
 Auto vars:     Size  Location     Type
		None
 Return value:  Size  Location     Type
                  1    wreg      void 
 Registers used:
		wreg, status,2, status,0, pclath, cstack
 Tracked objects:
		On entry : 
		On exit  : 
		Unchanged: 
 Data sizes:     COMMON   BANK0   BANK1   BANK2   BANK3   BANK4   BANK5   BANK6   BANK7   BANK8   BANK9  BANK10  BANK11  BANK12
      Params:         0       0       0       0       0       0       0       0       0       0       0       0       0       0
      Locals:         0       0       0       0       0       0       0       0       0       0       0       0       0       0
      Temps:          1       0       0       0       0       0       0       0       0       0       0       0       0       0
      Totals:         1       0       0       0       0       0       0       0       0       0       0       0       0       0
Total ram usage:        1 bytes
 Hardware stack levels used:    1
 Hardware stack levels required when called:    5
 This function calls:
		_maxim_31856_write_register
 This function is called by:
		_main
 This function uses a non-reentrant model


 *************** function _SYSTEM_Initialize *****************
 Defined at:
		line 70 in file "mcc_generated_files/mcc.c"
 Parameters:    Size  Location     Type
		None
 Auto vars:     Size  Location     Type
		None
 Return value:  Size  Location     Type
                  1    wreg      void 
 Registers used:
		wreg, status,2, status,0, pclath, cstack
 Tracked objects:
		On entry : 
		On exit  : 
		Unchanged: 
 Data sizes:     COMMON   BANK0   BANK1   BANK2   BANK3   BANK4   BANK5   BANK6   BANK7   BANK8   BANK9  BANK10  BANK11  BANK12
      Params:         0       0       0       0       0       0       0       0       0       0       0       0       0       0
      Locals:         0       0       0       0       0       0       0       0       0       0       0       0       0       0
      Temps:          0       0       0       0       0       0       0       0       0       0       0       0       0       0
      Totals:         0       0       0       0       0       0       0       0       0       0       0       0       0       0
Total ram usage:        0 bytes
 Hardware stack levels used:    1
 Hardware stack levels required when called:    4
 This function calls:
		_ADC_Initialize
		_EUSART_Initialize
		_FVR_Initialize
		_OSCILLATOR_Initialize
		_PIN_MANAGER_Initialize
		_SPI_Initialize
		_TMR0_Initialize
 This function is called by:
		_main
 This function uses a non-reentrant model


 *************** function _TMR0_Initialize *****************
 Defined at:
		line 66 in file "mcc_generated_files/tmr0.c"
 Parameters:    Size  Location     Type
		None
 Auto vars:     Size  Location     Type
		None
 Return value:  Size  Location     Type
                  1    wreg      void 
 Registers used:
		wreg, status,2
 Tracked objects:
		On entry : 
		On exit  : 
		Unchanged: 
 Data sizes:     COMMON   BANK0   BANK1   BANK2   BANK3   BANK4   BANK5   BANK6   BANK7   BANK8   BANK9  BANK10  BANK11  BANK12
      Params:         0       0       0       0       0       0       0       0       0       0       0       0       0       0
      Locals:         0       0       0       0       0       0       0       0       0       0       0       0       0       0
      Temps:          1       0       0       0       0       0       0       0       0       0       0       0       0       0
      Totals:         1       0       0       0       0       0       0       0       0       0       0       0       0       0
Total ram usage:        1 bytes
 Hardware stack levels used:    1
 Hardware stack levels required when called:    3
 This function calls:
		Nothing
 This function is called by:
		_SYSTEM_Initialize
 This function uses a non-reentrant model


 *************** function _SPI_Initialize *****************
 Defined at:
		line 64 in file "mcc_generated_files/spi.c"
 Parameters:    Size  Location     Type
		None
 Auto vars:     Size  Location     Type
		None
 Return value:  Size  Location     Type
                  1    wreg      void 
 Registers used:
		wreg, status,2
 Tracked objects:
		On entry : 
		On exit  : 
		Unchanged: 
 Data sizes:     COMMON   BANK0   BANK1   BANK2   BANK3   BANK4   BANK5   BANK6   BANK7   BANK8   BANK9  BANK10  BANK11  BANK12
      Params:         0       0       0       0       0       0       0       0       0       0       0       0       0       0
      Locals:         0       0       0       0       0       0       0       0       0       0       0       0       0       0
      Temps:          0       0       0       0       0       0       0       0       0       0       0       0       0       0
      Totals:         0       0       0       0       0       0       0       0       0       0       0       0       0       0
Total ram usage:        0 bytes
 Hardware stack levels used:    1
 Hardware stack levels required when called:    3
 This function calls:
		Nothing
 This function is called by:
		_SYSTEM_Initialize
 This function uses a non-reentrant model


 *************** function _PIN_MANAGER_Initialize *****************
 Defined at:
		line 50 in file "mcc_generated_files/pin_manager.c"
 Parameters:    Size  Location     Type
		None
 Auto vars:     Size  Location     Type
		None
 Return value:  Size  Location     Type
                  1    wreg      void 
 Registers used:
		wreg, status,2
 Tracked objects:
		On entry : 
		On exit  : 
		Unchanged: 
 Data sizes:     COMMON   BANK0   BANK1   BANK2   BANK3   BANK4   BANK5   BANK6   BANK7   BANK8   BANK9  BANK10  BANK11  BANK12
      Params:         0       0       0       0       0       0       0       0       0       0       0       0       0       0
      Locals:         0       0       0       0       0       0       0       0       0       0       0       0       0       0
      Temps:          0       0       0       0       0       0       0       0       0       0       0       0       0       0
      Totals:         0       0       0       0       0       0       0       0       0       0       0       0       0       0
Total ram usage:        0 bytes
 Hardware stack levels used:    1
 Hardware stack levels required when called:    3
 This function calls:
		Nothing
 This function is called by:
		_SYSTEM_Initialize
 This function uses a non-reentrant model


 *************** function _OSCILLATOR_Initialize *****************
 Defined at:
		line 80 in file "mcc_generated_files/mcc.c"
 Parameters:    Size  Location     Type
		None
 Auto vars:     Size  Location     Type
		None
 Return value:  Size  Location     Type
                  1    wreg      void 
 Registers used:
		wreg, status,2
 Tracked objects:
		On entry : 
		On exit  : 
		Unchanged: 
 Data sizes:     COMMON   BANK0   BANK1   BANK2   BANK3   BANK4   BANK5   BANK6   BANK7   BANK8   BANK9  BANK10  BANK11  BANK12
      Params:         0       0       0       0       0       0       0       0       0       0       0       0       0       0
      Locals:         0       0       0       0       0       0       0       0       0       0       0       0       0       0
      Temps:          0       0       0       0       0       0       0       0       0       0       0       0       0       0
      Totals:         0       0       0       0       0       0       0       0       0       0       0       0       0       0
Total ram usage:        0 bytes
 Hardware stack levels used:    1
 Hardware stack levels required when called:    3
 This function calls:
		Nothing
 This function is called by:
		_SYSTEM_Initialize
 This function uses a non-reentrant model


 *************** function _FVR_Initialize *****************
 Defined at:
		line 58 in file "mcc_generated_files/fvr.c"
 Parameters:    Size  Location     Type
		None
 Auto vars:     Size  Location     Type
		None
 Return value:  Size  Location     Type
                  1    wreg      void 
 Registers used:
		wreg
 Tracked objects:
		On entry : 
		On exit  : 
		Unchanged: 
 Data sizes:     COMMON   BANK0   BANK1   BANK2   BANK3   BANK4   BANK5   BANK6   BANK7   BANK8   BANK9  BANK10  BANK11  BANK12
      Params:         0       0       0       0       0       0       0       0       0       0       0       0       0       0
      Locals:         0       0       0       0       0       0       0       0       0       0       0       0       0       0
      Temps:          0       0       0       0       0       0       0       0       0       0       0       0       0       0
      Totals:         0       0       0       0       0       0       0       0       0       0       0       0       0       0
Total ram usage:        0 bytes
 Hardware stack levels used:    1
 Hardware stack levels required when called:    3
 This function calls:
		Nothing
 This function is called by:
		_SYSTEM_Initialize
 This function uses a non-reentrant model


 *************** function _EUSART_Initialize *****************
 Defined at:
		line 56 in file "mcc_generated_files/eusart.c"
 Parameters:    Size  Location     Type
		None
 Auto vars:     Size  Location     Type
		None
 Return value:  Size  Location     Type
                  1    wreg      void 
 Registers used:
		wreg
 Tracked objects:
		On entry : 
		On exit  : 
		Unchanged: 
 Data sizes:     COMMON   BANK0   BANK1   BANK2   BANK3   BANK4   BANK5   BANK6   BANK7   BANK8   BANK9  BANK10  BANK11  BANK12
[...]
 Hardware stack levels required when called:    4
 This function calls:
		_SendBit_1621
 This function is called by:
		_main
		_Key_Process
 This function uses a non-reentrant model


 *************** function _SendBit_1621 *****************
 Defined at:
		line 21 in file "mcc_generated_files/ht1621.c"
 Parameters:    Size  Location     Type
  data            1    wreg     unsigned char 
  cnt             1    3[COMMON] unsigned char 
 Auto vars:     Size  Location     Type
  data            1    6[COMMON] unsigned char 
  i               1    7[COMMON] unsigned char 
 Return value:  Size  Location     Type
                  1    wreg      void 
 Registers used:
		wreg, status,2, status,0
 Tracked objects:
		On entry : 
		On exit  : 
		Unchanged: 
 Data sizes:     COMMON   BANK0   BANK1   BANK2   BANK3   BANK4   BANK5   BANK6   BANK7   BANK8   BANK9  BANK10  BANK11  BANK12
      Params:         1       0       0       0       0       0       0       0       0       0       0       0       0       0
      Locals:         2       0       0       0       0       0       0       0       0       0       0       0       0       0
      Temps:          2       0       0       0       0       0       0       0       0       0       0       0       0       0
      Totals:         5       0       0       0       0       0       0       0       0       0       0       0       0       0
Total ram usage:        5 bytes
 Hardware stack levels used:    1
 Hardware stack levels required when called:    3
 This function calls:
		Nothing
 This function is called by:
		_SendCmd_1621
		_WriteAll_1621
		_Write_1621
 This function uses a non-reentrant model


 *************** function _Key_Scan *****************
 Defined at:
		line 17 in file "mcc_generated_files/key.c"
 Parameters:    Size  Location     Type
		None
 Auto vars:     Size  Location     Type
  Key_val         1    5[COMMON] unsigned char 
 Return value:  Size  Location     Type
                  1    wreg      unsigned char 
 Registers used:
		wreg
 Tracked objects:
		On entry : 
		On exit  : 
		Unchanged: 
 Data sizes:     COMMON   BANK0   BANK1   BANK2   BANK3   BANK4   BANK5   BANK6   BANK7   BANK8   BANK9  BANK10  BANK11  BANK12
      Params:         0       0       0       0       0       0       0       0       0       0       0       0       0       0
      Locals:         1       0       0       0       0       0       0       0       0       0       0       0       0       0
      Temps:          2       0       0       0       0       0       0       0       0       0       0       0       0       0
      Totals:         3       0       0       0       0       0       0       0       0       0       0       0       0       0
Total ram usage:        3 bytes
 Hardware stack levels used:    1
 Hardware stack levels required when called:    3
 This function calls:
		Nothing
 This function is called by:
		_Key_Process
 This function uses a non-reentrant model


 *************** function _Bq32k_Time_Init *****************
 Defined at:
		line 17 in file "mcc_generated_files/bq32k.c"
 Parameters:    Size  Location     Type
		None
 Auto vars:     Size  Location     Type
  temp           10    7[BANK0 ] unsigned char [10]
  time            7    0        struct bq32k_regs
 Return value:  Size  Location     Type
                  1    wreg      void 
 Registers used:
		wreg, fsr0l, fsr0h, fsr1l, fsr1h, status,2, status,0, pclath, cstack
 Tracked objects:
		On entry : 
		On exit  : 
		Unchanged: 
 Data sizes:     COMMON   BANK0   BANK1   BANK2   BANK3   BANK4   BANK5   BANK6   BANK7   BANK8   BANK9  BANK10  BANK11  BANK12
      Params:         0       0       0       0       0       0       0       0       0       0       0       0       0       0
      Locals:         0      10       0       0       0       0       0       0       0       0       0       0       0       0
      Temps:          0       2       0       0       0       0       0       0       0       0       0       0       0       0
      Totals:         0      12       0       0       0       0       0       0       0       0       0       0       0       0
Total ram usage:       12 bytes
 Hardware stack levels used:    1
 Hardware stack levels required when called:    5
 This function calls:
		_I2C_Send_Buffer
 This function is called by:
		_main
 This function uses a non-reentrant model


 *************** function _I2C_Send_Buffer *****************
 Defined at:
		line 173 in file "mcc_generated_files/i2c.c"
 Parameters:    Size  Location     Type
  ADD             1    wreg     unsigned char 
  buff            1    6[COMMON] PTR unsigned char 
		 -> Bq32k_Rtc_Write_Time@temp(10), Bq32k_Time_Init@temp(10), 
  Length          1    7[COMMON] unsigned char 
 Auto vars:     Size  Location     Type
  ADD             1    2[BANK0 ] unsigned char 
  Flag            1    4[BANK0 ] unsigned char 
  i               1    3[BANK0 ] unsigned char 
 Return value:  Size  Location     Type
                  1    wreg      unsigned char 
 Registers used:
		wreg, fsr1l, fsr1h, status,2, status,0, pclath, cstack
 Tracked objects:
		On entry : 
		On exit  : 
		Unchanged: 
 Data sizes:     COMMON   BANK0   BANK1   BANK2   BANK3   BANK4   BANK5   BANK6   BANK7   BANK8   BANK9  BANK10  BANK11  BANK12
      Params:         2       0       0       0       0       0       0       0       0       0       0       0       0       0
      Locals:         0       3       0       0       0       0       0       0       0       0       0       0       0       0
      Temps:          0       2       0       0       0       0       0       0       0       0       0       0       0       0
      Totals:         2       5       0       0       0       0       0       0       0       0       0       0       0       0
Total ram usage:        7 bytes
 Hardware stack levels used:    1
 Hardware stack levels required when called:    4
 This function calls:
		_I2C_Send_Byte
		_I2C_Start
		_I2C_Stop
 This function is called by:
		_Bq32k_Time_Init
		_Bq32k_Rtc_Write_Time
 This function uses a non-reentrant model


 *************** function _I2C_Stop *****************
 Defined at:
		line 102 in file "mcc_generated_files/i2c.c"
 Parameters:    Size  Location     Type
		None
 Auto vars:     Size  Location     Type
		None
 Return value:  Size  Location     Type
                  1    wreg      void 
 Registers used:
		wreg
 Tracked objects:
		On entry : 
		On exit  : 
		Unchanged: 
 Data sizes:     COMMON   BANK0   BANK1   BANK2   BANK3   BANK4   BANK5   BANK6   BANK7   BANK8   BANK9  BANK10  BANK11  BANK12
      Params:         0       0       0       0       0       0       0       0       0       0       0       0       0       0
      Locals:         0       0       0       0       0       0       0       0       0       0       0       0       0       0
      Temps:          1       0       0       0       0       0       0       0       0       0       0       0       0       0
      Totals:         1       0       0       0       0       0       0       0       0       0       0       0       0       0
Total ram usage:        1 bytes
 Hardware stack levels used:    1
 Hardware stack levels required when called:    3
 This function calls:
		Nothing
 This function is called by:
		_I2C_Read_Buffer
		_I2C_Send_Buffer
 This function uses a non-reentrant model


 *************** function _I2C_Start *****************
 Defined at:
		line 16 in file "mcc_generated_files/i2c.c"
 Parameters:    Size  Location     Type
		None
 Auto vars:     Size  Location     Type
		None
 Return value:  Size  Location     Type
                  1    wreg      void 
 Registers used:
		wreg
 Tracked objects:
		On entry : 
		On exit  : 
		Unchanged: 
 Data sizes:     COMMON   BANK0   BANK1   BANK2   BANK3   BANK4   BANK5   BANK6   BANK7   BANK8   BANK9  BANK10  BANK11  BANK12
      Params:         0       0       0       0       0       0       0       0       0       0       0       0       0       0
      Locals:         0       0       0       0       0       0       0       0       0       0       0       0       0       0
      Temps:          1       0       0       0       0       0       0       0       0       0       0       0       0       0
      Totals:         1       0       0       0       0       0       0       0       0       0       0       0       0       0
Total ram usage:        1 bytes
 Hardware stack levels used:    1
 Hardware stack levels required when called:    3
 This function calls:
		Nothing
 This function is called by:
		_I2C_Read_Buffer
		_I2C_Send_Buffer
 This function uses a non-reentrant model


 *************** function _I2C_Send_Byte *****************
 Defined at:
		line 34 in file "mcc_generated_files/i2c.c"
 Parameters:    Size  Location     Type
  Data            1    wreg     unsigned char 
 Auto vars:     Size  Location     Type
  Data            1    4[COMMON] unsigned char 
  i               1    5[COMMON] unsigned char 
 Return value:  Size  Location     Type
                  1    wreg      unsigned char 
 Registers used:
		wreg, status,2, status,0
 Tracked objects:
		On entry : 
		On exit  : 
		Unchanged: 
 Data sizes:     COMMON   BANK0   BANK1   BANK2   BANK3   BANK4   BANK5   BANK6   BANK7   BANK8   BANK9  BANK10  BANK11  BANK12
      Params:         0       0       0       0       0       0       0       0       0       0       0       0       0       0
      Locals:         2       0       0       0       0       0       0       0       0       0       0       0       0       0
      Temps:          1       0       0       0       0       0       0       0       0       0       0       0       0       0
      Totals:         3       0       0       0       0       0       0       0       0       0       0       0       0       0
Total ram usage:        3 bytes
 Hardware stack levels used:    1
 Hardware stack levels required when called:    3
 This function calls:
		Nothing
 This function is called by:
		_I2C_Read_Buffer
		_I2C_Send_Buffer
 This function uses a non-reentrant model


 *************** function _ADC_GetConversion *****************
 Defined at:
		line 106 in file "mcc_generated_files/adc.c"
 Parameters:    Size  Location     Type
  channel         1    wreg     enum E1850
 Auto vars:     Size  Location     Type
  channel         1    6[COMMON] enum E1850
 Return value:  Size  Location     Type
                  2    3[COMMON] unsigned int 
 Registers used:
		wreg, status,2, status,0
 Tracked objects:
		On entry : 
		On exit  : 
		Unchanged: 
 Data sizes:     COMMON   BANK0   BANK1   BANK2   BANK3   BANK4   BANK5   BANK6   BANK7   BANK8   BANK9  BANK10  BANK11  BANK12
      Params:         2       0       0       0       0       0       0       0       0       0       0       0       0       0
      Locals:         1       0       0       0       0       0       0       0       0       0       0       0       0       0
      Temps:          1       0       0       0       0       0       0       0       0       0       0       0       0       0
      Totals:         4       0       0       0       0       0       0       0       0       0       0       0       0       0
Total ram usage:        4 bytes
 Hardware stack levels used:    1
 Hardware stack levels required when called:    3
 This function calls:
		Nothing
 This function is called by:
		_main
 This function uses a non-reentrant model


 *************** function _INTERRUPT_InterruptManager *****************
 Defined at:
		line 52 in file "mcc_generated_files/interrupt_manager.c"
 Parameters:    Size  Location     Type
		None
 Auto vars:     Size  Location     Type
		None
 Return value:  Size  Location     Type
                  1    wreg      void 
 Registers used:
		wreg, status,2, status,0, pclath, cstack
 Tracked objects:
		On entry : 
		On exit  : 
		Unchanged: 
 Data sizes:     COMMON   BANK0   BANK1   BANK2   BANK3   BANK4   BANK5   BANK6   BANK7   BANK8   BANK9  BANK10  BANK11  BANK12
      Params:         0       0       0       0       0       0       0       0       0       0       0       0       0       0
      Locals:         0       0       0       0       0       0       0       0       0       0       0       0       0       0
      Temps:          1       0       0       0       0       0       0       0       0       0       0       0       0       0
      Totals:         1       0       0       0       0       0       0       0       0       0       0       0       0       0
Total ram usage:        1 bytes
 Hardware stack levels used:    1
 Hardware stack levels required when called:    2
 This function calls:
		_TMR0_ISR
 This function is called by:
		Interrupt level 1
 This function uses a non-reentrant model


 *************** function _TMR0_ISR *****************
 Defined at:
		line 103 in file "mcc_generated_files/tmr0.c"
 Parameters:    Size  Location     Type
		None
 Auto vars:     Size  Location     Type
		None
 Return value:  Size  Location     Type
                  1    wreg      void 
 Registers used:
		wreg, status,2, status,0, pclath, cstack
 Tracked objects:
		On entry : 
		On exit  : 
		Unchanged: 
 Data sizes:     COMMON   BANK0   BANK1   BANK2   BANK3   BANK4   BANK5   BANK6   BANK7   BANK8   BANK9  BANK10  BANK11  BANK12
      Params:         0       0       0       0       0       0       0       0       0       0       0       0       0       0
      Locals:         0       0       0       0       0       0       0       0       0       0       0       0       0       0
      Temps:          1       0       0       0       0       0       0       0       0       0       0       0       0       0
      Totals:         1       0       0       0       0       0       0       0       0       0       0       0       0       0
Total ram usage:        1 bytes
 Hardware stack levels used:    1
 Hardware stack levels required when called:    1
 This function calls:
		_TMR0_CallBack
 This function is called by:
		_INTERRUPT_InterruptManager
 This function uses a non-reentrant model


 *************** function _TMR0_CallBack *****************
 Defined at:
		line 125 in file "mcc_generated_files/tmr0.c"
 Parameters:    Size  Location     Type
		None
 Auto vars:     Size  Location     Type
		None
 Return value:  Size  Location     Type
                  1    wreg      void 
 Registers used:
		wreg, status,2, status,0
 Tracked objects:
		On entry : 
		On exit  : 
		Unchanged: 
 Data sizes:     COMMON   BANK0   BANK1   BANK2   BANK3   BANK4   BANK5   BANK6   BANK7   BANK8   BANK9  BANK10  BANK11  BANK12
      Params:         0       0       0       0       0       0       0       0       0       0       0       0       0       0
      Locals:         0       0       0       0       0       0       0       0       0       0       0       0       0       0
      Temps:          1       0       0       0       0       0       0       0       0       0       0       0       0       0
      Totals:         1       0       0       0       0       0       0       0       0       0       0       0       0       0
Total ram usage:        1 bytes
 Hardware stack levels used:    1
 This function calls:
		Nothing
 This function is called by:
		_TMR0_ISR
 This function uses a non-reentrant model



MODULE INFORMATION

Module		Function		Class		Link	Load	Size
mcc_generated_files/max31856.c
		_one_temperature_trans		CODE           	05C3	0000	57
		_maxim_31856_read_nregisters		CODE           	0F4E	0000	25
		_maxim_31856_read_register		CODE           	0ED7	0000	18
		_maxim_31856_init		CODE           	0344	0000	101
		_maxim_clear_fault_status		CODE           	0EC7	0000	17
		_tc_temperature_trans		CODE           	00F0	0000	169
		_maxim_start_conversion		CODE           	0FCB	0000	27
		_temperature_process		CODE           	0665	0000	52
		_temperature_display		CODE           	07C2	0000	31
		_maxim_31856_write_register		CODE           	0EAB	0000	14

mcc_generated_files/max31856.c estimated size: 511

mcc_generated_files/fvr.c
		_FVR_Initialize		CODE           	0E6E	0000	5

mcc_generated_files/fvr.c estimated size: 5

mcc_generated_files/interrupt_manager.c
		_INTERRUPT_InterruptManager		CODE           	0004	0000	16

mcc_generated_files/interrupt_manager.c estimated size: 16

mcc_generated_files/i2c.c
		_I2C_Receive_Byte		CODE           	06C5	0000	43
		_I2C_Read_Buffer		CODE           	02CC	0000	121
		_I2C_Send_Buffer		CODE           	0588	0000	60
		_I2C_Stop      		CODE           	0F98	0000	26
		_I2C_Send_Byte 		CODE           	04AF	0000	77
		_I2C_Start     		CODE           	0F7F	0000	26

mcc_generated_files/i2c.c estimated size: 353

mcc_generated_files/bq32k.c
		_Bq32k_Time_Init		CODE           	0FE5	0000	28
		_bcd2bin       		CODE           	0F0C	0000	22
		_Bq32k_Rtc_Read_Time		CODE           	03A8	0000	101

mcc_generated_files/bq32k.c estimated size: 151

mcc_generated_files/tmr0.c
		_TMR0_CallBack 		CODE           	0EF9	0000	20
		_TMR0_ISR      		CODE           	0F66	0000	26
		_TMR0_Initialize		CODE           	0EB8	0000	16

mcc_generated_files/tmr0.c estimated size: 62

mcc_generated_files/pin_manager.c
		_PIN_MANAGER_Initialize		CODE           	0760	0000	35

mcc_generated_files/pin_manager.c estimated size: 35

mcc_generated_files/ht1621.c
		_WriteAll_1621 		CODE           	0630	0000	54
		_SendCmd_1621  		CODE           	0F36	0000	25
		_Two_Display   		CODE           	06EF	0000	42
		_err_Display   		CODE           	0718	0000	38
		_Tc_Display    		CODE           	0198	0000	168
		_SendBit_1621  		CODE           	07A2	0000	33
		_SendDataBit_1621		CODE           	0782	0000	33
		_time_Display  		CODE           	023F	0000	142

mcc_generated_files/ht1621.c estimated size: 535

mcc_generated_files/adc.c
		_ADC_Initialize		CODE           	0E84	0000	9
		_ADC_GetConversion		CODE           	0FB1	0000	27

mcc_generated_files/adc.c estimated size: 36

mcc_generated_files/key.c
		_Key_Scan      		CODE           	073D	0000	36
		_Key_Process   		CODE           	04FB	0000	72

mcc_generated_files/key.c estimated size: 108

D:\Program Files (x86)\Microchip\xc8\v1.37\sources\common\lwmod.c
		___lwmod       		CODE           	0698	0000	46

D:\Program Files (x86)\Microchip\xc8\v1.37\sources\common\lwmod.c estimated size: 46

D:\Program Files (x86)\Microchip\xc8\v1.37\sources\common\awmod.c
		___awmod       		CODE           	0542	0000	71

D:\Program Files (x86)\Microchip\xc8\v1.37\sources\common\awmod.c estimated size: 71

mcc_generated_files/spi.c
		_SPI_Exchange8bitBuffer		CODE           	045E	0000	82
		_SPI_Exchange8bit		CODE           	0E8C	0000	10
		_SPI_Initialize		CODE           	0E72	0000	7

mcc_generated_files/spi.c estimated size: 99

shared
		_Dis_TAB       		STRCODE        	1000	0000	22
		__initialization		CODE           	0015	0000	39

shared estimated size: 61

mcc_generated_files/mcc.c
		_OSCILLATOR_Initialize		CODE           	07FB	0000	6
		_SYSTEM_Initialize		CODE           	0F21	0000	22

mcc_generated_files/mcc.c estimated size: 28

D:\Program Files (x86)\Microchip\xc8\v1.37\sources\common\memset.c
		_memset        		CODE           	07E0	0000	28

D:\Program Files (x86)\Microchip\xc8\v1.37\sources\common\memset.c estimated size: 28

mcc_generated_files/eusart.c
		_EUSART_Initialize		CODE           	0E9F	0000	13

mcc_generated_files/eusart.c estimated size: 13

D:\Program Files (x86)\Microchip\xc8\v1.37\sources\common\lwdiv.c
		___lwdiv       		CODE           	05FB	0000	54

D:\Program Files (x86)\Microchip\xc8\v1.37\sources\common\lwdiv.c estimated size: 54

D:\Program Files (x86)\Microchip\xc8\v1.37\sources\common\awdiv.c
		___awdiv       		CODE           	040C	0000	83

D:\Program Files (x86)\Microchip\xc8\v1.37\sources\common\awdiv.c estimated size: 83

main.c
		_main          		CODE           	003F	0000	178

main.c estimated size: 178

D:\Program Files (x86)\Microchip\xc8\v1.37\sources\common\Umul8.c
		___bmul        		CODE           	0EE8	0000	18

D:\Program Files (x86)\Microchip\xc8\v1.37\sources\common\Umul8.c estimated size: 18

