Microchip MPLAB XC8 Compiler V1.37 ()

Linker command line:

-W-3 --edf=D:\Program Files (x86)\Microchip\xc8\v1.37\dat\en_msgs.txt -cs \
  -h+dist/default/production\thermocouple.X.production.sym \
  --cmf=dist/default/production\thermocouple.X.production.cmf -z -Q16F1518 \
  -oC:\Users\ADMINI~1\AppData\Local\Temp\s8h4.2 \
  -Mdist/default/production/thermocouple.X.production.map -E1 -ver=XC8 \
  -ASTACK=02180h-023efh -pstack=STACK -ACODE=00h-07FFhx8 \
  -ASTRCODE=00h-03FFFh -ASTRING=00h-0FFhx64 -ACONST=00h-0FFhx64 \
  -AENTRY=00h-0FFhx64 -ACOMMON=070h-07Fh -ABANK0=020h-06Fh \
  -ABANK1=0A0h-0EFh -ABANK2=0120h-016Fh -ABANK3=01A0h-01EFh \
  -ABANK4=0220h-026Fh -ABANK5=02A0h-02EFh -ABANK6=0320h-036Fh \
  -ABANK7=03A0h-03EFh -ABANK8=0420h-046Fh -ABANK9=04A0h-04EFh \
  -ABANK10=0520h-056Fh -ABANK11=05A0h-05EFh -ABANK12=0620h-064Fh \
  -ABIGRAM=02000h-023EFh \
  -ARAM=020h-06Fh,0A0h-0EFh,0120h-016Fh,01A0h-01EFh,0220h-026Fh,02A0h-02EFh,0320h-036Fh,03A0h-03EFh,0420h-046Fh,04A0h-04EFh,0520h-056Fh,05A0h-05EFh,0620h-064Fh \
  -AABS1=020h-07Fh,0A0h-0EFh,0120h-016Fh,01A0h-01EFh,0220h-026Fh,02A0h-02EFh,0320h-036Fh,03A0h-03EFh,0420h-046Fh,04A0h-04EFh,0520h-056Fh,05A0h-05EFh,0620h-064Fh \
  -ASFR0=00h-01Fh -ASFR1=080h-09Fh -ASFR2=0100h-011Fh -ASFR3=0180h-019Fh \
  -ASFR4=0200h-021Fh -ASFR5=0280h-029Fh -ASFR6=0300h-031Fh \
  -ASFR7=0380h-039Fh -ASFR8=0400h-041Fh -ASFR9=0480h-049Fh \
  -ASFR10=0500h-051Fh -ASFR11=0580h-059Fh -ASFR12=0600h-061Fh \
  -ASFR13=0680h-06EFh -ASFR14=0700h-076Fh -ASFR15=0780h-07EFh \
  -ASFR16=0800h-086Fh -ASFR17=0880h-08EFh -ASFR18=0900h-096Fh \
  -ASFR19=0980h-09EFh -ASFR20=0A00h-0A6Fh -ASFR21=0A80h-0AEFh \
  -ASFR22=0B00h-0B6Fh -ASFR23=0B80h-0BEFh -ASFR24=0C00h-0C6Fh \
  -ASFR25=0C80h-0CEFh -ASFR26=0D00h-0D6Fh -ASFR27=0D80h-0DEFh \
  -ASFR28=0E00h-0E6Fh -ASFR29=0E80h-0EEFh -ASFR30=0F00h-0F6Fh \
  -ASFR31=0F80h-0FEFh -preset_vec=00h,intentry=04h,init,end_init \
  -ppowerup=CODE -pcinit=CODE -pfunctab=CODE -ACONFIG=08007h-08008h \
  -pconfig=CONFIG -DCONFIG=2 -AIDLOC=08000h-08003h -pidloc=IDLOC -DIDLOC=2 \
  -DCODE=2 -DSTRCODE=2 -DSTRING=2 -DCONST=2 -DENTRY=2 -k \
  C:\Users\ADMINI~1\AppData\Local\Temp\s8h4.obj \
  dist/default/production\thermocouple.X.production.obj 

Object code version is 3.11

Machine type is 16F1518



                Name                               Link     Load   Length Selector   Space Scale
C:\Users\ADMINI~1\AppData\Local\Temp\s8h4.obj
                end_init                             27       27        2        8       0
                reset_vec                             0        0        2        0       0
                config                             8007     8007        2    1000E       0
dist/default/production\thermocouple.X.production.obj
                cinit                                29       29       32        8       0
                intentry                              4        4       23        8       0
                text75                              753      753       A4        8       0
                text74                              D8E      D8E       74     1B1C       0
                text73                             1577     1577       1E     2AEE       0
                text72                             13D1     13D1       10     27A2       0
                text71                             14CE     14CE       1B     299C       0
                text69                             1595     1595       1E     2B2A       0
                text68                             15D2     15D2       20     2BA4       0
                text67                             171E     171E       2B     2E3C       0
                text66                              B94      B94       56     1728       0
                text65                             153D     153D       1D     2A7A       0
                text64                             155A     155A       1D     2AB4       0
                text63                              90C      90C       3B     1218       0
                text62                              837      837       34     106E       0
                text61                              EF0      EF0       7A     1DE0       0
                text60                             13E1     13E1       10     27C2       0
                text59                             15F2     15F2       20     2BE4       0
                text58                              500      500       D9        8       0
                text57                             17D0     17D0       30     2FA0       0
                text56                              E78      E78       78     1CF0       0
                text55                             1433     1433       12     2866       0
                text54                             1445     1445       15     288A       0
                text53                              D23      D23       6B     1A46       0
                text52                              AEF      AEF       52     15DE       0
                text51                              9C1      9C1       46     1382       0
                text50                             17A2     17A2       2E     2F44       0
                text49                              BEA      BEA       67     17D4       0
                text48                              C51      C51       69     18A2       0
                text47                              947      947       3C     128E       0
                text46                             1411     1411       11     2822       0
                text45                             16D8     16D8       23     2DB0       0
                text44                             1632     1632       21     2C64       0
                text43                             1484     1484       18     2908       0
                text42                             139F     139F        5     273E       0
                text41                             13A9     13A9        6     2752       0
                text40                             1653     1653       21     2CA6       0
                text39                              86B      86B       35     10D6       0
                text38                              806      806       31     100C       0
                text37                             13C5     13C5        C     278A       0
                text36                              B41      B41       53     1682       0
                text35                             149C     149C       18     2938       0
                text34                             145A     145A       15     28B4       0
                text33                             13F1     13F1       10     27E2       0
                text32                             14B4     14B4       1A     2968       0
                text31                              A07      A07       4A     140E       0
                text30                              8A0      8A0       35     1140       0
                text29                             1775     1775       2D     2EEA       0
                text28                             14E9     14E9       1C     29D2       0
                text27                              5D9      5D9       D1        8       0
                text26                             1749     1749       2C     2E92       0
                text25                             1422     1422       11     2844       0
                text24                             1612     1612       20     2C24       0
                text23                              A9E      A9E       51     153C       0
                text22                              E02      E02       76     1C04       0
                text21                             1674     1674       21     2CE8       0
                text20                             1695     1695       21     2D2A       0
                text19                             1505     1505       1C     2A0A       0
                text18                              272      272      1A2        8       0
                text17                               5B       5B      217        8       0
                text16                              983      983       3E     1306       0
                text15                              F6A      F6A       96     1ED4       0
                text14                              8D5      8D5       37     11AA       0
                text13                              6AA      6AA       A9        8       0
                text12                              7F7      7F7        8        8       0
                text11                             1521     1521       1C     2A42       0
                text10                             139B     139B        4     2736       0
                text9                              13A4     13A4        5     2748       0
                text8                              16B6     16B6       22     2D6C       0
                text7                              13AF     13AF        6     275E       0
                text6                              1401     1401       10     2802       0
                text5                              146F     146F       15     28DE       0
                text4                               CBA      CBA       69     1974       0
                text3                               A51      A51       4D     14A2       0
                text2                              16FB     16FB       23     2DF6       0
                text1                              15B3     15B3       1F     2B66       0
                maintext                            414      414       EC        8       0
                cstackBANK0                          20       20       44       20       1
                cstackCOMMON                         70       70        E       70       1
                cstackBANK1                          A0       A0       4E       A0       1
                cstackBANK3                         1DE      1DE        5      1A0       1
                inittext                           13B5     13B5        6     276A       0
                clrtext                             800      800        6     1000       0
                bssBANK4                            220      220       40      220       1
                dataBANK3                           1D4      1D4        A      1A0       1
                bssBANK3                            1A0      1A0       34      1A0       1
                bssBANK2                            120      120       4D      120       1
                bssBANK1                             EE       EE        2       A0       1
                bssBANK0                             64       64        7       20       1
                nvBANK2                             16D      16D        2      120       1
                stringtext                         1800     1800       15     3000       0
                idataBANK3                         13BB     13BB        A     2776       0

TOTAL           Name                               Link     Load   Length     Space
        CLASS   STACK          

        CLASS   CODE           
                end_init                             27       27        2         0
                cinit                                29       29       32         0
                intentry                              4        4       23         0
                reset_vec                             0        0        2         0
                text75                              753      753       A4         0
                text74                              D8E      D8E       74         0
                text73                             1577     1577       1E         0
                text72                             13D1     13D1       10         0
                text71                             14CE     14CE       1B         0
                text69                             1595     1595       1E         0
                text68                             15D2     15D2       20         0
                text67                             171E     171E       2B         0
                text66                              B94      B94       56         0
                text65                             153D     153D       1D         0
                text64                             155A     155A       1D         0
                text63                              90C      90C       3B         0
                text62                              837      837       34         0
                text61                              EF0      EF0       7A         0
                text60                             13E1     13E1       10         0
                text59                             15F2     15F2       20         0
                text58                              500      500       D9         0
                text57                             17D0     17D0       30         0
                text56                              E78      E78       78         0
                text55                             1433     1433       12         0
                text54                             1445     1445       15         0
                text53                              D23      D23       6B         0
                text52                              AEF      AEF       52         0
                text51                              9C1      9C1       46         0
                text50                             17A2     17A2       2E         0
                text49                              BEA      BEA       67         0
                text48                              C51      C51       69         0
                text47                              947      947       3C         0
                text46                             1411     1411       11         0
                text45                             16D8     16D8       23         0
                text44                             1632     1632       21         0
                text43                             1484     1484       18         0
                text42                             139F     139F        5         0
                text41                             13A9     13A9        6         0
                text40                             1653     1653       21         0
                text39                              86B      86B       35         0
                text38                              806      806       31         0
                text37                             13C5     13C5        C         0
                text36                              B41      B41       53         0
                text35                             149C     149C       18         0
                text34                             145A     145A       15         0
                text33                             13F1     13F1       10         0
                text32                             14B4     14B4       1A         0
                text31                              A07      A07       4A         0
                text30                              8A0      8A0       35         0
                text29                             1775     1775       2D         0
                text28                             14E9     14E9       1C         0
                text27                              5D9      5D9       D1         0
                text26                             1749     1749       2C         0
                text25                             1422     1422       11         0
                text24                             1612     1612       20         0
                text23                              A9E      A9E       51         0
                text22                              E02      E02       76         0
                text21                             1674     1674       21         0
                text20                             1695     1695       21         0
                text19                             1505     1505       1C         0
                text18                              272      272      1A2         0
                text17                               5B       5B      217         0
                text16                              983      983       3E         0
                text15                              F6A      F6A       96         0
                text14                              8D5      8D5       37         0
                text13                              6AA      6AA       A9         0
                text12                              7F7      7F7        8         0
                text11                             1521     1521       1C         0
                text10                             139B     139B        4         0
                text9                              13A4     13A4        5         0
                text8                              16B6     16B6       22         0
                text7                              13AF     13AF        6         0
                text6                              1401     1401       10         0
                text5                              146F     146F       15         0
                text4                               CBA      CBA       69         0
                text3                               A51      A51       4D         0
                text2                              16FB     16FB       23         0
                text1                              15B3     15B3       1F         0
                maintext                            414      414       EC         0
                inittext                           13B5     13B5        6         0
                clrtext                             800      800        6         0
                idataBANK3                         13BB     13BB        A         0

        CLASS   STRCODE        
                stringtext                         1800     1800       15         0

        CLASS   STRING         

        CLASS   CONST          

        CLASS   ENTRY          

        CLASS   COMMON         
                cstackCOMMON                         70       70        E         1

        CLASS   BANK0          
                cstackBANK0                          20       20       44         1
                bssBANK0                             64       64        7         1

        CLASS   BANK1          
                cstackBANK1                          A0       A0       4E         1
                bssBANK1                             EE       EE        2         1

        CLASS   BANK2          
                bssBANK2                            120      120       4D         1
                nvBANK2                             16D      16D        2         1

        CLASS   BANK3          
                cstackBANK3                         1DE      1DE        5         1
                dataBANK3                           1D4      1D4        A         1
                bssBANK3                            1A0      1A0       34         1

        CLASS   BANK4          
                bssBANK4                            220      220       40         1

        CLASS   BANK5          

        CLASS   BANK6          

        CLASS   BANK7          

        CLASS   BANK8          

        CLASS   BANK9          

        CLASS   BANK10         

        CLASS   BANK11         

        CLASS   BANK12         

        CLASS   BIGRAM         

        CLASS   RAM            

        CLASS   ABS1           
                abs_s1                               7E       7E        2         1

        CLASS   SFR0           

        CLASS   SFR1           

        CLASS   SFR2           

        CLASS   SFR3           

        CLASS   SFR4           

        CLASS   SFR5           

        CLASS   SFR6           

        CLASS   SFR7           

        CLASS   SFR8           

        CLASS   SFR9           

        CLASS   SFR10          

        CLASS   SFR11          

        CLASS   SFR12          

        CLASS   SFR13          

        CLASS   SFR14          

        CLASS   SFR15          

        CLASS   SFR16          

        CLASS   SFR17          

        CLASS   SFR18          

        CLASS   SFR19          

        CLASS   SFR20          

        CLASS   SFR21          

        CLASS   SFR22          

        CLASS   SFR23          

        CLASS   SFR24          

        CLASS   SFR25          

        CLASS   SFR26          

        CLASS   SFR27          

        CLASS   SFR28          

        CLASS   SFR29          

        CLASS   SFR30          

        CLASS   SFR31          

        CLASS   CONFIG         
                config                             8007     8007        2         0

        CLASS   IDLOC          

        CLASS   BANK31         

        CLASS   BANK30         

        CLASS   BANK29         

        CLASS   BANK28         

        CLASS   BANK27         

        CLASS   BANK26         

        CLASS   BANK25         

        CLASS   BANK24         

        CLASS   BANK23         

        CLASS   BANK22         

        CLASS   BANK21         

        CLASS   BANK20         

        CLASS   BANK19         

        CLASS   BANK18         

        CLASS   BANK17         

        CLASS   BANK16         

        CLASS   BANK15         

        CLASS   BANK14         

        CLASS   BANK13         

        CLASS   EEDATA         



SEGMENTS        Name                           Load    Length   Top    Selector   Space  Class     Delta

                reset_vec                      000000  000002  000002         0       0  CODE        2
                intentry                       000004  0007FB  0007FF         8       0  CODE        2
                cstackBANK0                    000020  00004B  00006B        20       1  BANK0       1
                cstackCOMMON                   000070  00000E  00007E        70       1  COMMON      1
                cstackBANK1                    0000A0  000050  0000F0        A0       1  BANK1       1
                bssBANK2                       000120  00004F  00016F       120       1  BANK2       1
                bssBANK3                       0001A0  000043  0001E3       1A0       1  BANK3       1
                bssBANK4                       000220  000040  000260       220       1  BANK4       1
                clrtext                        000800  000006  000806      1000       0  CODE        2
                text38                         000806  000031  000837      100C       0  CODE        2
                text62                         000837  000034  00086B      106E       0  CODE        2
                text39                         00086B  000035  0008A0      10D6       0  CODE        2
                text30                         0008A0  000035  0008D5      1140       0  CODE        2
                text14                         0008D5  000037  00090C      11AA       0  CODE        2
                text63                         00090C  00003B  000947      1218       0  CODE        2
                text47                         000947  00003C  000983      128E       0  CODE        2
                text16                         000983  00003E  0009C1      1306       0  CODE        2
                text51                         0009C1  000046  000A07      1382       0  CODE        2
                text31                         000A07  00004A  000A51      140E       0  CODE        2
                text3                          000A51  00004D  000A9E      14A2       0  CODE        2
                text23                         000A9E  000051  000AEF      153C       0  CODE        2
                text52                         000AEF  000052  000B41      15DE       0  CODE        2
                text36                         000B41  000053  000B94      1682       0  CODE        2
                text66                         000B94  000056  000BEA      1728       0  CODE        2
                text49                         000BEA  000067  000C51      17D4       0  CODE        2
                text48                         000C51  000069  000CBA      18A2       0  CODE        2
                text4                          000CBA  000069  000D23      1974       0  CODE        2
                text53                         000D23  00006B  000D8E      1A46       0  CODE        2
                text74                         000D8E  000074  000E02      1B1C       0  CODE        2
                text22                         000E02  000076  000E78      1C04       0  CODE        2
                text56                         000E78  000078  000EF0      1CF0       0  CODE        2
                text61                         000EF0  00007A  000F6A      1DE0       0  CODE        2
                text15                         000F6A  000096  001000      1ED4       0  CODE        2
                text10                         00139B  000004  00139F      2736       0  CODE        2
                text42                         00139F  000005  0013A4      273E       0  CODE        2
                text9                          0013A4  000005  0013A9      2748       0  CODE        2
                text41                         0013A9  000006  0013AF      2752       0  CODE        2
                text7                          0013AF  000006  0013B5      275E       0  CODE        2
                inittext                       0013B5  000006  0013BB      276A       0  CODE        2
                idataBANK3                     0013BB  00000A  0013C5      2776       0  CODE        2
                text37                         0013C5  00000C  0013D1      278A       0  CODE        2
                text72                         0013D1  000010  0013E1      27A2       0  CODE        2
                text60                         0013E1  000010  0013F1      27C2       0  CODE        2
                text33                         0013F1  000010  001401      27E2       0  CODE        2
                text6                          001401  000010  001411      2802       0  CODE        2
                text46                         001411  000011  001422      2822       0  CODE        2
                text25                         001422  000011  001433      2844       0  CODE        2
                text55                         001433  000012  001445      2866       0  CODE        2
                text54                         001445  000015  00145A      288A       0  CODE        2
                text34                         00145A  000015  00146F      28B4       0  CODE        2
                text5                          00146F  000015  001484      28DE       0  CODE        2
                text43                         001484  000018  00149C      2908       0  CODE        2
                text35                         00149C  000018  0014B4      2938       0  CODE        2
                text32                         0014B4  00001A  0014CE      2968       0  CODE        2
                text71                         0014CE  00001B  0014E9      299C       0  CODE        2
                text28                         0014E9  00001C  001505      29D2       0  CODE        2
                text19                         001505  00001C  001521      2A0A       0  CODE        2
                text11                         001521  00001C  00153D      2A42       0  CODE        2
                text65                         00153D  00001D  00155A      2A7A       0  CODE        2
                text64                         00155A  00001D  001577      2AB4       0  CODE        2
                text73                         001577  00001E  001595      2AEE       0  CODE        2
                text69                         001595  00001E  0015B3      2B2A       0  CODE        2
                text1                          0015B3  00001F  0015D2      2B66       0  CODE        2
                text68                         0015D2  000020  0015F2      2BA4       0  CODE        2
                text59                         0015F2  000020  001612      2BE4       0  CODE        2
                text24                         001612  000020  001632      2C24       0  CODE        2
                text44                         001632  000021  001653      2C64       0  CODE        2
                text40                         001653  000021  001674      2CA6       0  CODE        2
                text21                         001674  000021  001695      2CE8       0  CODE        2
                text20                         001695  000021  0016B6      2D2A       0  CODE        2
                text8                          0016B6  000022  0016D8      2D6C       0  CODE        2
                text45                         0016D8  000023  0016FB      2DB0       0  CODE        2
                text2                          0016FB  000023  00171E      2DF6       0  CODE        2
                text67                         00171E  00002B  001749      2E3C       0  CODE        2
                text26                         001749  00002C  001775      2E92       0  CODE        2
                text29                         001775  00002D  0017A2      2EEA       0  CODE        2
                text50                         0017A2  00002E  0017D0      2F44       0  CODE        2
                text57                         0017D0  000030  001800      2FA0       0  CODE        2
                stringtext                     001800  000015  001815      3000       0  STRCODE     2
                config                         008007  000002  008009     1000E       0  CONFIG      2


UNUSED ADDRESS RANGES

        Name                Unused          Largest block    Delta
        BANK0            0006B-0006F               5           1
        BANK10           00520-0056F              50           1
        BANK11           005A0-005EF              50           1
        BANK12           00620-0064F              30           1
        BANK2            0016F-0016F               1           1
        BANK3            001E3-001EF               D           1
        BANK4            00260-0026F              10           1
        BANK5            002A0-002EF              50           1
        BANK6            00320-0036F              50           1
        BANK7            003A0-003EF              50           1
        BANK8            00420-0046F              50           1
        BANK9            004A0-004EF              50           1
        BIGRAM           02000-023EF             3F0           1
        CODE             00002-00003               2           2
                         007FF-007FF               1
                         01000-0139A             39B
                         01815-03FFF             800
        CONST            00002-00003               2           2
                         007FF-007FF               1
                         01000-0139A             100
                         01815-03FFF             100
        ENTRY            00002-00003               2           2
                         007FF-007FF               1
                         01000-0139A             100
                         01815-03FFF             100
        IDLOC            08000-08003               4           2
        RAM              0006B-0006F               5           1
                         0016F-0016F               1
                         001E3-001EF               D
                         00260-0026F              10
                         002A0-002EF              50
                         00320-0036F              50
                         003A0-003EF              50
                         00420-0046F              50
                         004A0-004EF              50
                         00520-0056F              50
                         005A0-005EF              50
                         00620-0064F              30
        SFR0             00000-0001F              20           1
        SFR1             00080-0009F              20           1
        SFR10            00500-0051F              20           1
        SFR11            00580-0059F              20           1
        SFR12            00600-0061F              20           1
        SFR13            00680-006EF              70           1
        SFR14            00700-0076F              70           1
        SFR15            00780-007EF              70           1
        SFR16            00800-0086F              70           1
        SFR17            00880-008EF              70           1
        SFR18            00900-0096F              70           1
        SFR19            00980-009EF              70           1
        SFR2             00100-0011F              20           1
        SFR20            00A00-00A6F              70           1
        SFR21            00A80-00AEF              70           1
        SFR22            00B00-00B6F              70           1
        SFR23            00B80-00BEF              70           1
        SFR24            00C00-00C6F              70           1
        SFR25            00C80-00CEF              70           1
        SFR26            00D00-00D6F              70           1
        SFR27            00D80-00DEF              70           1
        SFR28            00E00-00E6F              70           1
        SFR29            00E80-00EEF              70           1
        SFR3             00180-0019F              20           1
        SFR30            00F00-00F6F              70           1
        SFR31            00F80-00FEF              70           1
        SFR4             00200-0021F              20           1
        SFR5             00280-0029F              20           1
        SFR6             00300-0031F              20           1
        SFR7             00380-0039F              20           1
        SFR8             00400-0041F              20           1
        SFR9             00480-0049F              20           1
        STACK            02180-023EF             270           1
        STRCODE          00002-00003               2           2
                         007FF-007FF               1
                         01000-0139A             39B
                         01815-03FFF            27EB
        STRING           00002-00003               2           2
                         007FF-007FF               1
                         01000-0139A             100
                         01815-03FFF             100

                                  Symbol Table

?_ADC_GetConversion                              cstackBANK0  00021
?_CRC_cal                                        cstackBANK0  00021
?_FLASH_ReadWord                                 cstackBANK0  00021
?___awdiv                                        cstackBANK0  00021
?___awmod                                        cstackBANK0  00021
?___lwdiv                                        cstackBANK0  00027
?___lwmod                                        cstackBANK0  00021
?___wmul                                         cstackBANK0  00021
ADC_GetConversion@channel                        cstackBANK0  00024
Bq32k_Rtc_Read_Time@p                            cstackBANK0  00035
Bq32k_Rtc_Read_Time@temp                         cstackBANK0  0002B
Bq32k_Rtc_Write_Time@p                           cstackBANK0  0003E
Bq32k_Rtc_Write_Time@temp                        cstackBANK0  00034
Bq32k_Time_Init@F2032                            dataBANK3    001D4
Bq32k_Time_Init@temp                             cstackBANK0  0002D
CRC_cal@frame_len                                cstackBANK0  00021
CRC_cal@i                                        cstackBANK0  00028
CRC_cal@remainder                                cstackBANK0  00029
CRC_cal@rx_arr                                   cstackBANK0  00027
Calculate_Time@temp                              cstackBANK0  00042
Calculate_Time@temp1                             cstackBANK0  00046
Calculate_Time@temp2                             cstackBANK0  0004A
EUSART_Receive_ISR@rx_tmp                        cstackCOMMON 0007D
EUSART_Write@txData                              cstackBANK0  00021
FLASH_EraseBlock@GIEBitValue                     cstackBANK0  00023
FLASH_EraseBlock@startAddr                       cstackBANK0  00021
FLASH_ReadWord@GIEBitValue                       cstackBANK0  00023
FLASH_ReadWord@flashAddr                         cstackBANK0  00021
FLASH_WriteWord@GIEBitValue                      cstackBANK0  00025
FLASH_WriteWord@flashAddr                        cstackBANK0  00021
FLASH_WriteWord@word                             cstackBANK0  00023
FLASH_readBlock@address                          cstackBANK0  00024
FLASH_readBlock@buffer                           cstackBANK0  00028
FLASH_readBlock@count                            cstackBANK0  00026
I2C_Read_Buffer@ADD                              cstackBANK0  00027
I2C_Read_Buffer@Flag                             cstackBANK0  00028
I2C_Read_Buffer@Length                           cstackBANK0  00025
I2C_Read_Buffer@buff                             cstackBANK0  00024
I2C_Receive_Byte@Data                            cstackBANK0  00022
I2C_Receive_Byte@i                               cstackBANK0  00023
I2C_Send_Buffer@ADD                              cstackBANK0  00028
I2C_Send_Buffer@Flag                             cstackBANK0  0002A
I2C_Send_Buffer@Length                           cstackBANK0  00025
I2C_Send_Buffer@buff                             cstackBANK0  00024
I2C_Send_Buffer@i                                cstackBANK0  00029
I2C_Send_Byte@Data                               cstackBANK0  00022
I2C_Send_Byte@i                                  cstackBANK0  00023
Inf_to_Com@add_tmp                               cstackBANK1  000E8
Inf_to_Com@count_tmp                             cstackBANK1  000ED
Inf_to_Com@crc_tmp                               cstackBANK1  000EA
Inf_to_Com@i                                     cstackBANK1  000EC
Inf_to_Com@tmp_buf                               cstackBANK1  000A0
Key_Process@data_temp                            cstackBANK0  0005C
Key_Process@gKeyValue                            cstackBANK0  0005E
Key_Process@i                                    cstackBANK0  0005F
Key_Scan@Key_val                                 cstackBANK0  00023
Read_time_to_Com@crc_tmp                         cstackBANK0  0003C
Read_time_to_Com@i                               cstackBANK0  0003E
Read_time_to_Com@tmp_buf                         cstackBANK0  0002C
RxFrameCheck@frame_len                           cstackCOMMON 00070
RxFrameCheck@i                                   cstackCOMMON 00077
RxFrameCheck@remainder                           cstackCOMMON 00079
RxFrameCheck@rx_arr                              cstackCOMMON 00078
RxFrameCheck@tmp_crc                             cstackCOMMON 00075
SPI_Exchange8bit@data                            cstackBANK0  00021
SPI_Exchange8bitBuffer@bufLen                    cstackBANK0  00022
SPI_Exchange8bitBuffer@bytesWritten              cstackBANK0  00028
SPI_Exchange8bitBuffer@dataIn                    cstackBANK0  00027
SPI_Exchange8bitBuffer@dataOut                   cstackBANK0  00023
Save_Write_word@data                             cstackBANK0  00026
Save_process@var_time                            cstackBANK0  00050
SendBit_1621@cnt                                 cstackBANK0  00021
SendBit_1621@data                                cstackBANK0  00023
SendBit_1621@i                                   cstackBANK0  00024
SendCmd_1621@command                             cstackBANK0  00026
SendDataBit_1621@cnt                             cstackBANK0  00021
SendDataBit_1621@data                            cstackBANK0  00023
SendDataBit_1621@i                               cstackBANK0  00024
Serach_Flash_Head@count                          cstackBANK0  00027
Serach_Flash_Head@data                           cstackBANK0  00028
Serach_Flash_Head@i                              cstackBANK0  0002A
TMR0_ISR@CountCallBack                           bssBANK2     0012C
Tc_Display@count                                 cstackBANK0  00030
Tc_Display@data                                  cstackBANK0  00031
Two_Display@F2137                                bssBANK2     00120
Two_Display@num                                  cstackBANK0  0002C
Two_Display@number                               cstackBANK0  00030
WriteAll_1621@addr                               cstackBANK0  00029
WriteAll_1621@cnt                                cstackBANK0  00027
WriteAll_1621@i                                  cstackBANK0  0002A
WriteAll_1621@p                                  cstackBANK0  00025
_ADCON0                                          (abs)        0009D
_ADCON0bits                                      (abs)        0009D
_ADCON1                                          (abs)        0009E
_ADC_GetConversion                               text69       01595
_ADC_Initialize                                  text12       007F7
_ADRESH                                          (abs)        0009C
_ADRESL                                          (abs)        0009B
_ANSELA                                          (abs)        0018C
_ANSELB                                          (abs)        0018D
_ANSELC                                          (abs)        0018E
_APFCON                                          (abs)        0011D
_BAUDCON                                         (abs)        0019F
_Bq32k_Rtc_Read_Time                             text53       00D23
_Bq32k_Rtc_Write_Time                            text49       00BEA
_Bq32k_Time_Init                                 text62       00837
_CH1_state                                       bssBANK2     00134
_CH1_temperature                                 bssBANK1     000EE
_CH2_state                                       bssBANK2     00135
_CH2_temperature                                 bssBANK2     0012E
_CRC_cal                                         text61       00EF0
_Calculate_Time                                  text18       00272
_Com_Process                                     text46       01411
_Cur_Save_Index                                  bssBANK0     00064
_Cur_temperature_time_ch1                        bssBANK2     00136
_Cur_temperature_time_ch2                        bssBANK2     00137
_Dis_TAB                                         stringtext   01800
_EUSART_Initialize                               text11       01521
_EUSART_Receive_ISR                              text74       00D8E
_EUSART_Transmit_ISR                             text73       01577
_EUSART_Write                                    text60       013E1
_FLASH_EraseBlock                                text24       01612
_FLASH_ReadWord                                  text68       015D2
_FLASH_WriteWord                                 text67       0171E
_FLASH_readBlock                                 text59       015F2
_FVRCON                                          (abs)        00117
_FVRCONbits                                      (abs)        00117
_FVR_Initialize                                  text10       0139B
_Flash_buff                                      bssBANK4     00220
_I2C_Read_Buffer                                 text56       00E78
_I2C_Receive_Byte                                text57       017D0
_I2C_Send_Buffer                                 text63       0090C
_I2C_Send_Byte                                   text66       00B94
_I2C_Start                                       text65       0153D
_I2C_Stop                                        text64       0155A
_INTCONbits                                      (abs)        0000B
_INTERRUPT_InterruptManager                      intentry     00004
_Inf_cmd_flag                                    bssBANK2     00138
_Inf_to_Com                                      text58       00500
_Key_Process                                     text13       006AA
_Key_Scan                                        text45       016D8
_LATA                                            (abs)        0010C
_LATA0                                           (abs)        00860
_LATA1                                           (abs)        00861
_LATA2                                           (abs)        00862
_LATA3                                           (abs)        00863
_LATA4                                           (abs)        00864
_LATA5                                           (abs)        00865
_LATA6                                           (abs)        00866
_LATB                                            (abs)        0010D
_LATB0                                           (abs)        00868
_LATB1                                           (abs)        00869
_LATC                                            (abs)        0010E
_LATC0                                           (abs)        00870
_LATC1                                           (abs)        00871
_LATC2                                           (abs)        00872
_LongPressSec                                    bssBANK2     00139
_MAX31856Sec                                     bssBANK2     0013A
_OPTION_REG                                      (abs)        00095
_OPTION_REGbits                                  (abs)        00095
_OSCCON                                          (abs)        00099
_OSCILLATOR_Initialize                           text9        013A4
_OSCSTAT                                         (abs)        0009A
_PIE1bits                                        (abs)        00091
_PIN_MANAGER_Initialize                          text8        016B6
_PIR1bits                                        (abs)        00011
_PMADRH                                          (abs)        00192
_PMADRL                                          (abs)        00191
_PMCON1bits                                      (abs)        00195
_PMCON2                                          (abs)        00196
_PMDATH                                          (abs)        00194
_PMDATL                                          (abs)        00193
_RA7                                             (abs)        00067
_RB1                                             (abs)        00069
_RB3                                             (abs)        0006B
_RB5                                             (abs)        0006D
_RCREG                                           (abs)        00199
_RCSTA                                           (abs)        0019D
_RCSTAbits                                       (abs)        0019D
_Read_time_to_Com                                text48       00C51
_Record_flag                                     bssBANK0     00066
_RxFrameCheck                                    text75       00753
_SPBRGH                                          (abs)        0019C
_SPBRGL                                          (abs)        0019B
_SPI_Exchange8bit                                text37       013C5
_SPI_Exchange8bitBuffer                          text36       00B41
_SPI_Initialize                                  text7        013AF
_SSP1ADD                                         (abs)        00212
_SSP1CON1                                        (abs)        00215
_SSP1CON1bits                                    (abs)        00215
_SSP1STAT                                        (abs)        00214
_SSP1STATbits                                    (abs)        00214
_SSPBUF                                          (abs)        00211
_SWDTEN                                          (abs)        004B8
_SYSTEM_Initialize                               text5        0146F
_Save_Write_time                                 text22       00E02
_Save_Write_word                                 text23       00A9E
_Save_process                                    text4        00CBA
_SendBit_1621                                    text44       01632
_SendCmd_1621                                    text43       01484
_SendDataBit_1621                                text40       01653
_Serach_Flash_Head                               text3        00A51
_Set_finish_flag                                 text42       0139F
_Set_start_flag                                  text41       013A9
_Set_time_cmd_flag                               bssBANK2     0013B
_Set_time_from_Com                               text47       00947
_Sleep_process                                   text1        015B3
_Step_control                                    text2        016FB
_TMR0                                            (abs)        00015
_TMR0_CallBack                                   text72       013D1
_TMR0_ISR                                        text71       014CE
_TMR0_Initialize                                 text6        01401
_TRISA                                           (abs)        0008C
_TRISB                                           (abs)        0008D
_TRISB1                                          (abs)        00469
_TRISB3                                          (abs)        0046B
_TRISC                                           (abs)        0008E
_TXREG                                           (abs)        0019A
_TXSTA                                           (abs)        0019E
_Tc_Display                                      text27       005D9
_Two_Display                                     text38       00806
_Usart_Run_Flag                                  bssBANK2     0013C
_Usart_Rx_Buff                                   bssBANK3     001B4
_Usart_Rx_Cnt                                    bssBANK0     00067
_WDTPS0                                          (abs)        004B9
_WDTPS1                                          (abs)        004BA
_WDTPS2                                          (abs)        004BB
_WDTPS3                                          (abs)        004BC
_WDTPS4                                          (abs)        004BD
_WPUB                                            (abs)        0020D
_WPUE                                            (abs)        00210
_WriteAll_1621                                   text39       0086B
_Write_Flash_finish                              text21       01674
_Write_Flash_head                                text20       01695
__CFG_BOREN$ON                                   (abs)        00000
__CFG_BORV$LO                                    (abs)        00000
__CFG_CLKOUTEN$OFF                               (abs)        00000
__CFG_CP$OFF                                     (abs)        00000
__CFG_FCMEN$ON                                   (abs)        00000
__CFG_FOSC$INTOSC                                (abs)        00000
__CFG_IESO$ON                                    (abs)        00000
__CFG_LPBOR$OFF                                  (abs)        00000
__CFG_LVP$OFF                                    (abs)        00000
__CFG_MCLRE$ON                                   (abs)        00000
__CFG_PWRTE$OFF                                  (abs)        00000
__CFG_STVREN$ON                                  (abs)        00000
__CFG_VCAPEN$OFF                                 (abs)        00000
__CFG_WDTE$SWDTEN                                (abs)        00000
__CFG_WRT$OFF                                    (abs)        00000
__Habs1                                          abs1         00000
__Hbank0                                         bank0        00000
__Hbank1                                         bank1        00000
__Hbank10                                        bank10       00000
__Hbank11                                        bank11       00000
__Hbank12                                        bank12       00000
__Hbank13                                        bank13       00000
__Hbank14                                        bank14       00000
__Hbank15                                        bank15       00000
__Hbank16                                        bank16       00000
__Hbank17                                        bank17       00000
__Hbank18                                        bank18       00000
__Hbank19                                        bank19       00000
__Hbank2                                         bank2        00000
__Hbank20                                        bank20       00000
__Hbank21                                        bank21       00000
__Hbank22                                        bank22       00000
__Hbank23                                        bank23       00000
__Hbank24                                        bank24       00000
__Hbank25                                        bank25       00000
__Hbank26                                        bank26       00000
__Hbank27                                        bank27       00000
__Hbank28                                        bank28       00000
__Hbank29                                        bank29       00000
__Hbank3                                         bank3        00000
__Hbank30                                        bank30       00000
__Hbank31                                        bank31       00000
__Hbank4                                         bank4        00000
__Hbank5                                         bank5        00000
__Hbank6                                         bank6        00000
__Hbank7                                         bank7        00000
__Hbank8                                         bank8        00000
__Hbank9                                         bank9        00000
__Hbigram                                        bigram       00000
__HbssBANK0                                      bssBANK0     00000
__HbssBANK1                                      bssBANK1     00000
__HbssBANK2                                      bssBANK2     00000
__HbssBANK3                                      bssBANK3     00000
__HbssBANK4                                      bssBANK4     00000
__Hcinit                                         cinit        0005B
__Hclrtext                                       clrtext      00000
__Hcode                                          code         00000
__Hcommon                                        common       00000
__Hconfig                                        config       08009
__HcstackBANK0                                   cstackBANK0  00000
__HcstackBANK1                                   cstackBANK1  00000
__HcstackBANK3                                   cstackBANK3  00000
__HcstackCOMMON                                  cstackCOMMON 00000
__HdataBANK3                                     dataBANK3    00000
__Heeprom_data                                   eeprom_data  00000
__Hend_init                                      end_init     00029
__Hfunctab                                       functab      00000
__HidataBANK3                                    idataBANK3   00000
__Hidloc                                         idloc        00000
__Hinit                                          init         00027
__Hinittext                                      inittext     00000
__Hintentry                                      intentry     00027
__Hmaintext                                      maintext     00000
__HnvBANK2                                       nvBANK2      00000
__Hpowerup                                       powerup      00000
__Hram                                           ram          00000
__Hreset_vec                                     reset_vec    00002
__Hsfr0                                          sfr0         00000
__Hsfr1                                          sfr1         00000
__Hsfr10                                         sfr10        00000
__Hsfr11                                         sfr11        00000
__Hsfr12                                         sfr12        00000
__Hsfr13                                         sfr13        00000
__Hsfr14                                         sfr14        00000
__Hsfr15                                         sfr15        00000
__Hsfr16                                         sfr16        00000
__Hsfr17                                         sfr17        00000
__Hsfr18                                         sfr18        00000
__Hsfr19                                         sfr19        00000
__Hsfr2                                          sfr2         00000
__Hsfr20                                         sfr20        00000
__Hsfr21                                         sfr21        00000
__Hsfr22                                         sfr22        00000
__Hsfr23                                         sfr23        00000
__Hsfr24                                         sfr24        00000
__Hsfr25                                         sfr25        00000
__Hsfr26                                         sfr26        00000
__Hsfr27                                         sfr27        00000
__Hsfr28                                         sfr28        00000
__Hsfr29                                         sfr29        00000
__Hsfr3                                          sfr3         00000
__Hsfr30                                         sfr30        00000
__Hsfr31                                         sfr31        00000
__Hsfr4                                          sfr4         00000
__Hsfr5                                          sfr5         00000
__Hsfr6                                          sfr6         00000
__Hsfr7                                          sfr7         00000
__Hsfr8                                          sfr8         00000
__Hsfr9                                          sfr9         00000
__Hspace_0                                       (abs)        08009
__Hspace_1                                       (abs)        00260
__Hspace_2                                       (abs)        00000
__Hspace_3                                       (abs)        00000
__Hstack                                         stack        00000
__Hstrings                                       strings      00000
__Hstringtext                                    stringtext   00000
__Htext                                          text         00000
__Labs1                                          abs1         00000
__Lbank0                                         bank0        00000
__Lbank1                                         bank1        00000
__Lbank10                                        bank10       00000
__Lbank11                                        bank11       00000
__Lbank12                                        bank12       00000
__Lbank13                                        bank13       00000
__Lbank14                                        bank14       00000
__Lbank15                                        bank15       00000
__Lbank16                                        bank16       00000
__Lbank17                                        bank17       00000
__Lbank18                                        bank18       00000
__Lbank19                                        bank19       00000
__Lbank2                                         bank2        00000
__Lbank20                                        bank20       00000
__Lbank21                                        bank21       00000
__Lbank22                                        bank22       00000
__Lbank23                                        bank23       00000
__Lbank24                                        bank24       00000
__Lbank25                                        bank25       00000
__Lbank26                                        bank26       00000
__Lbank27                                        bank27       00000
__Lbank28                                        bank28       00000
__Lbank29                                        bank29       00000
__Lbank3                                         bank3        00000
__Lbank30                                        bank30       00000
__Lbank31                                        bank31       00000
__Lbank4                                         bank4        00000
__Lbank5                                         bank5        00000
__Lbank6                                         bank6        00000
__Lbank7                                         bank7        00000
__Lbank8                                         bank8        00000
__Lbank9                                         bank9        00000
__Lbigram                                        bigram       00000
__LbssBANK0                                      bssBANK0     00000
__LbssBANK1                                      bssBANK1     00000
__LbssBANK2                                      bssBANK2     00000
__LbssBANK3                                      bssBANK3     00000
__LbssBANK4                                      bssBANK4     00000
__Lcinit                                         cinit        00029
__Lclrtext                                       clrtext      00000
__Lcode                                          code         00000
__Lcommon                                        common       00000
__Lconfig                                        config       08007
__LcstackBANK0                                   cstackBANK0  00000
__LcstackBANK1                                   cstackBANK1  00000
__LcstackBANK3                                   cstackBANK3  00000
__LcstackCOMMON                                  cstackCOMMON 00000
__LdataBANK3                                     dataBANK3    00000
__Leeprom_data                                   eeprom_data  00000
__Lend_init                                      end_init     00027
__Lfunctab                                       functab      00000
__LidataBANK3                                    idataBANK3   00000
__Lidloc                                         idloc        00000
__Linit                                          init         00027
__Linittext                                      inittext     00000
__Lintentry                                      intentry     00004
__Lmaintext                                      maintext     00000
__LnvBANK2                                       nvBANK2      00000
__Lpowerup                                       powerup      00000
__Lram                                           ram          00000
__Lreset_vec                                     reset_vec    00000
__Lsfr0                                          sfr0         00000
__Lsfr1                                          sfr1         00000
__Lsfr10                                         sfr10        00000
__Lsfr11                                         sfr11        00000
__Lsfr12                                         sfr12        00000
__Lsfr13                                         sfr13        00000
__Lsfr14                                         sfr14        00000
__Lsfr15                                         sfr15        00000
__Lsfr16                                         sfr16        00000
__Lsfr17                                         sfr17        00000
__Lsfr18                                         sfr18        00000
__Lsfr19                                         sfr19        00000
__Lsfr2                                          sfr2         00000
__Lsfr20                                         sfr20        00000
__Lsfr21                                         sfr21        00000
__Lsfr22                                         sfr22        00000
__Lsfr23                                         sfr23        00000
__Lsfr24                                         sfr24        00000
__Lsfr25                                         sfr25        00000
__Lsfr26                                         sfr26        00000
__Lsfr27                                         sfr27        00000
__Lsfr28                                         sfr28        00000
__Lsfr29                                         sfr29        00000
__Lsfr3                                          sfr3         00000
__Lsfr30                                         sfr30        00000
__Lsfr31                                         sfr31        00000
__Lsfr4                                          sfr4         00000
__Lsfr5                                          sfr5         00000
__Lsfr6                                          sfr6         00000
__Lsfr7                                          sfr7         00000
__Lsfr8                                          sfr8         00000
__Lsfr9                                          sfr9         00000
__Lspace_0                                       (abs)        00000
__Lspace_1                                       (abs)        00000
__Lspace_2                                       (abs)        00000
__Lspace_3                                       (abs)        00000
__Lstack                                         stack        00000
__Lstrings                                       strings      00000
__Lstringtext                                    stringtext   00000
__Ltext                                          text         00000
__S0                                             (abs)        08009
__S1                                             (abs)        00260
__S2                                             (abs)        00000
___awdiv                                         text52       00AEF
___awdiv@counter                                 cstackBANK0  00026
___awdiv@dividend                                cstackBANK0  00023
___awdiv@divisor                                 cstackBANK0  00021
___awdiv@quotient                                cstackBANK0  00028
___awdiv@sign                                    cstackBANK0  00027
___awmod                                         text51       009C1
___awmod@counter                                 cstackBANK0  00026
___awmod@dividend                                cstackBANK0  00023
___awmod@divisor                                 cstackBANK0  00021
___awmod@sign                                    cstackBANK0  00027
___bmul                                          text55       01433
___bmul@multiplicand                             cstackBANK0  00021
___bmul@multiplier                               cstackBANK0  00024
___bmul@product                                  cstackBANK0  00023
___int_sp                                        stack        00000
___latbits                                       (abs)        00003
___lwdiv                                         text30       008A0
___lwdiv@counter                                 cstackBANK0  0002C
___lwdiv@dividend                                cstackBANK0  00029
___lwdiv@divisor                                 cstackBANK0  00027
___lwdiv@quotient                                cstackBANK0  0002D
___lwmod                                         text29       01775
___lwmod@counter                                 cstackBANK0  00026
___lwmod@dividend                                cstackBANK0  00023
___lwmod@divisor                                 cstackBANK0  00021
___sp                                            stack        00000
___wmul                                          text19       01505
___wmul@multiplicand                             cstackBANK0  00023
___wmul@multiplier                               cstackBANK0  00021
___wmul@product                                  cstackBANK0  00025
__end_of_ADC_GetConversion                       text69       015B3
__end_of_ADC_Initialize                          text12       007FF
__end_of_Bq32k_Rtc_Read_Time                     text53       00D8E
__end_of_Bq32k_Rtc_Write_Time                    text49       00C51
__end_of_Bq32k_Time_Init                         text62       0086B
__end_of_CRC_cal                                 text61       00F6A
__end_of_Calculate_Time                          text18       00414
__end_of_Com_Process                             text46       01422
__end_of_Dis_TAB                                 stringtext   01815
__end_of_EUSART_Initialize                       text11       0153D
__end_of_EUSART_Receive_ISR                      text74       00E02
__end_of_EUSART_Transmit_ISR                     text73       01595
__end_of_EUSART_Write                            text60       013F1
__end_of_FLASH_EraseBlock                        text24       01632
__end_of_FLASH_ReadWord                          text68       015F2
__end_of_FLASH_WriteWord                         text67       01749
__end_of_FLASH_readBlock                         text59       01612
__end_of_FVR_Initialize                          text10       0139F
__end_of_I2C_Read_Buffer                         text56       00EF0
__end_of_I2C_Receive_Byte                        text57       01800
__end_of_I2C_Send_Buffer                         text63       00947
__end_of_I2C_Send_Byte                           text66       00BEA
__end_of_I2C_Start                               text65       0155A
__end_of_I2C_Stop                                text64       01577
__end_of_INTERRUPT_InterruptManager              intentry     00027
__end_of_Inf_to_Com                              text58       005D9
__end_of_Key_Process                             text13       00753
__end_of_Key_Scan                                text45       016FB
__end_of_OSCILLATOR_Initialize                   text9        013A9
__end_of_PIN_MANAGER_Initialize                  text8        016D8
__end_of_Read_time_to_Com                        text48       00CBA
__end_of_RxFrameCheck                            text75       007F7
__end_of_SPI_Exchange8bit                        text37       013D1
__end_of_SPI_Exchange8bitBuffer                  text36       00B94
__end_of_SPI_Initialize                          text7        013B5
__end_of_SYSTEM_Initialize                       text5        01484
__end_of_Save_Write_time                         text22       00E78
__end_of_Save_Write_word                         text23       00AEF
__end_of_Save_process                            text4        00D23
__end_of_SendBit_1621                            text44       01653
__end_of_SendCmd_1621                            text43       0149C
__end_of_SendDataBit_1621                        text40       01674
__end_of_Serach_Flash_Head                       text3        00A9E
__end_of_Set_finish_flag                         text42       013A4
__end_of_Set_start_flag                          text41       013AF
__end_of_Set_time_from_Com                       text47       00983
__end_of_Sleep_process                           text1        015D2
__end_of_Step_control                            text2        0171E
__end_of_TMR0_CallBack                           text72       013E1
__end_of_TMR0_ISR                                text71       014E9
__end_of_TMR0_Initialize                         text6        01411
__end_of_Tc_Display                              text27       006AA
__end_of_Two_Display                             text38       00837
__end_of_WriteAll_1621                           text39       008A0
__end_of_Write_Flash_finish                      text21       01695
__end_of_Write_Flash_head                        text20       016B6
__end_of___awdiv                                 text52       00B41
__end_of___awmod                                 text51       00A07
__end_of___bmul                                  text55       01445
__end_of___lwdiv                                 text30       008D5
__end_of___lwmod                                 text29       017A2
__end_of___wmul                                  text19       01521
__end_of__initialization                         cinit        00057
__end_of_bcd2bin                                 text54       0145A
__end_of_bin2bcd                                 text50       017D0
__end_of_err_Display                             text26       01775
__end_of_main                                    maintext     00500
__end_of_maxim_31856_read_nregisters             text35       014B4
__end_of_maxim_31856_read_register               text34       0146F
__end_of_maxim_31856_write_register              text33       01401
__end_of_maxim_clear_fault_status                text25       01433
__end_of_maxim_start_conversion                  text32       014CE
__end_of_memset                                  text28       01505
__end_of_one_temperature_trans                   text31       00A51
__end_of_tc_temperature_trans                    text17       00272
__end_of_temperature_display                     text16       009C1
__end_of_temperature_process                     text14       0090C
__end_of_time_Display                            text15       01000
__initialization                                 cinit        00029
__pbssBANK0                                      bssBANK0     00064
__pbssBANK1                                      bssBANK1     000EE
__pbssBANK2                                      bssBANK2     00120
__pbssBANK3                                      bssBANK3     001A0
__pbssBANK4                                      bssBANK4     00220
__pcstackBANK0                                   cstackBANK0  00020
__pcstackBANK1                                   cstackBANK1  000A0
__pcstackBANK3                                   cstackBANK3  001DE
__pcstackCOMMON                                  cstackCOMMON 00070
__pdataBANK3                                     dataBANK3    001D4
__pidataBANK3                                    idataBANK3   013BB
__pintentry                                      intentry     00004
__pmaintext                                      maintext     00414
__pnvBANK2                                       nvBANK2      0016D
__pstringtext                                    stringtext   01800
__ptext1                                         text1        015B3
__ptext10                                        text10       0139B
__ptext11                                        text11       01521
__ptext12                                        text12       007F7
__ptext13                                        text13       006AA
__ptext14                                        text14       008D5
__ptext15                                        text15       00F6A
__ptext16                                        text16       00983
__ptext17                                        text17       0005B
__ptext18                                        text18       00272
__ptext19                                        text19       01505
__ptext2                                         text2        016FB
__ptext20                                        text20       01695
__ptext21                                        text21       01674
__ptext22                                        text22       00E02
__ptext23                                        text23       00A9E
__ptext24                                        text24       01612
__ptext25                                        text25       01422
__ptext26                                        text26       01749
__ptext27                                        text27       005D9
__ptext28                                        text28       014E9
__ptext29                                        text29       01775
__ptext3                                         text3        00A51
__ptext30                                        text30       008A0
__ptext31                                        text31       00A07
__ptext32                                        text32       014B4
__ptext33                                        text33       013F1
__ptext34                                        text34       0145A
__ptext35                                        text35       0149C
__ptext36                                        text36       00B41
__ptext37                                        text37       013C5
__ptext38                                        text38       00806
__ptext39                                        text39       0086B
__ptext4                                         text4        00CBA
__ptext40                                        text40       01653
__ptext41                                        text41       013A9
__ptext42                                        text42       0139F
__ptext43                                        text43       01484
__ptext44                                        text44       01632
__ptext45                                        text45       016D8
__ptext46                                        text46       01411
__ptext47                                        text47       00947
__ptext48                                        text48       00C51
__ptext49                                        text49       00BEA
__ptext5                                         text5        0146F
__ptext50                                        text50       017A2
__ptext51                                        text51       009C1
__ptext52                                        text52       00AEF
__ptext53                                        text53       00D23
__ptext54                                        text54       01445
__ptext55                                        text55       01433
__ptext56                                        text56       00E78
__ptext57                                        text57       017D0
__ptext58                                        text58       00500
__ptext59                                        text59       015F2
__ptext6                                         text6        01401
__ptext60                                        text60       013E1
__ptext61                                        text61       00EF0
__ptext62                                        text62       00837
__ptext63                                        text63       0090C
__ptext64                                        text64       0155A
__ptext65                                        text65       0153D
__ptext66                                        text66       00B94
__ptext67                                        text67       0171E
__ptext68                                        text68       015D2
__ptext69                                        text69       01595
__ptext7                                         text7        013AF
__ptext71                                        text71       014CE
__ptext72                                        text72       013D1
__ptext73                                        text73       01577
__ptext74                                        text74       00D8E
__ptext75                                        text75       00753
__ptext8                                         text8        016B6
__ptext9                                         text9        013A4
__size_of_ADC_GetConversion                      (abs)        00000
__size_of_ADC_Initialize                         (abs)        00000
__size_of_Bq32k_Rtc_Read_Time                    (abs)        00000
__size_of_Bq32k_Rtc_Write_Time                   (abs)        00000
__size_of_Bq32k_Time_Init                        (abs)        00000
[...]
  i               1    3[BANK0 ] unsigned char 
 Return value:  Size  Location     Type
                  1    wreg      unsigned char 
 Registers used:
		wreg, status,2, status,0
 Tracked objects:
		On entry : 
		On exit  : 
		Unchanged: 
 Data sizes:     COMMON   BANK0   BANK1   BANK2   BANK3   BANK4   BANK5   BANK6   BANK7   BANK8   BANK9  BANK10  BANK11  BANK12
      Params:         0       0       0       0       0       0       0       0       0       0       0       0       0       0
      Locals:         0       2       0       0       0       0       0       0       0       0       0       0       0       0
      Temps:          0       1       0       0       0       0       0       0       0       0       0       0       0       0
      Totals:         0       3       0       0       0       0       0       0       0       0       0       0       0       0
Total ram usage:        3 bytes
 Hardware stack levels used:    1
 Hardware stack levels required when called:    3
 This function calls:
		Nothing
 This function is called by:
		_I2C_Read_Buffer
		_I2C_Send_Buffer
 This function uses a non-reentrant model


 *************** function _FLASH_WriteWord *****************
 Defined at:
		line 93 in file "mcc_generated_files/memory.c"
 Parameters:    Size  Location     Type
  flashAddr       2    1[BANK0 ] unsigned int 
  word            2    3[BANK0 ] unsigned int 
 Auto vars:     Size  Location     Type
  GIEBitValue     1    5[BANK0 ] unsigned char 
 Return value:  Size  Location     Type
                  1    wreg      void 
 Registers used:
		wreg, status,2, status,0
 Tracked objects:
		On entry : 
		On exit  : 
		Unchanged: 
 Data sizes:     COMMON   BANK0   BANK1   BANK2   BANK3   BANK4   BANK5   BANK6   BANK7   BANK8   BANK9  BANK10  BANK11  BANK12
      Params:         0       4       0       0       0       0       0       0       0       0       0       0       0       0
      Locals:         0       1       0       0       0       0       0       0       0       0       0       0       0       0
      Temps:          0       0       0       0       0       0       0       0       0       0       0       0       0       0
      Totals:         0       5       0       0       0       0       0       0       0       0       0       0       0       0
Total ram usage:        5 bytes
 Hardware stack levels used:    1
 Hardware stack levels required when called:    3
 This function calls:
		Nothing
 This function is called by:
		_Bq32k_Time_Init
		_Write_Flash_head
		_Write_Flash_finish
		_Save_Write_word
 This function uses a non-reentrant model


 *************** function _FLASH_ReadWord *****************
 Defined at:
		line 58 in file "mcc_generated_files/memory.c"
 Parameters:    Size  Location     Type
  flashAddr       2    1[BANK0 ] unsigned int 
 Auto vars:     Size  Location     Type
  GIEBitValue     1    3[BANK0 ] unsigned char 
 Return value:  Size  Location     Type
                  2    1[BANK0 ] unsigned int 
 Registers used:
		wreg, status,2, status,0
 Tracked objects:
		On entry : 
		On exit  : 
		Unchanged: 
 Data sizes:     COMMON   BANK0   BANK1   BANK2   BANK3   BANK4   BANK5   BANK6   BANK7   BANK8   BANK9  BANK10  BANK11  BANK12
      Params:         0       2       0       0       0       0       0       0       0       0       0       0       0       0
      Locals:         0       1       0       0       0       0       0       0       0       0       0       0       0       0
      Temps:          0       0       0       0       0       0       0       0       0       0       0       0       0       0
      Totals:         0       3       0       0       0       0       0       0       0       0       0       0       0       0
Total ram usage:        3 bytes
 Hardware stack levels used:    1
 Hardware stack levels required when called:    3
 This function calls:
		Nothing
 This function is called by:
		_FLASH_readBlock
		_Key_Process
		_Bq32k_Time_Init
		_Serach_Flash_Head
 This function uses a non-reentrant model


 *************** function _ADC_GetConversion *****************
 Defined at:
		line 106 in file "mcc_generated_files/adc.c"
 Parameters:    Size  Location     Type
  channel         1    wreg     enum E1850
 Auto vars:     Size  Location     Type
  channel         1    4[BANK0 ] enum E1850
 Return value:  Size  Location     Type
                  2    1[BANK0 ] unsigned int 
 Registers used:
		wreg, status,2, status,0
 Tracked objects:
		On entry : 
		On exit  : 
		Unchanged: 
 Data sizes:     COMMON   BANK0   BANK1   BANK2   BANK3   BANK4   BANK5   BANK6   BANK7   BANK8   BANK9  BANK10  BANK11  BANK12
      Params:         0       2       0       0       0       0       0       0       0       0       0       0       0       0
      Locals:         0       1       0       0       0       0       0       0       0       0       0       0       0       0
      Temps:          0       1       0       0       0       0       0       0       0       0       0       0       0       0
      Totals:         0       4       0       0       0       0       0       0       0       0       0       0       0       0
Total ram usage:        4 bytes
 Hardware stack levels used:    1
 Hardware stack levels required when called:    3
 This function calls:
		Nothing
 This function is called by:
		_main
 This function uses a non-reentrant model


 *************** function _INTERRUPT_InterruptManager *****************
 Defined at:
		line 52 in file "mcc_generated_files/interrupt_manager.c"
 Parameters:    Size  Location     Type
		None
 Auto vars:     Size  Location     Type
		None
 Return value:  Size  Location     Type
                  1    wreg      void 
 Registers used:
		wreg, fsr0l, fsr0h, fsr1l, fsr1h, status,2, status,0, pclath, cstack
 Tracked objects:
		On entry : 
		On exit  : 
		Unchanged: 
 Data sizes:     COMMON   BANK0   BANK1   BANK2   BANK3   BANK4   BANK5   BANK6   BANK7   BANK8   BANK9  BANK10  BANK11  BANK12
      Params:         0       0       0       0       0       0       0       0       0       0       0       0       0       0
      Locals:         0       0       0       0       0       0       0       0       0       0       0       0       0       0
      Temps:          0       1       0       0       0       0       0       0       0       0       0       0       0       0
      Totals:         0       1       0       0       0       0       0       0       0       0       0       0       0       0
Total ram usage:        1 bytes
 Hardware stack levels used:    1
 Hardware stack levels required when called:    2
 This function calls:
		_EUSART_Receive_ISR
		_EUSART_Transmit_ISR
		_TMR0_ISR
 This function is called by:
		Interrupt level 1
 This function uses a non-reentrant model


 *************** function _TMR0_ISR *****************
 Defined at:
		line 103 in file "mcc_generated_files/tmr0.c"
 Parameters:    Size  Location     Type
		None
 Auto vars:     Size  Location     Type
		None
 Return value:  Size  Location     Type
                  1    wreg      void 
 Registers used:
		wreg, status,2, status,0, pclath, cstack
 Tracked objects:
		On entry : 
		On exit  : 
		Unchanged: 
 Data sizes:     COMMON   BANK0   BANK1   BANK2   BANK3   BANK4   BANK5   BANK6   BANK7   BANK8   BANK9  BANK10  BANK11  BANK12
      Params:         0       0       0       0       0       0       0       0       0       0       0       0       0       0
      Locals:         0       0       0       0       0       0       0       0       0       0       0       0       0       0
      Temps:          1       0       0       0       0       0       0       0       0       0       0       0       0       0
      Totals:         1       0       0       0       0       0       0       0       0       0       0       0       0       0
Total ram usage:        1 bytes
 Hardware stack levels used:    1
 Hardware stack levels required when called:    1
 This function calls:
		_TMR0_CallBack
 This function is called by:
		_INTERRUPT_InterruptManager
 This function uses a non-reentrant model


 *************** function _TMR0_CallBack *****************
 Defined at:
		line 125 in file "mcc_generated_files/tmr0.c"
 Parameters:    Size  Location     Type
		None
 Auto vars:     Size  Location     Type
		None
 Return value:  Size  Location     Type
                  1    wreg      void 
 Registers used:
		wreg, status,2, status,0
 Tracked objects:
		On entry : 
		On exit  : 
		Unchanged: 
 Data sizes:     COMMON   BANK0   BANK1   BANK2   BANK3   BANK4   BANK5   BANK6   BANK7   BANK8   BANK9  BANK10  BANK11  BANK12
      Params:         0       0       0       0       0       0       0       0       0       0       0       0       0       0
      Locals:         0       0       0       0       0       0       0       0       0       0       0       0       0       0
      Temps:          1       0       0       0       0       0       0       0       0       0       0       0       0       0
      Totals:         1       0       0       0       0       0       0       0       0       0       0       0       0       0
Total ram usage:        1 bytes
 Hardware stack levels used:    1
 This function calls:
		Nothing
 This function is called by:
		_TMR0_ISR
 This function uses a non-reentrant model


 *************** function _EUSART_Transmit_ISR *****************
 Defined at:
		line 155 in file "mcc_generated_files/eusart.c"
 Parameters:    Size  Location     Type
		None
 Auto vars:     Size  Location     Type
		None
 Return value:  Size  Location     Type
                  1    wreg      void 
 Registers used:
		wreg, fsr1l, fsr1h, status,2, status,0
 Tracked objects:
		On entry : 
		On exit  : 
		Unchanged: 
 Data sizes:     COMMON   BANK0   BANK1   BANK2   BANK3   BANK4   BANK5   BANK6   BANK7   BANK8   BANK9  BANK10  BANK11  BANK12
      Params:         0       0       0       0       0       0       0       0       0       0       0       0       0       0
      Locals:         0       0       0       0       0       0       0       0       0       0       0       0       0       0
      Temps:          1       0       0       0       0       0       0       0       0       0       0       0       0       0
      Totals:         1       0       0       0       0       0       0       0       0       0       0       0       0       0
Total ram usage:        1 bytes
 Hardware stack levels used:    1
 This function calls:
		Nothing
 This function is called by:
		_INTERRUPT_InterruptManager
 This function uses a non-reentrant model


 *************** function _EUSART_Receive_ISR *****************
 Defined at:
		line 169 in file "mcc_generated_files/eusart.c"
 Parameters:    Size  Location     Type
		None
 Auto vars:     Size  Location     Type
  rx_tmp          1   13[COMMON] unsigned char 
 Return value:  Size  Location     Type
                  1    wreg      void 
 Registers used:
		wreg, fsr0l, fsr0h, fsr1l, fsr1h, status,2, status,0, pclath, cstack
 Tracked objects:
		On entry : 
		On exit  : 
		Unchanged: 
 Data sizes:     COMMON   BANK0   BANK1   BANK2   BANK3   BANK4   BANK5   BANK6   BANK7   BANK8   BANK9  BANK10  BANK11  BANK12
      Params:         0       0       0       0       0       0       0       0       0       0       0       0       0       0
      Locals:         1       0       0       0       0       0       0       0       0       0       0       0       0       0
      Temps:          2       0       0       0       0       0       0       0       0       0       0       0       0       0
      Totals:         3       0       0       0       0       0       0       0       0       0       0       0       0       0
Total ram usage:        3 bytes
 Hardware stack levels used:    1
 Hardware stack levels required when called:    1
 This function calls:
		_RxFrameCheck
 This function is called by:
		_INTERRUPT_InterruptManager
 This function uses a non-reentrant model


 *************** function _RxFrameCheck *****************
 Defined at:
		line 126 in file "mcc_generated_files/com.c"
 Parameters:    Size  Location     Type
  rx_arr          1    wreg     PTR unsigned char 
		 -> Usart_Rx_Buff(32), 
  frame_len       1    0[COMMON] unsigned char 
 Auto vars:     Size  Location     Type
  rx_arr          1    8[COMMON] PTR unsigned char 
		 -> Usart_Rx_Buff(32), 
  remainder       2    9[COMMON] unsigned int 
  tmp_crc         2    5[COMMON] unsigned int 
  i               1    7[COMMON] unsigned char 
 Return value:  Size  Location     Type
                  1    wreg      unsigned char 
 Registers used:
		wreg, fsr1l, fsr1h, status,2, status,0
 Tracked objects:
		On entry : 
		On exit  : 
		Unchanged: 
 Data sizes:     COMMON   BANK0   BANK1   BANK2   BANK3   BANK4   BANK5   BANK6   BANK7   BANK8   BANK9  BANK10  BANK11  BANK12
      Params:         1       0       0       0       0       0       0       0       0       0       0       0       0       0
      Locals:         6       0       0       0       0       0       0       0       0       0       0       0       0       0
      Temps:          4       0       0       0       0       0       0       0       0       0       0       0       0       0
      Totals:        11       0       0       0       0       0       0       0       0       0       0       0       0       0
Total ram usage:       11 bytes
 Hardware stack levels used:    1
 This function calls:
		Nothing
 This function is called by:
		_EUSART_Receive_ISR
 This function uses a non-reentrant model



MODULE INFORMATION

Module		Function		Class		Link	Load	Size
mcc_generated_files/max31856.c
		_one_temperature_trans		CODE           	0A07	0000	75
		_maxim_31856_read_nregisters		CODE           	149C	0000	25
		_maxim_31856_read_register		CODE           	145A	0000	22
		_maxim_clear_fault_status		CODE           	1422	0000	18
		_tc_temperature_trans		CODE           	005B	0000	536
		_maxim_start_conversion		CODE           	14B4	0000	27
		_temperature_process		CODE           	08D5	0000	56
		_temperature_display		CODE           	0983	0000	63
		_maxim_31856_write_register		CODE           	13F1	0000	17

mcc_generated_files/max31856.c estimated size: 839

mcc_generated_files/fvr.c
		_FVR_Initialize		CODE           	139B	0000	5

mcc_generated_files/fvr.c estimated size: 5

mcc_generated_files/interrupt_manager.c
		_INTERRUPT_InterruptManager		CODE           	0004	0000	36

mcc_generated_files/interrupt_manager.c estimated size: 36

mcc_generated_files/i2c.c
		_I2C_Receive_Byte		CODE           	17D0	0000	49
		_I2C_Read_Buffer		CODE           	0E78	0000	121
		_I2C_Send_Buffer		CODE           	090C	0000	60
		_I2C_Stop      		CODE           	155A	0000	30
		_I2C_Send_Byte 		CODE           	0B94	0000	87
		_I2C_Start     		CODE           	153D	0000	30

mcc_generated_files/i2c.c estimated size: 377

mcc_generated_files/bq32k.c
		_bin2bcd       		CODE           	17A2	0000	47
		_Bq32k_Time_Init		CODE           	0837	0000	53
		_bcd2bin       		CODE           	1445	0000	22
		_Bq32k_Rtc_Write_Time		CODE           	0BEA	0000	104
		_Bq32k_Rtc_Read_Time		CODE           	0D23	0000	108

mcc_generated_files/bq32k.c estimated size: 334

mcc_generated_files/tmr0.c
		_TMR0_CallBack 		CODE           	13D1	0000	17
		_TMR0_ISR      		CODE           	14CE	0000	28
		_TMR0_Initialize		CODE           	1401	0000	17

mcc_generated_files/tmr0.c estimated size: 62

mcc_generated_files/pin_manager.c
		_PIN_MANAGER_Initialize		CODE           	16B6	0000	35

mcc_generated_files/pin_manager.c estimated size: 35

mcc_generated_files/ht1621.c
		_WriteAll_1621 		CODE           	086B	0000	54
		_SendCmd_1621  		CODE           	1484	0000	25
		_Two_Display   		CODE           	0806	0000	50
		_err_Display   		CODE           	1749	0000	45
		_Tc_Display    		CODE           	05D9	0000	210
		_SendBit_1621  		CODE           	1632	0000	34
		_SendDataBit_1621		CODE           	1653	0000	34
		_time_Display  		CODE           	0F6A	0000	151

mcc_generated_files/ht1621.c estimated size: 603

mcc_generated_files/com.c
		_RxFrameCheck  		CODE           	0753	0000	165
		_Inf_to_Com    		CODE           	0500	0000	218
		_CRC_cal       		CODE           	0EF0	0000	123
		_Com_Process   		CODE           	1411	0000	18
		_Read_time_to_Com		CODE           	0C51	0000	106
		_Set_time_from_Com		CODE           	0947	0000	61

mcc_generated_files/com.c estimated size: 691

mcc_generated_files/adc.c
		_ADC_Initialize		CODE           	07F7	0000	9
		_ADC_GetConversion		CODE           	1595	0000	31

mcc_generated_files/adc.c estimated size: 40

mcc_generated_files/key.c
		_Key_Scan      		CODE           	16D8	0000	36
		_Key_Process   		CODE           	06AA	0000	170

mcc_generated_files/key.c estimated size: 206

mcc_generated_files/power.c
		_Step_control  		CODE           	16FB	0000	36
		_Sleep_process 		CODE           	15B3	0000	32

mcc_generated_files/power.c estimated size: 68

D:\Program Files (x86)\Microchip\xc8\v1.37\sources\common\lwmod.c
		___lwmod       		CODE           	1775	0000	46

D:\Program Files (x86)\Microchip\xc8\v1.37\sources\common\lwmod.c estimated size: 46

D:\Program Files (x86)\Microchip\xc8\v1.37\sources\common\awmod.c
		___awmod       		CODE           	09C1	0000	71

D:\Program Files (x86)\Microchip\xc8\v1.37\sources\common\awmod.c estimated size: 71

mcc_generated_files/save.c
		_Save_Write_time		CODE           	0E02	0000	119
		_Save_Write_word		CODE           	0A9E	0000	82
		_Save_process  		CODE           	0CBA	0000	106
		_Set_finish_flag		CODE           	139F	0000	6
		_Write_Flash_head		CODE           	1695	0000	34
		_Calculate_Time		CODE           	0272	0000	419
		_Serach_Flash_Head		CODE           	0A51	0000	78
		_Write_Flash_finish		CODE           	1674	0000	34
		_Set_start_flag		CODE           	13A9	0000	7

mcc_generated_files/save.c estimated size: 885

mcc_generated_files/spi.c
		_SPI_Exchange8bitBuffer		CODE           	0B41	0000	84
		_SPI_Exchange8bit		CODE           	13C5	0000	13
		_SPI_Initialize		CODE           	13AF	0000	7

mcc_generated_files/spi.c estimated size: 104

shared
		_Dis_TAB       		STRCODE        	1800	0000	22
		__initialization		CODE           	0029	0000	47

shared estimated size: 69

mcc_generated_files/mcc.c
		_OSCILLATOR_Initialize		CODE           	13A4	0000	6
		_SYSTEM_Initialize		CODE           	146F	0000	22

mcc_generated_files/mcc.c estimated size: 28

D:\Program Files (x86)\Microchip\xc8\v1.37\sources\common\memset.c
		_memset        		CODE           	14E9	0000	29

D:\Program Files (x86)\Microchip\xc8\v1.37\sources\common\memset.c estimated size: 29

mcc_generated_files/memory.c
		_FLASH_EraseBlock		CODE           	1612	0000	33
		_FLASH_ReadWord		CODE           	15D2	0000	33
		_FLASH_readBlock		CODE           	15F2	0000	33
		_FLASH_WriteWord		CODE           	171E	0000	44

mcc_generated_files/memory.c estimated size: 143

mcc_generated_files/eusart.c
		_EUSART_Write  		CODE           	13E1	0000	17
		_EUSART_Transmit_ISR		CODE           	1577	0000	31
		_EUSART_Initialize		CODE           	1521	0000	29
		_EUSART_Receive_ISR		CODE           	0D8E	0000	117

mcc_generated_files/eusart.c estimated size: 194

D:\Program Files (x86)\Microchip\xc8\v1.37\sources\common\lwdiv.c
		___lwdiv       		CODE           	08A0	0000	54

D:\Program Files (x86)\Microchip\xc8\v1.37\sources\common\lwdiv.c estimated size: 54

D:\Program Files (x86)\Microchip\xc8\v1.37\sources\common\awdiv.c
		___awdiv       		CODE           	0AEF	0000	83

D:\Program Files (x86)\Microchip\xc8\v1.37\sources\common\awdiv.c estimated size: 83

main.c
		_main          		CODE           	0414	0000	237

main.c estimated size: 237

D:\Program Files (x86)\Microchip\xc8\v1.37\sources\common\Umul16.c
		___wmul        		CODE           	1505	0000	29

D:\Program Files (x86)\Microchip\xc8\v1.37\sources\common\Umul16.c estimated size: 29

D:\Program Files (x86)\Microchip\xc8\v1.37\sources\common\Umul8.c
		___bmul        		CODE           	1433	0000	19

D:\Program Files (x86)\Microchip\xc8\v1.37\sources\common\Umul8.c estimated size: 19

