Microchip MPLAB XC8 Compiler V1.37 ()

Linker command line:

-W-3 --edf=D:\Program Files (x86)\Microchip\xc8\v1.37\dat\en_msgs.txt -cs \
  -h+dist/default/production\thermocouple.X.production.sym \
  --cmf=dist/default/production\thermocouple.X.production.cmf -z -Q16F1518 \
  -oC:\Users\CHENJI~1\AppData\Local\Temp\s910.2 \
  -Mdist/default/production/thermocouple.X.production.map -E1 -ver=XC8 \
  -ASTACK=020E0h-023efh -pstack=STACK -ACODE=00h-07FFhx8 \
  -ASTRCODE=00h-03FFFh -ASTRING=00h-0FFhx64 -ACONST=00h-0FFhx64 \
  -AENTRY=00h-0FFhx64 -ACOMMON=070h-07Fh -ABANK0=020h-06Fh \
  -ABANK1=0A0h-0EFh -ABANK2=0120h-016Fh -ABANK3=01A0h-01EFh \
  -ABANK4=0220h-026Fh -ABANK5=02A0h-02EFh -ABANK6=0320h-036Fh \
  -ABANK7=03A0h-03EFh -ABANK8=0420h-046Fh -ABANK9=04A0h-04EFh \
  -ABANK10=0520h-056Fh -ABANK11=05A0h-05EFh -ABANK12=0620h-064Fh \
  -ABIGRAM=02000h-023EFh \
  -ARAM=020h-06Fh,0A0h-0EFh,0120h-016Fh,01A0h-01EFh,0220h-026Fh,02A0h-02EFh,0320h-036Fh,03A0h-03EFh,0420h-046Fh,04A0h-04EFh,0520h-056Fh,05A0h-05EFh,0620h-064Fh \
  -AABS1=020h-07Fh,0A0h-0EFh,0120h-016Fh,01A0h-01EFh,0220h-026Fh,02A0h-02EFh,0320h-036Fh,03A0h-03EFh,0420h-046Fh,04A0h-04EFh,0520h-056Fh,05A0h-05EFh,0620h-064Fh \
  -ASFR0=00h-01Fh -ASFR1=080h-09Fh -ASFR2=0100h-011Fh -ASFR3=0180h-019Fh \
  -ASFR4=0200h-021Fh -ASFR5=0280h-029Fh -ASFR6=0300h-031Fh \
  -ASFR7=0380h-039Fh -ASFR8=0400h-041Fh -ASFR9=0480h-049Fh \
  -ASFR10=0500h-051Fh -ASFR11=0580h-059Fh -ASFR12=0600h-061Fh \
  -ASFR13=0680h-06EFh -ASFR14=0700h-076Fh -ASFR15=0780h-07EFh \
  -ASFR16=0800h-086Fh -ASFR17=0880h-08EFh -ASFR18=0900h-096Fh \
  -ASFR19=0980h-09EFh -ASFR20=0A00h-0A6Fh -ASFR21=0A80h-0AEFh \
  -ASFR22=0B00h-0B6Fh -ASFR23=0B80h-0BEFh -ASFR24=0C00h-0C6Fh \
  -ASFR25=0C80h-0CEFh -ASFR26=0D00h-0D6Fh -ASFR27=0D80h-0DEFh \
  -ASFR28=0E00h-0E6Fh -ASFR29=0E80h-0EEFh -ASFR30=0F00h-0F6Fh \
  -ASFR31=0F80h-0FEFh -preset_vec=00h,intentry,init,end_init -ppowerup=CODE \
  -pcinit=CODE -pfunctab=CODE -ACONFIG=08007h-08008h -pconfig=CONFIG \
  -DCONFIG=2 -AIDLOC=08000h-08003h -pidloc=IDLOC -DIDLOC=2 -DCODE=2 \
  -DSTRCODE=2 -DSTRING=2 -DCONST=2 -DENTRY=2 -k \
  C:\Users\CHENJI~1\AppData\Local\Temp\s910.obj \
  dist/default/production\thermocouple.X.production.obj 

Object code version is 3.11

Machine type is 16F1518



                Name                               Link     Load   Length Selector   Space Scale
C:\Users\CHENJI~1\AppData\Local\Temp\s910.obj
                end_init                              2        2        2        0       0
                reset_vec                             0        0        2        0       0
                config                             8007     8007        2    1000E       0
dist/default/production\thermocouple.X.production.obj
                cinit                               7EB      7EB       15      FD6       0
                text35                             13BB     13BB        8     2776       0
                text34                             1458     1458       1E     28B0       0
                text33                             14DE     14DE       35     29BC       0
                text32                             13D5     13D5        C     27AA       0
                text31                             13AA     13AA        5     2754       0
                text30                             1494     1494       22     2928       0
                text29                             13AF     13AF        6     275E       0
                text28                             13E1     13E1        C     27C2       0
                text27                             13C3     13C3        9     2786       0
                text26                             13ED     13ED        D     27DA       0
                text25                                7        7       66        E       0
                text24                             15D5     15D5       4C     2BAA       0
                text23                             142A     142A       15     2854       0
                text22                             1408     1408       11     2810       0
                text21                             1419     1419       11     2832       0
                text20                             143F     143F       19     287E       0
                text19                             1513     1513       3B     2A26       0
                text18                             13CC     13CC        9     2798       0
                text17                              81C      81C       64     1038       0
                text16                              936      936       F6     126C       0
                text15                             1476     1476       1E     28EC       0
                text14                             16C5     16C5       87     2D8A       0
                text13                             1621     1621       52     2C42       0
                text12                             154E     154E       42     2A9C       0
                text11                             14B6     14B6       28     296C       0
                text10                              A2C      A2C      11D     1458       0
                text9                               880      880       B6     1100       0
                text8                              1673     1673       52     2CE6       0
                text7                              1590     1590       45     2B20       0
                text6                              174C     174C       B4     2E98       0
                text5                               800      800       1C      FD6       0
                text4                                6D       6D      165       DA       0
                text3                              13FA     13FA        E     27F4       0
                text2                               B49      B49      244     1692       0
                text1                               1D2      1D2      619      3A4       0
                maintext                            D8D      D8D      273     1B1A       0
                cstackBANK0                          20       20       4C       20       1
                cstackCOMMON                         70       70        E       70       1
                cstackBANK1                          A0       A0       19       A0       1
                clrtext                            13B5     13B5        6     276A       0
                bssBANK2                            120      120       40      120       1
                bssBANK1                             B9       B9       17       A0       1
                bssBANK0                             6C       6C        3       20       1
                nvBANK0                              6F       6F        1       20       1
                stringtext                         1000     1000      1C2     2000       0

TOTAL           Name                               Link     Load   Length     Space
        CLASS   STACK          

        CLASS   CODE           
                end_init                              2        2        2         0
                cinit                               7EB      7EB       15         0
                reset_vec                             0        0        2         0
                text35                             13BB     13BB        8         0
                text34                             1458     1458       1E         0
                text33                             14DE     14DE       35         0
                text32                             13D5     13D5        C         0
                text31                             13AA     13AA        5         0
                text30                             1494     1494       22         0
                text29                             13AF     13AF        6         0
                text28                             13E1     13E1        C         0
                text27                             13C3     13C3        9         0
                text26                             13ED     13ED        D         0
                text25                                7        7       66         0
                text24                             15D5     15D5       4C         0
                text23                             142A     142A       15         0
                text22                             1408     1408       11         0
                text21                             1419     1419       11         0
                text20                             143F     143F       19         0
                text19                             1513     1513       3B         0
                text18                             13CC     13CC        9         0
                text17                              81C      81C       64         0
                text16                              936      936       F6         0
                text15                             1476     1476       1E         0
                text14                             16C5     16C5       87         0
                text13                             1621     1621       52         0
                text12                             154E     154E       42         0
                text11                             14B6     14B6       28         0
                text10                              A2C      A2C      11D         0
                text9                               880      880       B6         0
                text8                              1673     1673       52         0
                text7                              1590     1590       45         0
                text6                              174C     174C       B4         0
                text5                               800      800       1C         0
                text4                                6D       6D      165         0
                text3                              13FA     13FA        E         0
                text2                               B49      B49      244         0
                text1                               1D2      1D2      619         0
                maintext                            D8D      D8D      273         0
                clrtext                            13B5     13B5        6         0

        CLASS   STRCODE        
                stringtext                         1000     1000      1C2         0

        CLASS   STRING         

        CLASS   CONST          

        CLASS   ENTRY          

        CLASS   COMMON         
                cstackCOMMON                         70       70        E         1

        CLASS   BANK0          
                cstackBANK0                          20       20       4C         1
                bssBANK0                             6C       6C        3         1
                nvBANK0                              6F       6F        1         1

        CLASS   BANK1          
                cstackBANK1                          A0       A0       19         1
                bssBANK1                             B9       B9       17         1

        CLASS   BANK2          
                bssBANK2                            120      120       40         1

        CLASS   BANK3          

        CLASS   BANK4          

        CLASS   BANK5          

        CLASS   BANK6          

        CLASS   BANK7          

        CLASS   BANK8          

        CLASS   BANK9          

        CLASS   BANK10         

        CLASS   BANK11         

        CLASS   BANK12         

        CLASS   BIGRAM         

        CLASS   RAM            

        CLASS   ABS1           
                abs_s1                               7E       7E        2         1

        CLASS   SFR0           

        CLASS   SFR1           

        CLASS   SFR2           

        CLASS   SFR3           

        CLASS   SFR4           

        CLASS   SFR5           

        CLASS   SFR6           

        CLASS   SFR7           

        CLASS   SFR8           

        CLASS   SFR9           

        CLASS   SFR10          

        CLASS   SFR11          

        CLASS   SFR12          

        CLASS   SFR13          

        CLASS   SFR14          

        CLASS   SFR15          

        CLASS   SFR16          

        CLASS   SFR17          

        CLASS   SFR18          

        CLASS   SFR19          

        CLASS   SFR20          

        CLASS   SFR21          

        CLASS   SFR22          

        CLASS   SFR23          

        CLASS   SFR24          

        CLASS   SFR25          

        CLASS   SFR26          

        CLASS   SFR27          

        CLASS   SFR28          

        CLASS   SFR29          

        CLASS   SFR30          

        CLASS   SFR31          

        CLASS   CONFIG         
                config                             8007     8007        2         0

        CLASS   IDLOC          

        CLASS   BANK31         

        CLASS   BANK30         

        CLASS   BANK29         

        CLASS   BANK28         

        CLASS   BANK27         

        CLASS   BANK26         

        CLASS   BANK25         

        CLASS   BANK24         

        CLASS   BANK23         

        CLASS   BANK22         

        CLASS   BANK21         

        CLASS   BANK20         

        CLASS   BANK19         

        CLASS   BANK18         

        CLASS   BANK17         

        CLASS   BANK16         

        CLASS   BANK15         

        CLASS   BANK14         

        CLASS   BANK13         

        CLASS   EEDATA         



SEGMENTS        Name                           Load    Length   Top    Selector   Space  Class     Delta

                reset_vec                      000000  000004  000004         0       0  CODE        2
                text25                         000007  000066  00006D         E       0  CODE        2
                cstackBANK0                    000020  000050  000070        20       1  BANK0       1
                cstackCOMMON                   000070  00000E  00007E        70       1  COMMON      1
                cstackBANK1                    0000A0  000030  0000D0        A0       1  BANK1       1
                text4                          00006D  000165  0001D2        DA       0  CODE        2
                bssBANK2                       000120  000040  000160       120       1  BANK2       1
                text1                          0001D2  000619  0007EB       3A4       0  CODE        2
                cinit                          0007EB  000031  00081C       FD6       0  CODE        2
                text17                         00081C  000064  000880      1038       0  CODE        2
                text9                          000880  0000B6  000936      1100       0  CODE        2
                text16                         000936  0000F6  000A2C      126C       0  CODE        2
                text10                         000A2C  00011D  000B49      1458       0  CODE        2
                text2                          000B49  000244  000D8D      1692       0  CODE        2
                maintext                       000D8D  000273  001000      1B1A       0  CODE        2
                stringtext                     001000  0001C2  0011C2      2000       0  STRCODE     2
                text31                         0013AA  000005  0013AF      2754       0  CODE        2
                text29                         0013AF  000006  0013B5      275E       0  CODE        2
                clrtext                        0013B5  000006  0013BB      276A       0  CODE        2
                text35                         0013BB  000008  0013C3      2776       0  CODE        2
                text27                         0013C3  000009  0013CC      2786       0  CODE        2
                text18                         0013CC  000009  0013D5      2798       0  CODE        2
                text32                         0013D5  00000C  0013E1      27AA       0  CODE        2
                text28                         0013E1  00000C  0013ED      27C2       0  CODE        2
                text26                         0013ED  00000D  0013FA      27DA       0  CODE        2
                text3                          0013FA  00000E  001408      27F4       0  CODE        2
                text22                         001408  000011  001419      2810       0  CODE        2
                text21                         001419  000011  00142A      2832       0  CODE        2
                text23                         00142A  000015  00143F      2854       0  CODE        2
                text20                         00143F  000019  001458      287E       0  CODE        2
                text34                         001458  00001E  001476      28B0       0  CODE        2
                text15                         001476  00001E  001494      28EC       0  CODE        2
                text30                         001494  000022  0014B6      2928       0  CODE        2
                text11                         0014B6  000028  0014DE      296C       0  CODE        2
                text33                         0014DE  000035  001513      29BC       0  CODE        2
                text19                         001513  00003B  00154E      2A26       0  CODE        2
                text12                         00154E  000042  001590      2A9C       0  CODE        2
                text7                          001590  000045  0015D5      2B20       0  CODE        2
                text24                         0015D5  00004C  001621      2BAA       0  CODE        2
                text13                         001621  000052  001673      2C42       0  CODE        2
                text8                          001673  000052  0016C5      2CE6       0  CODE        2
                text14                         0016C5  000087  00174C      2D8A       0  CODE        2
                text6                          00174C  0000B4  001800      2E98       0  CODE        2
                config                         008007  000002  008009     1000E       0  CONFIG      2


UNUSED ADDRESS RANGES

        Name                Unused          Largest block    Delta
        BANK1            000D0-000EF              20           1
        BANK10           00520-0056F              50           1
        BANK11           005A0-005EF              50           1
        BANK12           00620-0064F              30           1
        BANK2            00160-0016F              10           1
        BANK3            001A0-001EF              50           1
        BANK4            00220-0026F              50           1
        BANK5            002A0-002EF              50           1
        BANK6            00320-0036F              50           1
        BANK7            003A0-003EF              50           1
        BANK8            00420-0046F              50           1
        BANK9            004A0-004EF              50           1
        BIGRAM           02000-023EF             3F0           1
        CODE             00004-00006               3           2
                         011C2-013A9             1E8
                         01800-03FFF             800
        CONST            00004-00006               3           2
                         011C2-013A9             100
                         01800-03FFF             100
        ENTRY            00004-00006               3           2
                         011C2-013A9             100
                         01800-03FFF             100
        IDLOC            08000-08003               4           2
        RAM              000D0-000EF              20           1
                         00160-0016F              10
                         001A0-001EF              50
                         00220-0026F              50
                         002A0-002EF              50
                         00320-0036F              50
                         003A0-003EF              50
                         00420-0046F              50
                         004A0-004EF              50
                         00520-0056F              50
                         005A0-005EF              50
                         00620-0064F              30
        SFR0             00000-0001F              20           1
        SFR1             00080-0009F              20           1
        SFR10            00500-0051F              20           1
        SFR11            00580-0059F              20           1
        SFR12            00600-0061F              20           1
        SFR13            00680-006EF              70           1
        SFR14            00700-0076F              70           1
        SFR15            00780-007EF              70           1
        SFR16            00800-0086F              70           1
        SFR17            00880-008EF              70           1
        SFR18            00900-0096F              70           1
        SFR19            00980-009EF              70           1
        SFR2             00100-0011F              20           1
        SFR20            00A00-00A6F              70           1
        SFR21            00A80-00AEF              70           1
        SFR22            00B00-00B6F              70           1
        SFR23            00B80-00BEF              70           1
        SFR24            00C00-00C6F              70           1
        SFR25            00C80-00CEF              70           1
        SFR26            00D00-00D6F              70           1
        SFR27            00D80-00DEF              70           1
        SFR28            00E00-00E6F              70           1
        SFR29            00E80-00EEF              70           1
        SFR3             00180-0019F              20           1
        SFR30            00F00-00F6F              70           1
        SFR31            00F80-00FEF              70           1
        SFR4             00200-0021F              20           1
        SFR5             00280-0029F              20           1
        SFR6             00300-0031F              20           1
        SFR7             00380-0039F              20           1
        SFR8             00400-0041F              20           1
        SFR9             00480-0049F              20           1
        STACK            020E0-023EF             310           1
        STRCODE          00004-00006               3           2
                         011C2-013A9             1E8
                         01800-03FFF            2800
        STRING           00004-00006               3           2
                         011C2-013A9             100
                         01800-03FFF             100

                                  Symbol Table

?___awdiv                                        cstackCOMMON 00077
?___awmod                                        cstackCOMMON 00070
?___ftadd                                        cstackBANK0  00046
?___ftmul                                        cstackBANK0  00028
?___ftneg                                        cstackBANK0  00038
?___ftpack                                       cstackCOMMON 00070
?___ftsub                                        cstackBANK0  00053
?___fttol                                        cstackBANK0  00041
?___lldiv                                        cstackCOMMON 00070
?___llmod                                        cstackCOMMON 00070
?___lltoft                                       cstackCOMMON 00078
?___wmul                                         cstackBANK0  00024
?__div_to_l_                                     cstackCOMMON 00070
?__tdiv_to_l_                                    cstackCOMMON 00070
?_fround                                         cstackBANK0  00038
?_scale                                          cstackBANK0  00038
?_sprintf                                        cstackBANK0  00059
?_strlen                                         cstackCOMMON 00070
EUSART_SendString@i                              cstackBANK0  00022
EUSART_SendString@length                         cstackBANK0  00020
EUSART_SendString@pointer                        cstackBANK0  00024
EUSART_SendString@s                              cstackCOMMON 00076
EUSART_SendString@x                              cstackBANK0  00026
EUSART_Write@txData                              cstackCOMMON 00070
SPI_Exchange8bit@data                            cstackCOMMON 00070
SPI_Exchange8bitBuffer@bufLen                    cstackCOMMON 00071
SPI_Exchange8bitBuffer@bytesWritten              cstackCOMMON 00077
SPI_Exchange8bitBuffer@dataIn                    cstackCOMMON 00076
SPI_Exchange8bitBuffer@dataOut                   cstackCOMMON 00072
_ANSELA                                          (abs)        0018C
_ANSELB                                          (abs)        0018D
_ANSELC                                          (abs)        0018E
_APFCON                                          (abs)        0011D
_BAUDCON                                         (abs)        0019F
_EUSART_Initialize                               text32       013D5
_EUSART_SendString                               text33       014DE
_EUSART_Write                                    text35       013BB
_LATA                                            (abs)        0010C
_LATA0                                           (abs)        00860
_LATA3                                           (abs)        00863
_LATA4                                           (abs)        00864
_LATA5                                           (abs)        00865
_LATB                                            (abs)        0010D
_LATC                                            (abs)        0010E
_OPTION_REGbits                                  (abs)        00095
_OSCCON                                          (abs)        00099
_OSCILLATOR_Initialize                           text31       013AA
_OSCSTAT                                         (abs)        0009A
_PIN_MANAGER_Initialize                          text30       01494
_PIR1bits                                        (abs)        00011
_RB3                                             (abs)        0006B
_RCREG                                           (abs)        00199
_RCSTA                                           (abs)        0019D
_RCSTAbits                                       (abs)        0019D
_SPBRGH                                          (abs)        0019C
_SPBRGL                                          (abs)        0019B
_SPI_Exchange8bit                                text27       013C3
_SPI_Exchange8bitBuffer                          text24       015D5
_SPI_Initialize                                  text29       013AF
_SSP1ADD                                         (abs)        00212
_SSP1CON1                                        (abs)        00215
_SSP1CON1bits                                    (abs)        00215
_SSP1STAT                                        (abs)        00214
_SSP1STATbits                                    (abs)        00214
_SSPBUF                                          (abs)        00211
_SYSTEM_Initialize                               text28       013E1
_TRISA                                           (abs)        0008C
_TRISB                                           (abs)        0008D
_TRISB3                                          (abs)        0046B
_TRISC                                           (abs)        0008E
_TXREG                                           (abs)        0019A
_TXSTA                                           (abs)        0019E
_WPUB                                            (abs)        0020D
_WPUE                                            (abs)        00210
__CFG_BOREN$ON                                   (abs)        00000
__CFG_BORV$LO                                    (abs)        00000
__CFG_CLKOUTEN$OFF                               (abs)        00000
__CFG_CP$OFF                                     (abs)        00000
__CFG_FCMEN$ON                                   (abs)        00000
__CFG_FOSC$INTOSC                                (abs)        00000
__CFG_IESO$ON                                    (abs)        00000
__CFG_LPBOR$OFF                                  (abs)        00000
__CFG_LVP$OFF                                    (abs)        00000
__CFG_MCLRE$ON                                   (abs)        00000
__CFG_PWRTE$OFF                                  (abs)        00000
__CFG_STVREN$ON                                  (abs)        00000
__CFG_VCAPEN$OFF                                 (abs)        00000
__CFG_WDTE$OFF                                   (abs)        00000
__CFG_WRT$OFF                                    (abs)        00000
__Habs1                                          abs1         00000
__Hbank0                                         bank0        00000
__Hbank1                                         bank1        00000
__Hbank10                                        bank10       00000
__Hbank11                                        bank11       00000
__Hbank12                                        bank12       00000
__Hbank13                                        bank13       00000
__Hbank14                                        bank14       00000
__Hbank15                                        bank15       00000
__Hbank16                                        bank16       00000
__Hbank17                                        bank17       00000
__Hbank18                                        bank18       00000
__Hbank19                                        bank19       00000
__Hbank2                                         bank2        00000
__Hbank20                                        bank20       00000
__Hbank21                                        bank21       00000
__Hbank22                                        bank22       00000
__Hbank23                                        bank23       00000
__Hbank24                                        bank24       00000
__Hbank25                                        bank25       00000
__Hbank26                                        bank26       00000
__Hbank27                                        bank27       00000
__Hbank28                                        bank28       00000
__Hbank29                                        bank29       00000
__Hbank3                                         bank3        00000
__Hbank30                                        bank30       00000
__Hbank31                                        bank31       00000
__Hbank4                                         bank4        00000
__Hbank5                                         bank5        00000
__Hbank6                                         bank6        00000
__Hbank7                                         bank7        00000
__Hbank8                                         bank8        00000
__Hbank9                                         bank9        00000
__Hbigram                                        bigram       00000
__HbssBANK0                                      bssBANK0     00000
__HbssBANK1                                      bssBANK1     00000
__HbssBANK2                                      bssBANK2     00000
__Hcinit                                         cinit        00800
__Hclrtext                                       clrtext      00000
__Hcode                                          code         00000
__Hcommon                                        common       00000
__Hconfig                                        config       08009
__HcstackBANK0                                   cstackBANK0  00000
__HcstackBANK1                                   cstackBANK1  00000
__HcstackCOMMON                                  cstackCOMMON 00000
__Heeprom_data                                   eeprom_data  00000
__Hend_init                                      end_init     00004
__Hfunctab                                       functab      00000
__Hidloc                                         idloc        00000
__Hinit                                          init         00002
__Hintentry                                      intentry     00002
__Hmaintext                                      maintext     00000
__HnvBANK0                                       nvBANK0      00000
__Hpowerup                                       powerup      00000
__Hram                                           ram          00000
__Hreset_vec                                     reset_vec    00002
__Hsfr0                                          sfr0         00000
__Hsfr1                                          sfr1         00000
__Hsfr10                                         sfr10        00000
__Hsfr11                                         sfr11        00000
__Hsfr12                                         sfr12        00000
__Hsfr13                                         sfr13        00000
__Hsfr14                                         sfr14        00000
__Hsfr15                                         sfr15        00000
__Hsfr16                                         sfr16        00000
__Hsfr17                                         sfr17        00000
__Hsfr18                                         sfr18        00000
__Hsfr19                                         sfr19        00000
__Hsfr2                                          sfr2         00000
__Hsfr20                                         sfr20        00000
__Hsfr21                                         sfr21        00000
__Hsfr22                                         sfr22        00000
__Hsfr23                                         sfr23        00000
__Hsfr24                                         sfr24        00000
__Hsfr25                                         sfr25        00000
__Hsfr26                                         sfr26        00000
__Hsfr27                                         sfr27        00000
__Hsfr28                                         sfr28        00000
__Hsfr29                                         sfr29        00000
__Hsfr3                                          sfr3         00000
__Hsfr30                                         sfr30        00000
__Hsfr31                                         sfr31        00000
__Hsfr4                                          sfr4         00000
__Hsfr5                                          sfr5         00000
__Hsfr6                                          sfr6         00000
__Hsfr7                                          sfr7         00000
__Hsfr8                                          sfr8         00000
__Hsfr9                                          sfr9         00000
__Hspace_0                                       (abs)        08009
__Hspace_1                                       (abs)        00160
__Hspace_2                                       (abs)        00000
__Hspace_3                                       (abs)        00000
__Hstack                                         stack        00000
__Hstrings                                       strings      00000
__Hstringtext                                    stringtext   00000
__Htext                                          text         00000
__Labs1                                          abs1         00000
__Lbank0                                         bank0        00000
__Lbank1                                         bank1        00000
__Lbank10                                        bank10       00000
__Lbank11                                        bank11       00000
__Lbank12                                        bank12       00000
__Lbank13                                        bank13       00000
__Lbank14                                        bank14       00000
__Lbank15                                        bank15       00000
__Lbank16                                        bank16       00000
__Lbank17                                        bank17       00000
__Lbank18                                        bank18       00000
__Lbank19                                        bank19       00000
__Lbank2                                         bank2        00000
__Lbank20                                        bank20       00000
__Lbank21                                        bank21       00000
__Lbank22                                        bank22       00000
__Lbank23                                        bank23       00000
__Lbank24                                        bank24       00000
__Lbank25                                        bank25       00000
__Lbank26                                        bank26       00000
__Lbank27                                        bank27       00000
__Lbank28                                        bank28       00000
__Lbank29                                        bank29       00000
__Lbank3                                         bank3        00000
__Lbank30                                        bank30       00000
__Lbank31                                        bank31       00000
__Lbank4                                         bank4        00000
__Lbank5                                         bank5        00000
__Lbank6                                         bank6        00000
__Lbank7                                         bank7        00000
__Lbank8                                         bank8        00000
__Lbank9                                         bank9        00000
__Lbigram                                        bigram       00000
__LbssBANK0                                      bssBANK0     00000
__LbssBANK1                                      bssBANK1     00000
__LbssBANK2                                      bssBANK2     00000
__Lcinit                                         cinit        007EB
__Lclrtext                                       clrtext      00000
__Lcode                                          code         00000
__Lcommon                                        common       00000
__Lconfig                                        config       08007
__LcstackBANK0                                   cstackBANK0  00000
__LcstackBANK1                                   cstackBANK1  00000
__LcstackCOMMON                                  cstackCOMMON 00000
__Leeprom_data                                   eeprom_data  00000
__Lend_init                                      end_init     00002
__Lfunctab                                       functab      00000
__Lidloc                                         idloc        00000
__Linit                                          init         00002
__Lintentry                                      intentry     00002
__Lmaintext                                      maintext     00000
__LnvBANK0                                       nvBANK0      00000
__Lpowerup                                       powerup      00000
__Lram                                           ram          00000
__Lreset_vec                                     reset_vec    00000
__Lsfr0                                          sfr0         00000
__Lsfr1                                          sfr1         00000
__Lsfr10                                         sfr10        00000
__Lsfr11                                         sfr11        00000
__Lsfr12                                         sfr12        00000
__Lsfr13                                         sfr13        00000
__Lsfr14                                         sfr14        00000
__Lsfr15                                         sfr15        00000
__Lsfr16                                         sfr16        00000
__Lsfr17                                         sfr17        00000
__Lsfr18                                         sfr18        00000
__Lsfr19                                         sfr19        00000
__Lsfr2                                          sfr2         00000
__Lsfr20                                         sfr20        00000
__Lsfr21                                         sfr21        00000
__Lsfr22                                         sfr22        00000
__Lsfr23                                         sfr23        00000
__Lsfr24                                         sfr24        00000
__Lsfr25                                         sfr25        00000
__Lsfr26                                         sfr26        00000
__Lsfr27                                         sfr27        00000
__Lsfr28                                         sfr28        00000
__Lsfr29                                         sfr29        00000
__Lsfr3                                          sfr3         00000
__Lsfr30                                         sfr30        00000
__Lsfr31                                         sfr31        00000
__Lsfr4                                          sfr4         00000
__Lsfr5                                          sfr5         00000
__Lsfr6                                          sfr6         00000
__Lsfr7                                          sfr7         00000
__Lsfr8                                          sfr8         00000
__Lsfr9                                          sfr9         00000
__Lspace_0                                       (abs)        00000
__Lspace_1                                       (abs)        00000
__Lspace_2                                       (abs)        00000
__Lspace_3                                       (abs)        00000
__Lstack                                         stack        00000
__Lstrings                                       strings      00000
__Lstringtext                                    stringtext   00000
__Ltext                                          text         00000
__S0                                             (abs)        08009
__S1                                             (abs)        00160
__S2                                             (abs)        00000
___awdiv                                         text8        01673
___awdiv@counter                                 cstackBANK0  00020
___awdiv@dividend                                cstackCOMMON 00079
___awdiv@divisor                                 cstackCOMMON 00077
___awdiv@quotient                                cstackBANK0  00022
___awdiv@sign                                    cstackBANK0  00021
___awmod                                         text7        01590
___awmod@counter                                 cstackCOMMON 00075
___awmod@dividend                                cstackCOMMON 00072
___awmod@divisor                                 cstackCOMMON 00070
___awmod@sign                                    cstackCOMMON 00076
___ftadd                                         text16       00936
___ftadd@exp1                                    cstackBANK0  00052
___ftadd@exp2                                    cstackBANK0  00051
___ftadd@f1                                      cstackBANK0  00046
___ftadd@f2                                      cstackBANK0  00049
___ftadd@sign                                    cstackBANK0  00050
___ftge                                          text19       01513
___ftge@ff1                                      cstackCOMMON 00070
___ftge@ff2                                      cstackCOMMON 00073
___ftmul                                         text6        0174C
___ftmul@cntr                                    cstackBANK0  00036
___ftmul@exp                                     cstackBANK0  00032
___ftmul@f1                                      cstackBANK0  00028
___ftmul@f2                                      cstackBANK0  0002B
___ftmul@f3_as_product                           cstackBANK0  00033
___ftmul@sign                                    cstackBANK0  00037
___ftneg                                         text18       013CC
___ftneg@f1                                      cstackBANK0  00038
___ftpack                                        text17       0081C
___ftpack@arg                                    cstackCOMMON 00070
___ftpack@exp                                    cstackCOMMON 00073
___ftpack@sign                                   cstackCOMMON 00074
___ftsub                                         text15       01476
___ftsub@f1                                      cstackBANK0  00056
___ftsub@f2                                      cstackBANK0  00053
___fttol                                         text14       016C5
___fttol@exp1                                    cstackBANK0  0004E
___fttol@f1                                      cstackBANK0  00041
___fttol@lval                                    cstackBANK0  0004A
___fttol@sign1                                   cstackBANK0  00049
___int_sp                                        stack        00000
___latbits                                       (abs)        00003
___lldiv                                         text13       01621
___lldiv@counter                                 cstackCOMMON 0007D
___lldiv@dividend                                cstackCOMMON 00074
___lldiv@divisor                                 cstackCOMMON 00070
___lldiv@quotient                                cstackCOMMON 00079
___llmod                                         text12       0154E
___llmod@counter                                 cstackCOMMON 00079
___llmod@dividend                                cstackCOMMON 00074
___llmod@divisor                                 cstackCOMMON 00070
___lltoft                                        text11       014B6
___lltoft@c                                      cstackCOMMON 00078
___lltoft@exp                                    cstackCOMMON 0007D
___sp                                            stack        00000
___wmul                                          text5        00800
___wmul@multiplicand                             cstackBANK0  00026
___wmul@multiplier                               cstackBANK0  00024
___wmul@product                                  cstackCOMMON 0007C
__div_to_l_                                      text10       00A2C
__div_to_l_@cntr                                 cstackBANK0  00024
__div_to_l_@exp1                                 cstackBANK0  00025
__div_to_l_@f1                                   cstackCOMMON 00070
__div_to_l_@f2                                   cstackCOMMON 00073
__div_to_l_@quot                                 cstackBANK0  00020
__end_of_EUSART_Initialize                       text32       013E1
__end_of_EUSART_SendString                       text33       01513
__end_of_EUSART_Write                            text35       013C3
__end_of_OSCILLATOR_Initialize                   text31       013AF
__end_of_PIN_MANAGER_Initialize                  text30       014B6
__end_of_SPI_Exchange8bit                        text27       013CC
__end_of_SPI_Exchange8bitBuffer                  text24       01621
__end_of_SPI_Initialize                          text29       013B5
__end_of_SYSTEM_Initialize                       text28       013ED
__end_of___awdiv                                 text8        016C5
__end_of___awmod                                 text7        015D5
__end_of___ftadd                                 text16       00A2C
__end_of___ftge                                  text19       0154E
__end_of___ftmul                                 text6        01800
__end_of___ftneg                                 text18       013D5
__end_of___ftpack                                text17       00880
__end_of___ftsub                                 text15       01494
__end_of___fttol                                 text14       0174C
__end_of___lldiv                                 text13       01673
__end_of___llmod                                 text12       01590
__end_of___lltoft                                text11       014DE
__end_of___wmul                                  text5        0081C
__end_of__div_to_l_                              text10       00B49
__end_of__initialization                         cinit        007FD
__end_of__npowers_                               stringtext   0104F
__end_of__powers_                                stringtext   01076
__end_of__tdiv_to_l_                             text9        00936
__end_of_dpowers                                 stringtext   01028
__end_of_fround                                  text4        001D2
__end_of_isdigit                                 text3        01408
__end_of_main                                    maintext     01000
__end_of_maxim_31856_init                        text25       0006D
__end_of_maxim_31856_read_nregisters             text23       0143F
__end_of_maxim_31856_read_register               text22       01419
__end_of_maxim_31856_write_register              text26       013FA
__end_of_maxim_clear_fault_status                text21       0142A
__end_of_maxim_start_conversion                  text20       01458
__end_of_scale                                   text2        00D8D
__end_of_sprintf                                 text1        007EB
__end_of_strlen                                  text34       01476
__initialization                                 cinit        007EB
__npowers_                                       stringtext   01028
__pbssBANK0                                      bssBANK0     0006C
__pbssBANK1                                      bssBANK1     000B9
__pbssBANK2                                      bssBANK2     00120
__pcstackBANK0                                   cstackBANK0  00020
__pcstackBANK1                                   cstackBANK1  000A0
__pcstackCOMMON                                  cstackCOMMON 00070
__pmaintext                                      maintext     00D8D
__pnvBANK0                                       nvBANK0      0006F
__powers_                                        stringtext   0104F
__pstringtext                                    stringtext   01000
__ptext1                                         text1        001D2
__ptext10                                        text10       00A2C
__ptext11                                        text11       014B6
__ptext12                                        text12       0154E
__ptext13                                        text13       01621
__ptext14                                        text14       016C5
__ptext15                                        text15       01476
__ptext16                                        text16       00936
__ptext17                                        text17       0081C
__ptext18                                        text18       013CC
__ptext19                                        text19       01513
__ptext2                                         text2        00B49
__ptext20                                        text20       0143F
__ptext21                                        text21       01419
__ptext22                                        text22       01408
__ptext23                                        text23       0142A
__ptext24                                        text24       015D5
__ptext25                                        text25       00007
__ptext26                                        text26       013ED
__ptext27                                        text27       013C3
__ptext28                                        text28       013E1
__ptext29                                        text29       013AF
__ptext3                                         text3        013FA
__ptext30                                        text30       01494
__ptext31                                        text31       013AA
__ptext32                                        text32       013D5
__ptext33                                        text33       014DE
__ptext34                                        text34       01458
__ptext35                                        text35       013BB
__ptext4                                         text4        0006D
__ptext5                                         text5        00800
__ptext6                                         text6        0174C
__ptext7                                         text7        01590
__ptext8                                         text8        01673
__ptext9                                         text9        00880
__size_of_EUSART_Initialize                      (abs)        00000
__size_of_EUSART_SendString                      (abs)        00000
__size_of_EUSART_Write                           (abs)        00000
__size_of_OSCILLATOR_Initialize                  (abs)        00000
__size_of_PIN_MANAGER_Initialize                 (abs)        00000
__size_of_SPI_Exchange8bit                       (abs)        00000
__size_of_SPI_Exchange8bitBuffer                 (abs)        00000
__size_of_SPI_Initialize                         (abs)        00000
__size_of_SYSTEM_Initialize                      (abs)        00000
__size_of___awdiv                                (abs)        00000
__size_of___awmod                                (abs)        00000
__size_of___ftadd                                (abs)        00000
__size_of___ftge                                 (abs)        00000
__size_of___ftmul                                (abs)        00000
__size_of___ftneg                                (abs)        00000
__size_of___ftpack                               (abs)        00000
__size_of___ftsub                                (abs)        00000
__size_of___fttol                                (abs)        00000
__size_of___lldiv                                (abs)        00000
__size_of___llmod                                (abs)        00000
__size_of___lltoft                               (abs)        00000
__size_of___wmul                                 (abs)        00000
__size_of__div_to_l_                             (abs)        00000
__size_of__tdiv_to_l_                            (abs)        00000
__size_of_fround                                 (abs)        00000
__size_of_isdigit                                (abs)        00000
__size_of_main                                   (abs)        00000
__size_of_maxim_31856_init                       (abs)        00000
__size_of_maxim_31856_read_nregisters            (abs)        00000
__size_of_maxim_31856_read_register              (abs)        00000
__size_of_maxim_31856_write_register             (abs)        00000
__size_of_maxim_clear_fault_status               (abs)        00000
__size_of_maxim_start_conversion                 (abs)        00000
__size_of_scale                                  (abs)        00000
__size_of_sprintf                                (abs)        00000
__size_of_strlen                                 (abs)        00000
__tdiv_to_l_                                     text9        00880
__tdiv_to_l_@cntr                                cstackBANK0  00024
__tdiv_to_l_@exp1                                cstackBANK0  00025
__tdiv_to_l_@f1                                  cstackCOMMON 00070
__tdiv_to_l_@f2                                  cstackCOMMON 00073
__tdiv_to_l_@quot                                cstackBANK0  00020
_dpowers                                         stringtext   01000
_f_cold_junction_temperature                     bssBANK1     000BD
_f_linearized_tc_temperature                     bssBANK1     000C0
_fround                                          text4        0006D
_fround$747                                      cstackBANK0  00042
_fround$748                                      cstackBANK0  0003F
_isdigit                                         text3        013FA
_isdigit$547                                     cstackCOMMON 00070
_main                                            maintext     00D8D
_maxim_31856_init                                text25       00007
_maxim_31856_read_nregisters                     text23       0142A
_maxim_31856_read_register                       text22       01408
_maxim_31856_write_register                      text26       013ED
_maxim_clear_fault_status                        text21       01419
_maxim_start_conversion                          text20       0143F
_s                                               bssBANK2     00120
_scale                                           text2        00B49
_scale$749                                       cstackBANK0  0003D
_sprintf                                         text1        001D2
_sprintf$750                                     cstackBANK1  000A0
_strlen                                          text34       01458
_temperature_value                               bssBANK1     000B9
_uch_cjth                                        bssBANK0     0006C
_uch_cjtl                                        bssBANK1     000C3
_uch_cr0                                         nvBANK0      0006F
_uch_cr1                                         bssBANK1     000C4
_uch_ltcbh                                       bssBANK0     0006D
_uch_ltcbl                                       bssBANK1     000C5
_uch_ltcbm                                       bssBANK1     000C6
_uch_mask                                        bssBANK1     000C7
_uch_reg                                         bssBANK1     000C8
_uch_sr                                          bssBANK0     0006E
btemp                                            (abs)        0007E
clear_ram0                                       clrtext      013B5
end_of_initialization                            cinit        007FD
fround@prec                                      cstackBANK0  00045
intlevel0                                        functab      00000
intlevel1                                        functab      00000
intlevel2                                        functab      00000
intlevel3                                        functab      00000
intlevel4                                        functab      00000
intlevel5                                        functab      00000
isdigit@c                                        cstackCOMMON 00071
ltemp                                            (abs)        0007E
ltemp0                                           (abs)        0007E
ltemp1                                           (abs)        00082
ltemp2                                           (abs)        00086
ltemp3                                           (abs)        00080
maxim_31856_read_nregisters@uch_buff             cstackCOMMON 00078
maxim_31856_read_nregisters@uch_nBytes           cstackCOMMON 00079
maxim_31856_read_nregisters@uch_register_address cstackCOMMON 0007C
maxim_31856_read_register@uch_register_address   cstackCOMMON 00072
maxim_31856_read_register@uch_register_data      cstackCOMMON 00073
maxim_31856_write_register@uch_register_address  cstackCOMMON 00072
maxim_31856_write_register@uch_register_value    cstackCOMMON 00071
maxim_start_conversion@uch_conversion_mode       cstackCOMMON 00075
reset_vec                                        reset_vec    00000
scale@scl                                        cstackBANK0  00040
sprintf@ap                                       cstackBANK1  000A3
sprintf@c                                        cstackBANK1  000B8
sprintf@exp                                      cstackBANK1  000B0
sprintf@f                                        cstackBANK0  00059
sprintf@flag                                     cstackBANK1  000A8
sprintf@fval                                     cstackBANK1  000B2
sprintf@prec                                     cstackBANK1  000B6
sprintf@sp                                       cstackBANK1  000B5
sprintf@tmpval                                   cstackBANK1  000AC
sprintf@val                                      cstackBANK1  000A4
sprintf@width                                    cstackBANK1  000AA
stackhi                                          (abs)        023EF
stacklo                                          (abs)        020E0
start                                            init         00002
start_initialization                             cinit        007EB
strlen@cp                                        cstackCOMMON 00074
strlen@s                                         cstackCOMMON 00070
ttemp                                            (abs)        0007E
ttemp0                                           (abs)        0007E
ttemp1                                           (abs)        00081
ttemp2                                           (abs)        00084
ttemp3                                           (abs)        00087
ttemp4                                           (abs)        0007F
wtemp                                            (abs)        0007E
wtemp0                                           (abs)        0007E
wtemp1                                           (abs)        00080
wtemp2                                           (abs)        00082
wtemp3                                           (abs)        00084
wtemp4                                           (abs)        00086
wtemp5                                           (abs)        00088
wtemp6                                           (abs)        0007F


FUNCTION INFORMATION:

 *************** function _main *****************
 Defined at:
		line 58 in file "main.c"
 Parameters:    Size  Location     Type
		None
 Auto vars:     Size  Location     Type
		None
 Return value:  Size  Location     Type
                  1    wreg      void 
 Registers used:
		wreg, fsr0l, fsr0h, fsr1l, fsr1h, status,2, status,0, pclath, cstack
 Tracked objects:
		On entry : 
		On exit  : 
		Unchanged: 
 Data sizes:     COMMON   BANK0   BANK1   BANK2   BANK3   BANK4   BANK5   BANK6   BANK7   BANK8   BANK9  BANK10  BANK11  BANK12
      Params:         0       0       0       0       0       0       0       0       0       0       0       0       0       0
      Locals:         0       0       0       0       0       0       0       0       0       0       0       0       0       0
      Temps:          0       8       0       0       0       0       0       0       0       0       0       0       0       0
      Totals:         0       8       0       0       0       0       0       0       0       0       0       0       0       0
Total ram usage:        8 bytes
 Hardware stack levels required when called:    4
 This function calls:
		_EUSART_SendString
		_SYSTEM_Initialize
		___ftmul
		___ftneg
		___lltoft
		_maxim_31856_init
		_maxim_31856_read_nregisters
		_maxim_31856_write_register
		_maxim_clear_fault_status
		_maxim_start_conversion
		_sprintf
 This function is called by:
		Startup code after reset
 This function uses a non-reentrant model


 *************** function _sprintf *****************
 Defined at:
		line 492 in file "D:\Program Files (x86)\Microchip\xc8\v1.37\sources\common\doprnt.c"
 Parameters:    Size  Location     Type
  sp              1    wreg     PTR unsigned char 
		 -> s(64), 
  f               2   57[BANK0 ] PTR const unsigned char 
		 -> STR_4(3), STR_1(6), 
 Auto vars:     Size  Location     Type
  sp              1   21[BANK1 ] PTR unsigned char 
		 -> s(64), 
  tmpval          4   12[BANK1 ] struct .
  val             4    4[BANK1 ] unsigned long 
  fval            3   18[BANK1 ] unsigned long 
  prec            2   22[BANK1 ] int 
  exp             2   16[BANK1 ] int 
  width           2   10[BANK1 ] int 
  flag            2    8[BANK1 ] unsigned short 
  cp              2    0        PTR const unsigned char 
  len             2    0        unsigned int 
  c               1   24[BANK1 ] char 
  ap              1    3[BANK1 ] PTR void [1]
		 -> ?_sprintf(2), 
  d               1    0        unsigned char 
 Return value:  Size  Location     Type
                  2   57[BANK0 ] int 
 Registers used:
		wreg, fsr0l, fsr0h, fsr1l, fsr1h, status,2, status,0, pclath, cstack
 Tracked objects:
		On entry : 
		On exit  : 
		Unchanged: 
 Data sizes:     COMMON   BANK0   BANK1   BANK2   BANK3   BANK4   BANK5   BANK6   BANK7   BANK8   BANK9  BANK10  BANK11  BANK12
      Params:         0       5       0       0       0       0       0       0       0       0       0       0       0       0
      Locals:         0       0      25       0       0       0       0       0       0       0       0       0       0       0
      Temps:          0       6       0       0       0       0       0       0       0       0       0       0       0       0
      Totals:         0      11      25       0       0       0       0       0       0       0       0       0       0       0
Total ram usage:       36 bytes
 Hardware stack levels used:    1
 Hardware stack levels required when called:    3
 This function calls:
		___awdiv
		___ftadd
		___ftge
		___ftmul
		___ftneg
		___ftsub
		___fttol
		___lldiv
		___llmod
		___lltoft
		___wmul
		__div_to_l_
		__tdiv_to_l_
		_fround
		_isdigit
		_scale
 This function is called by:
		_main
 This function uses a non-reentrant model


 *************** function _scale *****************
 Defined at:
		line 425 in file "D:\Program Files (x86)\Microchip\xc8\v1.37\sources\common\doprnt.c"
 Parameters:    Size  Location     Type
  scl             1    wreg     char 
 Auto vars:     Size  Location     Type
  scl             1   32[BANK0 ] char 
 Return value:  Size  Location     Type
                  3   24[BANK0 ] char 
 Registers used:
		wreg, fsr0l, fsr0h, status,2, status,0, pclath, cstack
 Tracked objects:
		On entry : 
		On exit  : 
		Unchanged: 
 Data sizes:     COMMON   BANK0   BANK1   BANK2   BANK3   BANK4   BANK5   BANK6   BANK7   BANK8   BANK9  BANK10  BANK11  BANK12
      Params:         0       3       0       0       0       0       0       0       0       0       0       0       0       0
      Locals:         0       4       0       0       0       0       0       0       0       0       0       0       0       0
      Temps:          0       2       0       0       0       0       0       0       0       0       0       0       0       0
      Totals:         0       9       0       0       0       0       0       0       0       0       0       0       0       0
Total ram usage:        9 bytes
 Hardware stack levels used:    1
 Hardware stack levels required when called:    2
 This function calls:
		___awdiv
		___awmod
		___ftmul
		___wmul
 This function is called by:
		_sprintf
 This function uses a non-reentrant model


 *************** function _isdigit *****************
 Defined at:
		line 8 in file "D:\Program Files (x86)\Microchip\xc8\v1.37\sources\common\isdigit.c"
 Parameters:    Size  Location     Type
  c               1    wreg     unsigned char 
 Auto vars:     Size  Location     Type
  c               1    1[COMMON] unsigned char 
 Return value:  Size  Location     Type
		None               void
 Registers used:
		wreg, status,2, status,0
 Tracked objects:
		On entry : 
		On exit  : 
		Unchanged: 
 Data sizes:     COMMON   BANK0   BANK1   BANK2   BANK3   BANK4   BANK5   BANK6   BANK7   BANK8   BANK9  BANK10  BANK11  BANK12
      Params:         0       0       0       0       0       0       0       0       0       0       0       0       0       0
      Locals:         2       0       0       0       0       0       0       0       0       0       0       0       0       0
      Temps:          0       0       0       0       0       0       0       0       0       0       0       0       0       0
      Totals:         2       0       0       0       0       0       0       0       0       0       0       0       0       0
Total ram usage:        2 bytes
 Hardware stack levels used:    1
 This function calls:
		Nothing
 This function is called by:
		_sprintf
 This function uses a non-reentrant model


 *************** function _fround *****************
 Defined at:
		line 409 in file "D:\Program Files (x86)\Microchip\xc8\v1.37\sources\common\doprnt.c"
 Parameters:    Size  Location     Type
  prec            1    wreg     unsigned char 
 Auto vars:     Size  Location     Type
  prec            1   37[BANK0 ] unsigned char 
 Return value:  Size  Location     Type
                  3   24[BANK0 ] unsigned char 
 Registers used:
		wreg, fsr0l, fsr0h, status,2, status,0, pclath, cstack
 Tracked objects:
		On entry : 
		On exit  : 
		Unchanged: 
 Data sizes:     COMMON   BANK0   BANK1   BANK2   BANK3   BANK4   BANK5   BANK6   BANK7   BANK8   BANK9  BANK10  BANK11  BANK12
      Params:         0       3       0       0       0       0       0       0       0       0       0       0       0       0
      Locals:         0       7       0       0       0       0       0       0       0       0       0       0       0       0
      Temps:          0       4       0       0       0       0       0       0       0       0       0       0       0       0
      Totals:         0      14       0       0       0       0       0       0       0       0       0       0       0       0
Total ram usage:       14 bytes
 Hardware stack levels used:    1
 Hardware stack levels required when called:    2
 This function calls:
		___awdiv
		___awmod
		___ftmul
		___wmul
 This function is called by:
		_sprintf
 This function uses a non-reentrant model


 *************** function ___wmul *****************
 Defined at:
		line 15 in file "D:\Program Files (x86)\Microchip\xc8\v1.37\sources\common\Umul16.c"
 Parameters:    Size  Location     Type
  multiplier      2    4[BANK0 ] unsigned int 
  multiplicand    2    6[BANK0 ] unsigned int 
 Auto vars:     Size  Location     Type
  product         2   12[COMMON] unsigned int 
 Return value:  Size  Location     Type
                  2    4[BANK0 ] unsigned int 
 Registers used:
		wreg, status,2, status,0
 Tracked objects:
		On entry : 
		On exit  : 
		Unchanged: 
 Data sizes:     COMMON   BANK0   BANK1   BANK2   BANK3   BANK4   BANK5   BANK6   BANK7   BANK8   BANK9  BANK10  BANK11  BANK12
      Params:         0       4       0       0       0       0       0       0       0       0       0       0       0       0
      Locals:         2       0       0       0       0       0       0       0       0       0       0       0       0       0
      Temps:          0       0       0       0       0       0       0       0       0       0       0       0       0       0
      Totals:         2       4       0       0       0       0       0       0       0       0       0       0       0       0
Total ram usage:        6 bytes
 Hardware stack levels used:    1
 This function calls:
		Nothing
 This function is called by:
		_fround
		_scale
		_sprintf
 This function uses a non-reentrant model


 *************** function ___ftmul *****************
 Defined at:
		line 62 in file "D:\Program Files (x86)\Microchip\xc8\v1.37\sources\common\ftmul.c"
 Parameters:    Size  Location     Type
  f1              3    8[BANK0 ] float 
  f2              3   11[BANK0 ] float 
 Auto vars:     Size  Location     Type
  f3_as_produc    3   19[BANK0 ] unsigned um
  sign            1   23[BANK0 ] unsigned char 
  cntr            1   22[BANK0 ] unsigned char 
  exp             1   18[BANK0 ] unsigned char 
 Return value:  Size  Location     Type
                  3    8[BANK0 ] float 
 Registers used:
		wreg, status,2, status,0, pclath, cstack
 Tracked objects:
		On entry : 
		On exit  : 
		Unchanged: 
 Data sizes:     COMMON   BANK0   BANK1   BANK2   BANK3   BANK4   BANK5   BANK6   BANK7   BANK8   BANK9  BANK10  BANK11  BANK12
      Params:         0       6       0       0       0       0       0       0       0       0       0       0       0       0
      Locals:         0       6       0       0       0       0       0       0       0       0       0       0       0       0
      Temps:          0       4       0       0       0       0       0       0       0       0       0       0       0       0
      Totals:         0      16       0       0       0       0       0       0       0       0       0       0       0       0
Total ram usage:       16 bytes
 Hardware stack levels used:    1
 Hardware stack levels required when called:    1
 This function calls:
		___ftpack
 This function is called by:
		_main
		_fround
		_scale
		_sprintf
 This function uses a non-reentrant model


 *************** function ___awmod *****************
 Defined at:
		line 6 in file "D:\Program Files (x86)\Microchip\xc8\v1.37\sources\common\awmod.c"
 Parameters:    Size  Location     Type
  divisor         2    0[COMMON] int 
  dividend        2    2[COMMON] int 
 Auto vars:     Size  Location     Type
  sign            1    6[COMMON] unsigned char 
  counter         1    5[COMMON] unsigned char 
 Return value:  Size  Location     Type
                  2    0[COMMON] int 
 Registers used:
		wreg, status,2, status,0
 Tracked objects:
		On entry : 
		On exit  : 
		Unchanged: 
 Data sizes:     COMMON   BANK0   BANK1   BANK2   BANK3   BANK4   BANK5   BANK6   BANK7   BANK8   BANK9  BANK10  BANK11  BANK12
      Params:         4       0       0       0       0       0       0       0       0       0       0       0       0       0
      Locals:         2       0       0       0       0       0       0       0       0       0       0       0       0       0
      Temps:          1       0       0       0       0       0       0       0       0       0       0       0       0       0
      Totals:         7       0       0       0       0       0       0       0       0       0       0       0       0       0
Total ram usage:        7 bytes
 Hardware stack levels used:    1
 This function calls:
		Nothing
 This function is called by:
		_fround
		_scale
 This function uses a non-reentrant model


 *************** function ___awdiv *****************
 Defined at:
		line 6 in file "D:\Program Files (x86)\Microchip\xc8\v1.37\sources\common\awdiv.c"
 Parameters:    Size  Location     Type
  divisor         2    7[COMMON] int 
  dividend        2    9[COMMON] int 
 Auto vars:     Size  Location     Type
  quotient        2    2[BANK0 ] int 
  sign            1    1[BANK0 ] unsigned char 
  counter         1    0[BANK0 ] unsigned char 
 Return value:  Size  Location     Type
                  2    7[COMMON] int 
 Registers used:
		wreg, status,2, status,0
 Tracked objects:
		On entry : 
		On exit  : 
		Unchanged: 
 Data sizes:     COMMON   BANK0   BANK1   BANK2   BANK3   BANK4   BANK5   BANK6   BANK7   BANK8   BANK9  BANK10  BANK11  BANK12
      Params:         4       0       0       0       0       0       0       0       0       0       0       0       0       0
      Locals:         0       4       0       0       0       0       0       0       0       0       0       0       0       0
      Temps:          1       0       0       0       0       0       0       0       0       0       0       0       0       0
      Totals:         5       4       0       0       0       0       0       0       0       0       0       0       0       0
Total ram usage:        9 bytes
 Hardware stack levels used:    1
 This function calls:
		Nothing
 This function is called by:
		_fround
		_scale
		_sprintf
 This function uses a non-reentrant model


 *************** function __tdiv_to_l_ *****************
 Defined at:
		line 60 in file "D:\Program Files (x86)\Microchip\xc8\v1.37\sources\common\ftdivl.c"
 Parameters:    Size  Location     Type
  f1              3    0[COMMON] float 
  f2              3    3[COMMON] float 
 Auto vars:     Size  Location     Type
  quot            4    0[BANK0 ] unsigned long 
  exp1            1    5[BANK0 ] unsigned char 
  cntr            1    4[BANK0 ] unsigned char 
 Return value:  Size  Location     Type
                  4    0[COMMON] unsigned long 
 Registers used:
		wreg, status,2, status,0
 Tracked objects:
		On entry : 
		On exit  : 
		Unchanged: 
 Data sizes:     COMMON   BANK0   BANK1   BANK2   BANK3   BANK4   BANK5   BANK6   BANK7   BANK8   BANK9  BANK10  BANK11  BANK12
      Params:         6       0       0       0       0       0       0       0       0       0       0       0       0       0
      Locals:         0       6       0       0       0       0       0       0       0       0       0       0       0       0
      Temps:          4       0       0       0       0       0       0       0       0       0       0       0       0       0
      Totals:        10       6       0       0       0       0       0       0       0       0       0       0       0       0
Total ram usage:       16 bytes
 Hardware stack levels used:    1
 This function calls:
		Nothing
 This function is called by:
		_sprintf
 This function uses a non-reentrant model


 *************** function __div_to_l_ *****************
 Defined at:
		line 60 in file "D:\Program Files (x86)\Microchip\xc8\v1.37\sources\common\fldivl.c"
 Parameters:    Size  Location     Type
  f1              3    0[COMMON] unsigned long 
  f2              3    3[COMMON] unsigned long 
 Auto vars:     Size  Location     Type
  quot            4    0[BANK0 ] unsigned long 
  exp1            1    5[BANK0 ] unsigned char 
  cntr            1    4[BANK0 ] unsigned char 
 Return value:  Size  Location     Type
                  4    0[COMMON] unsigned long 
 Registers used:
		wreg, fsr1l, fsr1h, status,2, status,0
 Tracked objects:
		On entry : 
		On exit  : 
		Unchanged: 
 Data sizes:     COMMON   BANK0   BANK1   BANK2   BANK3   BANK4   BANK5   BANK6   BANK7   BANK8   BANK9  BANK10  BANK11  BANK12
      Params:         6       0       0       0       0       0       0       0       0       0       0       0       0       0
      Locals:         0       6       0       0       0       0       0       0       0       0       0       0       0       0
      Temps:          8       0       0       0       0       0       0       0       0       0       0       0       0       0
      Totals:        14       6       0       0       0       0       0       0       0       0       0       0       0       0
Total ram usage:       20 bytes
 Hardware stack levels used:    1
 This function calls:
		Nothing
 This function is called by:
		_sprintf
 This function uses a non-reentrant model


 *************** function ___lltoft *****************
 Defined at:
		line 35 in file "D:\Program Files (x86)\Microchip\xc8\v1.37\sources\common\lltoft.c"
 Parameters:    Size  Location     Type
  c               4    8[COMMON] unsigned long 
 Auto vars:     Size  Location     Type
  exp             1   13[COMMON] unsigned char 
 Return value:  Size  Location     Type
                  3    8[COMMON] float 
 Registers used:
		wreg, status,2, status,0, pclath, cstack
 Tracked objects:
		On entry : 
		On exit  : 
		Unchanged: 
 Data sizes:     COMMON   BANK0   BANK1   BANK2   BANK3   BANK4   BANK5   BANK6   BANK7   BANK8   BANK9  BANK10  BANK11  BANK12
      Params:         4       0       0       0       0       0       0       0       0       0       0       0       0       0
      Locals:         1       0       0       0       0       0       0       0       0       0       0       0       0       0
      Temps:          1       0       0       0       0       0       0       0       0       0       0       0       0       0
      Totals:         6       0       0       0       0       0       0       0       0       0       0       0       0       0
Total ram usage:        6 bytes
 Hardware stack levels used:    1
 Hardware stack levels required when called:    1
 This function calls:
		___ftpack
 This function is called by:
		_main
		_sprintf
 This function uses a non-reentrant model


[...]
      Totals:         1       0       0       0       0       0       0       0       0       0       0       0       0       0
Total ram usage:        1 bytes
 Hardware stack levels used:    1
 Hardware stack levels required when called:    2
 This function calls:
		_maxim_31856_write_register
 This function is called by:
		_main
 This function uses a non-reentrant model


 *************** function _maxim_31856_write_register *****************
 Defined at:
		line 18 in file "mcc_generated_files/max31856.c"
 Parameters:    Size  Location     Type
  uch_register    1    wreg     unsigned char 
  uch_register    1    1[COMMON] unsigned char 
 Auto vars:     Size  Location     Type
  uch_register    1    2[COMMON] unsigned char 
 Return value:  Size  Location     Type
                  1    wreg      void 
 Registers used:
		wreg, status,2, status,0, pclath, cstack
 Tracked objects:
		On entry : 
		On exit  : 
		Unchanged: 
 Data sizes:     COMMON   BANK0   BANK1   BANK2   BANK3   BANK4   BANK5   BANK6   BANK7   BANK8   BANK9  BANK10  BANK11  BANK12
      Params:         1       0       0       0       0       0       0       0       0       0       0       0       0       0
      Locals:         1       0       0       0       0       0       0       0       0       0       0       0       0       0
      Temps:          0       0       0       0       0       0       0       0       0       0       0       0       0       0
      Totals:         2       0       0       0       0       0       0       0       0       0       0       0       0       0
Total ram usage:        2 bytes
 Hardware stack levels used:    1
 Hardware stack levels required when called:    1
 This function calls:
		_SPI_Exchange8bit
 This function is called by:
		_main
		_maxim_31856_init
		_maxim_start_conversion
		_maxim_clear_fault_status
		_maxim_stop_conversion
		_maxim_disable_oc_fault_detection
		_maxim_set_oc_fault_detection
 This function uses a non-reentrant model


 *************** function _SPI_Exchange8bit *****************
 Defined at:
		line 77 in file "mcc_generated_files/spi.c"
 Parameters:    Size  Location     Type
  data            1    wreg     unsigned char 
 Auto vars:     Size  Location     Type
  data            1    0[COMMON] unsigned char 
 Return value:  Size  Location     Type
                  1    wreg      unsigned char 
 Registers used:
		wreg
 Tracked objects:
		On entry : 
		On exit  : 
		Unchanged: 
 Data sizes:     COMMON   BANK0   BANK1   BANK2   BANK3   BANK4   BANK5   BANK6   BANK7   BANK8   BANK9  BANK10  BANK11  BANK12
      Params:         0       0       0       0       0       0       0       0       0       0       0       0       0       0
      Locals:         1       0       0       0       0       0       0       0       0       0       0       0       0       0
      Temps:          0       0       0       0       0       0       0       0       0       0       0       0       0       0
      Totals:         1       0       0       0       0       0       0       0       0       0       0       0       0       0
Total ram usage:        1 bytes
 Hardware stack levels used:    1
 This function calls:
		Nothing
 This function is called by:
		_SPI_Exchange8bitBuffer
		_maxim_31856_write_register
		_maxim_31856_read_register
		_maxim_31856_read_nregisters
 This function uses a non-reentrant model


 *************** function _SYSTEM_Initialize *****************
 Defined at:
		line 70 in file "mcc_generated_files/mcc.c"
 Parameters:    Size  Location     Type
		None
 Auto vars:     Size  Location     Type
		None
 Return value:  Size  Location     Type
                  1    wreg      void 
 Registers used:
		wreg, status,2, status,0, pclath, cstack
 Tracked objects:
		On entry : 
		On exit  : 
		Unchanged: 
 Data sizes:     COMMON   BANK0   BANK1   BANK2   BANK3   BANK4   BANK5   BANK6   BANK7   BANK8   BANK9  BANK10  BANK11  BANK12
      Params:         0       0       0       0       0       0       0       0       0       0       0       0       0       0
      Locals:         0       0       0       0       0       0       0       0       0       0       0       0       0       0
      Temps:          0       0       0       0       0       0       0       0       0       0       0       0       0       0
      Totals:         0       0       0       0       0       0       0       0       0       0       0       0       0       0
Total ram usage:        0 bytes
 Hardware stack levels used:    1
 Hardware stack levels required when called:    1
 This function calls:
		_EUSART_Initialize
		_OSCILLATOR_Initialize
		_PIN_MANAGER_Initialize
		_SPI_Initialize
 This function is called by:
		_main
 This function uses a non-reentrant model


 *************** function _SPI_Initialize *****************
 Defined at:
		line 64 in file "mcc_generated_files/spi.c"
 Parameters:    Size  Location     Type
		None
 Auto vars:     Size  Location     Type
		None
 Return value:  Size  Location     Type
                  1    wreg      void 
 Registers used:
		wreg, status,2
 Tracked objects:
		On entry : 
		On exit  : 
		Unchanged: 
 Data sizes:     COMMON   BANK0   BANK1   BANK2   BANK3   BANK4   BANK5   BANK6   BANK7   BANK8   BANK9  BANK10  BANK11  BANK12
      Params:         0       0       0       0       0       0       0       0       0       0       0       0       0       0
      Locals:         0       0       0       0       0       0       0       0       0       0       0       0       0       0
      Temps:          0       0       0       0       0       0       0       0       0       0       0       0       0       0
      Totals:         0       0       0       0       0       0       0       0       0       0       0       0       0       0
Total ram usage:        0 bytes
 Hardware stack levels used:    1
 This function calls:
		Nothing
 This function is called by:
		_SYSTEM_Initialize
 This function uses a non-reentrant model


 *************** function _PIN_MANAGER_Initialize *****************
 Defined at:
		line 50 in file "mcc_generated_files/pin_manager.c"
 Parameters:    Size  Location     Type
		None
 Auto vars:     Size  Location     Type
		None
 Return value:  Size  Location     Type
                  1    wreg      void 
 Registers used:
		wreg, status,2
 Tracked objects:
		On entry : 
		On exit  : 
		Unchanged: 
 Data sizes:     COMMON   BANK0   BANK1   BANK2   BANK3   BANK4   BANK5   BANK6   BANK7   BANK8   BANK9  BANK10  BANK11  BANK12
      Params:         0       0       0       0       0       0       0       0       0       0       0       0       0       0
      Locals:         0       0       0       0       0       0       0       0       0       0       0       0       0       0
      Temps:          0       0       0       0       0       0       0       0       0       0       0       0       0       0
      Totals:         0       0       0       0       0       0       0       0       0       0       0       0       0       0
Total ram usage:        0 bytes
 Hardware stack levels used:    1
 This function calls:
		Nothing
 This function is called by:
		_SYSTEM_Initialize
 This function uses a non-reentrant model


 *************** function _OSCILLATOR_Initialize *****************
 Defined at:
		line 77 in file "mcc_generated_files/mcc.c"
 Parameters:    Size  Location     Type
		None
 Auto vars:     Size  Location     Type
		None
 Return value:  Size  Location     Type
                  1    wreg      void 
 Registers used:
		wreg, status,2
 Tracked objects:
		On entry : 
		On exit  : 
		Unchanged: 
 Data sizes:     COMMON   BANK0   BANK1   BANK2   BANK3   BANK4   BANK5   BANK6   BANK7   BANK8   BANK9  BANK10  BANK11  BANK12
      Params:         0       0       0       0       0       0       0       0       0       0       0       0       0       0
      Locals:         0       0       0       0       0       0       0       0       0       0       0       0       0       0
      Temps:          0       0       0       0       0       0       0       0       0       0       0       0       0       0
      Totals:         0       0       0       0       0       0       0       0       0       0       0       0       0       0
Total ram usage:        0 bytes
 Hardware stack levels used:    1
 This function calls:
		Nothing
 This function is called by:
		_SYSTEM_Initialize
 This function uses a non-reentrant model


 *************** function _EUSART_Initialize *****************
 Defined at:
		line 56 in file "mcc_generated_files/eusart.c"
 Parameters:    Size  Location     Type
		None
 Auto vars:     Size  Location     Type
		None
 Return value:  Size  Location     Type
                  1    wreg      void 
 Registers used:
		wreg
 Tracked objects:
		On entry : 
		On exit  : 
		Unchanged: 
 Data sizes:     COMMON   BANK0   BANK1   BANK2   BANK3   BANK4   BANK5   BANK6   BANK7   BANK8   BANK9  BANK10  BANK11  BANK12
      Params:         0       0       0       0       0       0       0       0       0       0       0       0       0       0
      Locals:         0       0       0       0       0       0       0       0       0       0       0       0       0       0
      Temps:          0       0       0       0       0       0       0       0       0       0       0       0       0       0
      Totals:         0       0       0       0       0       0       0       0       0       0       0       0       0       0
Total ram usage:        0 bytes
 Hardware stack levels used:    1
 This function calls:
		Nothing
 This function is called by:
		_SYSTEM_Initialize
 This function uses a non-reentrant model


 *************** function _EUSART_SendString *****************
 Defined at:
		line 20 in file "mcc_generated_files/debug.c"
 Parameters:    Size  Location     Type
  s               2    6[COMMON] PTR unsigned char 
		 -> STR_14(34), STR_13(42), STR_12(37), STR_11(38), 
		 -> STR_10(26), STR_9(27), STR_8(28), STR_7(29), 
		 -> STR_6(3), STR_5(31), STR_3(3), STR_2(31), 
		 -> s(64), 
 Auto vars:     Size  Location     Type
  pointer         2    4[BANK0 ] PTR unsigned char 
		 -> STR_14(34), STR_13(42), STR_12(37), STR_11(38), 
		 -> STR_10(26), STR_9(27), STR_8(28), STR_7(29), 
		 -> STR_6(3), STR_5(31), STR_3(3), STR_2(31), 
		 -> s(64), 
  i               2    2[BANK0 ] int 
  length          2    0[BANK0 ] int 
  x               1    6[BANK0 ] unsigned char 
 Return value:  Size  Location     Type
                  1    wreg      void 
 Registers used:
		wreg, fsr0l, fsr0h, status,2, status,0, pclath, cstack
 Tracked objects:
		On entry : 
		On exit  : 
		Unchanged: 
 Data sizes:     COMMON   BANK0   BANK1   BANK2   BANK3   BANK4   BANK5   BANK6   BANK7   BANK8   BANK9  BANK10  BANK11  BANK12
      Params:         2       0       0       0       0       0       0       0       0       0       0       0       0       0
      Locals:         0       7       0       0       0       0       0       0       0       0       0       0       0       0
      Temps:          1       0       0       0       0       0       0       0       0       0       0       0       0       0
      Totals:         3       7       0       0       0       0       0       0       0       0       0       0       0       0
Total ram usage:       10 bytes
 Hardware stack levels used:    1
 Hardware stack levels required when called:    1
 This function calls:
		_EUSART_Write
		_strlen
 This function is called by:
		_main
 This function uses a non-reentrant model


 *************** function _strlen *****************
 Defined at:
		line 4 in file "D:\Program Files (x86)\Microchip\xc8\v1.37\sources\common\strlen.c"
 Parameters:    Size  Location     Type
  s               2    0[COMMON] PTR const unsigned char 
		 -> STR_14(34), STR_13(42), STR_12(37), STR_11(38), 
		 -> STR_10(26), STR_9(27), STR_8(28), STR_7(29), 
		 -> STR_6(3), STR_5(31), STR_3(3), STR_2(31), 
		 -> s(64), 
 Auto vars:     Size  Location     Type
  cp              2    4[COMMON] PTR const unsigned char 
		 -> STR_14(34), STR_13(42), STR_12(37), STR_11(38), 
		 -> STR_10(26), STR_9(27), STR_8(28), STR_7(29), 
		 -> STR_6(3), STR_5(31), STR_3(3), STR_2(31), 
		 -> s(64), 
 Return value:  Size  Location     Type
                  2    0[COMMON] unsigned int 
 Registers used:
		wreg, fsr0l, fsr0h, status,2, status,0
 Tracked objects:
		On entry : 
		On exit  : 
		Unchanged: 
 Data sizes:     COMMON   BANK0   BANK1   BANK2   BANK3   BANK4   BANK5   BANK6   BANK7   BANK8   BANK9  BANK10  BANK11  BANK12
      Params:         2       0       0       0       0       0       0       0       0       0       0       0       0       0
      Locals:         2       0       0       0       0       0       0       0       0       0       0       0       0       0
      Temps:          2       0       0       0       0       0       0       0       0       0       0       0       0       0
      Totals:         6       0       0       0       0       0       0       0       0       0       0       0       0       0
Total ram usage:        6 bytes
 Hardware stack levels used:    1
 This function calls:
		Nothing
 This function is called by:
		_EUSART_SendString
 This function uses a non-reentrant model


 *************** function _EUSART_Write *****************
 Defined at:
		line 91 in file "mcc_generated_files/eusart.c"
 Parameters:    Size  Location     Type
  txData          1    wreg     unsigned char 
 Auto vars:     Size  Location     Type
  txData          1    0[COMMON] unsigned char 
 Return value:  Size  Location     Type
                  1    wreg      void 
 Registers used:
		wreg
 Tracked objects:
		On entry : 
		On exit  : 
		Unchanged: 
 Data sizes:     COMMON   BANK0   BANK1   BANK2   BANK3   BANK4   BANK5   BANK6   BANK7   BANK8   BANK9  BANK10  BANK11  BANK12
      Params:         0       0       0       0       0       0       0       0       0       0       0       0       0       0
      Locals:         1       0       0       0       0       0       0       0       0       0       0       0       0       0
      Temps:          0       0       0       0       0       0       0       0       0       0       0       0       0       0
      Totals:         1       0       0       0       0       0       0       0       0       0       0       0       0       0
Total ram usage:        1 bytes
 Hardware stack levels used:    1
 This function calls:
		Nothing
 This function is called by:
		_EUSART_SendString
 This function uses a non-reentrant model



MODULE INFORMATION

Module		Function		Class		Link	Load	Size
mcc_generated_files/debug.c
		_EUSART_SendString		CODE           	14DE	0000	54

mcc_generated_files/debug.c estimated size: 54

mcc_generated_files/max31856.c
		_maxim_31856_read_nregisters		CODE           	142A	0000	22
		_maxim_31856_read_register		CODE           	1408	0000	18
		_maxim_31856_init		CODE           	0007	0000	103
		_maxim_clear_fault_status		CODE           	1419	0000	18
		_maxim_start_conversion		CODE           	143F	0000	26
		_maxim_31856_write_register		CODE           	13ED	0000	14

mcc_generated_files/max31856.c estimated size: 201

D:\Program Files (x86)\Microchip\xc8\v1.37\sources\common\ftdivl.c
		__tdiv_to_l_   		CODE           	0880	0000	183

D:\Program Files (x86)\Microchip\xc8\v1.37\sources\common\ftdivl.c estimated size: 183

D:\Program Files (x86)\Microchip\xc8\v1.37\sources\common\ftadd.c
		___ftadd       		CODE           	0936	0000	247

D:\Program Files (x86)\Microchip\xc8\v1.37\sources\common\ftadd.c estimated size: 247

D:\Program Files (x86)\Microchip\xc8\v1.37\sources\common\ftsub.c
		___ftsub       		CODE           	1476	0000	31

D:\Program Files (x86)\Microchip\xc8\v1.37\sources\common\ftsub.c estimated size: 31

D:\Program Files (x86)\Microchip\xc8\v1.37\sources\common\fldivl.c
		__div_to_l_    		CODE           	0A2C	0000	286

D:\Program Files (x86)\Microchip\xc8\v1.37\sources\common\fldivl.c estimated size: 286

mcc_generated_files/pin_manager.c
		_PIN_MANAGER_Initialize		CODE           	1494	0000	35

mcc_generated_files/pin_manager.c estimated size: 35

D:\Program Files (x86)\Microchip\xc8\v1.37\sources\common\isdigit.c
		_isdigit       		CODE           	13FA	0000	15

D:\Program Files (x86)\Microchip\xc8\v1.37\sources\common\isdigit.c estimated size: 15

D:\Program Files (x86)\Microchip\xc8\v1.37\sources\common\ftneg.c
		___ftneg       		CODE           	13CC	0000	10

D:\Program Files (x86)\Microchip\xc8\v1.37\sources\common\ftneg.c estimated size: 10

D:\Program Files (x86)\Microchip\xc8\v1.37\sources\common\float.c
		___ftpack      		CODE           	081C	0000	101

D:\Program Files (x86)\Microchip\xc8\v1.37\sources\common\float.c estimated size: 101

D:\Program Files (x86)\Microchip\xc8\v1.37\sources\common\awmod.c
		___awmod       		CODE           	1590	0000	70

D:\Program Files (x86)\Microchip\xc8\v1.37\sources\common\awmod.c estimated size: 70

mcc_generated_files/spi.c
		_SPI_Exchange8bitBuffer		CODE           	15D5	0000	77
		_SPI_Exchange8bit		CODE           	13C3	0000	10
		_SPI_Initialize		CODE           	13AF	0000	7

mcc_generated_files/spi.c estimated size: 94

D:\Program Files (x86)\Microchip\xc8\v1.37\sources\common\llmod.c
		___llmod       		CODE           	154E	0000	67

D:\Program Files (x86)\Microchip\xc8\v1.37\sources\common\llmod.c estimated size: 67

shared
		__powers_      		STRCODE        	104F	0000	40
		_dpowers       		STRCODE        	1000	0000	41
		__npowers_     		STRCODE        	1028	0000	40
		__initialization		CODE           	07EB	0000	19

shared estimated size: 140

D:\Program Files (x86)\Microchip\xc8\v1.37\sources\common\ftge.c
		___ftge        		CODE           	1513	0000	60

D:\Program Files (x86)\Microchip\xc8\v1.37\sources\common\ftge.c estimated size: 60

D:\Program Files (x86)\Microchip\xc8\v1.37\sources\common\strlen.c
		_strlen        		CODE           	1458	0000	31

D:\Program Files (x86)\Microchip\xc8\v1.37\sources\common\strlen.c estimated size: 31

D:\Program Files (x86)\Microchip\xc8\v1.37\sources\common\lltoft.c
		___lltoft      		CODE           	14B6	0000	41

D:\Program Files (x86)\Microchip\xc8\v1.37\sources\common\lltoft.c estimated size: 41

mcc_generated_files/mcc.c
		_OSCILLATOR_Initialize		CODE           	13AA	0000	6
		_SYSTEM_Initialize		CODE           	13E1	0000	13

mcc_generated_files/mcc.c estimated size: 19

D:\Program Files (x86)\Microchip\xc8\v1.37\sources\common\ftmul.c
		___ftmul       		CODE           	174C	0000	181

D:\Program Files (x86)\Microchip\xc8\v1.37\sources\common\ftmul.c estimated size: 181

D:\Program Files (x86)\Microchip\xc8\v1.37\sources\common\fttol.c
		___fttol       		CODE           	16C5	0000	136

D:\Program Files (x86)\Microchip\xc8\v1.37\sources\common\fttol.c estimated size: 136

D:\Program Files (x86)\Microchip\xc8\v1.37\sources\common\doprnt.c
		_scale         		CODE           	0B49	0000	581
		_sprintf       		CODE           	01D2	0000	1562
		_fround        		CODE           	006D	0000	358

D:\Program Files (x86)\Microchip\xc8\v1.37\sources\common\doprnt.c estimated size: 2501

mcc_generated_files/eusart.c
		_EUSART_Write  		CODE           	13BB	0000	9
		_EUSART_Initialize		CODE           	13D5	0000	13

mcc_generated_files/eusart.c estimated size: 22

D:\Program Files (x86)\Microchip\xc8\v1.37\sources\common\awdiv.c
		___awdiv       		CODE           	1673	0000	83

D:\Program Files (x86)\Microchip\xc8\v1.37\sources\common\awdiv.c estimated size: 83

main.c
		_main          		CODE           	0D8D	0000	628

main.c estimated size: 628

D:\Program Files (x86)\Microchip\xc8\v1.37\sources\common\lldiv.c
		___lldiv       		CODE           	1621	0000	83

D:\Program Files (x86)\Microchip\xc8\v1.37\sources\common\lldiv.c estimated size: 83

D:\Program Files (x86)\Microchip\xc8\v1.37\sources\common\Umul16.c
		___wmul        		CODE           	0800	0000	29

D:\Program Files (x86)\Microchip\xc8\v1.37\sources\common\Umul16.c estimated size: 29

