Microchip MPLAB XC8 Compiler V1.37 ()

Linker command line:

-W-3 --edf=D:\Program Files (x86)\Microchip\xc8\v1.37\dat\en_msgs.txt -cs \
  -h+dist/default/production\thermocouple.X.production.sym \
  --cmf=dist/default/production\thermocouple.X.production.cmf -z -Q16F1518 \
  -oC:\Users\ADMINI~1\AppData\Local\Temp\sdn0.2 \
  -Mdist/default/production/thermocouple.X.production.map -E1 -ver=XC8 \
  -ASTACK=02130h-023efh -pstack=STACK -ACODE=00h-07FFhx8 \
  -ASTRCODE=00h-03FFFh -ASTRING=00h-0FFhx64 -ACONST=00h-0FFhx64 \
  -AENTRY=00h-0FFhx64 -ACOMMON=070h-07Fh -ABANK0=020h-06Fh \
  -ABANK1=0A0h-0EFh -ABANK2=0120h-016Fh -ABANK3=01A0h-01EFh \
  -ABANK4=0220h-026Fh -ABANK5=02A0h-02EFh -ABANK6=0320h-036Fh \
  -ABANK7=03A0h-03EFh -ABANK8=0420h-046Fh -ABANK9=04A0h-04EFh \
  -ABANK10=0520h-056Fh -ABANK11=05A0h-05EFh -ABANK12=0620h-064Fh \
  -ABIGRAM=02000h-023EFh \
  -ARAM=020h-06Fh,0A0h-0EFh,0120h-016Fh,01A0h-01EFh,0220h-026Fh,02A0h-02EFh,0320h-036Fh,03A0h-03EFh,0420h-046Fh,04A0h-04EFh,0520h-056Fh,05A0h-05EFh,0620h-064Fh \
  -AABS1=020h-07Fh,0A0h-0EFh,0120h-016Fh,01A0h-01EFh,0220h-026Fh,02A0h-02EFh,0320h-036Fh,03A0h-03EFh,0420h-046Fh,04A0h-04EFh,0520h-056Fh,05A0h-05EFh,0620h-064Fh \
  -ASFR0=00h-01Fh -ASFR1=080h-09Fh -ASFR2=0100h-011Fh -ASFR3=0180h-019Fh \
  -ASFR4=0200h-021Fh -ASFR5=0280h-029Fh -ASFR6=0300h-031Fh \
  -ASFR7=0380h-039Fh -ASFR8=0400h-041Fh -ASFR9=0480h-049Fh \
  -ASFR10=0500h-051Fh -ASFR11=0580h-059Fh -ASFR12=0600h-061Fh \
  -ASFR13=0680h-06EFh -ASFR14=0700h-076Fh -ASFR15=0780h-07EFh \
  -ASFR16=0800h-086Fh -ASFR17=0880h-08EFh -ASFR18=0900h-096Fh \
  -ASFR19=0980h-09EFh -ASFR20=0A00h-0A6Fh -ASFR21=0A80h-0AEFh \
  -ASFR22=0B00h-0B6Fh -ASFR23=0B80h-0BEFh -ASFR24=0C00h-0C6Fh \
  -ASFR25=0C80h-0CEFh -ASFR26=0D00h-0D6Fh -ASFR27=0D80h-0DEFh \
  -ASFR28=0E00h-0E6Fh -ASFR29=0E80h-0EEFh -ASFR30=0F00h-0F6Fh \
  -ASFR31=0F80h-0FEFh -preset_vec=00h,intentry=04h,init,end_init \
  -ppowerup=CODE -pcinit=CODE -pfunctab=CODE -ACONFIG=08007h-08008h \
  -pconfig=CONFIG -DCONFIG=2 -AIDLOC=08000h-08003h -pidloc=IDLOC -DIDLOC=2 \
  -DCODE=2 -DSTRCODE=2 -DSTRING=2 -DCONST=2 -DENTRY=2 -k \
  C:\Users\ADMINI~1\AppData\Local\Temp\sdn0.obj \
  dist/default/production\thermocouple.X.production.obj 

Object code version is 3.11

Machine type is 16F1518



                Name                               Link     Load   Length Selector   Space Scale
C:\Users\ADMINI~1\AppData\Local\Temp\sdn0.obj
                end_init                             27       27        2        8       0
                reset_vec                             0        0        2        0       0
                config                             8007     8007        2    1000E       0
dist/default/production\thermocouple.X.production.obj
                cinit                                29       29       28        8       0
                intentry                              4        4       23        8       0
                text72                              658      658       A4        8       0
                text71                              D58      D58       68     1AB0       0
                text70                             15EE     15EE       1D     2BDC       0
                text69                             148D     148D        6     291A       0
                text68                             1581     1581       1B     2B02       0
                text66                             1645     1645       1E     2C8A       0
                text65                             1663     1663       20     2CC6       0
                text64                             1683     1683       20     2D06       0
                text63                              E9B      E9B       73     1D36       0
                text62                              AFA      AFA       4D     15F4       0
                text61                              C3E      C3E       56     187C       0
                text60                             160B     160B       1D     2C16       0
                text59                             1628     1628       1D     2C50       0
                text58                              9B5      9B5       3B     136A       0
                text57                              97C      97C       39     12F8       0
                text56                              844      844       30     1088       0
                text55                              F0E      F0E       78     1E1C       0
                text54                             1502     1502       12     2A04       0
                text53                             1527     1527       15     2A4E       0
                text52                              CF4      CF4       64     19E8       0
                text51                              B98      B98       52     1730       0
                text50                              A6A      A6A       46     14D4       0
                text49                             17A3     17A3       2E     2F46       0
                text48                              C94      C94       60     1928       0
                text47                              F86      F86       7A     1F0C       0
                text46                             14D2     14D2       10     29A4       0
                text45                              DC0      DC0       69     1B80       0
                text44                              9F0      9F0       3C     13E0       0
                text43                             14B3     14B3        9     2966       0
                text42                             1727     1727       23     2E4E       0
                text41                             16C3     16C3       21     2D86       0
                text40                             1551     1551       18     2AA2       0
                text39                             1488     1488        5     2910       0
                text38                             1493     1493        6     2926       0
                text37                             16E4     16E4       21     2DC8       0
                text36                              8A5      8A5       35     114A       0
                text35                              874      874       31     10E8       0
                text34                             14C6     14C6        C     298C       0
                text33                              B47      B47       51     168E       0
                text32                             1569     1569       18     2AD2       0
                text31                             153C     153C       15     2A78       0
                text30                             14E2     14E2       10     29C4       0
                text29                             16A3     16A3       20     2D46       0
                text28                              AB0      AB0       4A     1560       0
                text27                              8DA      8DA       35     11B4       0
                text26                             1776     1776       2D     2EEC       0
                text25                             159C     159C       1B     2B38       0
                text24                              4E3      4E3       D1        8       0
                text23                             174A     174A       2C     2E94       0
                text22                             1514     1514       13     2A28       0
                text21                              90F      90F       36     121E       0
                text20                              E29      E29       72     1C52       0
                text19                             17D1     17D1       2F     2FA2       0
                text18                              815      815       2F     102A       0
                text17                             15D2     15D2       1C     2BA4       0
                text16                              26B      26B      19E        8       0
                text15                               51       51      21A        8       0
                text14                              A2C      A2C       3E     1458       0
                text13                              6FC      6FC       96        8       0
                text12                              945      945       37     128A       0
                text11                              5B4      5B4       A4        8       0
                text10                             14AB     14AB        8     2956       0
                text9                              15B7     15B7       1B     2B6E       0
                text8                              1484     1484        4     2908       0
                text7                               7FB      7FB        5        8       0
                text6                              1705     1705       22     2E0A       0
                text5                              1499     1499        6     2932       0
                text4                              14F2     14F2       10     29E4       0
                text3                               800      800       15     1000       0
                text2                               792      792       69        8       0
                text1                               BEA      BEA       54     17D4       0
                maintext                            409      409       DA        8       0
                cstackBANK0                          20       20       4E       20       1
                cstackCOMMON                         70       70        E       70       1
                cstackBANK2                         166      166        5      120       1
                inittext                           149F     149F        6     293E       0
                clrtext                            14A5     14A5        6     294A       0
                bssBANK3                            1A0      1A0       40      1A0       1
                dataBANK2                           15C      15C        A      120       1
                bssBANK2                            120      120       3C      120       1
                bssBANK1                             A0       A0       4B       A0       1
                bssBANK0                             6E       6E        1       20       1
                nvBANK1                              EB       EB        2       A0       1
                stringtext                         1800     1800       15     3000       0
                idataBANK2                         14BC     14BC        A     2978       0

TOTAL           Name                               Link     Load   Length     Space
        CLASS   STACK          

        CLASS   CODE           
                end_init                             27       27        2         0
                cinit                                29       29       28         0
                intentry                              4        4       23         0
                reset_vec                             0        0        2         0
                text72                              658      658       A4         0
                text71                              D58      D58       68         0
                text70                             15EE     15EE       1D         0
                text69                             148D     148D        6         0
                text68                             1581     1581       1B         0
                text66                             1645     1645       1E         0
                text65                             1663     1663       20         0
                text64                             1683     1683       20         0
                text63                              E9B      E9B       73         0
                text62                              AFA      AFA       4D         0
                text61                              C3E      C3E       56         0
                text60                             160B     160B       1D         0
                text59                             1628     1628       1D         0
                text58                              9B5      9B5       3B         0
                text57                              97C      97C       39         0
                text56                              844      844       30         0
                text55                              F0E      F0E       78         0
                text54                             1502     1502       12         0
                text53                             1527     1527       15         0
                text52                              CF4      CF4       64         0
                text51                              B98      B98       52         0
                text50                              A6A      A6A       46         0
                text49                             17A3     17A3       2E         0
                text48                              C94      C94       60         0
                text47                              F86      F86       7A         0
                text46                             14D2     14D2       10         0
                text45                              DC0      DC0       69         0
                text44                              9F0      9F0       3C         0
                text43                             14B3     14B3        9         0
                text42                             1727     1727       23         0
                text41                             16C3     16C3       21         0
                text40                             1551     1551       18         0
                text39                             1488     1488        5         0
                text38                             1493     1493        6         0
                text37                             16E4     16E4       21         0
                text36                              8A5      8A5       35         0
                text35                              874      874       31         0
                text34                             14C6     14C6        C         0
                text33                              B47      B47       51         0
                text32                             1569     1569       18         0
                text31                             153C     153C       15         0
                text30                             14E2     14E2       10         0
                text29                             16A3     16A3       20         0
                text28                              AB0      AB0       4A         0
                text27                              8DA      8DA       35         0
                text26                             1776     1776       2D         0
                text25                             159C     159C       1B         0
                text24                              4E3      4E3       D1         0
                text23                             174A     174A       2C         0
                text22                             1514     1514       13         0
                text21                              90F      90F       36         0
                text20                              E29      E29       72         0
                text19                             17D1     17D1       2F         0
                text18                              815      815       2F         0
                text17                             15D2     15D2       1C         0
                text16                              26B      26B      19E         0
                text15                               51       51      21A         0
                text14                              A2C      A2C       3E         0
                text13                              6FC      6FC       96         0
                text12                              945      945       37         0
                text11                              5B4      5B4       A4         0
                text10                             14AB     14AB        8         0
                text9                              15B7     15B7       1B         0
                text8                              1484     1484        4         0
                text7                               7FB      7FB        5         0
                text6                              1705     1705       22         0
                text5                              1499     1499        6         0
                text4                              14F2     14F2       10         0
                text3                               800      800       15         0
                text2                               792      792       69         0
                text1                               BEA      BEA       54         0
                maintext                            409      409       DA         0
                inittext                           149F     149F        6         0
                clrtext                            14A5     14A5        6         0
                idataBANK2                         14BC     14BC        A         0

        CLASS   STRCODE        
                stringtext                         1800     1800       15         0

        CLASS   STRING         

        CLASS   CONST          

        CLASS   ENTRY          

        CLASS   COMMON         
                cstackCOMMON                         70       70        E         1

        CLASS   BANK0          
                cstackBANK0                          20       20       4E         1
                bssBANK0                             6E       6E        1         1

        CLASS   BANK1          
                bssBANK1                             A0       A0       4B         1
                nvBANK1                              EB       EB        2         1

        CLASS   BANK2          
                cstackBANK2                         166      166        5         1
                dataBANK2                           15C      15C        A         1
                bssBANK2                            120      120       3C         1

        CLASS   BANK3          
                bssBANK3                            1A0      1A0       40         1

        CLASS   BANK4          

        CLASS   BANK5          

        CLASS   BANK6          

        CLASS   BANK7          

        CLASS   BANK8          

        CLASS   BANK9          

        CLASS   BANK10         

        CLASS   BANK11         

        CLASS   BANK12         

        CLASS   BIGRAM         

        CLASS   RAM            

        CLASS   ABS1           
                abs_s1                               7E       7E        2         1

        CLASS   SFR0           

        CLASS   SFR1           

        CLASS   SFR2           

        CLASS   SFR3           

        CLASS   SFR4           

        CLASS   SFR5           

        CLASS   SFR6           

        CLASS   SFR7           

        CLASS   SFR8           

        CLASS   SFR9           

        CLASS   SFR10          

        CLASS   SFR11          

        CLASS   SFR12          

        CLASS   SFR13          

        CLASS   SFR14          

        CLASS   SFR15          

        CLASS   SFR16          

        CLASS   SFR17          

        CLASS   SFR18          

        CLASS   SFR19          

        CLASS   SFR20          

        CLASS   SFR21          

        CLASS   SFR22          

        CLASS   SFR23          

        CLASS   SFR24          

        CLASS   SFR25          

        CLASS   SFR26          

        CLASS   SFR27          

        CLASS   SFR28          

        CLASS   SFR29          

        CLASS   SFR30          

        CLASS   SFR31          

        CLASS   CONFIG         
                config                             8007     8007        2         0

        CLASS   IDLOC          

        CLASS   BANK31         

        CLASS   BANK30         

        CLASS   BANK29         

        CLASS   BANK28         

        CLASS   BANK27         

        CLASS   BANK26         

        CLASS   BANK25         

        CLASS   BANK24         

        CLASS   BANK23         

        CLASS   BANK22         

        CLASS   BANK21         

        CLASS   BANK20         

        CLASS   BANK19         

        CLASS   BANK18         

        CLASS   BANK17         

        CLASS   BANK16         

        CLASS   BANK15         

        CLASS   BANK14         

        CLASS   BANK13         

        CLASS   EEDATA         



SEGMENTS        Name                           Load    Length   Top    Selector   Space  Class     Delta

                reset_vec                      000000  000002  000002         0       0  CODE        2
                intentry                       000004  0007FC  000800         8       0  CODE        2
                cstackBANK0                    000020  00004F  00006F        20       1  BANK0       1
                cstackCOMMON                   000070  00000E  00007E        70       1  COMMON      1
                bssBANK1                       0000A0  00004D  0000ED        A0       1  BANK1       1
                bssBANK2                       000120  00004B  00016B       120       1  BANK2       1
                bssBANK3                       0001A0  000040  0001E0       1A0       1  BANK3       1
                text3                          000800  000015  000815      1000       0  CODE        2
                text18                         000815  00002F  000844      102A       0  CODE        2
                text56                         000844  000030  000874      1088       0  CODE        2
                text35                         000874  000031  0008A5      10E8       0  CODE        2
                text36                         0008A5  000035  0008DA      114A       0  CODE        2
                text27                         0008DA  000035  00090F      11B4       0  CODE        2
                text21                         00090F  000036  000945      121E       0  CODE        2
                text12                         000945  000037  00097C      128A       0  CODE        2
                text57                         00097C  000039  0009B5      12F8       0  CODE        2
                text58                         0009B5  00003B  0009F0      136A       0  CODE        2
                text44                         0009F0  00003C  000A2C      13E0       0  CODE        2
                text14                         000A2C  00003E  000A6A      1458       0  CODE        2
                text50                         000A6A  000046  000AB0      14D4       0  CODE        2
                text28                         000AB0  00004A  000AFA      1560       0  CODE        2
                text62                         000AFA  00004D  000B47      15F4       0  CODE        2
                text33                         000B47  000051  000B98      168E       0  CODE        2
                text51                         000B98  000052  000BEA      1730       0  CODE        2
                text1                          000BEA  000054  000C3E      17D4       0  CODE        2
                text61                         000C3E  000056  000C94      187C       0  CODE        2
                text48                         000C94  000060  000CF4      1928       0  CODE        2
                text52                         000CF4  000064  000D58      19E8       0  CODE        2
                text71                         000D58  000068  000DC0      1AB0       0  CODE        2
                text45                         000DC0  000069  000E29      1B80       0  CODE        2
                text20                         000E29  000072  000E9B      1C52       0  CODE        2
                text63                         000E9B  000073  000F0E      1D36       0  CODE        2
                text55                         000F0E  000078  000F86      1E1C       0  CODE        2
                text47                         000F86  00007A  001000      1F0C       0  CODE        2
                text8                          001484  000004  001488      2908       0  CODE        2
                text39                         001488  000005  00148D      2910       0  CODE        2
                text69                         00148D  000006  001493      291A       0  CODE        2
                text38                         001493  000006  001499      2926       0  CODE        2
                text5                          001499  000006  00149F      2932       0  CODE        2
                inittext                       00149F  000006  0014A5      293E       0  CODE        2
                clrtext                        0014A5  000006  0014AB      294A       0  CODE        2
                text10                         0014AB  000008  0014B3      2956       0  CODE        2
                text43                         0014B3  000009  0014BC      2966       0  CODE        2
                idataBANK2                     0014BC  00000A  0014C6      2978       0  CODE        2
                text34                         0014C6  00000C  0014D2      298C       0  CODE        2
                text46                         0014D2  000010  0014E2      29A4       0  CODE        2
                text30                         0014E2  000010  0014F2      29C4       0  CODE        2
                text4                          0014F2  000010  001502      29E4       0  CODE        2
                text54                         001502  000012  001514      2A04       0  CODE        2
                text22                         001514  000013  001527      2A28       0  CODE        2
                text53                         001527  000015  00153C      2A4E       0  CODE        2
                text31                         00153C  000015  001551      2A78       0  CODE        2
                text40                         001551  000018  001569      2AA2       0  CODE        2
                text32                         001569  000018  001581      2AD2       0  CODE        2
                text68                         001581  00001B  00159C      2B02       0  CODE        2
                text25                         00159C  00001B  0015B7      2B38       0  CODE        2
                text9                          0015B7  00001B  0015D2      2B6E       0  CODE        2
                text17                         0015D2  00001C  0015EE      2BA4       0  CODE        2
                text70                         0015EE  00001D  00160B      2BDC       0  CODE        2
                text60                         00160B  00001D  001628      2C16       0  CODE        2
                text59                         001628  00001D  001645      2C50       0  CODE        2
                text66                         001645  00001E  001663      2C8A       0  CODE        2
                text65                         001663  000020  001683      2CC6       0  CODE        2
                text64                         001683  000020  0016A3      2D06       0  CODE        2
                text29                         0016A3  000020  0016C3      2D46       0  CODE        2
                text41                         0016C3  000021  0016E4      2D86       0  CODE        2
                text37                         0016E4  000021  001705      2DC8       0  CODE        2
                text6                          001705  000022  001727      2E0A       0  CODE        2
                text42                         001727  000023  00174A      2E4E       0  CODE        2
                text23                         00174A  00002C  001776      2E94       0  CODE        2
                text26                         001776  00002D  0017A3      2EEC       0  CODE        2
                text49                         0017A3  00002E  0017D1      2F46       0  CODE        2
                text19                         0017D1  00002F  001800      2FA2       0  CODE        2
                stringtext                     001800  000015  001815      3000       0  STRCODE     2
                config                         008007  000002  008009     1000E       0  CONFIG      2


UNUSED ADDRESS RANGES

        Name                Unused          Largest block    Delta
        BANK0            0006F-0006F               1           1
        BANK1            000ED-000EF               3           1
        BANK10           00520-0056F              50           1
        BANK11           005A0-005EF              50           1
        BANK12           00620-0064F              30           1
        BANK2            0016B-0016F               5           1
        BANK3            001E0-001EF              10           1
        BANK4            00220-0026F              50           1
        BANK5            002A0-002EF              50           1
        BANK6            00320-0036F              50           1
        BANK7            003A0-003EF              50           1
        BANK8            00420-0046F              50           1
        BANK9            004A0-004EF              50           1
        BIGRAM           02000-023EF             3F0           1
        CODE             00002-00003               2           2
                         01000-01483             484
                         01815-03FFF             800
        CONST            00002-00003               2           2
                         01000-01483             100
                         01815-03FFF             100
        ENTRY            00002-00003               2           2
                         01000-01483             100
                         01815-03FFF             100
        IDLOC            08000-08003               4           2
        RAM              0006F-0006F               1           1
                         000ED-000EF               3
                         0016B-0016F               5
                         001E0-001EF              10
                         00220-0026F              50
                         002A0-002EF              50
                         00320-0036F              50
                         003A0-003EF              50
                         00420-0046F              50
                         004A0-004EF              50
                         00520-0056F              50
                         005A0-005EF              50
                         00620-0064F              30
        SFR0             00000-0001F              20           1
        SFR1             00080-0009F              20           1
        SFR10            00500-0051F              20           1
        SFR11            00580-0059F              20           1
        SFR12            00600-0061F              20           1
        SFR13            00680-006EF              70           1
        SFR14            00700-0076F              70           1
        SFR15            00780-007EF              70           1
        SFR16            00800-0086F              70           1
        SFR17            00880-008EF              70           1
        SFR18            00900-0096F              70           1
        SFR19            00980-009EF              70           1
        SFR2             00100-0011F              20           1
        SFR20            00A00-00A6F              70           1
        SFR21            00A80-00AEF              70           1
        SFR22            00B00-00B6F              70           1
        SFR23            00B80-00BEF              70           1
        SFR24            00C00-00C6F              70           1
        SFR25            00C80-00CEF              70           1
        SFR26            00D00-00D6F              70           1
        SFR27            00D80-00DEF              70           1
        SFR28            00E00-00E6F              70           1
        SFR29            00E80-00EEF              70           1
        SFR3             00180-0019F              20           1
        SFR30            00F00-00F6F              70           1
        SFR31            00F80-00FEF              70           1
        SFR4             00200-0021F              20           1
        SFR5             00280-0029F              20           1
        SFR6             00300-0031F              20           1
        SFR7             00380-0039F              20           1
        SFR8             00400-0041F              20           1
        SFR9             00480-0049F              20           1
        STACK            02130-023EF             2C0           1
        STRCODE          00002-00003               2           2
                         01000-01483             484
                         01815-03FFF            27EB
        STRING           00002-00003               2           2
                         01000-01483             100
                         01815-03FFF             100

                                  Symbol Table

?_ADC_GetConversion                              cstackBANK0  00021
?_CRC_cal                                        cstackBANK0  00021
?_FLASH_ReadWord                                 cstackBANK0  00021
?___awdiv                                        cstackBANK0  00021
?___awmod                                        cstackBANK0  00021
?___lwdiv                                        cstackBANK0  00027
?___lwmod                                        cstackBANK0  00021
?___wmul                                         cstackBANK0  00021
ADC_GetConversion@channel                        cstackBANK0  00024
Bq32k_Rtc_Read_Time@p                            cstackBANK0  00035
Bq32k_Rtc_Read_Time@temp                         cstackBANK0  0002B
Bq32k_Rtc_Write_Time@p                           cstackBANK0  0003E
Bq32k_Rtc_Write_Time@temp                        cstackBANK0  00034
Bq32k_Time_Init@F2027                            dataBANK2    0015C
Bq32k_Time_Init@temp                             cstackBANK0  0003E
CRC_cal@frame_len                                cstackBANK0  00021
CRC_cal@i                                        cstackBANK0  00028
CRC_cal@remainder                                cstackBANK0  00029
CRC_cal@rx_arr                                   cstackBANK0  00027
Calculate_Time@temp                              cstackBANK0  0004C
Calculate_Time@temp1                             cstackBANK0  00050
Calculate_Time@temp2                             cstackBANK0  00054
EUSART_Receive_ISR@rx_tmp                        cstackCOMMON 0007D
EUSART_Write@txData                              cstackBANK0  00021
FLASH_EraseBlock@GIEBitValue                     cstackBANK0  00023
FLASH_EraseBlock@startAddr                       cstackBANK0  00021
FLASH_ReadWord@GIEBitValue                       cstackBANK0  00023
FLASH_ReadWord@flashAddr                         cstackBANK0  00021
FLASH_WriteBlock@GIEBitValue                     cstackBANK0  0002E
FLASH_WriteBlock@blockStartAddr                  cstackBANK0  0002C
FLASH_WriteBlock@flashWordArray                  cstackBANK0  00026
FLASH_WriteBlock@i                               cstackBANK0  0002F
FLASH_WriteBlock@writeAddr                       cstackBANK0  00024
FLASH_WriteWord@blockStartAddr                   cstackBANK0  00039
FLASH_WriteWord@flashAddr                        cstackBANK0  00030
FLASH_WriteWord@i                                cstackBANK0  0003B
FLASH_WriteWord@offset                           cstackBANK0  00038
FLASH_WriteWord@ramBuf                           cstackBANK0  00032
FLASH_WriteWord@word                             cstackBANK0  00034
I2C_Read_Buffer@ADD                              cstackBANK0  00027
I2C_Read_Buffer@Flag                             cstackBANK0  00028
I2C_Read_Buffer@Length                           cstackBANK0  00025
I2C_Read_Buffer@buff                             cstackBANK0  00024
I2C_Receive_Byte@Data                            cstackBANK0  00022
I2C_Receive_Byte@i                               cstackBANK0  00023
I2C_Send_Buffer@ADD                              cstackBANK0  00028
I2C_Send_Buffer@Flag                             cstackBANK0  0002A
I2C_Send_Buffer@Length                           cstackBANK0  00025
I2C_Send_Buffer@buff                             cstackBANK0  00024
I2C_Send_Buffer@i                                cstackBANK0  00029
I2C_Send_Byte@Data                               cstackBANK0  00022
I2C_Send_Byte@i                                  cstackBANK0  00023
Key_Process@data_temp                            cstackBANK0  00066
Key_Process@gKeyValue                            cstackBANK0  00068
Key_Process@i                                    cstackBANK0  00069
Key_Scan@Key_val                                 cstackBANK0  00023
Read_time_to_Com@crc_tmp                         cstackBANK0  0003C
Read_time_to_Com@i                               cstackBANK0  0003E
Read_time_to_Com@tmp_buf                         cstackBANK0  0002C
RxFrameCheck@frame_len                           cstackCOMMON 00070
RxFrameCheck@i                                   cstackCOMMON 00077
RxFrameCheck@remainder                           cstackCOMMON 00079
RxFrameCheck@rx_arr                              cstackCOMMON 00078
RxFrameCheck@tmp_crc                             cstackCOMMON 00075
SPI_Exchange8bit@data                            cstackBANK0  00021
SPI_Exchange8bitBuffer@bufLen                    cstackBANK0  00022
SPI_Exchange8bitBuffer@bytesWritten              cstackBANK0  00028
SPI_Exchange8bitBuffer@dataIn                    cstackBANK0  00027
SPI_Exchange8bitBuffer@dataOut                   cstackBANK0  00023
Save_Write_word@data                             cstackBANK0  0003C
Save_process@var_time                            cstackBANK0  0005A
SendBit_1621@cnt                                 cstackBANK0  00021
SendBit_1621@data                                cstackBANK0  00023
SendBit_1621@i                                   cstackBANK0  00024
SendCmd_1621@command                             cstackBANK0  00026
SendDataBit_1621@cnt                             cstackBANK0  00021
SendDataBit_1621@data                            cstackBANK0  00023
SendDataBit_1621@i                               cstackBANK0  00024
Serach_Flash_Head@count                          cstackBANK0  0003D
Serach_Flash_Head@data                           cstackBANK0  0003E
Serach_Flash_Head@i                              cstackBANK0  00040
TMR0_ISR@CountCallBack                           bssBANK1     000A4
Tc_Display@count                                 cstackBANK0  00030
Tc_Display@data                                  cstackBANK0  00031
Two_Display@F2132                                bssBANK2     00130
Two_Display@num                                  cstackBANK0  0002C
Two_Display@number                               cstackBANK0  00030
WriteAll_1621@addr                               cstackBANK0  00029
WriteAll_1621@cnt                                cstackBANK0  00027
WriteAll_1621@i                                  cstackBANK0  0002A
WriteAll_1621@p                                  cstackBANK0  00025
_ADCON0                                          (abs)        0009D
_ADCON0bits                                      (abs)        0009D
_ADCON1                                          (abs)        0009E
_ADC_GetConversion                               text66       01645
_ADC_Initialize                                  text10       014AB
_ADRESH                                          (abs)        0009C
_ADRESL                                          (abs)        0009B
_ANSELA                                          (abs)        0018C
_ANSELB                                          (abs)        0018D
_ANSELC                                          (abs)        0018E
_APFCON                                          (abs)        0011D
_BAUDCON                                         (abs)        0019F
_Bq32k_Rtc_Read_Time                             text52       00CF4
_Bq32k_Rtc_Write_Time                            text48       00C94
_Bq32k_Time_Init                                 text57       0097C
_CH1_state                                       bssBANK1     000B0
_CH1_temperature                                 bssBANK1     000A6
_CH2_state                                       bssBANK1     000B1
_CH2_temperature                                 bssBANK1     000A8
_CRC_cal                                         text47       00F86
_Calculate_Time                                  text16       0026B
_Com_Process                                     text43       014B3
_Cur_Save_Index                                  bssBANK1     000AA
_Cur_temperature_time_ch1                        bssBANK1     000B2
_Cur_temperature_time_ch2                        bssBANK1     000B3
_Dis_TAB                                         stringtext   01800
_EUSART_Initialize                               text9        015B7
_EUSART_Receive_ISR                              text71       00D58
_EUSART_Transmit_ISR                             text70       015EE
_EUSART_Write                                    text46       014D2
_FLASH_EraseBlock                                text64       01683
_FLASH_ReadWord                                  text65       01663
_FLASH_WriteBlock                                text63       00E9B
_FLASH_WriteWord                                 text62       00AFA
_FVRCON                                          (abs)        00117
_FVRCONbits                                      (abs)        00117
_FVR_Initialize                                  text8        01484
_Flash_buff                                      bssBANK3     001A0
_I2C_Read_Buffer                                 text55       00F0E
_I2C_Receive_Byte                                text56       00844
_I2C_Send_Buffer                                 text58       009B5
_I2C_Send_Byte                                   text61       00C3E
_I2C_Start                                       text60       0160B
_I2C_Stop                                        text59       01628
_INTCONbits                                      (abs)        0000B
_INTERRUPT_InterruptManager                      intentry     00004
_Key_Process                                     text11       005B4
_Key_Scan                                        text42       01727
_LATA                                            (abs)        0010C
_LATA0                                           (abs)        00860
_LATA1                                           (abs)        00861
_LATA2                                           (abs)        00862
_LATA3                                           (abs)        00863
_LATA4                                           (abs)        00864
_LATA5                                           (abs)        00865
_LATA6                                           (abs)        00866
_LATB                                            (abs)        0010D
_LATB0                                           (abs)        00868
_LATB1                                           (abs)        00869
_LATC                                            (abs)        0010E
_LATC0                                           (abs)        00870
_LATC1                                           (abs)        00871
_LATC2                                           (abs)        00872
_LongPressSec                                    bssBANK1     000B4
_MAX31856Sec                                     bssBANK1     000B5
_OPTION_REG                                      (abs)        00095
_OPTION_REGbits                                  (abs)        00095
_OSCCON                                          (abs)        00099
_OSCILLATOR_Initialize                           text7        007FB
_OSCSTAT                                         (abs)        0009A
_PIE1bits                                        (abs)        00091
_PIN_MANAGER_Initialize                          text6        01705
_PIR1bits                                        (abs)        00011
_PMADRH                                          (abs)        00192
_PMADRL                                          (abs)        00191
_PMCON1bits                                      (abs)        00195
_PMCON2                                          (abs)        00196
_PMDATH                                          (abs)        00194
_PMDATL                                          (abs)        00193
_RA7                                             (abs)        00067
_RB1                                             (abs)        00069
_RB3                                             (abs)        0006B
_RB5                                             (abs)        0006D
_RCREG                                           (abs)        00199
_RCSTA                                           (abs)        0019D
_RCSTAbits                                       (abs)        0019D
_Read_time_to_Com                                text45       00DC0
_Record_flag                                     bssBANK1     000B6
_RxFrameCheck                                    text72       00658
_SPBRGH                                          (abs)        0019C
_SPBRGL                                          (abs)        0019B
_SPI_Exchange8bit                                text34       014C6
_SPI_Exchange8bitBuffer                          text33       00B47
_SPI_Initialize                                  text5        01499
_SSP1ADD                                         (abs)        00212
_SSP1CON1                                        (abs)        00215
_SSP1CON1bits                                    (abs)        00215
_SSP1STAT                                        (abs)        00214
_SSP1STATbits                                    (abs)        00214
_SSPBUF                                          (abs)        00211
_SWDTEN                                          (abs)        004B8
_SYSTEM_Initialize                               text3        00800
_Save_Write_time                                 text20       00E29
_Save_Write_word                                 text21       0090F
_Save_process                                    text2        00792
_SendBit_1621                                    text41       016C3
_SendCmd_1621                                    text40       01551
_SendDataBit_1621                                text37       016E4
_Serach_Flash_Head                               text1        00BEA
_Set_finish_flag                                 text39       01488
_Set_start_flag                                  text38       01493
_Set_time_cmd_flag                               bssBANK1     000B7
_Set_time_from_Com                               text44       009F0
_TMR0                                            (abs)        00015
_TMR0_CallBack                                   text69       0148D
_TMR0_ISR                                        text68       01581
_TMR0_Initialize                                 text4        014F2
_TRISA                                           (abs)        0008C
_TRISB                                           (abs)        0008D
_TRISB1                                          (abs)        00469
_TRISB3                                          (abs)        0046B
_TRISC                                           (abs)        0008E
_TXREG                                           (abs)        0019A
_TXSTA                                           (abs)        0019E
_Tc_Display                                      text24       004E3
_Two_Display                                     text35       00874
_Usart_Rx_Buff                                   bssBANK2     0013C
_Usart_Rx_Cnt                                    bssBANK1     000B8
_WDTPS0                                          (abs)        004B9
_WDTPS1                                          (abs)        004BA
_WDTPS2                                          (abs)        004BB
_WDTPS3                                          (abs)        004BC
_WDTPS4                                          (abs)        004BD
_WPUB                                            (abs)        0020D
_WPUE                                            (abs)        00210
_WriteAll_1621                                   text36       008A5
_Write_Flash_finish                              text19       017D1
_Write_Flash_head                                text18       00815
__CFG_BOREN$ON                                   (abs)        00000
__CFG_BORV$LO                                    (abs)        00000
__CFG_CLKOUTEN$OFF                               (abs)        00000
__CFG_CP$OFF                                     (abs)        00000
__CFG_FCMEN$ON                                   (abs)        00000
__CFG_FOSC$INTOSC                                (abs)        00000
__CFG_IESO$ON                                    (abs)        00000
__CFG_LPBOR$OFF                                  (abs)        00000
__CFG_LVP$OFF                                    (abs)        00000
__CFG_MCLRE$ON                                   (abs)        00000
__CFG_PWRTE$OFF                                  (abs)        00000
__CFG_STVREN$ON                                  (abs)        00000
__CFG_VCAPEN$OFF                                 (abs)        00000
__CFG_WDTE$SWDTEN                                (abs)        00000
__CFG_WRT$OFF                                    (abs)        00000
__Habs1                                          abs1         00000
__Hbank0                                         bank0        00000
__Hbank1                                         bank1        00000
__Hbank10                                        bank10       00000
__Hbank11                                        bank11       00000
__Hbank12                                        bank12       00000
__Hbank13                                        bank13       00000
__Hbank14                                        bank14       00000
__Hbank15                                        bank15       00000
__Hbank16                                        bank16       00000
__Hbank17                                        bank17       00000
__Hbank18                                        bank18       00000
__Hbank19                                        bank19       00000
__Hbank2                                         bank2        00000
__Hbank20                                        bank20       00000
__Hbank21                                        bank21       00000
__Hbank22                                        bank22       00000
__Hbank23                                        bank23       00000
__Hbank24                                        bank24       00000
__Hbank25                                        bank25       00000
__Hbank26                                        bank26       00000
__Hbank27                                        bank27       00000
__Hbank28                                        bank28       00000
__Hbank29                                        bank29       00000
__Hbank3                                         bank3        00000
__Hbank30                                        bank30       00000
__Hbank31                                        bank31       00000
__Hbank4                                         bank4        00000
__Hbank5                                         bank5        00000
__Hbank6                                         bank6        00000
__Hbank7                                         bank7        00000
__Hbank8                                         bank8        00000
__Hbank9                                         bank9        00000
__Hbigram                                        bigram       00000
__HbssBANK0                                      bssBANK0     00000
__HbssBANK1                                      bssBANK1     00000
__HbssBANK2                                      bssBANK2     00000
__HbssBANK3                                      bssBANK3     00000
__Hcinit                                         cinit        00051
__Hclrtext                                       clrtext      00000
__Hcode                                          code         00000
__Hcommon                                        common       00000
__Hconfig                                        config       08009
__HcstackBANK0                                   cstackBANK0  00000
__HcstackBANK2                                   cstackBANK2  00000
__HcstackCOMMON                                  cstackCOMMON 00000
__HdataBANK2                                     dataBANK2    00000
__Heeprom_data                                   eeprom_data  00000
__Hend_init                                      end_init     00029
__Hfunctab                                       functab      00000
__HidataBANK2                                    idataBANK2   00000
__Hidloc                                         idloc        00000
__Hinit                                          init         00027
__Hinittext                                      inittext     00000
__Hintentry                                      intentry     00027
__Hmaintext                                      maintext     00000
__HnvBANK1                                       nvBANK1      00000
__Hpowerup                                       powerup      00000
__Hram                                           ram          00000
__Hreset_vec                                     reset_vec    00002
__Hsfr0                                          sfr0         00000
__Hsfr1                                          sfr1         00000
__Hsfr10                                         sfr10        00000
__Hsfr11                                         sfr11        00000
__Hsfr12                                         sfr12        00000
__Hsfr13                                         sfr13        00000
__Hsfr14                                         sfr14        00000
__Hsfr15                                         sfr15        00000
__Hsfr16                                         sfr16        00000
__Hsfr17                                         sfr17        00000
__Hsfr18                                         sfr18        00000
__Hsfr19                                         sfr19        00000
__Hsfr2                                          sfr2         00000
__Hsfr20                                         sfr20        00000
__Hsfr21                                         sfr21        00000
__Hsfr22                                         sfr22        00000
__Hsfr23                                         sfr23        00000
__Hsfr24                                         sfr24        00000
__Hsfr25                                         sfr25        00000
__Hsfr26                                         sfr26        00000
__Hsfr27                                         sfr27        00000
__Hsfr28                                         sfr28        00000
__Hsfr29                                         sfr29        00000
__Hsfr3                                          sfr3         00000
__Hsfr30                                         sfr30        00000
__Hsfr31                                         sfr31        00000
__Hsfr4                                          sfr4         00000
__Hsfr5                                          sfr5         00000
__Hsfr6                                          sfr6         00000
__Hsfr7                                          sfr7         00000
__Hsfr8                                          sfr8         00000
__Hsfr9                                          sfr9         00000
__Hspace_0                                       (abs)        08009
__Hspace_1                                       (abs)        001E0
__Hspace_2                                       (abs)        00000
__Hspace_3                                       (abs)        00000
__Hstack                                         stack        00000
__Hstrings                                       strings      00000
__Hstringtext                                    stringtext   00000
__Htext                                          text         00000
__Labs1                                          abs1         00000
__Lbank0                                         bank0        00000
__Lbank1                                         bank1        00000
__Lbank10                                        bank10       00000
__Lbank11                                        bank11       00000
__Lbank12                                        bank12       00000
__Lbank13                                        bank13       00000
__Lbank14                                        bank14       00000
__Lbank15                                        bank15       00000
__Lbank16                                        bank16       00000
__Lbank17                                        bank17       00000
__Lbank18                                        bank18       00000
__Lbank19                                        bank19       00000
__Lbank2                                         bank2        00000
__Lbank20                                        bank20       00000
__Lbank21                                        bank21       00000
__Lbank22                                        bank22       00000
__Lbank23                                        bank23       00000
__Lbank24                                        bank24       00000
__Lbank25                                        bank25       00000
__Lbank26                                        bank26       00000
__Lbank27                                        bank27       00000
__Lbank28                                        bank28       00000
__Lbank29                                        bank29       00000
__Lbank3                                         bank3        00000
__Lbank30                                        bank30       00000
__Lbank31                                        bank31       00000
__Lbank4                                         bank4        00000
__Lbank5                                         bank5        00000
__Lbank6                                         bank6        00000
__Lbank7                                         bank7        00000
__Lbank8                                         bank8        00000
__Lbank9                                         bank9        00000
__Lbigram                                        bigram       00000
__LbssBANK0                                      bssBANK0     00000
__LbssBANK1                                      bssBANK1     00000
__LbssBANK2                                      bssBANK2     00000
__LbssBANK3                                      bssBANK3     00000
__Lcinit                                         cinit        00029
__Lclrtext                                       clrtext      00000
__Lcode                                          code         00000
__Lcommon                                        common       00000
__Lconfig                                        config       08007
__LcstackBANK0                                   cstackBANK0  00000
__LcstackBANK2                                   cstackBANK2  00000
__LcstackCOMMON                                  cstackCOMMON 00000
__LdataBANK2                                     dataBANK2    00000
__Leeprom_data                                   eeprom_data  00000
__Lend_init                                      end_init     00027
__Lfunctab                                       functab      00000
__LidataBANK2                                    idataBANK2   00000
__Lidloc                                         idloc        00000
__Linit                                          init         00027
__Linittext                                      inittext     00000
__Lintentry                                      intentry     00004
__Lmaintext                                      maintext     00000
__LnvBANK1                                       nvBANK1      00000
__Lpowerup                                       powerup      00000
__Lram                                           ram          00000
__Lreset_vec                                     reset_vec    00000
__Lsfr0                                          sfr0         00000
__Lsfr1                                          sfr1         00000
__Lsfr10                                         sfr10        00000
__Lsfr11                                         sfr11        00000
__Lsfr12                                         sfr12        00000
__Lsfr13                                         sfr13        00000
__Lsfr14                                         sfr14        00000
__Lsfr15                                         sfr15        00000
__Lsfr16                                         sfr16        00000
__Lsfr17                                         sfr17        00000
__Lsfr18                                         sfr18        00000
__Lsfr19                                         sfr19        00000
__Lsfr2                                          sfr2         00000
__Lsfr20                                         sfr20        00000
__Lsfr21                                         sfr21        00000
__Lsfr22                                         sfr22        00000
__Lsfr23                                         sfr23        00000
__Lsfr24                                         sfr24        00000
__Lsfr25                                         sfr25        00000
__Lsfr26                                         sfr26        00000
__Lsfr27                                         sfr27        00000
__Lsfr28                                         sfr28        00000
__Lsfr29                                         sfr29        00000
__Lsfr3                                          sfr3         00000
__Lsfr30                                         sfr30        00000
__Lsfr31                                         sfr31        00000
__Lsfr4                                          sfr4         00000
__Lsfr5                                          sfr5         00000
__Lsfr6                                          sfr6         00000
__Lsfr7                                          sfr7         00000
__Lsfr8                                          sfr8         00000
__Lsfr9                                          sfr9         00000
__Lspace_0                                       (abs)        00000
__Lspace_1                                       (abs)        00000
__Lspace_2                                       (abs)        00000
__Lspace_3                                       (abs)        00000
__Lstack                                         stack        00000
__Lstrings                                       strings      00000
__Lstringtext                                    stringtext   00000
__Ltext                                          text         00000
__S0                                             (abs)        08009
__S1                                             (abs)        001E0
__S2                                             (abs)        00000
___awdiv                                         text51       00B98
___awdiv@counter                                 cstackBANK0  00026
___awdiv@dividend                                cstackBANK0  00023
___awdiv@divisor                                 cstackBANK0  00021
___awdiv@quotient                                cstackBANK0  00028
___awdiv@sign                                    cstackBANK0  00027
___awmod                                         text50       00A6A
___awmod@counter                                 cstackBANK0  00026
___awmod@dividend                                cstackBANK0  00023
___awmod@divisor                                 cstackBANK0  00021
___awmod@sign                                    cstackBANK0  00027
___bmul                                          text54       01502
___bmul@multiplicand                             cstackBANK0  00021
___bmul@multiplier                               cstackBANK0  00024
___bmul@product                                  cstackBANK0  00023
___int_sp                                        stack        00000
___latbits                                       (abs)        00003
___lwdiv                                         text27       008DA
___lwdiv@counter                                 cstackBANK0  0002C
___lwdiv@dividend                                cstackBANK0  00029
___lwdiv@divisor                                 cstackBANK0  00027
___lwdiv@quotient                                cstackBANK0  0002D
___lwmod                                         text26       01776
___lwmod@counter                                 cstackBANK0  00026
___lwmod@dividend                                cstackBANK0  00023
___lwmod@divisor                                 cstackBANK0  00021
___sp                                            stack        00000
___wmul                                          text17       015D2
___wmul@multiplicand                             cstackBANK0  00023
___wmul@multiplier                               cstackBANK0  00021
___wmul@product                                  cstackBANK0  00025
__end_of_ADC_GetConversion                       text66       01663
__end_of_ADC_Initialize                          text10       014B3
__end_of_Bq32k_Rtc_Read_Time                     text52       00D58
__end_of_Bq32k_Rtc_Write_Time                    text48       00CF4
__end_of_Bq32k_Time_Init                         text57       009B5
__end_of_CRC_cal                                 text47       01000
__end_of_Calculate_Time                          text16       00409
__end_of_Com_Process                             text43       014BC
__end_of_Dis_TAB                                 stringtext   01815
__end_of_EUSART_Initialize                       text9        015D2
__end_of_EUSART_Receive_ISR                      text71       00DC0
__end_of_EUSART_Transmit_ISR                     text70       0160B
__end_of_EUSART_Write                            text46       014E2
__end_of_FLASH_EraseBlock                        text64       016A3
__end_of_FLASH_ReadWord                          text65       01683
__end_of_FLASH_WriteBlock                        text63       00F0E
__end_of_FLASH_WriteWord                         text62       00B47
__end_of_FVR_Initialize                          text8        01488
__end_of_I2C_Read_Buffer                         text55       00F86
__end_of_I2C_Receive_Byte                        text56       00874
__end_of_I2C_Send_Buffer                         text58       009F0
__end_of_I2C_Send_Byte                           text61       00C94
__end_of_I2C_Start                               text60       01628
__end_of_I2C_Stop                                text59       01645
__end_of_INTERRUPT_InterruptManager              intentry     00027
__end_of_Key_Process                             text11       00658
__end_of_Key_Scan                                text42       0174A
__end_of_OSCILLATOR_Initialize                   text7        00800
__end_of_PIN_MANAGER_Initialize                  text6        01727
__end_of_Read_time_to_Com                        text45       00E29
__end_of_RxFrameCheck                            text72       006FC
__end_of_SPI_Exchange8bit                        text34       014D2
__end_of_SPI_Exchange8bitBuffer                  text33       00B98
__end_of_SPI_Initialize                          text5        0149F
__end_of_SYSTEM_Initialize                       text3        00815
__end_of_Save_Write_time                         text20       00E9B
__end_of_Save_Write_word                         text21       00945
__end_of_Save_process                            text2        007FB
__end_of_SendBit_1621                            text41       016E4
__end_of_SendCmd_1621                            text40       01569
__end_of_SendDataBit_1621                        text37       01705
__end_of_Serach_Flash_Head                       text1        00C3E
__end_of_Set_finish_flag                         text39       0148D
__end_of_Set_start_flag                          text38       01499
__end_of_Set_time_from_Com                       text44       00A2C
__end_of_TMR0_CallBack                           text69       01493
__end_of_TMR0_ISR                                text68       0159C
__end_of_TMR0_Initialize                         text4        01502
__end_of_Tc_Display                              text24       005B4
__end_of_Two_Display                             text35       008A5
__end_of_WriteAll_1621                           text36       008DA
__end_of_Write_Flash_finish                      text19       01800
__end_of_Write_Flash_head                        text18       00844
__end_of___awdiv                                 text51       00BEA
__end_of___awmod                                 text50       00AB0
__end_of___bmul                                  text54       01514
__end_of___lwdiv                                 text27       0090F
__end_of___lwmod                                 text26       017A3
__end_of___wmul                                  text17       015EE
__end_of__initialization                         cinit        0004D
__end_of_bcd2bin                                 text53       0153C
__end_of_bin2bcd                                 text49       017D1
__end_of_err_Display                             text23       01776
__end_of_main                                    maintext     004E3
__end_of_maxim_31856_read_nregisters             text32       01581
__end_of_maxim_31856_read_register               text31       01551
__end_of_maxim_31856_write_register              text30       014F2
__end_of_maxim_clear_fault_status                text22       01527
__end_of_maxim_start_conversion                  text29       016C3
__end_of_memset                                  text25       015B7
__end_of_one_temperature_trans                   text28       00AFA
__end_of_tc_temperature_trans                    text15       0026B
__end_of_temperature_display                     text14       00A6A
__end_of_temperature_process                     text12       0097C
__end_of_time_Display                            text13       00792
__initialization                                 cinit        00029
__pbssBANK0                                      bssBANK0     0006E
__pbssBANK1                                      bssBANK1     000A0
__pbssBANK2                                      bssBANK2     00120
__pbssBANK3                                      bssBANK3     001A0
__pcstackBANK0                                   cstackBANK0  00020
__pcstackBANK2                                   cstackBANK2  00166
__pcstackCOMMON                                  cstackCOMMON 00070
__pdataBANK2                                     dataBANK2    0015C
__pidataBANK2                                    idataBANK2   014BC
__pintentry                                      intentry     00004
__pmaintext                                      maintext     00409
__pnvBANK1                                       nvBANK1      000EB
__pstringtext                                    stringtext   01800
__ptext1                                         text1        00BEA
__ptext10                                        text10       014AB
__ptext11                                        text11       005B4
__ptext12                                        text12       00945
__ptext13                                        text13       006FC
__ptext14                                        text14       00A2C
__ptext15                                        text15       00051
__ptext16                                        text16       0026B
__ptext17                                        text17       015D2
__ptext18                                        text18       00815
__ptext19                                        text19       017D1
__ptext2                                         text2        00792
__ptext20                                        text20       00E29
__ptext21                                        text21       0090F
__ptext22                                        text22       01514
__ptext23                                        text23       0174A
__ptext24                                        text24       004E3
__ptext25                                        text25       0159C
__ptext26                                        text26       01776
__ptext27                                        text27       008DA
__ptext28                                        text28       00AB0
__ptext29                                        text29       016A3
__ptext3                                         text3        00800
__ptext30                                        text30       014E2
__ptext31                                        text31       0153C
__ptext32                                        text32       01569
__ptext33                                        text33       00B47
__ptext34                                        text34       014C6
__ptext35                                        text35       00874
__ptext36                                        text36       008A5
__ptext37                                        text37       016E4
__ptext38                                        text38       01493
__ptext39                                        text39       01488
__ptext4                                         text4        014F2
__ptext40                                        text40       01551
__ptext41                                        text41       016C3
__ptext42                                        text42       01727
__ptext43                                        text43       014B3
__ptext44                                        text44       009F0
__ptext45                                        text45       00DC0
__ptext46                                        text46       014D2
__ptext47                                        text47       00F86
__ptext48                                        text48       00C94
__ptext49                                        text49       017A3
__ptext5                                         text5        01499
__ptext50                                        text50       00A6A
__ptext51                                        text51       00B98
__ptext52                                        text52       00CF4
__ptext53                                        text53       01527
__ptext54                                        text54       01502
__ptext55                                        text55       00F0E
__ptext56                                        text56       00844
__ptext57                                        text57       0097C
__ptext58                                        text58       009B5
__ptext59                                        text59       01628
__ptext6                                         text6        01705
__ptext60                                        text60       0160B
__ptext61                                        text61       00C3E
__ptext62                                        text62       00AFA
__ptext63                                        text63       00E9B
__ptext64                                        text64       01683
__ptext65                                        text65       01663
__ptext66                                        text66       01645
__ptext68                                        text68       01581
__ptext69                                        text69       0148D
__ptext7                                         text7        007FB
__ptext70                                        text70       015EE
__ptext71                                        text71       00D58
__ptext72                                        text72       00658
__ptext8                                         text8        01484
__ptext9                                         text9        015B7
__size_of_ADC_GetConversion                      (abs)        00000
__size_of_ADC_Initialize                         (abs)        00000
__size_of_Bq32k_Rtc_Read_Time                    (abs)        00000
__size_of_Bq32k_Rtc_Write_Time                   (abs)        00000
__size_of_Bq32k_Time_Init                        (abs)        00000
__size_of_CRC_cal                                (abs)        00000
__size_of_Calculate_Time                         (abs)        00000
__size_of_Com_Process                            (abs)        00000
__size_of_EUSART_Initialize                      (abs)        00000
__size_of_EUSART_Receive_ISR                     (abs)        00000
__size_of_EUSART_Transmit_ISR                    (abs)        00000
__size_of_EUSART_Write                           (abs)        00000
__size_of_FLASH_EraseBlock                       (abs)        00000
__size_of_FLASH_ReadWord                         (abs)        00000
__size_of_FLASH_WriteBlock                       (abs)        00000
__size_of_FLASH_WriteWord                        (abs)        00000
__size_of_FVR_Initialize                         (abs)        00000
__size_of_I2C_Read_Buffer                        (abs)        00000
__size_of_I2C_Receive_Byte                       (abs)        00000
__size_of_I2C_Send_Buffer                        (abs)        00000
__size_of_I2C_Send_Byte                          (abs)        00000
__size_of_I2C_Start                              (abs)        00000
__size_of_I2C_Stop                               (abs)        00000
__size_of_INTERRUPT_InterruptManager             (abs)        00000
__size_of_Key_Process                            (abs)        00000
__size_of_Key_Scan                               (abs)        00000
__size_of_OSCILLATOR_Initialize                  (abs)        00000
__size_of_PIN_MANAGER_Initialize                 (abs)        00000
__size_of_Read_time_to_Com                       (abs)        00000
__size_of_RxFrameCheck                           (abs)        00000
__size_of_SPI_Exchange8bit                       (abs)        00000
__size_of_SPI_Exchange8bitBuffer                 (abs)        00000
__size_of_SPI_Initialize                         (abs)        00000
__size_of_SYSTEM_Initialize                      (abs)        00000
__size_of_Save_Write_time                        (abs)        00000
__size_of_Save_Write_word                        (abs)        00000
__size_of_Save_process                           (abs)        00000
__size_of_SendBit_1621                           (abs)        00000
__size_of_SendCmd_1621                           (abs)        00000
__size_of_SendDataBit_1621                       (abs)        00000
__size_of_Serach_Flash_Head                      (abs)        00000
__size_of_Set_finish_flag                        (abs)        00000
__size_of_Set_start_flag                         (abs)        00000
__size_of_Set_time_from_Com                      (abs)        00000
[...]
  writeAddr       2    4[BANK0 ] unsigned int 
  flashWordArr    2    6[BANK0 ] PTR unsigned int 
		 -> Flash_buff(64), Bq32k_Time_Init@temp(10), 
 Auto vars:     Size  Location     Type
  blockStartAd    2   12[BANK0 ] unsigned int 
  i               1   15[BANK0 ] unsigned char 
  GIEBitValue     1   14[BANK0 ] unsigned char 
 Return value:  Size  Location     Type
                  1    wreg      char 
 Registers used:
		wreg, fsr1l, fsr1h, status,2, status,0, pclath, cstack
 Tracked objects:
		On entry : 
		On exit  : 
		Unchanged: 
 Data sizes:     COMMON   BANK0   BANK1   BANK2   BANK3   BANK4   BANK5   BANK6   BANK7   BANK8   BANK9  BANK10  BANK11  BANK12
      Params:         0       4       0       0       0       0       0       0       0       0       0       0       0       0
      Locals:         0       4       0       0       0       0       0       0       0       0       0       0       0       0
      Temps:          0       4       0       0       0       0       0       0       0       0       0       0       0       0
      Totals:         0      12       0       0       0       0       0       0       0       0       0       0       0       0
Total ram usage:       12 bytes
 Hardware stack levels used:    1
 Hardware stack levels required when called:    4
 This function calls:
		_FLASH_EraseBlock
 This function is called by:
		_FLASH_WriteWord
 This function uses a non-reentrant model


 *************** function _FLASH_EraseBlock *****************
 Defined at:
		line 141 in file "mcc_generated_files/memory.c"
 Parameters:    Size  Location     Type
  startAddr       2    1[BANK0 ] unsigned int 
 Auto vars:     Size  Location     Type
  GIEBitValue     1    3[BANK0 ] unsigned char 
 Return value:  Size  Location     Type
                  1    wreg      void 
 Registers used:
		wreg, status,2, status,0
 Tracked objects:
		On entry : 
		On exit  : 
		Unchanged: 
 Data sizes:     COMMON   BANK0   BANK1   BANK2   BANK3   BANK4   BANK5   BANK6   BANK7   BANK8   BANK9  BANK10  BANK11  BANK12
      Params:         0       2       0       0       0       0       0       0       0       0       0       0       0       0
      Locals:         0       1       0       0       0       0       0       0       0       0       0       0       0       0
      Temps:          0       0       0       0       0       0       0       0       0       0       0       0       0       0
      Totals:         0       3       0       0       0       0       0       0       0       0       0       0       0       0
Total ram usage:        3 bytes
 Hardware stack levels used:    1
 Hardware stack levels required when called:    3
 This function calls:
		Nothing
 This function is called by:
		_FLASH_WriteBlock
 This function uses a non-reentrant model


 *************** function _FLASH_ReadWord *****************
 Defined at:
		line 58 in file "mcc_generated_files/memory.c"
 Parameters:    Size  Location     Type
  flashAddr       2    1[BANK0 ] unsigned int 
 Auto vars:     Size  Location     Type
  GIEBitValue     1    3[BANK0 ] unsigned char 
 Return value:  Size  Location     Type
                  2    1[BANK0 ] unsigned int 
 Registers used:
		wreg, status,2, status,0
 Tracked objects:
		On entry : 
		On exit  : 
		Unchanged: 
 Data sizes:     COMMON   BANK0   BANK1   BANK2   BANK3   BANK4   BANK5   BANK6   BANK7   BANK8   BANK9  BANK10  BANK11  BANK12
      Params:         0       2       0       0       0       0       0       0       0       0       0       0       0       0
      Locals:         0       1       0       0       0       0       0       0       0       0       0       0       0       0
      Temps:          0       0       0       0       0       0       0       0       0       0       0       0       0       0
      Totals:         0       3       0       0       0       0       0       0       0       0       0       0       0       0
Total ram usage:        3 bytes
 Hardware stack levels used:    1
 Hardware stack levels required when called:    3
 This function calls:
		Nothing
 This function is called by:
		_FLASH_WriteWord
		_Key_Process
		_Bq32k_Time_Init
		_Serach_Flash_Head
 This function uses a non-reentrant model


 *************** function _ADC_GetConversion *****************
 Defined at:
		line 106 in file "mcc_generated_files/adc.c"
 Parameters:    Size  Location     Type
  channel         1    wreg     enum E1850
 Auto vars:     Size  Location     Type
  channel         1    4[BANK0 ] enum E1850
 Return value:  Size  Location     Type
                  2    1[BANK0 ] unsigned int 
 Registers used:
		wreg, status,2, status,0
 Tracked objects:
		On entry : 
		On exit  : 
		Unchanged: 
 Data sizes:     COMMON   BANK0   BANK1   BANK2   BANK3   BANK4   BANK5   BANK6   BANK7   BANK8   BANK9  BANK10  BANK11  BANK12
      Params:         0       2       0       0       0       0       0       0       0       0       0       0       0       0
      Locals:         0       1       0       0       0       0       0       0       0       0       0       0       0       0
      Temps:          0       1       0       0       0       0       0       0       0       0       0       0       0       0
      Totals:         0       4       0       0       0       0       0       0       0       0       0       0       0       0
Total ram usage:        4 bytes
 Hardware stack levels used:    1
 Hardware stack levels required when called:    3
 This function calls:
		Nothing
 This function is called by:
		_main
 This function uses a non-reentrant model


 *************** function _INTERRUPT_InterruptManager *****************
 Defined at:
		line 52 in file "mcc_generated_files/interrupt_manager.c"
 Parameters:    Size  Location     Type
		None
 Auto vars:     Size  Location     Type
		None
 Return value:  Size  Location     Type
                  1    wreg      void 
 Registers used:
		wreg, fsr0l, fsr0h, fsr1l, fsr1h, status,2, status,0, pclath, cstack
 Tracked objects:
		On entry : 
		On exit  : 
		Unchanged: 
 Data sizes:     COMMON   BANK0   BANK1   BANK2   BANK3   BANK4   BANK5   BANK6   BANK7   BANK8   BANK9  BANK10  BANK11  BANK12
      Params:         0       0       0       0       0       0       0       0       0       0       0       0       0       0
      Locals:         0       0       0       0       0       0       0       0       0       0       0       0       0       0
      Temps:          0       1       0       0       0       0       0       0       0       0       0       0       0       0
      Totals:         0       1       0       0       0       0       0       0       0       0       0       0       0       0
Total ram usage:        1 bytes
 Hardware stack levels used:    1
 Hardware stack levels required when called:    2
 This function calls:
		_EUSART_Receive_ISR
		_EUSART_Transmit_ISR
		_TMR0_ISR
 This function is called by:
		Interrupt level 1
 This function uses a non-reentrant model


 *************** function _TMR0_ISR *****************
 Defined at:
		line 103 in file "mcc_generated_files/tmr0.c"
 Parameters:    Size  Location     Type
		None
 Auto vars:     Size  Location     Type
		None
 Return value:  Size  Location     Type
                  1    wreg      void 
 Registers used:
		wreg, status,2, status,0, pclath, cstack
 Tracked objects:
		On entry : 
		On exit  : 
		Unchanged: 
 Data sizes:     COMMON   BANK0   BANK1   BANK2   BANK3   BANK4   BANK5   BANK6   BANK7   BANK8   BANK9  BANK10  BANK11  BANK12
      Params:         0       0       0       0       0       0       0       0       0       0       0       0       0       0
      Locals:         0       0       0       0       0       0       0       0       0       0       0       0       0       0
      Temps:          1       0       0       0       0       0       0       0       0       0       0       0       0       0
      Totals:         1       0       0       0       0       0       0       0       0       0       0       0       0       0
Total ram usage:        1 bytes
 Hardware stack levels used:    1
 Hardware stack levels required when called:    1
 This function calls:
		_TMR0_CallBack
 This function is called by:
		_INTERRUPT_InterruptManager
 This function uses a non-reentrant model


 *************** function _TMR0_CallBack *****************
 Defined at:
		line 125 in file "mcc_generated_files/tmr0.c"
 Parameters:    Size  Location     Type
		None
 Auto vars:     Size  Location     Type
		None
 Return value:  Size  Location     Type
                  1    wreg      void 
 Registers used:
		wreg, status,2, status,0
 Tracked objects:
		On entry : 
		On exit  : 
		Unchanged: 
 Data sizes:     COMMON   BANK0   BANK1   BANK2   BANK3   BANK4   BANK5   BANK6   BANK7   BANK8   BANK9  BANK10  BANK11  BANK12
      Params:         0       0       0       0       0       0       0       0       0       0       0       0       0       0
      Locals:         0       0       0       0       0       0       0       0       0       0       0       0       0       0
      Temps:          1       0       0       0       0       0       0       0       0       0       0       0       0       0
      Totals:         1       0       0       0       0       0       0       0       0       0       0       0       0       0
Total ram usage:        1 bytes
 Hardware stack levels used:    1
 This function calls:
		Nothing
 This function is called by:
		_TMR0_ISR
 This function uses a non-reentrant model


 *************** function _EUSART_Transmit_ISR *****************
 Defined at:
		line 155 in file "mcc_generated_files/eusart.c"
 Parameters:    Size  Location     Type
		None
 Auto vars:     Size  Location     Type
		None
 Return value:  Size  Location     Type
                  1    wreg      void 
 Registers used:
		wreg, fsr1l, fsr1h, status,2, status,0
 Tracked objects:
		On entry : 
		On exit  : 
		Unchanged: 
 Data sizes:     COMMON   BANK0   BANK1   BANK2   BANK3   BANK4   BANK5   BANK6   BANK7   BANK8   BANK9  BANK10  BANK11  BANK12
      Params:         0       0       0       0       0       0       0       0       0       0       0       0       0       0
      Locals:         0       0       0       0       0       0       0       0       0       0       0       0       0       0
      Temps:          1       0       0       0       0       0       0       0       0       0       0       0       0       0
      Totals:         1       0       0       0       0       0       0       0       0       0       0       0       0       0
Total ram usage:        1 bytes
 Hardware stack levels used:    1
 This function calls:
		Nothing
 This function is called by:
		_INTERRUPT_InterruptManager
 This function uses a non-reentrant model


 *************** function _EUSART_Receive_ISR *****************
 Defined at:
		line 169 in file "mcc_generated_files/eusart.c"
 Parameters:    Size  Location     Type
		None
 Auto vars:     Size  Location     Type
  rx_tmp          1   13[COMMON] unsigned char 
 Return value:  Size  Location     Type
                  1    wreg      void 
 Registers used:
		wreg, fsr0l, fsr0h, fsr1l, fsr1h, status,2, status,0, pclath, cstack
 Tracked objects:
		On entry : 
		On exit  : 
		Unchanged: 
 Data sizes:     COMMON   BANK0   BANK1   BANK2   BANK3   BANK4   BANK5   BANK6   BANK7   BANK8   BANK9  BANK10  BANK11  BANK12
      Params:         0       0       0       0       0       0       0       0       0       0       0       0       0       0
      Locals:         1       0       0       0       0       0       0       0       0       0       0       0       0       0
      Temps:          2       0       0       0       0       0       0       0       0       0       0       0       0       0
      Totals:         3       0       0       0       0       0       0       0       0       0       0       0       0       0
Total ram usage:        3 bytes
 Hardware stack levels used:    1
 Hardware stack levels required when called:    1
 This function calls:
		_RxFrameCheck
 This function is called by:
		_INTERRUPT_InterruptManager
 This function uses a non-reentrant model


 *************** function _RxFrameCheck *****************
 Defined at:
		line 85 in file "mcc_generated_files/com.c"
 Parameters:    Size  Location     Type
  rx_arr          1    wreg     PTR unsigned char 
		 -> Usart_Rx_Buff(32), 
  frame_len       1    0[COMMON] unsigned char 
 Auto vars:     Size  Location     Type
  rx_arr          1    8[COMMON] PTR unsigned char 
		 -> Usart_Rx_Buff(32), 
  remainder       2    9[COMMON] unsigned int 
  tmp_crc         2    5[COMMON] unsigned int 
  i               1    7[COMMON] unsigned char 
 Return value:  Size  Location     Type
                  1    wreg      unsigned char 
 Registers used:
		wreg, fsr1l, fsr1h, status,2, status,0
 Tracked objects:
		On entry : 
		On exit  : 
		Unchanged: 
 Data sizes:     COMMON   BANK0   BANK1   BANK2   BANK3   BANK4   BANK5   BANK6   BANK7   BANK8   BANK9  BANK10  BANK11  BANK12
      Params:         1       0       0       0       0       0       0       0       0       0       0       0       0       0
      Locals:         6       0       0       0       0       0       0       0       0       0       0       0       0       0
      Temps:          4       0       0       0       0       0       0       0       0       0       0       0       0       0
      Totals:        11       0       0       0       0       0       0       0       0       0       0       0       0       0
Total ram usage:       11 bytes
 Hardware stack levels used:    1
 This function calls:
		Nothing
 This function is called by:
		_EUSART_Receive_ISR
 This function uses a non-reentrant model



MODULE INFORMATION

Module		Function		Class		Link	Load	Size
mcc_generated_files/max31856.c
		_one_temperature_trans		CODE           	0AB0	0000	75
		_maxim_31856_read_nregisters		CODE           	1569	0000	25
		_maxim_31856_read_register		CODE           	153C	0000	22
		_maxim_clear_fault_status		CODE           	1514	0000	20
		_tc_temperature_trans		CODE           	0051	0000	539
		_maxim_start_conversion		CODE           	16A3	0000	33
		_temperature_process		CODE           	0945	0000	56
		_temperature_display		CODE           	0A2C	0000	63
		_maxim_31856_write_register		CODE           	14E2	0000	17

mcc_generated_files/max31856.c estimated size: 850

mcc_generated_files/fvr.c
		_FVR_Initialize		CODE           	1484	0000	5

mcc_generated_files/fvr.c estimated size: 5

mcc_generated_files/interrupt_manager.c
		_INTERRUPT_InterruptManager		CODE           	0004	0000	36

mcc_generated_files/interrupt_manager.c estimated size: 36

mcc_generated_files/i2c.c
		_I2C_Receive_Byte		CODE           	0844	0000	49
		_I2C_Read_Buffer		CODE           	0F0E	0000	121
		_I2C_Send_Buffer		CODE           	09B5	0000	60
		_I2C_Stop      		CODE           	1628	0000	30
		_I2C_Send_Byte 		CODE           	0C3E	0000	87
		_I2C_Start     		CODE           	160B	0000	30

mcc_generated_files/i2c.c estimated size: 377

mcc_generated_files/bq32k.c
		_bin2bcd       		CODE           	17A3	0000	47
		_Bq32k_Time_Init		CODE           	097C	0000	58
		_bcd2bin       		CODE           	1527	0000	22
		_Bq32k_Rtc_Write_Time		CODE           	0C94	0000	97
		_Bq32k_Rtc_Read_Time		CODE           	0CF4	0000	101

mcc_generated_files/bq32k.c estimated size: 325

mcc_generated_files/tmr0.c
		_TMR0_CallBack 		CODE           	148D	0000	7
		_TMR0_ISR      		CODE           	1581	0000	28
		_TMR0_Initialize		CODE           	14F2	0000	17

mcc_generated_files/tmr0.c estimated size: 52

mcc_generated_files/pin_manager.c
		_PIN_MANAGER_Initialize		CODE           	1705	0000	35

mcc_generated_files/pin_manager.c estimated size: 35

mcc_generated_files/ht1621.c
		_WriteAll_1621 		CODE           	08A5	0000	54
		_SendCmd_1621  		CODE           	1551	0000	25
		_Two_Display   		CODE           	0874	0000	50
		_err_Display   		CODE           	174A	0000	45
		_Tc_Display    		CODE           	04E3	0000	210
		_SendBit_1621  		CODE           	16C3	0000	34
		_SendDataBit_1621		CODE           	16E4	0000	34
		_time_Display  		CODE           	06FC	0000	151

mcc_generated_files/ht1621.c estimated size: 603

mcc_generated_files/com.c
		_RxFrameCheck  		CODE           	0658	0000	165
		_CRC_cal       		CODE           	0F86	0000	123
		_Com_Process   		CODE           	14B3	0000	10
		_Read_time_to_Com		CODE           	0DC0	0000	106
		_Set_time_from_Com		CODE           	09F0	0000	61

mcc_generated_files/com.c estimated size: 465

mcc_generated_files/adc.c
		_ADC_Initialize		CODE           	14AB	0000	9
		_ADC_GetConversion		CODE           	1645	0000	31

mcc_generated_files/adc.c estimated size: 40

mcc_generated_files/key.c
		_Key_Scan      		CODE           	1727	0000	36
		_Key_Process   		CODE           	05B4	0000	165

mcc_generated_files/key.c estimated size: 201

D:\Program Files (x86)\Microchip\xc8\v1.37\sources\common\lwmod.c
		___lwmod       		CODE           	1776	0000	46

D:\Program Files (x86)\Microchip\xc8\v1.37\sources\common\lwmod.c estimated size: 46

D:\Program Files (x86)\Microchip\xc8\v1.37\sources\common\awmod.c
		___awmod       		CODE           	0A6A	0000	71

D:\Program Files (x86)\Microchip\xc8\v1.37\sources\common\awmod.c estimated size: 71

mcc_generated_files/save.c
		_Save_Write_time		CODE           	0E29	0000	115
		_Save_Write_word		CODE           	090F	0000	55
		_Save_process  		CODE           	0792	0000	106
		_Set_finish_flag		CODE           	1488	0000	6
		_Write_Flash_head		CODE           	0815	0000	48
		_Calculate_Time		CODE           	026B	0000	415
		_Serach_Flash_Head		CODE           	0BEA	0000	85
		_Write_Flash_finish		CODE           	17D1	0000	48
		_Set_start_flag		CODE           	1493	0000	7

mcc_generated_files/save.c estimated size: 885

mcc_generated_files/spi.c
		_SPI_Exchange8bitBuffer		CODE           	0B47	0000	82
		_SPI_Exchange8bit		CODE           	14C6	0000	13
		_SPI_Initialize		CODE           	1499	0000	7

mcc_generated_files/spi.c estimated size: 102

shared
		_Dis_TAB       		STRCODE        	1800	0000	22
		__initialization		CODE           	0029	0000	37

shared estimated size: 59

mcc_generated_files/mcc.c
		_OSCILLATOR_Initialize		CODE           	07FB	0000	6
		_SYSTEM_Initialize		CODE           	0800	0000	22

mcc_generated_files/mcc.c estimated size: 28

D:\Program Files (x86)\Microchip\xc8\v1.37\sources\common\memset.c
		_memset        		CODE           	159C	0000	28

D:\Program Files (x86)\Microchip\xc8\v1.37\sources\common\memset.c estimated size: 28

mcc_generated_files/memory.c
		_FLASH_EraseBlock		CODE           	1683	0000	33
		_FLASH_ReadWord		CODE           	1663	0000	33
		_FLASH_WriteBlock		CODE           	0E9B	0000	116
		_FLASH_WriteWord		CODE           	0AFA	0000	78

mcc_generated_files/memory.c estimated size: 260

mcc_generated_files/eusart.c
		_EUSART_Write  		CODE           	14D2	0000	17
		_EUSART_Transmit_ISR		CODE           	15EE	0000	30
		_EUSART_Initialize		CODE           	15B7	0000	28
		_EUSART_Receive_ISR		CODE           	0D58	0000	105

mcc_generated_files/eusart.c estimated size: 180

D:\Program Files (x86)\Microchip\xc8\v1.37\sources\common\lwdiv.c
		___lwdiv       		CODE           	08DA	0000	54

D:\Program Files (x86)\Microchip\xc8\v1.37\sources\common\lwdiv.c estimated size: 54

D:\Program Files (x86)\Microchip\xc8\v1.37\sources\common\awdiv.c
		___awdiv       		CODE           	0B98	0000	83

D:\Program Files (x86)\Microchip\xc8\v1.37\sources\common\awdiv.c estimated size: 83

main.c
		_main          		CODE           	0409	0000	219

main.c estimated size: 219

D:\Program Files (x86)\Microchip\xc8\v1.37\sources\common\Umul16.c
		___wmul        		CODE           	15D2	0000	29

D:\Program Files (x86)\Microchip\xc8\v1.37\sources\common\Umul16.c estimated size: 29

D:\Program Files (x86)\Microchip\xc8\v1.37\sources\common\Umul8.c
		___bmul        		CODE           	1502	0000	19

D:\Program Files (x86)\Microchip\xc8\v1.37\sources\common\Umul8.c estimated size: 19

