Microchip MPLAB XC8 Compiler V1.37 ()

Linker command line:

-W-3 --edf=D:\Program Files (x86)\Microchip\xc8\v1.37\dat\en_msgs.txt -cs \
  -h+dist/default/production\thermocouple.X.production.sym \
  --cmf=dist/default/production\thermocouple.X.production.cmf -z -Q16F1518 \
  -oC:\Users\ADMINI~1\AppData\Local\Temp\s918.2 \
  -Mdist/default/production/thermocouple.X.production.map -E1 -ver=XC8 \
  -ASTACK=020E0h-023efh -pstack=STACK -ACODE=00h-07FFhx8 \
  -ASTRCODE=00h-03FFFh -ASTRING=00h-0FFhx64 -ACONST=00h-0FFhx64 \
  -AENTRY=00h-0FFhx64 -ACOMMON=070h-07Fh -ABANK0=020h-06Fh \
  -ABANK1=0A0h-0EFh -ABANK2=0120h-016Fh -ABANK3=01A0h-01EFh \
  -ABANK4=0220h-026Fh -ABANK5=02A0h-02EFh -ABANK6=0320h-036Fh \
  -ABANK7=03A0h-03EFh -ABANK8=0420h-046Fh -ABANK9=04A0h-04EFh \
  -ABANK10=0520h-056Fh -ABANK11=05A0h-05EFh -ABANK12=0620h-064Fh \
  -ABIGRAM=02000h-023EFh \
  -ARAM=020h-06Fh,0A0h-0EFh,0120h-016Fh,01A0h-01EFh,0220h-026Fh,02A0h-02EFh,0320h-036Fh,03A0h-03EFh,0420h-046Fh,04A0h-04EFh,0520h-056Fh,05A0h-05EFh,0620h-064Fh \
  -AABS1=020h-07Fh,0A0h-0EFh,0120h-016Fh,01A0h-01EFh,0220h-026Fh,02A0h-02EFh,0320h-036Fh,03A0h-03EFh,0420h-046Fh,04A0h-04EFh,0520h-056Fh,05A0h-05EFh,0620h-064Fh \
  -ASFR0=00h-01Fh -ASFR1=080h-09Fh -ASFR2=0100h-011Fh -ASFR3=0180h-019Fh \
  -ASFR4=0200h-021Fh -ASFR5=0280h-029Fh -ASFR6=0300h-031Fh \
  -ASFR7=0380h-039Fh -ASFR8=0400h-041Fh -ASFR9=0480h-049Fh \
  -ASFR10=0500h-051Fh -ASFR11=0580h-059Fh -ASFR12=0600h-061Fh \
  -ASFR13=0680h-06EFh -ASFR14=0700h-076Fh -ASFR15=0780h-07EFh \
  -ASFR16=0800h-086Fh -ASFR17=0880h-08EFh -ASFR18=0900h-096Fh \
  -ASFR19=0980h-09EFh -ASFR20=0A00h-0A6Fh -ASFR21=0A80h-0AEFh \
  -ASFR22=0B00h-0B6Fh -ASFR23=0B80h-0BEFh -ASFR24=0C00h-0C6Fh \
  -ASFR25=0C80h-0CEFh -ASFR26=0D00h-0D6Fh -ASFR27=0D80h-0DEFh \
  -ASFR28=0E00h-0E6Fh -ASFR29=0E80h-0EEFh -ASFR30=0F00h-0F6Fh \
  -ASFR31=0F80h-0FEFh -preset_vec=00h,intentry=04h,init,end_init \
  -ppowerup=CODE -pcinit=CODE -pfunctab=CODE -ACONFIG=08007h-08008h \
  -pconfig=CONFIG -DCONFIG=2 -AIDLOC=08000h-08003h -pidloc=IDLOC -DIDLOC=2 \
  -DCODE=2 -DSTRCODE=2 -DSTRING=2 -DCONST=2 -DENTRY=2 -k \
  C:\Users\ADMINI~1\AppData\Local\Temp\s918.obj \
  dist/default/production\thermocouple.X.production.obj 

Object code version is 3.11

Machine type is 16F1518



                Name                               Link     Load   Length Selector   Space Scale
C:\Users\ADMINI~1\AppData\Local\Temp\s918.obj
                end_init                             13       13        2        8       0
                reset_vec                             0        0        2        0       0
                config                             8007     8007        2    1000E       0
dist/default/production\thermocouple.X.production.obj
                cinit                                15       15       2A        8       0
                intentry                              4        4        F        8       0
                text54                              E63      E63       13     1CC6       0
                text53                              ED0      ED0       19     1DA0       0
                text51                              F34      F34       1A     1E68       0
                text50                              52B      52B       4C        8       0
                text49                              EE9      EE9       19     1DD2       0
                text48                              F02      F02       19     1E04       0
                text47                              5BD      5BD       3B        8       0
                text46                              F68      F68       1B     1ED0       0
                text45                              DEF      DEF        8     1BDE       0
                text44                              7D4      7D4       23        8       0
                text43                              F9E      F9E       20     1F3C       0
                text42                              EA0      EA0       18     1D40       0
                text41                              DCD      DCD        5     1B9A       0
                text40                              DD7      DD7        6     1BAE       0
                text39                              FBE      FBE       20     1F7C       0
                text38                              665      665       35        8       0
                text37                              7AB      7AB       29        8       0
                text36                              7F7      7F7        9        8       0
                text35                              48C      48C       51        8       0
                text34                              EB8      EB8       18     1D70       0
                text33                              E41      E41       11     1C82       0
                text32                              E15      E15        D     1C2A       0
                text31                              F4E      F4E       1A     1E9C       0
                text30                              5F8      5F8       38        8       0
                text29                              630      630       35        8       0
                text28                              6FC      6FC       2D        8       0
                text27                              F83      F83       1B     1F06       0
                text26                              1BE      1BE       A7        8       0
                text25                              755      755       2C        8       0
                text24                              E31      E31       10     1C62       0
                text23                              106      106       B8        8       0
                text22                              729      729       2C        8       0
                text21                              781      781       2A        8       0
                text20                              2FA      2FA       78        8       0
                text19                              E52      E52       11     1CA4       0
                text18                              E76      E76       15     1CEC       0
                text17                              3D6      3D6       64        8       0
                text16                              43A      43A       52        8       0
                text15                              577      577       46        8       0
                text14                              265      265       95        8       0
                text13                              69A      69A       32        8       0
                text12                              4DD      4DD       4E        8       0
                text11                              DF7      DF7        8     1BEE       0
                text10                              E09      E09        C     1C12       0
                text9                               DC9      DC9        4     1B92       0
                text8                               DD2      DD2        5     1BA4       0
                text7                               FDE      FDE       22     1FBC       0
                text6                               DDD      DDD        6     1BBA       0
                text5                               E22      E22        F     1C44       0
                text4                               E8B      E8B       15     1D16       0
                text3                               F1B      F1B       19     1E36       0
                text2                               6CC      6CC       30        8       0
                text1                               372      372       64        8       0
                maintext                             3F       3F       C7        8       0
                cstackBANK0                          50       50       1C       20       1
                cstackCOMMON                         70       70        8       70       1
                cstackBANK1                          B9       B9        5       A0       1
                inittext                            DE3      DE3        6     1BC6       0
                clrtext                             DE9      DE9        6     1BD2       0
                bssBANK2                            120      120       40      120       1
                dataBANK1                            AF       AF        A       A0       1
                bssBANK1                             A0       A0        F       A0       1
                bssBANK0                             20       20       30       20       1
                bssCOMMON                            78       78        3       70       1
                nvBANK0                              6C       6C        1       20       1
                stringtext                         1000     1000       15     2000       0
                idataBANK1                          DFF      DFF        A     1BFE       0

TOTAL           Name                               Link     Load   Length     Space
        CLASS   STACK          

        CLASS   CODE           
                end_init                             13       13        2         0
                cinit                                15       15       2A         0
                intentry                              4        4        F         0
                reset_vec                             0        0        2         0
                text54                              E63      E63       13         0
                text53                              ED0      ED0       19         0
                text51                              F34      F34       1A         0
                text50                              52B      52B       4C         0
                text49                              EE9      EE9       19         0
                text48                              F02      F02       19         0
                text47                              5BD      5BD       3B         0
                text46                              F68      F68       1B         0
                text45                              DEF      DEF        8         0
                text44                              7D4      7D4       23         0
                text43                              F9E      F9E       20         0
                text42                              EA0      EA0       18         0
                text41                              DCD      DCD        5         0
                text40                              DD7      DD7        6         0
                text39                              FBE      FBE       20         0
                text38                              665      665       35         0
                text37                              7AB      7AB       29         0
                text36                              7F7      7F7        9         0
                text35                              48C      48C       51         0
                text34                              EB8      EB8       18         0
                text33                              E41      E41       11         0
                text32                              E15      E15        D         0
                text31                              F4E      F4E       1A         0
                text30                              5F8      5F8       38         0
                text29                              630      630       35         0
                text28                              6FC      6FC       2D         0
                text27                              F83      F83       1B         0
                text26                              1BE      1BE       A7         0
                text25                              755      755       2C         0
                text24                              E31      E31       10         0
                text23                              106      106       B8         0
                text22                              729      729       2C         0
                text21                              781      781       2A         0
                text20                              2FA      2FA       78         0
                text19                              E52      E52       11         0
                text18                              E76      E76       15         0
                text17                              3D6      3D6       64         0
                text16                              43A      43A       52         0
                text15                              577      577       46         0
                text14                              265      265       95         0
                text13                              69A      69A       32         0
                text12                              4DD      4DD       4E         0
                text11                              DF7      DF7        8         0
                text10                              E09      E09        C         0
                text9                               DC9      DC9        4         0
                text8                               DD2      DD2        5         0
                text7                               FDE      FDE       22         0
                text6                               DDD      DDD        6         0
                text5                               E22      E22        F         0
                text4                               E8B      E8B       15         0
                text3                               F1B      F1B       19         0
                text2                               6CC      6CC       30         0
                text1                               372      372       64         0
                maintext                             3F       3F       C7         0
                inittext                            DE3      DE3        6         0
                clrtext                             DE9      DE9        6         0
                idataBANK1                          DFF      DFF        A         0

        CLASS   STRCODE        
                stringtext                         1000     1000       15         0

        CLASS   STRING         

        CLASS   CONST          

        CLASS   ENTRY          

        CLASS   COMMON         
                cstackCOMMON                         70       70        8         1
                bssCOMMON                            78       78        3         1

        CLASS   BANK0          
                cstackBANK0                          50       50       1C         1
                bssBANK0                             20       20       30         1
                nvBANK0                              6C       6C        1         1

        CLASS   BANK1          
                cstackBANK1                          B9       B9        5         1
                dataBANK1                            AF       AF        A         1
                bssBANK1                             A0       A0        F         1

        CLASS   BANK2          
                bssBANK2                            120      120       40         1

        CLASS   BANK3          

        CLASS   BANK4          

        CLASS   BANK5          

        CLASS   BANK6          

        CLASS   BANK7          

        CLASS   BANK8          

        CLASS   BANK9          

        CLASS   BANK10         

        CLASS   BANK11         

        CLASS   BANK12         

        CLASS   BIGRAM         

        CLASS   RAM            

        CLASS   ABS1           
                abs_s1                               7E       7E        2         1

        CLASS   SFR0           

        CLASS   SFR1           

        CLASS   SFR2           

        CLASS   SFR3           

        CLASS   SFR4           

        CLASS   SFR5           

        CLASS   SFR6           

        CLASS   SFR7           

        CLASS   SFR8           

        CLASS   SFR9           

        CLASS   SFR10          

        CLASS   SFR11          

        CLASS   SFR12          

        CLASS   SFR13          

        CLASS   SFR14          

        CLASS   SFR15          

        CLASS   SFR16          

        CLASS   SFR17          

        CLASS   SFR18          

        CLASS   SFR19          

        CLASS   SFR20          

        CLASS   SFR21          

        CLASS   SFR22          

        CLASS   SFR23          

        CLASS   SFR24          

        CLASS   SFR25          

        CLASS   SFR26          

        CLASS   SFR27          

        CLASS   SFR28          

        CLASS   SFR29          

        CLASS   SFR30          

        CLASS   SFR31          

        CLASS   CONFIG         
                config                             8007     8007        2         0

        CLASS   IDLOC          

        CLASS   BANK31         

        CLASS   BANK30         

        CLASS   BANK29         

        CLASS   BANK28         

        CLASS   BANK27         

        CLASS   BANK26         

        CLASS   BANK25         

        CLASS   BANK24         

        CLASS   BANK23         

        CLASS   BANK22         

        CLASS   BANK21         

        CLASS   BANK20         

        CLASS   BANK19         

        CLASS   BANK18         

        CLASS   BANK17         

        CLASS   BANK16         

        CLASS   BANK15         

        CLASS   BANK14         

        CLASS   BANK13         

        CLASS   EEDATA         



SEGMENTS        Name                           Load    Length   Top    Selector   Space  Class     Delta

                reset_vec                      000000  000002  000002         0       0  CODE        2
                intentry                       000004  0007FC  000800         8       0  CODE        2
                bssBANK0                       000020  00004D  00006D        20       1  BANK0       1
                cstackCOMMON                   000070  00000B  00007B        70       1  COMMON      1
                bssBANK1                       0000A0  00001E  0000BE        A0       1  BANK1       1
                bssBANK2                       000120  000040  000160       120       1  BANK2       1
                text9                          000DC9  000004  000DCD      1B92       0  CODE        2
                text41                         000DCD  000005  000DD2      1B9A       0  CODE        2
                text8                          000DD2  000005  000DD7      1BA4       0  CODE        2
                text40                         000DD7  000006  000DDD      1BAE       0  CODE        2
                text6                          000DDD  000006  000DE3      1BBA       0  CODE        2
                inittext                       000DE3  000006  000DE9      1BC6       0  CODE        2
                clrtext                        000DE9  000006  000DEF      1BD2       0  CODE        2
                text45                         000DEF  000008  000DF7      1BDE       0  CODE        2
                text11                         000DF7  000008  000DFF      1BEE       0  CODE        2
                idataBANK1                     000DFF  00000A  000E09      1BFE       0  CODE        2
                text10                         000E09  00000C  000E15      1C12       0  CODE        2
                text32                         000E15  00000D  000E22      1C2A       0  CODE        2
                text5                          000E22  00000F  000E31      1C44       0  CODE        2
                text24                         000E31  000010  000E41      1C62       0  CODE        2
                text33                         000E41  000011  000E52      1C82       0  CODE        2
                text19                         000E52  000011  000E63      1CA4       0  CODE        2
                text54                         000E63  000013  000E76      1CC6       0  CODE        2
                text18                         000E76  000015  000E8B      1CEC       0  CODE        2
                text4                          000E8B  000015  000EA0      1D16       0  CODE        2
                text42                         000EA0  000018  000EB8      1D40       0  CODE        2
                text34                         000EB8  000018  000ED0      1D70       0  CODE        2
                text53                         000ED0  000019  000EE9      1DA0       0  CODE        2
                text49                         000EE9  000019  000F02      1DD2       0  CODE        2
                text48                         000F02  000019  000F1B      1E04       0  CODE        2
                text3                          000F1B  000019  000F34      1E36       0  CODE        2
                text51                         000F34  00001A  000F4E      1E68       0  CODE        2
                text31                         000F4E  00001A  000F68      1E9C       0  CODE        2
                text46                         000F68  00001B  000F83      1ED0       0  CODE        2
                text27                         000F83  00001B  000F9E      1F06       0  CODE        2
                text43                         000F9E  000020  000FBE      1F3C       0  CODE        2
                text39                         000FBE  000020  000FDE      1F7C       0  CODE        2
                text7                          000FDE  000022  001000      1FBC       0  CODE        2
                stringtext                     001000  000015  001015      2000       0  STRCODE     2
                config                         008007  000002  008009     1000E       0  CONFIG      2


UNUSED ADDRESS RANGES

        Name                Unused          Largest block    Delta
        BANK0            0006D-0006F               3           1
        BANK1            000BE-000EF              32           1
        BANK10           00520-0056F              50           1
        BANK11           005A0-005EF              50           1
        BANK12           00620-0064F              30           1
        BANK2            00160-0016F              10           1
        BANK3            001A0-001EF              50           1
        BANK4            00220-0026F              50           1
        BANK5            002A0-002EF              50           1
        BANK6            00320-0036F              50           1
        BANK7            003A0-003EF              50           1
        BANK8            00420-0046F              50           1
        BANK9            004A0-004EF              50           1
        BIGRAM           02000-023EF             3F0           1
        CODE             00002-00003               2           2
                         00800-00DC8             5C9
                         01015-03FFF             800
        COMMON           0007B-0007D               3           1
        CONST            00002-00003               2           2
                         00800-00DC8             100
                         01015-03FFF             100
        ENTRY            00002-00003               2           2
                         00800-00DC8             100
                         01015-03FFF             100
        IDLOC            08000-08003               4           2
        RAM              0006D-0006F               3           1
                         000BE-000EF              32
                         00160-0016F              10
                         001A0-001EF              50
                         00220-0026F              50
                         002A0-002EF              50
                         00320-0036F              50
                         003A0-003EF              50
                         00420-0046F              50
                         004A0-004EF              50
                         00520-0056F              50
                         005A0-005EF              50
                         00620-0064F              30
        SFR0             00000-0001F              20           1
        SFR1             00080-0009F              20           1
        SFR10            00500-0051F              20           1
        SFR11            00580-0059F              20           1
        SFR12            00600-0061F              20           1
        SFR13            00680-006EF              70           1
        SFR14            00700-0076F              70           1
        SFR15            00780-007EF              70           1
        SFR16            00800-0086F              70           1
        SFR17            00880-008EF              70           1
        SFR18            00900-0096F              70           1
        SFR19            00980-009EF              70           1
        SFR2             00100-0011F              20           1
        SFR20            00A00-00A6F              70           1
        SFR21            00A80-00AEF              70           1
        SFR22            00B00-00B6F              70           1
        SFR23            00B80-00BEF              70           1
        SFR24            00C00-00C6F              70           1
        SFR25            00C80-00CEF              70           1
        SFR26            00D00-00D6F              70           1
        SFR27            00D80-00DEF              70           1
        SFR28            00E00-00E6F              70           1
        SFR29            00E80-00EEF              70           1
        SFR3             00180-0019F              20           1
        SFR30            00F00-00F6F              70           1
        SFR31            00F80-00FEF              70           1
        SFR4             00200-0021F              20           1
        SFR5             00280-0029F              20           1
        SFR6             00300-0031F              20           1
        SFR7             00380-0039F              20           1
        SFR8             00400-0041F              20           1
        SFR9             00480-0049F              20           1
        STACK            020E0-023EF             310           1
        STRCODE          00002-00003               2           2
                         00800-00DC8             5C9
                         01015-03FFF            2FEB
        STRING           00002-00003               2           2
                         00800-00DC8             100
                         01015-03FFF             100

                                  Symbol Table

?_ADC_GetConversion                              cstackCOMMON 00073
?_FLASH_ReadWord                                 cstackCOMMON 00073
?___awdiv                                        cstackCOMMON 00073
?___awmod                                        cstackCOMMON 00073
?___lwdiv                                        cstackBANK0  00051
?___lwmod                                        cstackCOMMON 00073
ADC_GetConversion@channel                        cstackCOMMON 00076
Bq32k_Rtc_Read_Time@p                            cstackBANK0  0005F
Bq32k_Rtc_Read_Time@temp                         cstackBANK0  00055
Bq32k_Time_Init@F2015                            dataBANK1    000AF
Bq32k_Time_Init@temp                             cstackBANK0  00057
EUSART_Write@txData                              cstackCOMMON 00073
FLASH_ReadWord@GIEBitValue                       cstackCOMMON 00075
FLASH_ReadWord@flashAddr                         cstackCOMMON 00073
I2C_Read_Buffer@ADD                              cstackBANK0  00051
I2C_Read_Buffer@Flag                             cstackBANK0  00052
I2C_Read_Buffer@Length                           cstackCOMMON 00077
I2C_Read_Buffer@buff                             cstackCOMMON 00076
I2C_Receive_Byte@Data                            cstackCOMMON 00074
I2C_Receive_Byte@i                               cstackCOMMON 00075
I2C_Send_Buffer@ADD                              cstackBANK0  00052
I2C_Send_Buffer@Flag                             cstackBANK0  00054
I2C_Send_Buffer@Length                           cstackCOMMON 00077
I2C_Send_Buffer@buff                             cstackCOMMON 00076
I2C_Send_Buffer@i                                cstackBANK0  00053
I2C_Send_Byte@Data                               cstackCOMMON 00074
I2C_Send_Byte@i                                  cstackCOMMON 00075
Key_Process@gKeyValue                            cstackBANK0  00068
Key_Scan@Key_val                                 cstackCOMMON 00075
SPI_Exchange8bit@data                            cstackCOMMON 00073
SPI_Exchange8bitBuffer@bufLen                    cstackCOMMON 00074
SPI_Exchange8bitBuffer@bytesWritten              cstackCOMMON 00077
SPI_Exchange8bitBuffer@dataIn                    cstackCOMMON 00076
SPI_Exchange8bitBuffer@dataOut                   cstackCOMMON 00075
SendBit_1621@cnt                                 cstackCOMMON 00073
SendBit_1621@data                                cstackCOMMON 00076
SendBit_1621@i                                   cstackCOMMON 00077
SendCmd_1621@command                             cstackBANK0  00051
SendDataBit_1621@cnt                             cstackCOMMON 00073
SendDataBit_1621@data                            cstackCOMMON 00076
SendDataBit_1621@i                               cstackCOMMON 00077
Serach_Flash_Head@data                           cstackBANK0  00050
Serach_Flash_Head@i                              cstackBANK0  00052
TMR0_ISR@CountCallBack                           bssBANK0     00028
Tc_Display@count                                 cstackBANK0  0005A
Tc_Display@data                                  cstackBANK0  0005B
Two_Display@F2120                                bssBANK0     00020
Two_Display@num                                  cstackBANK0  00057
Two_Display@number                               cstackBANK0  0005B
WriteAll_1621@addr                               cstackBANK0  00054
WriteAll_1621@cnt                                cstackBANK0  00052
WriteAll_1621@i                                  cstackBANK0  00055
WriteAll_1621@p                                  cstackBANK0  00050
_ADCON0                                          (abs)        0009D
_ADCON0bits                                      (abs)        0009D
_ADCON1                                          (abs)        0009E
_ADC_GetConversion                               text51       00F34
_ADC_Initialize                                  text11       00DF7
_ADRESH                                          (abs)        0009C
_ADRESL                                          (abs)        0009B
_ANSELA                                          (abs)        0018C
_ANSELB                                          (abs)        0018D
_ANSELC                                          (abs)        0018E
_APFCON                                          (abs)        0011D
_BAUDCON                                         (abs)        0019F
_Bq32k_Rtc_Read_Time                             text17       003D6
_Bq32k_Time_Init                                 text46       00F68
_CH1_state                                       bssBANK0     00034
_CH1_temperature                                 bssBANK0     0002A
_CH2_state                                       bssBANK0     00035
_CH2_temperature                                 bssBANK0     0002C
_Cur_Save_Index                                  bssBANK0     0002E
_Cur_temperature_time                            bssBANK0     00036
_Dis_TAB                                         stringtext   01000
_EUSART_Initialize                               text10       00E09
_EUSART_Write                                    text45       00DEF
_FLASH_ReadWord                                  text3        00F1B
_FVRCON                                          (abs)        00117
_FVRCONbits                                      (abs)        00117
_FVR_Initialize                                  text9        00DC9
_Flash_buff                                      bssBANK2     00120
_I2C_Read_Buffer                                 text20       002FA
_I2C_Receive_Byte                                text21       00781
_I2C_Send_Buffer                                 text47       005BD
_I2C_Send_Byte                                   text50       0052B
_I2C_Start                                       text49       00EE9
_I2C_Stop                                        text48       00F02
_INTCONbits                                      (abs)        0000B
_INTERRUPT_InterruptManager                      intentry     00004
_Key_Process                                     text12       004DD
_Key_Scan                                        text44       007D4
_LATA                                            (abs)        0010C
_LATA0                                           (abs)        00860
_LATA1                                           (abs)        00861
_LATA2                                           (abs)        00862
_LATA3                                           (abs)        00863
_LATA4                                           (abs)        00864
_LATA5                                           (abs)        00865
_LATB                                            (abs)        0010D
_LATB0                                           (abs)        00868
_LATB1                                           (abs)        00869
_LATC                                            (abs)        0010E
_LATC0                                           (abs)        00870
_LATC1                                           (abs)        00871
_LATC2                                           (abs)        00872
_LongPressSec                                    bssBANK0     00037
_MAX31856Sec                                     bssBANK0     00038
_OPTION_REG                                      (abs)        00095
_OPTION_REGbits                                  (abs)        00095
_OSCCON                                          (abs)        00099
_OSCILLATOR_Initialize                           text8        00DD2
_OSCSTAT                                         (abs)        0009A
_PIN_MANAGER_Initialize                          text7        00FDE
_PIR1bits                                        (abs)        00011
_PMADRH                                          (abs)        00192
_PMADRL                                          (abs)        00191
_PMCON1bits                                      (abs)        00195
_PMCON2                                          (abs)        00196
_PMDATH                                          (abs)        00194
_PMDATL                                          (abs)        00193
_RA7                                             (abs)        00067
_RB1                                             (abs)        00069
_RB3                                             (abs)        0006B
_RB5                                             (abs)        0006D
_RCREG                                           (abs)        00199
_RCSTA                                           (abs)        0019D
_RCSTAbits                                       (abs)        0019D
_Record_flag                                     bssBANK0     00039
_SPBRGH                                          (abs)        0019C
_SPBRGL                                          (abs)        0019B
_SPI_Exchange8bit                                text36       007F7
_SPI_Exchange8bitBuffer                          text35       0048C
_SPI_Initialize                                  text6        00DDD
_SSP1ADD                                         (abs)        00212
_SSP1CON1                                        (abs)        00215
_SSP1CON1bits                                    (abs)        00215
_SSP1STAT                                        (abs)        00214
_SSP1STATbits                                    (abs)        00214
_SSPBUF                                          (abs)        00211
_SYSTEM_Initialize                               text4        00E8B
_SendBit_1621                                    text43       00F9E
_SendCmd_1621                                    text42       00EA0
_SendDataBit_1621                                text39       00FBE
_Serach_Flash_Head                               text2        006CC
_Set_finish_flag                                 text41       00DCD
_Set_start_flag                                  text40       00DD7
_TMR0                                            (abs)        00015
_TMR0_CallBack                                   text54       00E63
_TMR0_ISR                                        text53       00ED0
_TMR0_Initialize                                 text5        00E22
_TRISA                                           (abs)        0008C
_TRISB                                           (abs)        0008D
_TRISB1                                          (abs)        00469
_TRISB3                                          (abs)        0046B
_TRISC                                           (abs)        0008E
_TXREG                                           (abs)        0019A
_TXSTA                                           (abs)        0019E
_Tc_Display                                      text26       001BE
_Two_Display                                     text37       007AB
_WPUB                                            (abs)        0020D
_WPUE                                            (abs)        00210
_WriteAll_1621                                   text38       00665
__CFG_BOREN$ON                                   (abs)        00000
__CFG_BORV$LO                                    (abs)        00000
__CFG_CLKOUTEN$OFF                               (abs)        00000
__CFG_CP$OFF                                     (abs)        00000
__CFG_FCMEN$ON                                   (abs)        00000
__CFG_FOSC$INTOSC                                (abs)        00000
__CFG_IESO$ON                                    (abs)        00000
__CFG_LPBOR$OFF                                  (abs)        00000
__CFG_LVP$OFF                                    (abs)        00000
__CFG_MCLRE$ON                                   (abs)        00000
__CFG_PWRTE$OFF                                  (abs)        00000
__CFG_STVREN$ON                                  (abs)        00000
__CFG_VCAPEN$OFF                                 (abs)        00000
__CFG_WDTE$OFF                                   (abs)        00000
__CFG_WRT$OFF                                    (abs)        00000
__Habs1                                          abs1         00000
__Hbank0                                         bank0        00000
__Hbank1                                         bank1        00000
__Hbank10                                        bank10       00000
__Hbank11                                        bank11       00000
__Hbank12                                        bank12       00000
__Hbank13                                        bank13       00000
__Hbank14                                        bank14       00000
__Hbank15                                        bank15       00000
__Hbank16                                        bank16       00000
__Hbank17                                        bank17       00000
__Hbank18                                        bank18       00000
__Hbank19                                        bank19       00000
__Hbank2                                         bank2        00000
__Hbank20                                        bank20       00000
__Hbank21                                        bank21       00000
__Hbank22                                        bank22       00000
__Hbank23                                        bank23       00000
__Hbank24                                        bank24       00000
__Hbank25                                        bank25       00000
__Hbank26                                        bank26       00000
__Hbank27                                        bank27       00000
__Hbank28                                        bank28       00000
__Hbank29                                        bank29       00000
__Hbank3                                         bank3        00000
__Hbank30                                        bank30       00000
__Hbank31                                        bank31       00000
__Hbank4                                         bank4        00000
__Hbank5                                         bank5        00000
__Hbank6                                         bank6        00000
__Hbank7                                         bank7        00000
__Hbank8                                         bank8        00000
__Hbank9                                         bank9        00000
__Hbigram                                        bigram       00000
__HbssBANK0                                      bssBANK0     00000
__HbssBANK1                                      bssBANK1     00000
__HbssBANK2                                      bssBANK2     00000
__HbssCOMMON                                     bssCOMMON    00000
__Hcinit                                         cinit        0003F
__Hclrtext                                       clrtext      00000
__Hcode                                          code         00000
__Hcommon                                        common       00000
__Hconfig                                        config       08009
__HcstackBANK0                                   cstackBANK0  00000
__HcstackBANK1                                   cstackBANK1  00000
__HcstackCOMMON                                  cstackCOMMON 00000
__HdataBANK1                                     dataBANK1    00000
__Heeprom_data                                   eeprom_data  00000
__Hend_init                                      end_init     00015
__Hfunctab                                       functab      00000
__HidataBANK1                                    idataBANK1   00000
__Hidloc                                         idloc        00000
__Hinit                                          init         00013
__Hinittext                                      inittext     00000
__Hintentry                                      intentry     00013
__Hmaintext                                      maintext     00000
__HnvBANK0                                       nvBANK0      00000
__Hpowerup                                       powerup      00000
__Hram                                           ram          00000
__Hreset_vec                                     reset_vec    00002
__Hsfr0                                          sfr0         00000
__Hsfr1                                          sfr1         00000
__Hsfr10                                         sfr10        00000
__Hsfr11                                         sfr11        00000
__Hsfr12                                         sfr12        00000
__Hsfr13                                         sfr13        00000
__Hsfr14                                         sfr14        00000
__Hsfr15                                         sfr15        00000
__Hsfr16                                         sfr16        00000
__Hsfr17                                         sfr17        00000
__Hsfr18                                         sfr18        00000
__Hsfr19                                         sfr19        00000
__Hsfr2                                          sfr2         00000
__Hsfr20                                         sfr20        00000
__Hsfr21                                         sfr21        00000
__Hsfr22                                         sfr22        00000
__Hsfr23                                         sfr23        00000
__Hsfr24                                         sfr24        00000
__Hsfr25                                         sfr25        00000
__Hsfr26                                         sfr26        00000
__Hsfr27                                         sfr27        00000
__Hsfr28                                         sfr28        00000
__Hsfr29                                         sfr29        00000
__Hsfr3                                          sfr3         00000
__Hsfr30                                         sfr30        00000
__Hsfr31                                         sfr31        00000
__Hsfr4                                          sfr4         00000
__Hsfr5                                          sfr5         00000
__Hsfr6                                          sfr6         00000
__Hsfr7                                          sfr7         00000
__Hsfr8                                          sfr8         00000
__Hsfr9                                          sfr9         00000
__Hspace_0                                       (abs)        08009
__Hspace_1                                       (abs)        00160
__Hspace_2                                       (abs)        00000
__Hspace_3                                       (abs)        00000
__Hstack                                         stack        00000
__Hstrings                                       strings      00000
__Hstringtext                                    stringtext   00000
__Htext                                          text         00000
__Labs1                                          abs1         00000
__Lbank0                                         bank0        00000
__Lbank1                                         bank1        00000
__Lbank10                                        bank10       00000
__Lbank11                                        bank11       00000
__Lbank12                                        bank12       00000
__Lbank13                                        bank13       00000
__Lbank14                                        bank14       00000
__Lbank15                                        bank15       00000
__Lbank16                                        bank16       00000
__Lbank17                                        bank17       00000
__Lbank18                                        bank18       00000
__Lbank19                                        bank19       00000
__Lbank2                                         bank2        00000
__Lbank20                                        bank20       00000
__Lbank21                                        bank21       00000
__Lbank22                                        bank22       00000
__Lbank23                                        bank23       00000
__Lbank24                                        bank24       00000
__Lbank25                                        bank25       00000
__Lbank26                                        bank26       00000
__Lbank27                                        bank27       00000
__Lbank28                                        bank28       00000
__Lbank29                                        bank29       00000
__Lbank3                                         bank3        00000
__Lbank30                                        bank30       00000
__Lbank31                                        bank31       00000
__Lbank4                                         bank4        00000
__Lbank5                                         bank5        00000
__Lbank6                                         bank6        00000
__Lbank7                                         bank7        00000
__Lbank8                                         bank8        00000
__Lbank9                                         bank9        00000
__Lbigram                                        bigram       00000
__LbssBANK0                                      bssBANK0     00000
__LbssBANK1                                      bssBANK1     00000
__LbssBANK2                                      bssBANK2     00000
__LbssCOMMON                                     bssCOMMON    00000
__Lcinit                                         cinit        00015
__Lclrtext                                       clrtext      00000
__Lcode                                          code         00000
__Lcommon                                        common       00000
__Lconfig                                        config       08007
__LcstackBANK0                                   cstackBANK0  00000
__LcstackBANK1                                   cstackBANK1  00000
__LcstackCOMMON                                  cstackCOMMON 00000
__LdataBANK1                                     dataBANK1    00000
__Leeprom_data                                   eeprom_data  00000
__Lend_init                                      end_init     00013
__Lfunctab                                       functab      00000
__LidataBANK1                                    idataBANK1   00000
__Lidloc                                         idloc        00000
__Linit                                          init         00013
__Linittext                                      inittext     00000
__Lintentry                                      intentry     00004
__Lmaintext                                      maintext     00000
__LnvBANK0                                       nvBANK0      00000
__Lpowerup                                       powerup      00000
__Lram                                           ram          00000
__Lreset_vec                                     reset_vec    00000
__Lsfr0                                          sfr0         00000
__Lsfr1                                          sfr1         00000
__Lsfr10                                         sfr10        00000
__Lsfr11                                         sfr11        00000
__Lsfr12                                         sfr12        00000
__Lsfr13                                         sfr13        00000
__Lsfr14                                         sfr14        00000
__Lsfr15                                         sfr15        00000
__Lsfr16                                         sfr16        00000
__Lsfr17                                         sfr17        00000
__Lsfr18                                         sfr18        00000
__Lsfr19                                         sfr19        00000
__Lsfr2                                          sfr2         00000
__Lsfr20                                         sfr20        00000
__Lsfr21                                         sfr21        00000
__Lsfr22                                         sfr22        00000
__Lsfr23                                         sfr23        00000
__Lsfr24                                         sfr24        00000
__Lsfr25                                         sfr25        00000
__Lsfr26                                         sfr26        00000
__Lsfr27                                         sfr27        00000
__Lsfr28                                         sfr28        00000
__Lsfr29                                         sfr29        00000
__Lsfr3                                          sfr3         00000
__Lsfr30                                         sfr30        00000
__Lsfr31                                         sfr31        00000
__Lsfr4                                          sfr4         00000
__Lsfr5                                          sfr5         00000
__Lsfr6                                          sfr6         00000
__Lsfr7                                          sfr7         00000
__Lsfr8                                          sfr8         00000
__Lsfr9                                          sfr9         00000
__Lspace_0                                       (abs)        00000
__Lspace_1                                       (abs)        00000
__Lspace_2                                       (abs)        00000
__Lspace_3                                       (abs)        00000
__Lstack                                         stack        00000
__Lstrings                                       strings      00000
__Lstringtext                                    stringtext   00000
__Ltext                                          text         00000
__S0                                             (abs)        08009
__S1                                             (abs)        00160
__S2                                             (abs)        00000
___awdiv                                         text16       0043A
___awdiv@counter                                 cstackBANK0  00050
___awdiv@dividend                                cstackCOMMON 00075
___awdiv@divisor                                 cstackCOMMON 00073
___awdiv@quotient                                cstackBANK0  00052
___awdiv@sign                                    cstackBANK0  00051
___awmod                                         text15       00577
___awmod@counter                                 cstackBANK0  00050
___awmod@dividend                                cstackCOMMON 00075
___awmod@divisor                                 cstackCOMMON 00073
___awmod@sign                                    cstackBANK0  00051
___bmul                                          text19       00E52
___bmul@multiplicand                             cstackCOMMON 00073
___bmul@multiplier                               cstackCOMMON 00076
___bmul@product                                  cstackCOMMON 00075
___int_sp                                        stack        00000
___latbits                                       (abs)        00003
___lwdiv                                         text29       00630
___lwdiv@counter                                 cstackBANK0  00056
___lwdiv@dividend                                cstackBANK0  00053
___lwdiv@divisor                                 cstackBANK0  00051
___lwdiv@quotient                                cstackBANK0  00057
___lwmod                                         text28       006FC
___lwmod@counter                                 cstackBANK0  00050
___lwmod@dividend                                cstackCOMMON 00075
___lwmod@divisor                                 cstackCOMMON 00073
___sp                                            stack        00000
__end_of_ADC_GetConversion                       text51       00F4E
__end_of_ADC_Initialize                          text11       00DFF
__end_of_Bq32k_Rtc_Read_Time                     text17       0043A
__end_of_Bq32k_Time_Init                         text46       00F83
__end_of_Dis_TAB                                 stringtext   01015
__end_of_EUSART_Initialize                       text10       00E15
__end_of_EUSART_Write                            text45       00DF7
__end_of_FLASH_ReadWord                          text3        00F34
__end_of_FVR_Initialize                          text9        00DCD
__end_of_I2C_Read_Buffer                         text20       00372
__end_of_I2C_Receive_Byte                        text21       007AB
__end_of_I2C_Send_Buffer                         text47       005F8
__end_of_I2C_Send_Byte                           text50       00577
__end_of_I2C_Start                               text49       00F02
__end_of_I2C_Stop                                text48       00F1B
__end_of_INTERRUPT_InterruptManager              intentry     00013
__end_of_Key_Process                             text12       0052B
__end_of_Key_Scan                                text44       007F7
__end_of_OSCILLATOR_Initialize                   text8        00DD7
__end_of_PIN_MANAGER_Initialize                  text7        01000
__end_of_SPI_Exchange8bit                        text36       00800
__end_of_SPI_Exchange8bitBuffer                  text35       004DD
__end_of_SPI_Initialize                          text6        00DE3
__end_of_SYSTEM_Initialize                       text4        00EA0
__end_of_SendBit_1621                            text43       00FBE
__end_of_SendCmd_1621                            text42       00EB8
__end_of_SendDataBit_1621                        text39       00FDE
__end_of_Serach_Flash_Head                       text2        006FC
__end_of_Set_finish_flag                         text41       00DD2
__end_of_Set_start_flag                          text40       00DDD
__end_of_TMR0_CallBack                           text54       00E76
__end_of_TMR0_ISR                                text53       00EE9
__end_of_TMR0_Initialize                         text5        00E31
__end_of_Tc_Display                              text26       00265
__end_of_Two_Display                             text37       007D4
__end_of_WriteAll_1621                           text38       0069A
__end_of___awdiv                                 text16       0048C
__end_of___awmod                                 text15       005BD
__end_of___bmul                                  text19       00E63
__end_of___lwdiv                                 text29       00665
__end_of___lwmod                                 text28       00729
__end_of__initialization                         cinit        0003B
__end_of_bcd2bin                                 text18       00E8B
__end_of_err_Display                             text25       00781
__end_of_main                                    maintext     00106
__end_of_maxim_31856_init                        text1        003D6
__end_of_maxim_31856_read_nregisters             text34       00ED0
__end_of_maxim_31856_read_register               text33       00E52
__end_of_maxim_31856_write_register              text32       00E22
__end_of_maxim_clear_fault_status                text24       00E41
__end_of_maxim_start_conversion                  text31       00F68
__end_of_memset                                  text27       00F9E
__end_of_one_temperature_trans                   text30       00630
__end_of_tc_temperature_trans                    text23       001BE
__end_of_temperature_display                     text22       00755
__end_of_temperature_process                     text13       006CC
__end_of_time_Display                            text14       002FA
__initialization                                 cinit        00015
__pbssBANK0                                      bssBANK0     00020
__pbssBANK1                                      bssBANK1     000A0
__pbssBANK2                                      bssBANK2     00120
__pbssCOMMON                                     bssCOMMON    00078
__pcstackBANK0                                   cstackBANK0  00050
__pcstackBANK1                                   cstackBANK1  000B9
__pcstackCOMMON                                  cstackCOMMON 00070
__pdataBANK1                                     dataBANK1    000AF
__pidataBANK1                                    idataBANK1   00DFF
__pintentry                                      intentry     00004
__pmaintext                                      maintext     0003F
__pnvBANK0                                       nvBANK0      0006C
__pstringtext                                    stringtext   01000
__ptext1                                         text1        00372
__ptext10                                        text10       00E09
__ptext11                                        text11       00DF7
__ptext12                                        text12       004DD
__ptext13                                        text13       0069A
__ptext14                                        text14       00265
__ptext15                                        text15       00577
__ptext16                                        text16       0043A
__ptext17                                        text17       003D6
__ptext18                                        text18       00E76
__ptext19                                        text19       00E52
__ptext2                                         text2        006CC
__ptext20                                        text20       002FA
__ptext21                                        text21       00781
__ptext22                                        text22       00729
__ptext23                                        text23       00106
__ptext24                                        text24       00E31
__ptext25                                        text25       00755
__ptext26                                        text26       001BE
__ptext27                                        text27       00F83
__ptext28                                        text28       006FC
__ptext29                                        text29       00630
__ptext3                                         text3        00F1B
__ptext30                                        text30       005F8
__ptext31                                        text31       00F4E
__ptext32                                        text32       00E15
__ptext33                                        text33       00E41
__ptext34                                        text34       00EB8
__ptext35                                        text35       0048C
__ptext36                                        text36       007F7
__ptext37                                        text37       007AB
__ptext38                                        text38       00665
__ptext39                                        text39       00FBE
__ptext4                                         text4        00E8B
__ptext40                                        text40       00DD7
__ptext41                                        text41       00DCD
__ptext42                                        text42       00EA0
__ptext43                                        text43       00F9E
__ptext44                                        text44       007D4
__ptext45                                        text45       00DEF
__ptext46                                        text46       00F68
__ptext47                                        text47       005BD
__ptext48                                        text48       00F02
__ptext49                                        text49       00EE9
__ptext5                                         text5        00E22
__ptext50                                        text50       0052B
__ptext51                                        text51       00F34
__ptext53                                        text53       00ED0
__ptext54                                        text54       00E63
__ptext6                                         text6        00DDD
__ptext7                                         text7        00FDE
__ptext8                                         text8        00DD2
__ptext9                                         text9        00DC9
__size_of_ADC_GetConversion                      (abs)        00000
__size_of_ADC_Initialize                         (abs)        00000
__size_of_Bq32k_Rtc_Read_Time                    (abs)        00000
__size_of_Bq32k_Time_Init                        (abs)        00000
__size_of_EUSART_Initialize                      (abs)        00000
__size_of_EUSART_Write                           (abs)        00000
__size_of_FLASH_ReadWord                         (abs)        00000
__size_of_FVR_Initialize                         (abs)        00000
__size_of_I2C_Read_Buffer                        (abs)        00000
__size_of_I2C_Receive_Byte                       (abs)        00000
__size_of_I2C_Send_Buffer                        (abs)        00000
__size_of_I2C_Send_Byte                          (abs)        00000
__size_of_I2C_Start                              (abs)        00000
__size_of_I2C_Stop                               (abs)        00000
__size_of_INTERRUPT_InterruptManager             (abs)        00000
__size_of_Key_Process                            (abs)        00000
__size_of_Key_Scan                               (abs)        00000
__size_of_OSCILLATOR_Initialize                  (abs)        00000
__size_of_PIN_MANAGER_Initialize                 (abs)        00000
__size_of_SPI_Exchange8bit                       (abs)        00000
__size_of_SPI_Exchange8bitBuffer                 (abs)        00000
__size_of_SPI_Initialize                         (abs)        00000
__size_of_SYSTEM_Initialize                      (abs)        00000
__size_of_SendBit_1621                           (abs)        00000
__size_of_SendCmd_1621                           (abs)        00000
__size_of_SendDataBit_1621                       (abs)        00000
__size_of_Serach_Flash_Head                      (abs)        00000
__size_of_Set_finish_flag                        (abs)        00000
__size_of_Set_start_flag                         (abs)        00000
__size_of_TMR0_CallBack                          (abs)        00000
__size_of_TMR0_ISR                               (abs)        00000
__size_of_TMR0_Initialize                        (abs)        00000
__size_of_Tc_Display                             (abs)        00000
__size_of_Two_Display                            (abs)        00000
__size_of_WriteAll_1621                          (abs)        00000
__size_of___awdiv                                (abs)        00000
__size_of___awmod                                (abs)        00000
__size_of___bmul                                 (abs)        00000
__size_of___lwdiv                                (abs)        00000
__size_of___lwmod                                (abs)        00000
__size_of_bcd2bin                                (abs)        00000
__size_of_err_Display                            (abs)        00000
__size_of_main                                   (abs)        00000
__size_of_maxim_31856_init                       (abs)        00000
__size_of_maxim_31856_read_nregisters            (abs)        00000
__size_of_maxim_31856_read_register              (abs)        00000
__size_of_maxim_31856_write_register             (abs)        00000
__size_of_maxim_clear_fault_status               (abs)        00000
__size_of_maxim_start_conversion                 (abs)        00000
__size_of_memset                                 (abs)        00000
__size_of_one_temperature_trans                  (abs)        00000
__size_of_tc_temperature_trans                   (abs)        00000
__size_of_temperature_display                    (abs)        00000
__size_of_temperature_process                    (abs)        00000
__size_of_time_Display                           (abs)        00000
_bcd2bin                                         text18       00E76
_display_buff                                    bssBANK0     0004C
_err_Display                                     text25       00755
_main                                            maintext     0003F
_maxim_31856_init                                text1        00372
_maxim_31856_read_nregisters                     text34       00EB8
_maxim_31856_read_register                       text33       00E41
_maxim_31856_write_register                      text32       00E15
_maxim_clear_fault_status                        text24       00E31
_maxim_start_conversion                          text31       00F4E
_memset                                          text27       00F83
_one_temperature_trans                           text30       005F8
_rtc_tm                                          bssBANK1     000A8
_tc_temperature_trans                            text23       00106
_temperature_decimal                             bssBANK0     0003A
_temperature_display                             text22       00729
_temperature_int                                 bssBANK0     00032
_temperature_process                             text13       0069A
_temperature_sign                                bssBANK0     0003B
_temperature_value                               bssBANK0     00024
_time_Display                                    text14       00265
_time_count                                      bssCOMMON    00078
_timer0ReloadVal                                 nvBANK0      0006C
_uch_cjth                                        bssBANK0     0003D
_uch_cjtl                                        bssBANK0     0003E
_uch_cr0                                         bssCOMMON    00079
_uch_cr1                                         bssBANK0     0003F
_uch_ltcbh                                       bssCOMMON    0007A
_uch_ltcbl                                       bssBANK0     00040
_uch_ltcbm                                       bssBANK0     00041
_uch_mask                                        bssBANK0     00042
_uch_reg                                         bssBANK0     00044
_uch_sr                                          bssBANK0     00043
bcd2bin@val                                      cstackCOMMON 00077
btemp                                            (abs)        0007E
clear_ram0                                       clrtext      00DE9
end_of_initialization                            cinit        0003B
err_Display@F2123                                bssBANK1     000A0
err_Display@num                                  cstackBANK0  00057
init_ram                                         inittext     00DE3
int$flags                                        (abs)        0007E
intlevel0                                        functab      00000
intlevel1                                        functab      00000
intlevel2                                        functab      00000
intlevel3                                        functab      00000
intlevel4                                        functab      00000
intlevel5                                        functab      00000
ltemp                                            (abs)        0007E
ltemp0                                           (abs)        0007E
ltemp1                                           (abs)        00082
ltemp2                                           (abs)        00086
ltemp3                                           (abs)        00080
main@bat_data                                    cstackBANK1  000BC
main@data_temp                                   cstackBANK1  000B9
main@i                                           cstackBANK1  000BB
maxim_31856_read_nregisters@uch_buff             cstackBANK0  00053
maxim_31856_read_nregisters@uch_nBytes           cstackBANK0  00054
maxim_31856_read_nregisters@uch_register_address cstackBANK0  00057
maxim_31856_read_register@uch_register_address   cstackCOMMON 00075
maxim_31856_read_register@uch_register_data      cstackCOMMON 00076
maxim_31856_write_register@uch_register_address  cstackCOMMON 00075
maxim_31856_write_register@uch_register_value    cstackCOMMON 00074
maxim_start_conversion@uch_conversion_mode       cstackBANK0  00050
memset@c                                         cstackCOMMON 00073
memset@n                                         cstackCOMMON 00075
memset@p                                         cstackBANK0  00051
memset@p1                                        cstackBANK0  00050
reset_vec                                        reset_vec    00000
stackhi                                          (abs)        023EF
stacklo                                          (abs)        020E0
start                                            init         00013
start_initialization                             cinit        00015
time_Display@F2126                               bssBANK1     000A4
time_Display@num                                 cstackBANK0  00063
ttemp                                            (abs)        0007E
ttemp0                                           (abs)        0007E
ttemp1                                           (abs)        00081
ttemp2                                           (abs)        00084
ttemp3                                           (abs)        00087
ttemp4                                           (abs)        0007F
wtemp                                            (abs)        0007E
wtemp0                                           (abs)        0007E
wtemp1                                           (abs)        00080
wtemp2                                           (abs)        00082
wtemp3                                           (abs)        00084
wtemp4                                           (abs)        00086
wtemp5                                           (abs)        00088
wtemp6                                           (abs)        0007F


FUNCTION INFORMATION:

 *************** function _main *****************
 Defined at:
		line 65 in file "main.c"
 Parameters:    Size  Location     Type
		None
 Auto vars:     Size  Location     Type
  bat_data        2    3[BANK1 ] unsigned int 
  data_temp       2    0[BANK1 ] unsigned int 
  i               1    2[BANK1 ] unsigned char 
 Return value:  Size  Location     Type
                  1    wreg      void 
 Registers used:
		wreg, fsr0l, fsr0h, fsr1l, fsr1h, status,2, status,0, pclath, cstack
 Tracked objects:
		On entry : 
		On exit  : 
		Unchanged: 
 Data sizes:     COMMON   BANK0   BANK1   BANK2   BANK3   BANK4   BANK5   BANK6   BANK7   BANK8   BANK9  BANK10  BANK11  BANK12
      Params:         0       0       0       0       0       0       0       0       0       0       0       0       0       0
      Locals:         0       0       5       0       0       0       0       0       0       0       0       0       0       0
      Temps:          0       3       0       0       0       0       0       0       0       0       0       0       0       0
      Totals:         0       3       5       0       0       0       0       0       0       0       0       0       0       0
Total ram usage:        8 bytes
 Hardware stack levels required when called:    9
 This function calls:
		_ADC_GetConversion
		_Bq32k_Time_Init
		_EUSART_Write
		_Key_Process
		_SYSTEM_Initialize
		_SendCmd_1621
		_Serach_Flash_Head
		_WriteAll_1621
		_maxim_31856_init
		_temperature_process
 This function is called by:
		Startup code after reset
 This function uses a non-reentrant model


 *************** function _maxim_31856_init *****************
 Defined at:
		line 63 in file "mcc_generated_files/max31856.c"
 Parameters:    Size  Location     Type
		None
 Auto vars:     Size  Location     Type
		None
 Return value:  Size  Location     Type
                  1    wreg      void 
 Registers used:
		wreg, status,2, status,0, pclath, cstack
 Tracked objects:
		On entry : 
		On exit  : 
		Unchanged: 
 Data sizes:     COMMON   BANK0   BANK1   BANK2   BANK3   BANK4   BANK5   BANK6   BANK7   BANK8   BANK9  BANK10  BANK11  BANK12
      Params:         0       0       0       0       0       0       0       0       0       0       0       0       0       0
      Locals:         0       0       0       0       0       0       0       0       0       0       0       0       0       0
      Temps:          1       0       0       0       0       0       0       0       0       0       0       0       0       0
      Totals:         1       0       0       0       0       0       0       0       0       0       0       0       0       0
Total ram usage:        1 bytes
 Hardware stack levels used:    1
 Hardware stack levels required when called:    5
 This function calls:
		_maxim_31856_write_register
 This function is called by:
		_main
 This function uses a non-reentrant model


 *************** function _Serach_Flash_Head *****************
 Defined at:
		line 40 in file "mcc_generated_files/save.c"
 Parameters:    Size  Location     Type
		None
 Auto vars:     Size  Location     Type
  i               2    2[BANK0 ] unsigned int 
  data            2    0[BANK0 ] unsigned int 
 Return value:  Size  Location     Type
                  1    wreg      void 
 Registers used:
		wreg, status,2, status,0, pclath, cstack
 Tracked objects:
		On entry : 
		On exit  : 
		Unchanged: 
 Data sizes:     COMMON   BANK0   BANK1   BANK2   BANK3   BANK4   BANK5   BANK6   BANK7   BANK8   BANK9  BANK10  BANK11  BANK12
      Params:         0       0       0       0       0       0       0       0       0       0       0       0       0       0
      Locals:         0       4       0       0       0       0       0       0       0       0       0       0       0       0
      Temps:          0       0       0       0       0       0       0       0       0       0       0       0       0       0
      Totals:         0       4       0       0       0       0       0       0       0       0       0       0       0       0
Total ram usage:        4 bytes
 Hardware stack levels used:    1
 Hardware stack levels required when called:    4
 This function calls:
		_FLASH_ReadWord
 This function is called by:
		_main
 This function uses a non-reentrant model


 *************** function _FLASH_ReadWord *****************
 Defined at:
		line 58 in file "mcc_generated_files/memory.c"
 Parameters:    Size  Location     Type
  flashAddr       2    3[COMMON] unsigned int 
 Auto vars:     Size  Location     Type
  GIEBitValue     1    5[COMMON] unsigned char 
 Return value:  Size  Location     Type
                  2    3[COMMON] unsigned int 
 Registers used:
		wreg, status,2, status,0
 Tracked objects:
		On entry : 
		On exit  : 
		Unchanged: 
 Data sizes:     COMMON   BANK0   BANK1   BANK2   BANK3   BANK4   BANK5   BANK6   BANK7   BANK8   BANK9  BANK10  BANK11  BANK12
      Params:         2       0       0       0       0       0       0       0       0       0       0       0       0       0
      Locals:         1       0       0       0       0       0       0       0       0       0       0       0       0       0
      Temps:          0       0       0       0       0       0       0       0       0       0       0       0       0       0
      Totals:         3       0       0       0       0       0       0       0       0       0       0       0       0       0
Total ram usage:        3 bytes
 Hardware stack levels used:    1
 Hardware stack levels required when called:    3
 This function calls:
		Nothing
 This function is called by:
		_Serach_Flash_Head
		_FLASH_WriteWord
 This function uses a non-reentrant model


 *************** function _SYSTEM_Initialize *****************
 Defined at:
		line 70 in file "mcc_generated_files/mcc.c"
 Parameters:    Size  Location     Type
		None
 Auto vars:     Size  Location     Type
		None
 Return value:  Size  Location     Type
                  1    wreg      void 
 Registers used:
		wreg, status,2, status,0, pclath, cstack
 Tracked objects:
		On entry : 
		On exit  : 
		Unchanged: 
 Data sizes:     COMMON   BANK0   BANK1   BANK2   BANK3   BANK4   BANK5   BANK6   BANK7   BANK8   BANK9  BANK10  BANK11  BANK12
      Params:         0       0       0       0       0       0       0       0       0       0       0       0       0       0
      Locals:         0       0       0       0       0       0       0       0       0       0       0       0       0       0
      Temps:          0       0       0       0       0       0       0       0       0       0       0       0       0       0
      Totals:         0       0       0       0       0       0       0       0       0       0       0       0       0       0
Total ram usage:        0 bytes
 Hardware stack levels used:    1
 Hardware stack levels required when called:    4
 This function calls:
		_ADC_Initialize
		_EUSART_Initialize
		_FVR_Initialize
		_OSCILLATOR_Initialize
		_PIN_MANAGER_Initialize
		_SPI_Initialize
		_TMR0_Initialize
 This function is called by:
		_main
 This function uses a non-reentrant model


 *************** function _TMR0_Initialize *****************
 Defined at:
		line 66 in file "mcc_generated_files/tmr0.c"
 Parameters:    Size  Location     Type
		None
[...]
 Defined at:
		line 18 in file "mcc_generated_files/key.c"
 Parameters:    Size  Location     Type
		None
 Auto vars:     Size  Location     Type
  Key_val         1    5[COMMON] unsigned char 
 Return value:  Size  Location     Type
                  1    wreg      unsigned char 
 Registers used:
		wreg
 Tracked objects:
		On entry : 
		On exit  : 
		Unchanged: 
 Data sizes:     COMMON   BANK0   BANK1   BANK2   BANK3   BANK4   BANK5   BANK6   BANK7   BANK8   BANK9  BANK10  BANK11  BANK12
      Params:         0       0       0       0       0       0       0       0       0       0       0       0       0       0
      Locals:         1       0       0       0       0       0       0       0       0       0       0       0       0       0
      Temps:          2       0       0       0       0       0       0       0       0       0       0       0       0       0
      Totals:         3       0       0       0       0       0       0       0       0       0       0       0       0       0
Total ram usage:        3 bytes
 Hardware stack levels used:    1
 Hardware stack levels required when called:    3
 This function calls:
		Nothing
 This function is called by:
		_Key_Process
 This function uses a non-reentrant model


 *************** function _EUSART_Write *****************
 Defined at:
		line 91 in file "mcc_generated_files/eusart.c"
 Parameters:    Size  Location     Type
  txData          1    wreg     unsigned char 
 Auto vars:     Size  Location     Type
  txData          1    3[COMMON] unsigned char 
 Return value:  Size  Location     Type
                  1    wreg      void 
 Registers used:
		wreg
 Tracked objects:
		On entry : 
		On exit  : 
		Unchanged: 
 Data sizes:     COMMON   BANK0   BANK1   BANK2   BANK3   BANK4   BANK5   BANK6   BANK7   BANK8   BANK9  BANK10  BANK11  BANK12
      Params:         0       0       0       0       0       0       0       0       0       0       0       0       0       0
      Locals:         1       0       0       0       0       0       0       0       0       0       0       0       0       0
      Temps:          0       0       0       0       0       0       0       0       0       0       0       0       0       0
      Totals:         1       0       0       0       0       0       0       0       0       0       0       0       0       0
Total ram usage:        1 bytes
 Hardware stack levels used:    1
 Hardware stack levels required when called:    3
 This function calls:
		Nothing
 This function is called by:
		_main
		_EUSART_SendString
 This function uses a non-reentrant model


 *************** function _Bq32k_Time_Init *****************
 Defined at:
		line 17 in file "mcc_generated_files/bq32k.c"
 Parameters:    Size  Location     Type
		None
 Auto vars:     Size  Location     Type
  temp           10    7[BANK0 ] unsigned char [10]
  time            7    0        struct bq32k_regs
 Return value:  Size  Location     Type
                  1    wreg      void 
 Registers used:
		wreg, fsr0l, fsr0h, fsr1l, fsr1h, status,2, status,0, pclath, cstack
 Tracked objects:
		On entry : 
		On exit  : 
		Unchanged: 
 Data sizes:     COMMON   BANK0   BANK1   BANK2   BANK3   BANK4   BANK5   BANK6   BANK7   BANK8   BANK9  BANK10  BANK11  BANK12
      Params:         0       0       0       0       0       0       0       0       0       0       0       0       0       0
      Locals:         0      10       0       0       0       0       0       0       0       0       0       0       0       0
      Temps:          0       2       0       0       0       0       0       0       0       0       0       0       0       0
      Totals:         0      12       0       0       0       0       0       0       0       0       0       0       0       0
Total ram usage:       12 bytes
 Hardware stack levels used:    1
 Hardware stack levels required when called:    5
 This function calls:
		_I2C_Send_Buffer
 This function is called by:
		_main
 This function uses a non-reentrant model


 *************** function _I2C_Send_Buffer *****************
 Defined at:
		line 173 in file "mcc_generated_files/i2c.c"
 Parameters:    Size  Location     Type
  ADD             1    wreg     unsigned char 
  buff            1    6[COMMON] PTR unsigned char 
		 -> Bq32k_Rtc_Write_Time@temp(10), Bq32k_Time_Init@temp(10), 
  Length          1    7[COMMON] unsigned char 
 Auto vars:     Size  Location     Type
  ADD             1    2[BANK0 ] unsigned char 
  Flag            1    4[BANK0 ] unsigned char 
  i               1    3[BANK0 ] unsigned char 
 Return value:  Size  Location     Type
                  1    wreg      unsigned char 
 Registers used:
		wreg, fsr1l, fsr1h, status,2, status,0, pclath, cstack
 Tracked objects:
		On entry : 
		On exit  : 
		Unchanged: 
 Data sizes:     COMMON   BANK0   BANK1   BANK2   BANK3   BANK4   BANK5   BANK6   BANK7   BANK8   BANK9  BANK10  BANK11  BANK12
      Params:         2       0       0       0       0       0       0       0       0       0       0       0       0       0
      Locals:         0       3       0       0       0       0       0       0       0       0       0       0       0       0
      Temps:          0       2       0       0       0       0       0       0       0       0       0       0       0       0
      Totals:         2       5       0       0       0       0       0       0       0       0       0       0       0       0
Total ram usage:        7 bytes
 Hardware stack levels used:    1
 Hardware stack levels required when called:    4
 This function calls:
		_I2C_Send_Byte
		_I2C_Start
		_I2C_Stop
 This function is called by:
		_Bq32k_Time_Init
		_Bq32k_Rtc_Write_Time
 This function uses a non-reentrant model


 *************** function _I2C_Stop *****************
 Defined at:
		line 102 in file "mcc_generated_files/i2c.c"
 Parameters:    Size  Location     Type
		None
 Auto vars:     Size  Location     Type
		None
 Return value:  Size  Location     Type
                  1    wreg      void 
 Registers used:
		wreg
 Tracked objects:
		On entry : 
		On exit  : 
		Unchanged: 
 Data sizes:     COMMON   BANK0   BANK1   BANK2   BANK3   BANK4   BANK5   BANK6   BANK7   BANK8   BANK9  BANK10  BANK11  BANK12
      Params:         0       0       0       0       0       0       0       0       0       0       0       0       0       0
      Locals:         0       0       0       0       0       0       0       0       0       0       0       0       0       0
      Temps:          1       0       0       0       0       0       0       0       0       0       0       0       0       0
      Totals:         1       0       0       0       0       0       0       0       0       0       0       0       0       0
Total ram usage:        1 bytes
 Hardware stack levels used:    1
 Hardware stack levels required when called:    3
 This function calls:
		Nothing
 This function is called by:
		_I2C_Read_Buffer
		_I2C_Send_Buffer
 This function uses a non-reentrant model


 *************** function _I2C_Start *****************
 Defined at:
		line 16 in file "mcc_generated_files/i2c.c"
 Parameters:    Size  Location     Type
		None
 Auto vars:     Size  Location     Type
		None
 Return value:  Size  Location     Type
                  1    wreg      void 
 Registers used:
		wreg
 Tracked objects:
		On entry : 
		On exit  : 
		Unchanged: 
 Data sizes:     COMMON   BANK0   BANK1   BANK2   BANK3   BANK4   BANK5   BANK6   BANK7   BANK8   BANK9  BANK10  BANK11  BANK12
      Params:         0       0       0       0       0       0       0       0       0       0       0       0       0       0
      Locals:         0       0       0       0       0       0       0       0       0       0       0       0       0       0
      Temps:          1       0       0       0       0       0       0       0       0       0       0       0       0       0
      Totals:         1       0       0       0       0       0       0       0       0       0       0       0       0       0
Total ram usage:        1 bytes
 Hardware stack levels used:    1
 Hardware stack levels required when called:    3
 This function calls:
		Nothing
 This function is called by:
		_I2C_Read_Buffer
		_I2C_Send_Buffer
 This function uses a non-reentrant model


 *************** function _I2C_Send_Byte *****************
 Defined at:
		line 34 in file "mcc_generated_files/i2c.c"
 Parameters:    Size  Location     Type
  Data            1    wreg     unsigned char 
 Auto vars:     Size  Location     Type
  Data            1    4[COMMON] unsigned char 
  i               1    5[COMMON] unsigned char 
 Return value:  Size  Location     Type
                  1    wreg      unsigned char 
 Registers used:
		wreg, status,2, status,0
 Tracked objects:
		On entry : 
		On exit  : 
		Unchanged: 
 Data sizes:     COMMON   BANK0   BANK1   BANK2   BANK3   BANK4   BANK5   BANK6   BANK7   BANK8   BANK9  BANK10  BANK11  BANK12
      Params:         0       0       0       0       0       0       0       0       0       0       0       0       0       0
      Locals:         2       0       0       0       0       0       0       0       0       0       0       0       0       0
      Temps:          1       0       0       0       0       0       0       0       0       0       0       0       0       0
      Totals:         3       0       0       0       0       0       0       0       0       0       0       0       0       0
Total ram usage:        3 bytes
 Hardware stack levels used:    1
 Hardware stack levels required when called:    3
 This function calls:
		Nothing
 This function is called by:
		_I2C_Read_Buffer
		_I2C_Send_Buffer
 This function uses a non-reentrant model


 *************** function _ADC_GetConversion *****************
 Defined at:
		line 106 in file "mcc_generated_files/adc.c"
 Parameters:    Size  Location     Type
  channel         1    wreg     enum E1850
 Auto vars:     Size  Location     Type
  channel         1    6[COMMON] enum E1850
 Return value:  Size  Location     Type
                  2    3[COMMON] unsigned int 
 Registers used:
		wreg, status,2, status,0
 Tracked objects:
		On entry : 
		On exit  : 
		Unchanged: 
 Data sizes:     COMMON   BANK0   BANK1   BANK2   BANK3   BANK4   BANK5   BANK6   BANK7   BANK8   BANK9  BANK10  BANK11  BANK12
      Params:         2       0       0       0       0       0       0       0       0       0       0       0       0       0
      Locals:         1       0       0       0       0       0       0       0       0       0       0       0       0       0
      Temps:          1       0       0       0       0       0       0       0       0       0       0       0       0       0
      Totals:         4       0       0       0       0       0       0       0       0       0       0       0       0       0
Total ram usage:        4 bytes
 Hardware stack levels used:    1
 Hardware stack levels required when called:    3
 This function calls:
		Nothing
 This function is called by:
		_main
 This function uses a non-reentrant model


 *************** function _INTERRUPT_InterruptManager *****************
 Defined at:
		line 52 in file "mcc_generated_files/interrupt_manager.c"
 Parameters:    Size  Location     Type
		None
 Auto vars:     Size  Location     Type
		None
 Return value:  Size  Location     Type
                  1    wreg      void 
 Registers used:
		wreg, status,2, status,0, pclath, cstack
 Tracked objects:
		On entry : 
		On exit  : 
		Unchanged: 
 Data sizes:     COMMON   BANK0   BANK1   BANK2   BANK3   BANK4   BANK5   BANK6   BANK7   BANK8   BANK9  BANK10  BANK11  BANK12
      Params:         0       0       0       0       0       0       0       0       0       0       0       0       0       0
      Locals:         0       0       0       0       0       0       0       0       0       0       0       0       0       0
      Temps:          1       0       0       0       0       0       0       0       0       0       0       0       0       0
      Totals:         1       0       0       0       0       0       0       0       0       0       0       0       0       0
Total ram usage:        1 bytes
 Hardware stack levels used:    1
 Hardware stack levels required when called:    2
 This function calls:
		_TMR0_ISR
 This function is called by:
		Interrupt level 1
 This function uses a non-reentrant model


 *************** function _TMR0_ISR *****************
 Defined at:
		line 103 in file "mcc_generated_files/tmr0.c"
 Parameters:    Size  Location     Type
		None
 Auto vars:     Size  Location     Type
		None
 Return value:  Size  Location     Type
                  1    wreg      void 
 Registers used:
		wreg, status,2, status,0, pclath, cstack
 Tracked objects:
		On entry : 
		On exit  : 
		Unchanged: 
 Data sizes:     COMMON   BANK0   BANK1   BANK2   BANK3   BANK4   BANK5   BANK6   BANK7   BANK8   BANK9  BANK10  BANK11  BANK12
      Params:         0       0       0       0       0       0       0       0       0       0       0       0       0       0
      Locals:         0       0       0       0       0       0       0       0       0       0       0       0       0       0
      Temps:          1       0       0       0       0       0       0       0       0       0       0       0       0       0
      Totals:         1       0       0       0       0       0       0       0       0       0       0       0       0       0
Total ram usage:        1 bytes
 Hardware stack levels used:    1
 Hardware stack levels required when called:    1
 This function calls:
		_TMR0_CallBack
 This function is called by:
		_INTERRUPT_InterruptManager
 This function uses a non-reentrant model


 *************** function _TMR0_CallBack *****************
 Defined at:
		line 125 in file "mcc_generated_files/tmr0.c"
 Parameters:    Size  Location     Type
		None
 Auto vars:     Size  Location     Type
		None
 Return value:  Size  Location     Type
                  1    wreg      void 
 Registers used:
		wreg, status,2, status,0
 Tracked objects:
		On entry : 
		On exit  : 
		Unchanged: 
 Data sizes:     COMMON   BANK0   BANK1   BANK2   BANK3   BANK4   BANK5   BANK6   BANK7   BANK8   BANK9  BANK10  BANK11  BANK12
      Params:         0       0       0       0       0       0       0       0       0       0       0       0       0       0
      Locals:         0       0       0       0       0       0       0       0       0       0       0       0       0       0
      Temps:          1       0       0       0       0       0       0       0       0       0       0       0       0       0
      Totals:         1       0       0       0       0       0       0       0       0       0       0       0       0       0
Total ram usage:        1 bytes
 Hardware stack levels used:    1
 This function calls:
		Nothing
 This function is called by:
		_TMR0_ISR
 This function uses a non-reentrant model



MODULE INFORMATION

Module		Function		Class		Link	Load	Size
mcc_generated_files/max31856.c
		_one_temperature_trans		CODE           	05F8	0000	57
		_maxim_31856_read_nregisters		CODE           	0EB8	0000	25
		_maxim_31856_read_register		CODE           	0E41	0000	18
		_maxim_31856_init		CODE           	0372	0000	101
		_maxim_clear_fault_status		CODE           	0E31	0000	17
		_tc_temperature_trans		CODE           	0106	0000	185
		_maxim_start_conversion		CODE           	0F4E	0000	27
		_temperature_process		CODE           	069A	0000	51
		_temperature_display		CODE           	0729	0000	45
		_maxim_31856_write_register		CODE           	0E15	0000	14

mcc_generated_files/max31856.c estimated size: 540

mcc_generated_files/fvr.c
		_FVR_Initialize		CODE           	0DC9	0000	5

mcc_generated_files/fvr.c estimated size: 5

mcc_generated_files/interrupt_manager.c
		_INTERRUPT_InterruptManager		CODE           	0004	0000	16

mcc_generated_files/interrupt_manager.c estimated size: 16

mcc_generated_files/i2c.c
		_I2C_Receive_Byte		CODE           	0781	0000	43
		_I2C_Read_Buffer		CODE           	02FA	0000	121
		_I2C_Send_Buffer		CODE           	05BD	0000	60
		_I2C_Stop      		CODE           	0F02	0000	26
		_I2C_Send_Byte 		CODE           	052B	0000	77
		_I2C_Start     		CODE           	0EE9	0000	26

mcc_generated_files/i2c.c estimated size: 353

mcc_generated_files/bq32k.c
		_Bq32k_Time_Init		CODE           	0F68	0000	28
		_bcd2bin       		CODE           	0E76	0000	22
		_Bq32k_Rtc_Read_Time		CODE           	03D6	0000	101

mcc_generated_files/bq32k.c estimated size: 151

mcc_generated_files/tmr0.c
		_TMR0_CallBack 		CODE           	0E63	0000	20
		_TMR0_ISR      		CODE           	0ED0	0000	26
		_TMR0_Initialize		CODE           	0E22	0000	16

mcc_generated_files/tmr0.c estimated size: 62

mcc_generated_files/pin_manager.c
		_PIN_MANAGER_Initialize		CODE           	0FDE	0000	35

mcc_generated_files/pin_manager.c estimated size: 35

mcc_generated_files/ht1621.c
		_WriteAll_1621 		CODE           	0665	0000	54
		_SendCmd_1621  		CODE           	0EA0	0000	25
		_Two_Display   		CODE           	07AB	0000	42
		_err_Display   		CODE           	0755	0000	45
		_Tc_Display    		CODE           	01BE	0000	168
		_SendBit_1621  		CODE           	0F9E	0000	33
		_SendDataBit_1621		CODE           	0FBE	0000	33
		_time_Display  		CODE           	0265	0000	150

mcc_generated_files/ht1621.c estimated size: 550

mcc_generated_files/adc.c
		_ADC_Initialize		CODE           	0DF7	0000	9
		_ADC_GetConversion		CODE           	0F34	0000	27

mcc_generated_files/adc.c estimated size: 36

mcc_generated_files/key.c
		_Key_Scan      		CODE           	07D4	0000	36
		_Key_Process   		CODE           	04DD	0000	79

mcc_generated_files/key.c estimated size: 115

D:\Program Files (x86)\Microchip\xc8\v1.37\sources\common\lwmod.c
		___lwmod       		CODE           	06FC	0000	46

D:\Program Files (x86)\Microchip\xc8\v1.37\sources\common\lwmod.c estimated size: 46

D:\Program Files (x86)\Microchip\xc8\v1.37\sources\common\awmod.c
		___awmod       		CODE           	0577	0000	71

D:\Program Files (x86)\Microchip\xc8\v1.37\sources\common\awmod.c estimated size: 71

mcc_generated_files/save.c
		_Set_finish_flag		CODE           	0DCD	0000	6
		_Serach_Flash_Head		CODE           	06CC	0000	49
		_Set_start_flag		CODE           	0DD7	0000	7

mcc_generated_files/save.c estimated size: 62

mcc_generated_files/spi.c
		_SPI_Exchange8bitBuffer		CODE           	048C	0000	82
		_SPI_Exchange8bit		CODE           	07F7	0000	10
		_SPI_Initialize		CODE           	0DDD	0000	7

mcc_generated_files/spi.c estimated size: 99

shared
		_Dis_TAB       		STRCODE        	1000	0000	22
		__initialization		CODE           	0015	0000	39

shared estimated size: 61

mcc_generated_files/mcc.c
		_OSCILLATOR_Initialize		CODE           	0DD2	0000	6
		_SYSTEM_Initialize		CODE           	0E8B	0000	22

mcc_generated_files/mcc.c estimated size: 28

D:\Program Files (x86)\Microchip\xc8\v1.37\sources\common\memset.c
		_memset        		CODE           	0F83	0000	28

D:\Program Files (x86)\Microchip\xc8\v1.37\sources\common\memset.c estimated size: 28

mcc_generated_files/memory.c
		_FLASH_ReadWord		CODE           	0F1B	0000	26

mcc_generated_files/memory.c estimated size: 26

mcc_generated_files/eusart.c
		_EUSART_Write  		CODE           	0DEF	0000	9
		_EUSART_Initialize		CODE           	0E09	0000	13

mcc_generated_files/eusart.c estimated size: 22

D:\Program Files (x86)\Microchip\xc8\v1.37\sources\common\lwdiv.c
		___lwdiv       		CODE           	0630	0000	54

D:\Program Files (x86)\Microchip\xc8\v1.37\sources\common\lwdiv.c estimated size: 54

D:\Program Files (x86)\Microchip\xc8\v1.37\sources\common\awdiv.c
		___awdiv       		CODE           	043A	0000	83

D:\Program Files (x86)\Microchip\xc8\v1.37\sources\common\awdiv.c estimated size: 83

main.c
		_main          		CODE           	003F	0000	200

main.c estimated size: 200

D:\Program Files (x86)\Microchip\xc8\v1.37\sources\common\Umul8.c
		___bmul        		CODE           	0E52	0000	18

D:\Program Files (x86)\Microchip\xc8\v1.37\sources\common\Umul8.c estimated size: 18

