Microchip MPLAB XC8 Compiler V1.37 ()

Linker command line:

-W-3 --edf=D:\Program Files (x86)\Microchip\xc8\v1.37\dat\en_msgs.txt -cs \
  -h+dist/default/production\thermocouple.X.production.sym \
  --cmf=dist/default/production\thermocouple.X.production.cmf -z -Q16F1518 \
  -oC:\Users\201605~1\AppData\Local\Temp\sc70.2 \
  -Mdist/default/production/thermocouple.X.production.map -E1 -ver=XC8 \
  -ASTACK=020E0h-023efh -pstack=STACK -ACODE=00h-07FFhx8 \
  -ASTRCODE=00h-03FFFh -ASTRING=00h-0FFhx64 -ACONST=00h-0FFhx64 \
  -AENTRY=00h-0FFhx64 -ACOMMON=070h-07Fh -ABANK0=020h-06Fh \
  -ABANK1=0A0h-0EFh -ABANK2=0120h-016Fh -ABANK3=01A0h-01EFh \
  -ABANK4=0220h-026Fh -ABANK5=02A0h-02EFh -ABANK6=0320h-036Fh \
  -ABANK7=03A0h-03EFh -ABANK8=0420h-046Fh -ABANK9=04A0h-04EFh \
  -ABANK10=0520h-056Fh -ABANK11=05A0h-05EFh -ABANK12=0620h-064Fh \
  -ABIGRAM=02000h-023EFh \
  -ARAM=020h-06Fh,0A0h-0EFh,0120h-016Fh,01A0h-01EFh,0220h-026Fh,02A0h-02EFh,0320h-036Fh,03A0h-03EFh,0420h-046Fh,04A0h-04EFh,0520h-056Fh,05A0h-05EFh,0620h-064Fh \
  -AABS1=020h-07Fh,0A0h-0EFh,0120h-016Fh,01A0h-01EFh,0220h-026Fh,02A0h-02EFh,0320h-036Fh,03A0h-03EFh,0420h-046Fh,04A0h-04EFh,0520h-056Fh,05A0h-05EFh,0620h-064Fh \
  -ASFR0=00h-01Fh -ASFR1=080h-09Fh -ASFR2=0100h-011Fh -ASFR3=0180h-019Fh \
  -ASFR4=0200h-021Fh -ASFR5=0280h-029Fh -ASFR6=0300h-031Fh \
  -ASFR7=0380h-039Fh -ASFR8=0400h-041Fh -ASFR9=0480h-049Fh \
  -ASFR10=0500h-051Fh -ASFR11=0580h-059Fh -ASFR12=0600h-061Fh \
  -ASFR13=0680h-06EFh -ASFR14=0700h-076Fh -ASFR15=0780h-07EFh \
  -ASFR16=0800h-086Fh -ASFR17=0880h-08EFh -ASFR18=0900h-096Fh \
  -ASFR19=0980h-09EFh -ASFR20=0A00h-0A6Fh -ASFR21=0A80h-0AEFh \
  -ASFR22=0B00h-0B6Fh -ASFR23=0B80h-0BEFh -ASFR24=0C00h-0C6Fh \
  -ASFR25=0C80h-0CEFh -ASFR26=0D00h-0D6Fh -ASFR27=0D80h-0DEFh \
  -ASFR28=0E00h-0E6Fh -ASFR29=0E80h-0EEFh -ASFR30=0F00h-0F6Fh \
  -ASFR31=0F80h-0FEFh -preset_vec=00h,intentry=04h,init,end_init \
  -ppowerup=CODE -pcinit=CODE -pfunctab=CODE -ACONFIG=08007h-08008h \
  -pconfig=CONFIG -DCONFIG=2 -AIDLOC=08000h-08003h -pidloc=IDLOC -DIDLOC=2 \
  -DCODE=2 -DSTRCODE=2 -DSTRING=2 -DCONST=2 -DENTRY=2 -k \
  C:\Users\201605~1\AppData\Local\Temp\sc70.obj \
  dist/default/production\thermocouple.X.production.obj 

Object code version is 3.11

Machine type is 16F1518



                Name                               Link     Load   Length Selector   Space Scale
C:\Users\201605~1\AppData\Local\Temp\sc70.obj
                end_init                             13       13        2        8       0
                reset_vec                             0        0        2        0       0
                config                             8007     8007        2    1000E       0
dist/default/production\thermocouple.X.production.obj
                cinit                                15       15       29        8       0
                intentry                              4        4        F        8       0
                text48                              FA0      FA0       17     1F40       0
                text47                              F76      F76       15     1EEC       0
                text45                              7CD      7CD       1A        8       0
                text44                              462      462       4C        8       0
                text43                              FE7      FE7       19     1FCE       0
                text42                              7E7      7E7       19        8       0
                text41                              53A      53A       3B        8       0
                text40                              798      798       1B        8       0
                text39                              6F5      6F5       23        8       0
                text38                              75A      75A       20        8       0
                text37                              F8B      F8B       15     1F16       0
                text36                              73A      73A       20        8       0
                text35                              5E2      5E2       35        8       0
                text34                              6CC      6CC       29        8       0
                text33                              EDA      EDA        9     1DB4       0
                text32                              416      416       4C        8       0
                text31                              FB7      FB7       18     1F6E       0
                text30                              F1B      F1B       11     1E36       0
                text29                              EEF      EEF        D     1DDE       0
                text28                              FCF      FCF       18     1F9E       0
                text27                              575      575       38        8       0
                text26                              5AD      5AD       35        8       0
                text25                              676      676       2C        8       0
                text24                              7B3      7B3       1A        8       0
                text23                               E6       E6       A7        8       0
                text22                              64A      64A       2C        8       0
                text21                              F0B      F0B       10     1E16       0
                text20                               3E       3E       A8        8       0
                text19                              77A      77A       1E        8       0
                text18                              6A2      6A2       2A        8       0
                text17                              291      291       6B        8       0
                text16                              F2C      F2C       11     1E58       0
                text15                              F4F      F4F       13     1E9E       0
                text14                              360      360       64        8       0
                text13                              3C4      3C4       52        8       0
                text12                              4F5      4F5       45        8       0
                text11                              18D      18D       94        8       0
                text10                              617      617       33        8       0
                text9                               4AE      4AE       47        8       0
                text8                               ED2      ED2        8     1DA4       0
                text7                               EE3      EE3        C     1DC6       0
                text6                               EBB      EBB        5     1D76       0
                text5                               718      718       22        8       0
                text4                               EC0      EC0        6     1D80       0
                text3                               EFC      EFC        F     1DF8       0
                text2                               F3D      F3D       12     1E7A       0
                text1                               2FC      2FC       64        8       0
                maintext                            221      221       70        8       0
                cstackBANK0                          4B       4B       19       20       1
                cstackCOMMON                         70       70        A       70       1
                cstackBANK1                          C3       C3        D       A0       1
                inittext                            EC6      EC6        6     1D8C       0
                clrtext                             ECC      ECC        6     1D98       0
                bssBANK2                            120      120       40      120       1
                dataBANK1                            A0       A0       14       A0       1
                bssBANK1                             B4       B4        F       A0       1
                bssBANK0                             20       20       2B       20       1
                bssCOMMON                            7A       7A        2       70       1
                nvBANK0                              64       64        1       20       1
                stringtext                         1000     1000       15     2000       0
                idataBANK1                          F62      F62       14     1EC4       0

TOTAL           Name                               Link     Load   Length     Space
        CLASS   STACK          

        CLASS   CODE           
                end_init                             13       13        2         0
                cinit                                15       15       29         0
                intentry                              4        4        F         0
                reset_vec                             0        0        2         0
                text48                              FA0      FA0       17         0
                text47                              F76      F76       15         0
                text45                              7CD      7CD       1A         0
                text44                              462      462       4C         0
                text43                              FE7      FE7       19         0
                text42                              7E7      7E7       19         0
                text41                              53A      53A       3B         0
                text40                              798      798       1B         0
                text39                              6F5      6F5       23         0
                text38                              75A      75A       20         0
                text37                              F8B      F8B       15         0
                text36                              73A      73A       20         0
                text35                              5E2      5E2       35         0
                text34                              6CC      6CC       29         0
                text33                              EDA      EDA        9         0
                text32                              416      416       4C         0
                text31                              FB7      FB7       18         0
                text30                              F1B      F1B       11         0
                text29                              EEF      EEF        D         0
                text28                              FCF      FCF       18         0
                text27                              575      575       38         0
                text26                              5AD      5AD       35         0
                text25                              676      676       2C         0
                text24                              7B3      7B3       1A         0
                text23                               E6       E6       A7         0
                text22                              64A      64A       2C         0
                text21                              F0B      F0B       10         0
                text20                               3E       3E       A8         0
                text19                              77A      77A       1E         0
                text18                              6A2      6A2       2A         0
                text17                              291      291       6B         0
                text16                              F2C      F2C       11         0
                text15                              F4F      F4F       13         0
                text14                              360      360       64         0
                text13                              3C4      3C4       52         0
                text12                              4F5      4F5       45         0
                text11                              18D      18D       94         0
                text10                              617      617       33         0
                text9                               4AE      4AE       47         0
                text8                               ED2      ED2        8         0
                text7                               EE3      EE3        C         0
                text6                               EBB      EBB        5         0
                text5                               718      718       22         0
                text4                               EC0      EC0        6         0
                text3                               EFC      EFC        F         0
                text2                               F3D      F3D       12         0
                text1                               2FC      2FC       64         0
                maintext                            221      221       70         0
                inittext                            EC6      EC6        6         0
                clrtext                             ECC      ECC        6         0
                idataBANK1                          F62      F62       14         0

        CLASS   STRCODE        
                stringtext                         1000     1000       15         0

        CLASS   STRING         

        CLASS   CONST          

        CLASS   ENTRY          

        CLASS   COMMON         
                cstackCOMMON                         70       70        A         1
                bssCOMMON                            7A       7A        2         1

        CLASS   BANK0          
                cstackBANK0                          4B       4B       19         1
                bssBANK0                             20       20       2B         1
                nvBANK0                              64       64        1         1

        CLASS   BANK1          
                cstackBANK1                          C3       C3        D         1
                dataBANK1                            A0       A0       14         1
                bssBANK1                             B4       B4        F         1

        CLASS   BANK2          
                bssBANK2                            120      120       40         1

        CLASS   BANK3          

        CLASS   BANK4          

        CLASS   BANK5          

        CLASS   BANK6          

        CLASS   BANK7          

        CLASS   BANK8          

        CLASS   BANK9          

        CLASS   BANK10         

        CLASS   BANK11         

        CLASS   BANK12         

        CLASS   BIGRAM         

        CLASS   RAM            

        CLASS   ABS1           
                abs_s1                               7E       7E        2         1

        CLASS   SFR0           

        CLASS   SFR1           

        CLASS   SFR2           

        CLASS   SFR3           

        CLASS   SFR4           

        CLASS   SFR5           

        CLASS   SFR6           

        CLASS   SFR7           

        CLASS   SFR8           

        CLASS   SFR9           

        CLASS   SFR10          

        CLASS   SFR11          

        CLASS   SFR12          

        CLASS   SFR13          

        CLASS   SFR14          

        CLASS   SFR15          

        CLASS   SFR16          

        CLASS   SFR17          

        CLASS   SFR18          

        CLASS   SFR19          

        CLASS   SFR20          

        CLASS   SFR21          

        CLASS   SFR22          

        CLASS   SFR23          

        CLASS   SFR24          

        CLASS   SFR25          

        CLASS   SFR26          

        CLASS   SFR27          

        CLASS   SFR28          

        CLASS   SFR29          

        CLASS   SFR30          

        CLASS   SFR31          

        CLASS   CONFIG         
                config                             8007     8007        2         0

        CLASS   IDLOC          

        CLASS   BANK31         

        CLASS   BANK30         

        CLASS   BANK29         

        CLASS   BANK28         

        CLASS   BANK27         

        CLASS   BANK26         

        CLASS   BANK25         

        CLASS   BANK24         

        CLASS   BANK23         

        CLASS   BANK22         

        CLASS   BANK21         

        CLASS   BANK20         

        CLASS   BANK19         

        CLASS   BANK18         

        CLASS   BANK17         

        CLASS   BANK16         

        CLASS   BANK15         

        CLASS   BANK14         

        CLASS   BANK13         

        CLASS   EEDATA         



SEGMENTS        Name                           Load    Length   Top    Selector   Space  Class     Delta

                reset_vec                      000000  000002  000002         0       0  CODE        2
                intentry                       000004  0007FC  000800         8       0  CODE        2
                bssBANK0                       000020  000045  000065        20       1  BANK0       1
                cstackCOMMON                   000070  00000C  00007C        70       1  COMMON      1
                dataBANK1                      0000A0  000030  0000D0        A0       1  BANK1       1
                bssBANK2                       000120  000040  000160       120       1  BANK2       1
                text6                          000EBB  000005  000EC0      1D76       0  CODE        2
                text4                          000EC0  000006  000EC6      1D80       0  CODE        2
                inittext                       000EC6  000006  000ECC      1D8C       0  CODE        2
                clrtext                        000ECC  000006  000ED2      1D98       0  CODE        2
                text8                          000ED2  000008  000EDA      1DA4       0  CODE        2
                text33                         000EDA  000009  000EE3      1DB4       0  CODE        2
                text7                          000EE3  00000C  000EEF      1DC6       0  CODE        2
                text29                         000EEF  00000D  000EFC      1DDE       0  CODE        2
                text3                          000EFC  00000F  000F0B      1DF8       0  CODE        2
                text21                         000F0B  000010  000F1B      1E16       0  CODE        2
                text30                         000F1B  000011  000F2C      1E36       0  CODE        2
                text16                         000F2C  000011  000F3D      1E58       0  CODE        2
                text2                          000F3D  000012  000F4F      1E7A       0  CODE        2
                text15                         000F4F  000013  000F62      1E9E       0  CODE        2
                idataBANK1                     000F62  000014  000F76      1EC4       0  CODE        2
                text47                         000F76  000015  000F8B      1EEC       0  CODE        2
                text37                         000F8B  000015  000FA0      1F16       0  CODE        2
                text48                         000FA0  000017  000FB7      1F40       0  CODE        2
                text31                         000FB7  000018  000FCF      1F6E       0  CODE        2
                text28                         000FCF  000018  000FE7      1F9E       0  CODE        2
                text43                         000FE7  000019  001000      1FCE       0  CODE        2
                stringtext                     001000  000015  001015      2000       0  STRCODE     2
                config                         008007  000002  008009     1000E       0  CONFIG      2


UNUSED ADDRESS RANGES

        Name                Unused          Largest block    Delta
        BANK0            00065-0006F               B           1
        BANK1            000D0-000EF              20           1
        BANK10           00520-0056F              50           1
        BANK11           005A0-005EF              50           1
        BANK12           00620-0064F              30           1
        BANK2            00160-0016F              10           1
        BANK3            001A0-001EF              50           1
        BANK4            00220-0026F              50           1
        BANK5            002A0-002EF              50           1
        BANK6            00320-0036F              50           1
        BANK7            003A0-003EF              50           1
        BANK8            00420-0046F              50           1
        BANK9            004A0-004EF              50           1
        BIGRAM           02000-023EF             3F0           1
        CODE             00002-00003               2           2
                         00800-00EBA             6BB
                         01015-03FFF             800
        COMMON           0007C-0007D               2           1
        CONST            00002-00003               2           2
                         00800-00EBA             100
                         01015-03FFF             100
        ENTRY            00002-00003               2           2
                         00800-00EBA             100
                         01015-03FFF             100
        IDLOC            08000-08003               4           2
        RAM              00065-0006F               B           1
                         000D0-000EF              20
                         00160-0016F              10
                         001A0-001EF              50
                         00220-0026F              50
                         002A0-002EF              50
                         00320-0036F              50
                         003A0-003EF              50
                         00420-0046F              50
                         004A0-004EF              50
                         00520-0056F              50
                         005A0-005EF              50
                         00620-0064F              30
        SFR0             00000-0001F              20           1
        SFR1             00080-0009F              20           1
        SFR10            00500-0051F              20           1
        SFR11            00580-0059F              20           1
        SFR12            00600-0061F              20           1
        SFR13            00680-006EF              70           1
        SFR14            00700-0076F              70           1
        SFR15            00780-007EF              70           1
        SFR16            00800-0086F              70           1
        SFR17            00880-008EF              70           1
        SFR18            00900-0096F              70           1
        SFR19            00980-009EF              70           1
        SFR2             00100-0011F              20           1
        SFR20            00A00-00A6F              70           1
        SFR21            00A80-00AEF              70           1
        SFR22            00B00-00B6F              70           1
        SFR23            00B80-00BEF              70           1
        SFR24            00C00-00C6F              70           1
        SFR25            00C80-00CEF              70           1
        SFR26            00D00-00D6F              70           1
        SFR27            00D80-00DEF              70           1
        SFR28            00E00-00E6F              70           1
        SFR29            00E80-00EEF              70           1
        SFR3             00180-0019F              20           1
        SFR30            00F00-00F6F              70           1
        SFR31            00F80-00FEF              70           1
        SFR4             00200-0021F              20           1
        SFR5             00280-0029F              20           1
        SFR6             00300-0031F              20           1
        SFR7             00380-0039F              20           1
        SFR8             00400-0041F              20           1
        SFR9             00480-0049F              20           1
        STACK            020E0-023EF             310           1
        STRCODE          00002-00003               2           2
                         00800-00EBA             6BB
                         01015-03FFF            2FEB
        STRING           00002-00003               2           2
                         00800-00EBA             100
                         01015-03FFF             100

                                  Symbol Table

?_ADC_GetConversion                              cstackCOMMON 00072
?___awdiv                                        cstackCOMMON 00072
?___awmod                                        cstackCOMMON 00072
?___lwdiv                                        cstackBANK0  0004B
?___lwmod                                        cstackCOMMON 00072
ADC_GetConversion@channel                        cstackCOMMON 00075
Bq32k_Rtc_Read_Time@p                            cstackBANK0  00057
Bq32k_Rtc_Read_Time@temp                         cstackBANK0  0004D
Bq32k_Time_Init@F2005                            dataBANK1    000A0
Bq32k_Time_Init@temp                             cstackBANK0  00050
I2C_Read_Buffer@ADD                              cstackCOMMON 00078
I2C_Read_Buffer@Flag                             cstackCOMMON 00079
I2C_Read_Buffer@Length                           cstackCOMMON 00076
I2C_Read_Buffer@buff                             cstackCOMMON 00075
I2C_Receive_Byte@Data                            cstackCOMMON 00073
I2C_Receive_Byte@i                               cstackCOMMON 00074
I2C_Send_Buffer@ADD                              cstackBANK0  0004B
I2C_Send_Buffer@Flag                             cstackBANK0  0004D
I2C_Send_Buffer@Length                           cstackCOMMON 00076
I2C_Send_Buffer@buff                             cstackCOMMON 00075
I2C_Send_Buffer@i                                cstackBANK0  0004C
I2C_Send_Byte@Data                               cstackCOMMON 00073
I2C_Send_Byte@i                                  cstackCOMMON 00074
Key_Process@gKeyValue                            cstackBANK0  00060
Key_Scan@Key_val                                 cstackCOMMON 00074
SPI_Exchange8bit@data                            cstackCOMMON 00072
SPI_Exchange8bitBuffer@bufLen                    cstackCOMMON 00073
SPI_Exchange8bitBuffer@bytesWritten              cstackCOMMON 00079
SPI_Exchange8bitBuffer@dataIn                    cstackCOMMON 00078
SPI_Exchange8bitBuffer@dataOut                   cstackCOMMON 00074
SendBit_1621@cnt                                 cstackCOMMON 00072
SendBit_1621@data                                cstackCOMMON 00075
SendBit_1621@i                                   cstackCOMMON 00076
SendCmd_1621@command                             cstackCOMMON 00078
SendDataBit_1621@cnt                             cstackCOMMON 00072
SendDataBit_1621@data                            cstackCOMMON 00075
SendDataBit_1621@i                               cstackCOMMON 00076
TMR0_ISR@CountCallBack                           bssBANK0     0002E
Tc_Display@count                                 cstackBANK0  00053
Tc_Display@data                                  cstackBANK0  00054
Two_Display@F2110                                bssBANK0     00020
Two_Display@num                                  cstackBANK0  0004F
Two_Display@number                               cstackBANK0  00053
WriteAll_1621@addr                               cstackBANK0  0004C
WriteAll_1621@cnt                                cstackCOMMON 00079
WriteAll_1621@i                                  cstackBANK0  0004D
WriteAll_1621@p                                  cstackCOMMON 00077
_ADCON0                                          (abs)        0009D
_ADCON0bits                                      (abs)        0009D
_ADCON1                                          (abs)        0009E
_ADC_GetConversion                               text45       007CD
_ADC_Initialize                                  text8        00ED2
_ADRESH                                          (abs)        0009C
_ADRESL                                          (abs)        0009B
_ANSELA                                          (abs)        0018C
_ANSELB                                          (abs)        0018D
_ANSELC                                          (abs)        0018E
_APFCON                                          (abs)        0011D
_BAUDCON                                         (abs)        0019F
_Bq32k_Rtc_Read_Time                             text14       00360
_Bq32k_Time_Init                                 text40       00798
_Dis_TAB                                         stringtext   01000
_EUSART_Initialize                               text7        00EE3
_I2C_Read_Buffer                                 text17       00291
_I2C_Receive_Byte                                text18       006A2
_I2C_Send_Buffer                                 text41       0053A
_I2C_Send_Byte                                   text44       00462
_I2C_Start                                       text43       00FE7
_I2C_Stop                                        text42       007E7
_INTCONbits                                      (abs)        0000B
_INTERRUPT_InterruptManager                      intentry     00004
_Key_Process                                     text9        004AE
_Key_Scan                                        text39       006F5
_LATA                                            (abs)        0010C
_LATA0                                           (abs)        00860
_LATA1                                           (abs)        00861
_LATA2                                           (abs)        00862
_LATA3                                           (abs)        00863
_LATA4                                           (abs)        00864
_LATA5                                           (abs)        00865
_LATB                                            (abs)        0010D
_LATB0                                           (abs)        00868
_LATB1                                           (abs)        00869
_LATC                                            (abs)        0010E
_LATC0                                           (abs)        00870
_LATC1                                           (abs)        00871
_LATC2                                           (abs)        00872
_LongPressSec                                    bssBANK0     00032
_MAX31856Sec                                     bssBANK0     00033
_OPTION_REG                                      (abs)        00095
_OPTION_REGbits                                  (abs)        00095
_OSCCON                                          (abs)        00099
_OSCILLATOR_Initialize                           text6        00EBB
_OSCSTAT                                         (abs)        0009A
_PIN_MANAGER_Initialize                          text5        00718
_PIR1bits                                        (abs)        00011
_PMADR                                           (abs)        00191
_PMADRH                                          (abs)        00192
_PMADRL                                          (abs)        00191
_PMCON1bits                                      (abs)        00195
_PMCON2                                          (abs)        00196
_PMDAT                                           (abs)        00193
_PMDATH                                          (abs)        00194
_PMDATL                                          (abs)        00193
_RA7                                             (abs)        00067
_RB1                                             (abs)        00069
_RB3                                             (abs)        0006B
_RB5                                             (abs)        0006D
_RCREG                                           (abs)        00199
_RCSTA                                           (abs)        0019D
_RCSTAbits                                       (abs)        0019D
_SPBRGH                                          (abs)        0019C
_SPBRGL                                          (abs)        0019B
_SPI_Exchange8bit                                text33       00EDA
_SPI_Exchange8bitBuffer                          text32       00416
_SPI_Initialize                                  text4        00EC0
_SSP1ADD                                         (abs)        00212
_SSP1CON1                                        (abs)        00215
_SSP1CON1bits                                    (abs)        00215
_SSP1STAT                                        (abs)        00214
_SSP1STATbits                                    (abs)        00214
_SSPBUF                                          (abs)        00211
_SYSTEM_Initialize                               text2        00F3D
_SendBit_1621                                    text38       0075A
_SendCmd_1621                                    text37       00F8B
_SendDataBit_1621                                text36       0073A
_TMR0                                            (abs)        00015
_TMR0_CallBack                                   text48       00FA0
_TMR0_ISR                                        text47       00F76
_TMR0_Initialize                                 text3        00EFC
_TRISA                                           (abs)        0008C
_TRISB                                           (abs)        0008D
_TRISB1                                          (abs)        00469
_TRISB3                                          (abs)        0046B
_TRISC                                           (abs)        0008E
_TXREG                                           (abs)        0019A
_TXSTA                                           (abs)        0019E
_Tc_Display                                      text23       000E6
_Two_Display                                     text34       006CC
_WPUB                                            (abs)        0020D
_WPUE                                            (abs)        00210
_WriteAll_1621                                   text35       005E2
__CFG_BOREN$ON                                   (abs)        00000
__CFG_BORV$LO                                    (abs)        00000
__CFG_CLKOUTEN$OFF                               (abs)        00000
__CFG_CP$OFF                                     (abs)        00000
__CFG_FCMEN$ON                                   (abs)        00000
__CFG_FOSC$INTOSC                                (abs)        00000
__CFG_IESO$ON                                    (abs)        00000
__CFG_LPBOR$OFF                                  (abs)        00000
__CFG_LVP$OFF                                    (abs)        00000
__CFG_MCLRE$ON                                   (abs)        00000
__CFG_PWRTE$OFF                                  (abs)        00000
__CFG_STVREN$ON                                  (abs)        00000
__CFG_VCAPEN$OFF                                 (abs)        00000
__CFG_WDTE$OFF                                   (abs)        00000
__CFG_WRT$OFF                                    (abs)        00000
__Habs1                                          abs1         00000
__Hbank0                                         bank0        00000
__Hbank1                                         bank1        00000
__Hbank10                                        bank10       00000
__Hbank11                                        bank11       00000
__Hbank12                                        bank12       00000
__Hbank13                                        bank13       00000
__Hbank14                                        bank14       00000
__Hbank15                                        bank15       00000
__Hbank16                                        bank16       00000
__Hbank17                                        bank17       00000
__Hbank18                                        bank18       00000
__Hbank19                                        bank19       00000
__Hbank2                                         bank2        00000
__Hbank20                                        bank20       00000
__Hbank21                                        bank21       00000
__Hbank22                                        bank22       00000
__Hbank23                                        bank23       00000
__Hbank24                                        bank24       00000
__Hbank25                                        bank25       00000
__Hbank26                                        bank26       00000
__Hbank27                                        bank27       00000
__Hbank28                                        bank28       00000
__Hbank29                                        bank29       00000
__Hbank3                                         bank3        00000
__Hbank30                                        bank30       00000
__Hbank31                                        bank31       00000
__Hbank4                                         bank4        00000
__Hbank5                                         bank5        00000
__Hbank6                                         bank6        00000
__Hbank7                                         bank7        00000
__Hbank8                                         bank8        00000
__Hbank9                                         bank9        00000
__Hbigram                                        bigram       00000
__HbssBANK0                                      bssBANK0     00000
__HbssBANK1                                      bssBANK1     00000
__HbssBANK2                                      bssBANK2     00000
__HbssCOMMON                                     bssCOMMON    00000
__Hcinit                                         cinit        0003E
__Hclrtext                                       clrtext      00000
__Hcode                                          code         00000
__Hcommon                                        common       00000
__Hconfig                                        config       08009
__HcstackBANK0                                   cstackBANK0  00000
__HcstackBANK1                                   cstackBANK1  00000
__HcstackCOMMON                                  cstackCOMMON 00000
__HdataBANK1                                     dataBANK1    00000
__Heeprom_data                                   eeprom_data  00000
__Hend_init                                      end_init     00015
__Hfunctab                                       functab      00000
__HidataBANK1                                    idataBANK1   00000
__Hidloc                                         idloc        00000
__Hinit                                          init         00013
__Hinittext                                      inittext     00000
__Hintentry                                      intentry     00013
__Hmaintext                                      maintext     00000
__HnvBANK0                                       nvBANK0      00000
__Hpowerup                                       powerup      00000
__Hram                                           ram          00000
__Hreset_vec                                     reset_vec    00002
__Hsfr0                                          sfr0         00000
__Hsfr1                                          sfr1         00000
__Hsfr10                                         sfr10        00000
__Hsfr11                                         sfr11        00000
__Hsfr12                                         sfr12        00000
__Hsfr13                                         sfr13        00000
__Hsfr14                                         sfr14        00000
__Hsfr15                                         sfr15        00000
__Hsfr16                                         sfr16        00000
__Hsfr17                                         sfr17        00000
__Hsfr18                                         sfr18        00000
__Hsfr19                                         sfr19        00000
__Hsfr2                                          sfr2         00000
__Hsfr20                                         sfr20        00000
__Hsfr21                                         sfr21        00000
__Hsfr22                                         sfr22        00000
__Hsfr23                                         sfr23        00000
__Hsfr24                                         sfr24        00000
__Hsfr25                                         sfr25        00000
__Hsfr26                                         sfr26        00000
__Hsfr27                                         sfr27        00000
__Hsfr28                                         sfr28        00000
__Hsfr29                                         sfr29        00000
__Hsfr3                                          sfr3         00000
__Hsfr30                                         sfr30        00000
__Hsfr31                                         sfr31        00000
__Hsfr4                                          sfr4         00000
__Hsfr5                                          sfr5         00000
__Hsfr6                                          sfr6         00000
__Hsfr7                                          sfr7         00000
__Hsfr8                                          sfr8         00000
__Hsfr9                                          sfr9         00000
__Hspace_0                                       (abs)        08009
__Hspace_1                                       (abs)        00160
__Hspace_2                                       (abs)        00000
__Hspace_3                                       (abs)        00000
__Hstack                                         stack        00000
__Hstrings                                       strings      00000
__Hstringtext                                    stringtext   00000
__Htext                                          text         00000
__Labs1                                          abs1         00000
__Lbank0                                         bank0        00000
__Lbank1                                         bank1        00000
__Lbank10                                        bank10       00000
__Lbank11                                        bank11       00000
__Lbank12                                        bank12       00000
__Lbank13                                        bank13       00000
__Lbank14                                        bank14       00000
__Lbank15                                        bank15       00000
__Lbank16                                        bank16       00000
__Lbank17                                        bank17       00000
__Lbank18                                        bank18       00000
__Lbank19                                        bank19       00000
__Lbank2                                         bank2        00000
__Lbank20                                        bank20       00000
__Lbank21                                        bank21       00000
__Lbank22                                        bank22       00000
__Lbank23                                        bank23       00000
__Lbank24                                        bank24       00000
__Lbank25                                        bank25       00000
__Lbank26                                        bank26       00000
__Lbank27                                        bank27       00000
__Lbank28                                        bank28       00000
__Lbank29                                        bank29       00000
__Lbank3                                         bank3        00000
__Lbank30                                        bank30       00000
__Lbank31                                        bank31       00000
__Lbank4                                         bank4        00000
__Lbank5                                         bank5        00000
__Lbank6                                         bank6        00000
__Lbank7                                         bank7        00000
__Lbank8                                         bank8        00000
__Lbank9                                         bank9        00000
__Lbigram                                        bigram       00000
__LbssBANK0                                      bssBANK0     00000
__LbssBANK1                                      bssBANK1     00000
__LbssBANK2                                      bssBANK2     00000
__LbssCOMMON                                     bssCOMMON    00000
__Lcinit                                         cinit        00015
__Lclrtext                                       clrtext      00000
__Lcode                                          code         00000
__Lcommon                                        common       00000
__Lconfig                                        config       08007
__LcstackBANK0                                   cstackBANK0  00000
__LcstackBANK1                                   cstackBANK1  00000
__LcstackCOMMON                                  cstackCOMMON 00000
__LdataBANK1                                     dataBANK1    00000
__Leeprom_data                                   eeprom_data  00000
__Lend_init                                      end_init     00013
__Lfunctab                                       functab      00000
__LidataBANK1                                    idataBANK1   00000
__Lidloc                                         idloc        00000
__Linit                                          init         00013
__Linittext                                      inittext     00000
__Lintentry                                      intentry     00004
__Lmaintext                                      maintext     00000
__LnvBANK0                                       nvBANK0      00000
__Lpowerup                                       powerup      00000
__Lram                                           ram          00000
__Lreset_vec                                     reset_vec    00000
__Lsfr0                                          sfr0         00000
__Lsfr1                                          sfr1         00000
__Lsfr10                                         sfr10        00000
__Lsfr11                                         sfr11        00000
__Lsfr12                                         sfr12        00000
__Lsfr13                                         sfr13        00000
__Lsfr14                                         sfr14        00000
__Lsfr15                                         sfr15        00000
__Lsfr16                                         sfr16        00000
__Lsfr17                                         sfr17        00000
__Lsfr18                                         sfr18        00000
__Lsfr19                                         sfr19        00000
__Lsfr2                                          sfr2         00000
__Lsfr20                                         sfr20        00000
__Lsfr21                                         sfr21        00000
__Lsfr22                                         sfr22        00000
__Lsfr23                                         sfr23        00000
__Lsfr24                                         sfr24        00000
__Lsfr25                                         sfr25        00000
__Lsfr26                                         sfr26        00000
__Lsfr27                                         sfr27        00000
__Lsfr28                                         sfr28        00000
__Lsfr29                                         sfr29        00000
__Lsfr3                                          sfr3         00000
__Lsfr30                                         sfr30        00000
__Lsfr31                                         sfr31        00000
__Lsfr4                                          sfr4         00000
__Lsfr5                                          sfr5         00000
__Lsfr6                                          sfr6         00000
__Lsfr7                                          sfr7         00000
__Lsfr8                                          sfr8         00000
__Lsfr9                                          sfr9         00000
__Lspace_0                                       (abs)        00000
__Lspace_1                                       (abs)        00000
__Lspace_2                                       (abs)        00000
__Lspace_3                                       (abs)        00000
__Lstack                                         stack        00000
__Lstrings                                       strings      00000
__Lstringtext                                    stringtext   00000
__Ltext                                          text         00000
__S0                                             (abs)        08009
__S1                                             (abs)        00160
__S2                                             (abs)        00000
___awdiv                                         text13       003C4
___awdiv@counter                                 cstackBANK0  0004B
___awdiv@dividend                                cstackCOMMON 00074
___awdiv@divisor                                 cstackCOMMON 00072
___awdiv@quotient                                cstackBANK0  0004D
___awdiv@sign                                    cstackBANK0  0004C
___awmod                                         text12       004F5
___awmod@counter                                 cstackCOMMON 00077
___awmod@dividend                                cstackCOMMON 00074
___awmod@divisor                                 cstackCOMMON 00072
___awmod@sign                                    cstackCOMMON 00078
___bmul                                          text16       00F2C
___bmul@multiplicand                             cstackCOMMON 00072
___bmul@multiplier                               cstackCOMMON 00075
___bmul@product                                  cstackCOMMON 00074
___int_sp                                        stack        00000
___latbits                                       (abs)        00003
___lwdiv                                         text26       005AD
___lwdiv@counter                                 cstackBANK0  0004F
___lwdiv@dividend                                cstackBANK0  0004D
___lwdiv@divisor                                 cstackBANK0  0004B
___lwdiv@quotient                                cstackBANK0  00050
___lwmod                                         text25       00676
___lwmod@counter                                 cstackCOMMON 00077
___lwmod@dividend                                cstackCOMMON 00074
___lwmod@divisor                                 cstackCOMMON 00072
___sp                                            stack        00000
__end_of_ADC_GetConversion                       text45       007E7
__end_of_ADC_Initialize                          text8        00EDA
__end_of_Bq32k_Rtc_Read_Time                     text14       003C4
__end_of_Bq32k_Time_Init                         text40       007B3
__end_of_Dis_TAB                                 stringtext   01015
__end_of_EUSART_Initialize                       text7        00EEF
__end_of_I2C_Read_Buffer                         text17       002FC
__end_of_I2C_Receive_Byte                        text18       006CC
__end_of_I2C_Send_Buffer                         text41       00575
__end_of_I2C_Send_Byte                           text44       004AE
__end_of_I2C_Start                               text43       01000
__end_of_I2C_Stop                                text42       00800
__end_of_INTERRUPT_InterruptManager              intentry     00013
__end_of_Key_Process                             text9        004F5
__end_of_Key_Scan                                text39       00718
__end_of_OSCILLATOR_Initialize                   text6        00EC0
__end_of_PIN_MANAGER_Initialize                  text5        0073A
__end_of_SPI_Exchange8bit                        text33       00EE3
__end_of_SPI_Exchange8bitBuffer                  text32       00462
__end_of_SPI_Initialize                          text4        00EC6
__end_of_SYSTEM_Initialize                       text2        00F4F
__end_of_SendBit_1621                            text38       0077A
__end_of_SendCmd_1621                            text37       00FA0
__end_of_SendDataBit_1621                        text36       0075A
__end_of_TMR0_CallBack                           text48       00FB7
__end_of_TMR0_ISR                                text47       00F8B
__end_of_TMR0_Initialize                         text3        00F0B
__end_of_Tc_Display                              text23       0018D
__end_of_Two_Display                             text34       006F5
__end_of_WriteAll_1621                           text35       00617
__end_of___awdiv                                 text13       00416
__end_of___awmod                                 text12       0053A
__end_of___bmul                                  text16       00F3D
__end_of___lwdiv                                 text26       005E2
__end_of___lwmod                                 text25       006A2
__end_of__initialization                         cinit        0003A
__end_of_bcd2bin                                 text15       00F62
__end_of_err_Display                             text22       00676
__end_of_main                                    maintext     00291
__end_of_maxim_31856_init                        text1        00360
__end_of_maxim_31856_read_nregisters             text31       00FCF
__end_of_maxim_31856_read_register               text30       00F2C
__end_of_maxim_31856_write_register              text29       00EFC
__end_of_maxim_clear_fault_status                text21       00F1B
__end_of_maxim_start_conversion                  text28       00FE7
__end_of_memset                                  text24       007CD
__end_of_one_temperature_trans                   text27       005AD
__end_of_tc_temperature_trans                    text20       000E6
__end_of_temperature_display                     text19       00798
__end_of_temperature_process                     text10       0064A
__end_of_time_Display                            text11       00221
__initialization                                 cinit        00015
__pbssBANK0                                      bssBANK0     00020
__pbssBANK1                                      bssBANK1     000B4
__pbssBANK2                                      bssBANK2     00120
__pbssCOMMON                                     bssCOMMON    0007A
__pcstackBANK0                                   cstackBANK0  0004B
__pcstackBANK1                                   cstackBANK1  000C3
__pcstackCOMMON                                  cstackCOMMON 00070
__pdataBANK1                                     dataBANK1    000A0
__pidataBANK1                                    idataBANK1   00F62
__pintentry                                      intentry     00004
__pmaintext                                      maintext     00221
__pnvBANK0                                       nvBANK0      00064
__pstringtext                                    stringtext   01000
__ptext1                                         text1        002FC
__ptext10                                        text10       00617
__ptext11                                        text11       0018D
__ptext12                                        text12       004F5
__ptext13                                        text13       003C4
__ptext14                                        text14       00360
__ptext15                                        text15       00F4F
__ptext16                                        text16       00F2C
__ptext17                                        text17       00291
__ptext18                                        text18       006A2
__ptext19                                        text19       0077A
__ptext2                                         text2        00F3D
__ptext20                                        text20       0003E
__ptext21                                        text21       00F0B
__ptext22                                        text22       0064A
__ptext23                                        text23       000E6
__ptext24                                        text24       007B3
__ptext25                                        text25       00676
__ptext26                                        text26       005AD
__ptext27                                        text27       00575
__ptext28                                        text28       00FCF
__ptext29                                        text29       00EEF
__ptext3                                         text3        00EFC
__ptext30                                        text30       00F1B
__ptext31                                        text31       00FB7
__ptext32                                        text32       00416
__ptext33                                        text33       00EDA
__ptext34                                        text34       006CC
__ptext35                                        text35       005E2
__ptext36                                        text36       0073A
__ptext37                                        text37       00F8B
__ptext38                                        text38       0075A
__ptext39                                        text39       006F5
__ptext4                                         text4        00EC0
__ptext40                                        text40       00798
__ptext41                                        text41       0053A
__ptext42                                        text42       007E7
__ptext43                                        text43       00FE7
__ptext44                                        text44       00462
__ptext45                                        text45       007CD
__ptext47                                        text47       00F76
__ptext48                                        text48       00FA0
__ptext5                                         text5        00718
__ptext6                                         text6        00EBB
__ptext7                                         text7        00EE3
__ptext8                                         text8        00ED2
__ptext9                                         text9        004AE
__size_of_ADC_GetConversion                      (abs)        00000
__size_of_ADC_Initialize                         (abs)        00000
__size_of_Bq32k_Rtc_Read_Time                    (abs)        00000
__size_of_Bq32k_Time_Init                        (abs)        00000
__size_of_EUSART_Initialize                      (abs)        00000
__size_of_I2C_Read_Buffer                        (abs)        00000
__size_of_I2C_Receive_Byte                       (abs)        00000
__size_of_I2C_Send_Buffer                        (abs)        00000
__size_of_I2C_Send_Byte                          (abs)        00000
__size_of_I2C_Start                              (abs)        00000
__size_of_I2C_Stop                               (abs)        00000
__size_of_INTERRUPT_InterruptManager             (abs)        00000
__size_of_Key_Process                            (abs)        00000
__size_of_Key_Scan                               (abs)        00000
__size_of_OSCILLATOR_Initialize                  (abs)        00000
__size_of_PIN_MANAGER_Initialize                 (abs)        00000
__size_of_SPI_Exchange8bit                       (abs)        00000
__size_of_SPI_Exchange8bitBuffer                 (abs)        00000
__size_of_SPI_Initialize                         (abs)        00000
__size_of_SYSTEM_Initialize                      (abs)        00000
__size_of_SendBit_1621                           (abs)        00000
__size_of_SendCmd_1621                           (abs)        00000
__size_of_SendDataBit_1621                       (abs)        00000
__size_of_TMR0_CallBack                          (abs)        00000
__size_of_TMR0_ISR                               (abs)        00000
__size_of_TMR0_Initialize                        (abs)        00000
__size_of_Tc_Display                             (abs)        00000
__size_of_Two_Display                            (abs)        00000
__size_of_WriteAll_1621                          (abs)        00000
__size_of___awdiv                                (abs)        00000
__size_of___awmod                                (abs)        00000
__size_of___bmul                                 (abs)        00000
__size_of___lwdiv                                (abs)        00000
__size_of___lwmod                                (abs)        00000
__size_of_bcd2bin                                (abs)        00000
__size_of_err_Display                            (abs)        00000
__size_of_main                                   (abs)        00000
__size_of_maxim_31856_init                       (abs)        00000
__size_of_maxim_31856_read_nregisters            (abs)        00000
__size_of_maxim_31856_read_register              (abs)        00000
__size_of_maxim_31856_write_register             (abs)        00000
__size_of_maxim_clear_fault_status               (abs)        00000
__size_of_maxim_start_conversion                 (abs)        00000
__size_of_memset                                 (abs)        00000
__size_of_one_temperature_trans                  (abs)        00000
__size_of_tc_temperature_trans                   (abs)        00000
__size_of_temperature_display                    (abs)        00000
__size_of_temperature_process                    (abs)        00000
__size_of_time_Display                           (abs)        00000
_bcd2bin                                         text15       00F4F
_display_buff                                    bssBANK0     00047
_err_Display                                     text22       0064A
_main                                            maintext     00221
_maxim_31856_init                                text1        002FC
_maxim_31856_read_nregisters                     text31       00FB7
_maxim_31856_read_register                       text30       00F1B
_maxim_31856_write_register                      text29       00EEF
_maxim_clear_fault_status                        text21       00F0B
_maxim_start_conversion                          text28       00FCF
_memset                                          text24       007B3
_one_temperature_trans                           text27       00575
_tc_temperature_trans                            text20       0003E
_temperature_decimal                             bssBANK0     00034
_temperature_display                             text19       0077A
_temperature_int                                 bssBANK0     00030
_temperature_process                             text10       00617
_temperature_sign                                bssBANK0     00035
_temperature_value                               bssBANK0     00024
_time_Display                                    text11       0018D
_time_count                                      bssBANK0     00036
_timer0ReloadVal                                 nvBANK0      00064
_tm                                              bssBANK1     000BC
_uch_cjth                                        bssBANK0     00038
_uch_cjtl                                        bssBANK0     00039
_uch_cr0                                         bssCOMMON    0007A
_uch_cr1                                         bssBANK0     0003A
_uch_ltcbh                                       bssCOMMON    0007B
_uch_ltcbl                                       bssBANK0     0003B
_uch_ltcbm                                       bssBANK0     0003C
_uch_mask                                        bssBANK0     0003D
_uch_reg                                         bssBANK0     0003F
_uch_sr                                          bssBANK0     0003E
bcd2bin@val                                      cstackCOMMON 00079
btemp                                            (abs)        0007E
clear_ram0                                       clrtext      00ECC
end_of_initialization                            cinit        0003A
err_Display@F2113                                bssBANK1     000B4
err_Display@num                                  cstackBANK0  0004F
init_ram                                         inittext     00EC6
int$flags                                        (abs)        0007E
intlevel0                                        functab      00000
intlevel1                                        functab      00000
intlevel2                                        functab      00000
intlevel3                                        functab      00000
intlevel4                                        functab      00000
intlevel5                                        functab      00000
ltemp                                            (abs)        0007E
ltemp0                                           (abs)        0007E
ltemp1                                           (abs)        00082
ltemp2                                           (abs)        00086
ltemp3                                           (abs)        00080
main@F2210                                       dataBANK1    000AA
main@a                                           cstackBANK1  000C3
main@bat_data                                    cstackBANK1  000CE
main@i                                           cstackBANK1  000CD
maxim_31856_read_nregisters@uch_buff             cstackBANK0  0004B
maxim_31856_read_nregisters@uch_nBytes           cstackBANK0  0004C
maxim_31856_read_nregisters@uch_register_address cstackBANK0  0004F
maxim_31856_read_register@uch_register_address   cstackCOMMON 00074
maxim_31856_read_register@uch_register_data      cstackCOMMON 00075
maxim_31856_write_register@uch_register_address  cstackCOMMON 00074
maxim_31856_write_register@uch_register_value    cstackCOMMON 00073
maxim_start_conversion@uch_conversion_mode       cstackCOMMON 00077
memset@c                                         cstackCOMMON 00072
memset@n                                         cstackCOMMON 00074
memset@p                                         cstackCOMMON 00078
memset@p1                                        cstackCOMMON 00077
reset_vec                                        reset_vec    00000
stackhi                                          (abs)        023EF
stacklo                                          (abs)        020E0
start                                            init         00013
start_initialization                             cinit        00015
time_Display@F2116                               bssBANK1     000B8
time_Display@num                                 cstackBANK0  0005B
ttemp                                            (abs)        0007E
ttemp0                                           (abs)        0007E
ttemp1                                           (abs)        00081
ttemp2                                           (abs)        00084
ttemp3                                           (abs)        00087
ttemp4                                           (abs)        0007F
wtemp                                            (abs)        0007E
wtemp0                                           (abs)        0007E
wtemp1                                           (abs)        00080
wtemp2                                           (abs)        00082
wtemp3                                           (abs)        00084
wtemp4                                           (abs)        00086
wtemp5                                           (abs)        00088
wtemp6                                           (abs)        0007F


FUNCTION INFORMATION:

 *************** function _main *****************
 Defined at:
		line 65 in file "main.c"
 Parameters:    Size  Location     Type
		None
 Auto vars:     Size  Location     Type
  a              10    0[BANK1 ] unsigned char [10]
  bat_data        2   11[BANK1 ] unsigned int 
  i               1   10[BANK1 ] unsigned char 
 Return value:  Size  Location     Type
                  1    wreg      void 
 Registers used:
		wreg, fsr0l, fsr0h, fsr1l, fsr1h, status,2, status,0, pclath, cstack
 Tracked objects:
		On entry : 
		On exit  : 
		Unchanged: 
 Data sizes:     COMMON   BANK0   BANK1   BANK2   BANK3   BANK4   BANK5   BANK6   BANK7   BANK8   BANK9  BANK10  BANK11  BANK12
      Params:         0       0       0       0       0       0       0       0       0       0       0       0       0       0
      Locals:         0       0      13       0       0       0       0       0       0       0       0       0       0       0
      Temps:          0       3       0       0       0       0       0       0       0       0       0       0       0       0
      Totals:         0       3      13       0       0       0       0       0       0       0       0       0       0       0
Total ram usage:       16 bytes
 Hardware stack levels required when called:    9
 This function calls:
		_ADC_GetConversion
		_Bq32k_Time_Init
		_Key_Process
		_SYSTEM_Initialize
		_SendCmd_1621
		_WriteAll_1621
		_maxim_31856_init
		_temperature_process
 This function is called by:
		Startup code after reset
 This function uses a non-reentrant model


 *************** function _maxim_31856_init *****************
 Defined at:
		line 63 in file "mcc_generated_files/max31856.c"
 Parameters:    Size  Location     Type
		None
 Auto vars:     Size  Location     Type
		None
 Return value:  Size  Location     Type
                  1    wreg      void 
 Registers used:
		wreg, status,2, status,0, pclath, cstack
 Tracked objects:
		On entry : 
		On exit  : 
		Unchanged: 
 Data sizes:     COMMON   BANK0   BANK1   BANK2   BANK3   BANK4   BANK5   BANK6   BANK7   BANK8   BANK9  BANK10  BANK11  BANK12
      Params:         0       0       0       0       0       0       0       0       0       0       0       0       0       0
      Locals:         0       0       0       0       0       0       0       0       0       0       0       0       0       0
      Temps:          1       0       0       0       0       0       0       0       0       0       0       0       0       0
      Totals:         1       0       0       0       0       0       0       0       0       0       0       0       0       0
Total ram usage:        1 bytes
 Hardware stack levels used:    1
 Hardware stack levels required when called:    5
 This function calls:
		_maxim_31856_write_register
 This function is called by:
		_main
 This function uses a non-reentrant model


 *************** function _SYSTEM_Initialize *****************
 Defined at:
		line 70 in file "mcc_generated_files/mcc.c"
 Parameters:    Size  Location     Type
		None
 Auto vars:     Size  Location     Type
		None
 Return value:  Size  Location     Type
                  1    wreg      void 
 Registers used:
		wreg, status,2, status,0, pclath, cstack
 Tracked objects:
		On entry : 
		On exit  : 
		Unchanged: 
 Data sizes:     COMMON   BANK0   BANK1   BANK2   BANK3   BANK4   BANK5   BANK6   BANK7   BANK8   BANK9  BANK10  BANK11  BANK12
      Params:         0       0       0       0       0       0       0       0       0       0       0       0       0       0
      Locals:         0       0       0       0       0       0       0       0       0       0       0       0       0       0
      Temps:          0       0       0       0       0       0       0       0       0       0       0       0       0       0
      Totals:         0       0       0       0       0       0       0       0       0       0       0       0       0       0
Total ram usage:        0 bytes
 Hardware stack levels used:    1
 Hardware stack levels required when called:    4
 This function calls:
		_ADC_Initialize
		_EUSART_Initialize
		_OSCILLATOR_Initialize
		_PIN_MANAGER_Initialize
		_SPI_Initialize
		_TMR0_Initialize
 This function is called by:
		_main
 This function uses a non-reentrant model


 *************** function _TMR0_Initialize *****************
 Defined at:
		line 66 in file "mcc_generated_files/tmr0.c"
 Parameters:    Size  Location     Type
		None
 Auto vars:     Size  Location     Type
		None
 Return value:  Size  Location     Type
                  1    wreg      void 
 Registers used:
		wreg, status,2
 Tracked objects:
		On entry : 
		On exit  : 
		Unchanged: 
 Data sizes:     COMMON   BANK0   BANK1   BANK2   BANK3   BANK4   BANK5   BANK6   BANK7   BANK8   BANK9  BANK10  BANK11  BANK12
      Params:         0       0       0       0       0       0       0       0       0       0       0       0       0       0
      Locals:         0       0       0       0       0       0       0       0       0       0       0       0       0       0
      Temps:          1       0       0       0       0       0       0       0       0       0       0       0       0       0
      Totals:         1       0       0       0       0       0       0       0       0       0       0       0       0       0
Total ram usage:        1 bytes
 Hardware stack levels used:    1
 Hardware stack levels required when called:    3
 This function calls:
		Nothing
 This function is called by:
		_SYSTEM_Initialize
 This function uses a non-reentrant model


 *************** function _SPI_Initialize *****************
 Defined at:
		line 64 in file "mcc_generated_files/spi.c"
 Parameters:    Size  Location     Type
		None
 Auto vars:     Size  Location     Type
		None
 Return value:  Size  Location     Type
                  1    wreg      void 
 Registers used:
		wreg, status,2
 Tracked objects:
		On entry : 
		On exit  : 
		Unchanged: 
 Data sizes:     COMMON   BANK0   BANK1   BANK2   BANK3   BANK4   BANK5   BANK6   BANK7   BANK8   BANK9  BANK10  BANK11  BANK12
      Params:         0       0       0       0       0       0       0       0       0       0       0       0       0       0
      Locals:         0       0       0       0       0       0       0       0       0       0       0       0       0       0
      Temps:          0       0       0       0       0       0       0       0       0       0       0       0       0       0
      Totals:         0       0       0       0       0       0       0       0       0       0       0       0       0       0
Total ram usage:        0 bytes
 Hardware stack levels used:    1
 Hardware stack levels required when called:    3
 This function calls:
		Nothing
 This function is called by:
		_SYSTEM_Initialize
 This function uses a non-reentrant model


 *************** function _PIN_MANAGER_Initialize *****************
 Defined at:
		line 50 in file "mcc_generated_files/pin_manager.c"
 Parameters:    Size  Location     Type
		None
 Auto vars:     Size  Location     Type
		None
 Return value:  Size  Location     Type
                  1    wreg      void 
 Registers used:
		wreg, status,2
 Tracked objects:
		On entry : 
		On exit  : 
		Unchanged: 
 Data sizes:     COMMON   BANK0   BANK1   BANK2   BANK3   BANK4   BANK5   BANK6   BANK7   BANK8   BANK9  BANK10  BANK11  BANK12
      Params:         0       0       0       0       0       0       0       0       0       0       0       0       0       0
      Locals:         0       0       0       0       0       0       0       0       0       0       0       0       0       0
      Temps:          0       0       0       0       0       0       0       0       0       0       0       0       0       0
      Totals:         0       0       0       0       0       0       0       0       0       0       0       0       0       0
Total ram usage:        0 bytes
 Hardware stack levels used:    1
 Hardware stack levels required when called:    3
 This function calls:
		Nothing
 This function is called by:
		_SYSTEM_Initialize
 This function uses a non-reentrant model


 *************** function _OSCILLATOR_Initialize *****************
 Defined at:
		line 79 in file "mcc_generated_files/mcc.c"
 Parameters:    Size  Location     Type
		None
 Auto vars:     Size  Location     Type
		None
 Return value:  Size  Location     Type
                  1    wreg      void 
 Registers used:
		wreg, status,2
 Tracked objects:
		On entry : 
		On exit  : 
		Unchanged: 
 Data sizes:     COMMON   BANK0   BANK1   BANK2   BANK3   BANK4   BANK5   BANK6   BANK7   BANK8   BANK9  BANK10  BANK11  BANK12
      Params:         0       0       0       0       0       0       0       0       0       0       0       0       0       0
      Locals:         0       0       0       0       0       0       0       0       0       0       0       0       0       0
      Temps:          0       0       0       0       0       0       0       0       0       0       0       0       0       0
      Totals:         0       0       0       0       0       0       0       0       0       0       0       0       0       0
Total ram usage:        0 bytes
 Hardware stack levels used:    1
 Hardware stack levels required when called:    3
 This function calls:
		Nothing
 This function is called by:
		_SYSTEM_Initialize
 This function uses a non-reentrant model


 *************** function _EUSART_Initialize *****************
 Defined at:
		line 56 in file "mcc_generated_files/eusart.c"
 Parameters:    Size  Location     Type
		None
 Auto vars:     Size  Location     Type
		None
 Return value:  Size  Location     Type
                  1    wreg      void 
 Registers used:
		wreg
 Tracked objects:
		On entry : 
		On exit  : 
		Unchanged: 
 Data sizes:     COMMON   BANK0   BANK1   BANK2   BANK3   BANK4   BANK5   BANK6   BANK7   BANK8   BANK9  BANK10  BANK11  BANK12
      Params:         0       0       0       0       0       0       0       0       0       0       0       0       0       0
      Locals:         0       0       0       0       0       0       0       0       0       0       0       0       0       0
      Temps:          0       0       0       0       0       0       0       0       0       0       0       0       0       0
      Totals:         0       0       0       0       0       0       0       0       0       0       0       0       0       0
Total ram usage:        0 bytes
 Hardware stack levels used:    1
 Hardware stack levels required when called:    3
 This function calls:
		Nothing
 This function is called by:
		_SYSTEM_Initialize
 This function uses a non-reentrant model


 *************** function _ADC_Initialize *****************
 Defined at:
		line 65 in file "mcc_generated_files/adc.c"
 Parameters:    Size  Location     Type
		None
 Auto vars:     Size  Location     Type
		None
 Return value:  Size  Location     Type
                  1    wreg      void 
 Registers used:
		wreg, status,2
 Tracked objects:
		On entry : 
		On exit  : 
		Unchanged: 
 Data sizes:     COMMON   BANK0   BANK1   BANK2   BANK3   BANK4   BANK5   BANK6   BANK7   BANK8   BANK9  BANK10  BANK11  BANK12
      Params:         0       0       0       0       0       0       0       0       0       0       0       0       0       0
      Locals:         0       0       0       0       0       0       0       0       0       0       0       0       0       0
      Temps:          0       0       0       0       0       0       0       0       0       0       0       0       0       0
      Totals:         0       0       0       0       0       0       0       0       0       0       0       0       0       0
Total ram usage:        0 bytes
 Hardware stack levels used:    1
 Hardware stack levels required when called:    3
 This function calls:
		Nothing
 This function is called by:
		_SYSTEM_Initialize
 This function uses a non-reentrant model


 *************** function _Key_Process *****************
[...]
Total ram usage:        2 bytes
 Hardware stack levels used:    1
 Hardware stack levels required when called:    4
 This function calls:
		_SendBit_1621
 This function is called by:
		_main
		_Key_Process
 This function uses a non-reentrant model


 *************** function _SendBit_1621 *****************
 Defined at:
		line 21 in file "mcc_generated_files/ht1621.c"
 Parameters:    Size  Location     Type
  data            1    wreg     unsigned char 
  cnt             1    2[COMMON] unsigned char 
 Auto vars:     Size  Location     Type
  data            1    5[COMMON] unsigned char 
  i               1    6[COMMON] unsigned char 
 Return value:  Size  Location     Type
                  1    wreg      void 
 Registers used:
		wreg, status,2, status,0
 Tracked objects:
		On entry : 
		On exit  : 
		Unchanged: 
 Data sizes:     COMMON   BANK0   BANK1   BANK2   BANK3   BANK4   BANK5   BANK6   BANK7   BANK8   BANK9  BANK10  BANK11  BANK12
      Params:         1       0       0       0       0       0       0       0       0       0       0       0       0       0
      Locals:         2       0       0       0       0       0       0       0       0       0       0       0       0       0
      Temps:          2       0       0       0       0       0       0       0       0       0       0       0       0       0
      Totals:         5       0       0       0       0       0       0       0       0       0       0       0       0       0
Total ram usage:        5 bytes
 Hardware stack levels used:    1
 Hardware stack levels required when called:    3
 This function calls:
		Nothing
 This function is called by:
		_SendCmd_1621
		_WriteAll_1621
		_Write_1621
 This function uses a non-reentrant model


 *************** function _Key_Scan *****************
 Defined at:
		line 17 in file "mcc_generated_files/key.c"
 Parameters:    Size  Location     Type
		None
 Auto vars:     Size  Location     Type
  Key_val         1    4[COMMON] unsigned char 
 Return value:  Size  Location     Type
                  1    wreg      unsigned char 
 Registers used:
		wreg
 Tracked objects:
		On entry : 
		On exit  : 
		Unchanged: 
 Data sizes:     COMMON   BANK0   BANK1   BANK2   BANK3   BANK4   BANK5   BANK6   BANK7   BANK8   BANK9  BANK10  BANK11  BANK12
      Params:         0       0       0       0       0       0       0       0       0       0       0       0       0       0
      Locals:         1       0       0       0       0       0       0       0       0       0       0       0       0       0
      Temps:          2       0       0       0       0       0       0       0       0       0       0       0       0       0
      Totals:         3       0       0       0       0       0       0       0       0       0       0       0       0       0
Total ram usage:        3 bytes
 Hardware stack levels used:    1
 Hardware stack levels required when called:    3
 This function calls:
		Nothing
 This function is called by:
		_Key_Process
 This function uses a non-reentrant model


 *************** function _Bq32k_Time_Init *****************
 Defined at:
		line 17 in file "mcc_generated_files/bq32k.c"
 Parameters:    Size  Location     Type
		None
 Auto vars:     Size  Location     Type
  temp           10    5[BANK0 ] unsigned char [10]
  time            7    0        struct bq32k_regs
 Return value:  Size  Location     Type
                  1    wreg      void 
 Registers used:
		wreg, fsr0l, fsr0h, fsr1l, fsr1h, status,2, status,0, pclath, cstack
 Tracked objects:
		On entry : 
		On exit  : 
		Unchanged: 
 Data sizes:     COMMON   BANK0   BANK1   BANK2   BANK3   BANK4   BANK5   BANK6   BANK7   BANK8   BANK9  BANK10  BANK11  BANK12
      Params:         0       0       0       0       0       0       0       0       0       0       0       0       0       0
      Locals:         0      10       0       0       0       0       0       0       0       0       0       0       0       0
      Temps:          0       2       0       0       0       0       0       0       0       0       0       0       0       0
      Totals:         0      12       0       0       0       0       0       0       0       0       0       0       0       0
Total ram usage:       12 bytes
 Hardware stack levels used:    1
 Hardware stack levels required when called:    5
 This function calls:
		_I2C_Send_Buffer
 This function is called by:
		_main
 This function uses a non-reentrant model


 *************** function _I2C_Send_Buffer *****************
 Defined at:
		line 173 in file "mcc_generated_files/i2c.c"
 Parameters:    Size  Location     Type
  ADD             1    wreg     unsigned char 
  buff            1    5[COMMON] PTR unsigned char 
		 -> Bq32k_Rtc_Write_Time@temp(10), Bq32k_Time_Init@temp(10), 
  Length          1    6[COMMON] unsigned char 
 Auto vars:     Size  Location     Type
  ADD             1    0[BANK0 ] unsigned char 
  Flag            1    2[BANK0 ] unsigned char 
  i               1    1[BANK0 ] unsigned char 
 Return value:  Size  Location     Type
                  1    wreg      unsigned char 
 Registers used:
		wreg, fsr1l, fsr1h, status,2, status,0, pclath, cstack
 Tracked objects:
		On entry : 
		On exit  : 
		Unchanged: 
 Data sizes:     COMMON   BANK0   BANK1   BANK2   BANK3   BANK4   BANK5   BANK6   BANK7   BANK8   BANK9  BANK10  BANK11  BANK12
      Params:         2       0       0       0       0       0       0       0       0       0       0       0       0       0
      Locals:         0       3       0       0       0       0       0       0       0       0       0       0       0       0
      Temps:          2       0       0       0       0       0       0       0       0       0       0       0       0       0
      Totals:         4       3       0       0       0       0       0       0       0       0       0       0       0       0
Total ram usage:        7 bytes
 Hardware stack levels used:    1
 Hardware stack levels required when called:    4
 This function calls:
		_I2C_Send_Byte
		_I2C_Start
		_I2C_Stop
 This function is called by:
		_Bq32k_Time_Init
		_Bq32k_Rtc_Write_Time
 This function uses a non-reentrant model


 *************** function _I2C_Stop *****************
 Defined at:
		line 102 in file "mcc_generated_files/i2c.c"
 Parameters:    Size  Location     Type
		None
 Auto vars:     Size  Location     Type
		None
 Return value:  Size  Location     Type
                  1    wreg      void 
 Registers used:
		wreg
 Tracked objects:
		On entry : 
		On exit  : 
		Unchanged: 
 Data sizes:     COMMON   BANK0   BANK1   BANK2   BANK3   BANK4   BANK5   BANK6   BANK7   BANK8   BANK9  BANK10  BANK11  BANK12
      Params:         0       0       0       0       0       0       0       0       0       0       0       0       0       0
      Locals:         0       0       0       0       0       0       0       0       0       0       0       0       0       0
      Temps:          1       0       0       0       0       0       0       0       0       0       0       0       0       0
      Totals:         1       0       0       0       0       0       0       0       0       0       0       0       0       0
Total ram usage:        1 bytes
 Hardware stack levels used:    1
 Hardware stack levels required when called:    3
 This function calls:
		Nothing
 This function is called by:
		_I2C_Read_Buffer
		_I2C_Send_Buffer
 This function uses a non-reentrant model


 *************** function _I2C_Start *****************
 Defined at:
		line 16 in file "mcc_generated_files/i2c.c"
 Parameters:    Size  Location     Type
		None
 Auto vars:     Size  Location     Type
		None
 Return value:  Size  Location     Type
                  1    wreg      void 
 Registers used:
		wreg
 Tracked objects:
		On entry : 
		On exit  : 
		Unchanged: 
 Data sizes:     COMMON   BANK0   BANK1   BANK2   BANK3   BANK4   BANK5   BANK6   BANK7   BANK8   BANK9  BANK10  BANK11  BANK12
      Params:         0       0       0       0       0       0       0       0       0       0       0       0       0       0
      Locals:         0       0       0       0       0       0       0       0       0       0       0       0       0       0
      Temps:          1       0       0       0       0       0       0       0       0       0       0       0       0       0
      Totals:         1       0       0       0       0       0       0       0       0       0       0       0       0       0
Total ram usage:        1 bytes
 Hardware stack levels used:    1
 Hardware stack levels required when called:    3
 This function calls:
		Nothing
 This function is called by:
		_I2C_Read_Buffer
		_I2C_Send_Buffer
 This function uses a non-reentrant model


 *************** function _I2C_Send_Byte *****************
 Defined at:
		line 34 in file "mcc_generated_files/i2c.c"
 Parameters:    Size  Location     Type
  Data            1    wreg     unsigned char 
 Auto vars:     Size  Location     Type
  Data            1    3[COMMON] unsigned char 
  i               1    4[COMMON] unsigned char 
 Return value:  Size  Location     Type
                  1    wreg      unsigned char 
 Registers used:
		wreg, status,2, status,0
 Tracked objects:
		On entry : 
		On exit  : 
		Unchanged: 
 Data sizes:     COMMON   BANK0   BANK1   BANK2   BANK3   BANK4   BANK5   BANK6   BANK7   BANK8   BANK9  BANK10  BANK11  BANK12
      Params:         0       0       0       0       0       0       0       0       0       0       0       0       0       0
      Locals:         2       0       0       0       0       0       0       0       0       0       0       0       0       0
      Temps:          1       0       0       0       0       0       0       0       0       0       0       0       0       0
      Totals:         3       0       0       0       0       0       0       0       0       0       0       0       0       0
Total ram usage:        3 bytes
 Hardware stack levels used:    1
 Hardware stack levels required when called:    3
 This function calls:
		Nothing
 This function is called by:
		_I2C_Read_Buffer
		_I2C_Send_Buffer
 This function uses a non-reentrant model


 *************** function _ADC_GetConversion *****************
 Defined at:
		line 106 in file "mcc_generated_files/adc.c"
 Parameters:    Size  Location     Type
  channel         1    wreg     enum E1850
 Auto vars:     Size  Location     Type
  channel         1    5[COMMON] enum E1850
 Return value:  Size  Location     Type
                  2    2[COMMON] unsigned int 
 Registers used:
		wreg, status,2, status,0
 Tracked objects:
		On entry : 
		On exit  : 
		Unchanged: 
 Data sizes:     COMMON   BANK0   BANK1   BANK2   BANK3   BANK4   BANK5   BANK6   BANK7   BANK8   BANK9  BANK10  BANK11  BANK12
      Params:         2       0       0       0       0       0       0       0       0       0       0       0       0       0
      Locals:         1       0       0       0       0       0       0       0       0       0       0       0       0       0
      Temps:          1       0       0       0       0       0       0       0       0       0       0       0       0       0
      Totals:         4       0       0       0       0       0       0       0       0       0       0       0       0       0
Total ram usage:        4 bytes
 Hardware stack levels used:    1
 Hardware stack levels required when called:    3
 This function calls:
		Nothing
 This function is called by:
		_main
 This function uses a non-reentrant model


 *************** function _INTERRUPT_InterruptManager *****************
 Defined at:
		line 52 in file "mcc_generated_files/interrupt_manager.c"
 Parameters:    Size  Location     Type
		None
 Auto vars:     Size  Location     Type
		None
 Return value:  Size  Location     Type
                  1    wreg      void 
 Registers used:
		wreg, status,2, status,0, pclath, cstack
 Tracked objects:
		On entry : 
		On exit  : 
		Unchanged: 
 Data sizes:     COMMON   BANK0   BANK1   BANK2   BANK3   BANK4   BANK5   BANK6   BANK7   BANK8   BANK9  BANK10  BANK11  BANK12
      Params:         0       0       0       0       0       0       0       0       0       0       0       0       0       0
      Locals:         0       0       0       0       0       0       0       0       0       0       0       0       0       0
      Temps:          1       0       0       0       0       0       0       0       0       0       0       0       0       0
      Totals:         1       0       0       0       0       0       0       0       0       0       0       0       0       0
Total ram usage:        1 bytes
 Hardware stack levels used:    1
 Hardware stack levels required when called:    2
 This function calls:
		_TMR0_ISR
 This function is called by:
		Interrupt level 1
 This function uses a non-reentrant model


 *************** function _TMR0_ISR *****************
 Defined at:
		line 103 in file "mcc_generated_files/tmr0.c"
 Parameters:    Size  Location     Type
		None
 Auto vars:     Size  Location     Type
		None
 Return value:  Size  Location     Type
                  1    wreg      void 
 Registers used:
		wreg, status,2, status,0, pclath, cstack
 Tracked objects:
		On entry : 
		On exit  : 
		Unchanged: 
 Data sizes:     COMMON   BANK0   BANK1   BANK2   BANK3   BANK4   BANK5   BANK6   BANK7   BANK8   BANK9  BANK10  BANK11  BANK12
      Params:         0       0       0       0       0       0       0       0       0       0       0       0       0       0
      Locals:         0       0       0       0       0       0       0       0       0       0       0       0       0       0
      Temps:          0       0       0       0       0       0       0       0       0       0       0       0       0       0
      Totals:         0       0       0       0       0       0       0       0       0       0       0       0       0       0
Total ram usage:        0 bytes
 Hardware stack levels used:    1
 Hardware stack levels required when called:    1
 This function calls:
		_TMR0_CallBack
 This function is called by:
		_INTERRUPT_InterruptManager
 This function uses a non-reentrant model


 *************** function _TMR0_CallBack *****************
 Defined at:
		line 123 in file "mcc_generated_files/tmr0.c"
 Parameters:    Size  Location     Type
		None
 Auto vars:     Size  Location     Type
		None
 Return value:  Size  Location     Type
                  1    wreg      void 
 Registers used:
		wreg, status,2, status,0
 Tracked objects:
		On entry : 
		On exit  : 
		Unchanged: 
 Data sizes:     COMMON   BANK0   BANK1   BANK2   BANK3   BANK4   BANK5   BANK6   BANK7   BANK8   BANK9  BANK10  BANK11  BANK12
      Params:         0       0       0       0       0       0       0       0       0       0       0       0       0       0
      Locals:         0       0       0       0       0       0       0       0       0       0       0       0       0       0
      Temps:          1       0       0       0       0       0       0       0       0       0       0       0       0       0
      Totals:         1       0       0       0       0       0       0       0       0       0       0       0       0       0
Total ram usage:        1 bytes
 Hardware stack levels used:    1
 This function calls:
		Nothing
 This function is called by:
		_TMR0_ISR
 This function uses a non-reentrant model



MODULE INFORMATION

Module		Function		Class		Link	Load	Size
mcc_generated_files/max31856.c
		_one_temperature_trans		CODE           	0575	0000	57
		_maxim_31856_read_nregisters		CODE           	0FB7	0000	25
		_maxim_31856_read_register		CODE           	0F1B	0000	18
		_maxim_31856_init		CODE           	02FC	0000	101
		_maxim_clear_fault_status		CODE           	0F0B	0000	17
		_tc_temperature_trans		CODE           	003E	0000	169
		_maxim_start_conversion		CODE           	0FCF	0000	25
		_temperature_process		CODE           	0617	0000	52
		_temperature_display		CODE           	077A	0000	31
		_maxim_31856_write_register		CODE           	0EEF	0000	14

mcc_generated_files/max31856.c estimated size: 509

mcc_generated_files/interrupt_manager.c
		_INTERRUPT_InterruptManager		CODE           	0004	0000	16

mcc_generated_files/interrupt_manager.c estimated size: 16

mcc_generated_files/i2c.c
		_I2C_Receive_Byte		CODE           	06A2	0000	43
		_I2C_Read_Buffer		CODE           	0291	0000	108
		_I2C_Send_Buffer		CODE           	053A	0000	60
		_I2C_Stop      		CODE           	07E7	0000	26
		_I2C_Send_Byte 		CODE           	0462	0000	77
		_I2C_Start     		CODE           	0FE7	0000	26

mcc_generated_files/i2c.c estimated size: 340

mcc_generated_files/bq32k.c
		_Bq32k_Time_Init		CODE           	0798	0000	28
		_bcd2bin       		CODE           	0F4F	0000	20
		_Bq32k_Rtc_Read_Time		CODE           	0360	0000	101

mcc_generated_files/bq32k.c estimated size: 149

mcc_generated_files/tmr0.c
		_TMR0_CallBack 		CODE           	0FA0	0000	24
		_TMR0_ISR      		CODE           	0F76	0000	22
		_TMR0_Initialize		CODE           	0EFC	0000	16

mcc_generated_files/tmr0.c estimated size: 62

mcc_generated_files/pin_manager.c
		_PIN_MANAGER_Initialize		CODE           	0718	0000	35

mcc_generated_files/pin_manager.c estimated size: 35

mcc_generated_files/ht1621.c
		_WriteAll_1621 		CODE           	05E2	0000	54
		_SendCmd_1621  		CODE           	0F8B	0000	22
		_Two_Display   		CODE           	06CC	0000	42
		_err_Display   		CODE           	064A	0000	45
		_Tc_Display    		CODE           	00E6	0000	168
		_SendBit_1621  		CODE           	075A	0000	33
		_SendDataBit_1621		CODE           	073A	0000	33
		_time_Display  		CODE           	018D	0000	149

mcc_generated_files/ht1621.c estimated size: 546

mcc_generated_files/adc.c
		_ADC_Initialize		CODE           	0ED2	0000	9
		_ADC_GetConversion		CODE           	07CD	0000	27

mcc_generated_files/adc.c estimated size: 36

mcc_generated_files/key.c
		_Key_Scan      		CODE           	06F5	0000	36
		_Key_Process   		CODE           	04AE	0000	72

mcc_generated_files/key.c estimated size: 108

D:\Program Files (x86)\Microchip\xc8\v1.37\sources\common\lwmod.c
		___lwmod       		CODE           	0676	0000	45

D:\Program Files (x86)\Microchip\xc8\v1.37\sources\common\lwmod.c estimated size: 45

D:\Program Files (x86)\Microchip\xc8\v1.37\sources\common\awmod.c
		___awmod       		CODE           	04F5	0000	70

D:\Program Files (x86)\Microchip\xc8\v1.37\sources\common\awmod.c estimated size: 70

mcc_generated_files/spi.c
		_SPI_Exchange8bitBuffer		CODE           	0416	0000	77
		_SPI_Exchange8bit		CODE           	0EDA	0000	10
		_SPI_Initialize		CODE           	0EC0	0000	7

mcc_generated_files/spi.c estimated size: 94

shared
		_Dis_TAB       		STRCODE        	1000	0000	22
		__initialization		CODE           	0015	0000	38

shared estimated size: 60

mcc_generated_files/mcc.c
		_OSCILLATOR_Initialize		CODE           	0EBB	0000	6
		_SYSTEM_Initialize		CODE           	0F3D	0000	19

mcc_generated_files/mcc.c estimated size: 25

D:\Program Files (x86)\Microchip\xc8\v1.37\sources\common\memset.c
		_memset        		CODE           	07B3	0000	27

D:\Program Files (x86)\Microchip\xc8\v1.37\sources\common\memset.c estimated size: 27

mcc_generated_files/eusart.c
		_EUSART_Initialize		CODE           	0EE3	0000	13

mcc_generated_files/eusart.c estimated size: 13

D:\Program Files (x86)\Microchip\xc8\v1.37\sources\common\lwdiv.c
		___lwdiv       		CODE           	05AD	0000	54

D:\Program Files (x86)\Microchip\xc8\v1.37\sources\common\lwdiv.c estimated size: 54

D:\Program Files (x86)\Microchip\xc8\v1.37\sources\common\awdiv.c
		___awdiv       		CODE           	03C4	0000	83

D:\Program Files (x86)\Microchip\xc8\v1.37\sources\common\awdiv.c estimated size: 83

main.c
		_main          		CODE           	0221	0000	113

main.c estimated size: 113

D:\Program Files (x86)\Microchip\xc8\v1.37\sources\common\Umul8.c
		___bmul        		CODE           	0F2C	0000	18

D:\Program Files (x86)\Microchip\xc8\v1.37\sources\common\Umul8.c estimated size: 18

