Microchip MPLAB XC8 Compiler V1.37 ()

Linker command line:

-W-3 --edf=D:\Program Files (x86)\Microchip\xc8\v1.37\dat\en_msgs.txt -cs \
  -h+dist/default/production\thermocouple.X.production.sym \
  --cmf=dist/default/production\thermocouple.X.production.cmf -z -Q16F1518 \
  -oC:\Users\ADMINI~1\AppData\Local\Temp\sa50.2 \
  -Mdist/default/production/thermocouple.X.production.map -E1 -ver=XC8 \
  -ASTACK=020E0h-023efh -pstack=STACK -ACODE=00h-07FFhx8 \
  -ASTRCODE=00h-03FFFh -ASTRING=00h-0FFhx64 -ACONST=00h-0FFhx64 \
  -AENTRY=00h-0FFhx64 -ACOMMON=070h-07Fh -ABANK0=020h-06Fh \
  -ABANK1=0A0h-0EFh -ABANK2=0120h-016Fh -ABANK3=01A0h-01EFh \
  -ABANK4=0220h-026Fh -ABANK5=02A0h-02EFh -ABANK6=0320h-036Fh \
  -ABANK7=03A0h-03EFh -ABANK8=0420h-046Fh -ABANK9=04A0h-04EFh \
  -ABANK10=0520h-056Fh -ABANK11=05A0h-05EFh -ABANK12=0620h-064Fh \
  -ABIGRAM=02000h-023EFh \
  -ARAM=020h-06Fh,0A0h-0EFh,0120h-016Fh,01A0h-01EFh,0220h-026Fh,02A0h-02EFh,0320h-036Fh,03A0h-03EFh,0420h-046Fh,04A0h-04EFh,0520h-056Fh,05A0h-05EFh,0620h-064Fh \
  -AABS1=020h-07Fh,0A0h-0EFh,0120h-016Fh,01A0h-01EFh,0220h-026Fh,02A0h-02EFh,0320h-036Fh,03A0h-03EFh,0420h-046Fh,04A0h-04EFh,0520h-056Fh,05A0h-05EFh,0620h-064Fh \
  -ASFR0=00h-01Fh -ASFR1=080h-09Fh -ASFR2=0100h-011Fh -ASFR3=0180h-019Fh \
  -ASFR4=0200h-021Fh -ASFR5=0280h-029Fh -ASFR6=0300h-031Fh \
  -ASFR7=0380h-039Fh -ASFR8=0400h-041Fh -ASFR9=0480h-049Fh \
  -ASFR10=0500h-051Fh -ASFR11=0580h-059Fh -ASFR12=0600h-061Fh \
  -ASFR13=0680h-06EFh -ASFR14=0700h-076Fh -ASFR15=0780h-07EFh \
  -ASFR16=0800h-086Fh -ASFR17=0880h-08EFh -ASFR18=0900h-096Fh \
  -ASFR19=0980h-09EFh -ASFR20=0A00h-0A6Fh -ASFR21=0A80h-0AEFh \
  -ASFR22=0B00h-0B6Fh -ASFR23=0B80h-0BEFh -ASFR24=0C00h-0C6Fh \
  -ASFR25=0C80h-0CEFh -ASFR26=0D00h-0D6Fh -ASFR27=0D80h-0DEFh \
  -ASFR28=0E00h-0E6Fh -ASFR29=0E80h-0EEFh -ASFR30=0F00h-0F6Fh \
  -ASFR31=0F80h-0FEFh -preset_vec=00h,intentry=04h,init,end_init \
  -ppowerup=CODE -pcinit=CODE -pfunctab=CODE -ACONFIG=08007h-08008h \
  -pconfig=CONFIG -DCONFIG=2 -AIDLOC=08000h-08003h -pidloc=IDLOC -DIDLOC=2 \
  -DCODE=2 -DSTRCODE=2 -DSTRING=2 -DCONST=2 -DENTRY=2 -k \
  C:\Users\ADMINI~1\AppData\Local\Temp\sa50.obj \
  dist/default/production\thermocouple.X.production.obj 

Object code version is 3.11

Machine type is 16F1518



                Name                               Link     Load   Length Selector   Space Scale
C:\Users\ADMINI~1\AppData\Local\Temp\sa50.obj
                end_init                             13       13        2        8       0
                reset_vec                             0        0        2        0       0
                config                             8007     8007        2    1000E       0
dist/default/production\thermocouple.X.production.obj
                cinit                                15       15       2A        8       0
                intentry                              4        4        F        8       0
                text64                              B58      B58       24     16B0       0
                text63                              A48      A48       1B     1490       0
                text61                              A14      A14       1A     1428       0
                text60                              E56      E56       4C     1CAC       0
                text59                              9C9      9C9       19     1392       0
                text58                              9E2      9E2       19     13C4       0
                text57                              D4F      D4F       3B     1A9E       0
                text56                              A63      A63       1B     14C6       0
                text55                              8DC      8DC        8     11B8       0
                text54                              B35      B35       23     166A       0
                text53                              BCE      BCE       2A     179C       0
                text52                              60D      60D       78        8       0
                text51                              938      938       11     1270       0
                text50                              95A      95A       15     12B4       0
                text49                              F9C      F9C       64     1F38       0
                text48                              9FB      9FB       19     13F6       0
                text47                              A99      A99       1C     1532       0
                text46                              6F7      6F7       6B        8       0
                text45                              DCB      DCB       45     1B96       0
                text44                              96F      96F       15     12DE       0
                text43                              685      685       72        8       0
                text42                              AD3      AD3       20     15A6       0
                text41                              999      999       18     1332       0
                text40                              8BA      8BA        5     1174       0
                text39                              8C4      8C4        6     1188       0
                text38                              B7C      B7C       29     16F8       0
                text37                              BA5      BA5       29     174A       0
                text36                              AF3      AF3       20     15E6       0
                text35                              CE5      CE5       35     19CA       0
                text34                              C81      C81       31     1902       0
                text33                              8EC      8EC        9     11D8       0
                text32                              EA2      EA2       51     1D44       0
                text31                              9B1      9B1       18     1362       0
                text30                              949      949       11     1292       0
                text29                              90B      90B        D     1216       0
                text28                              A2E      A2E       1A     145C       0
                text27                              D8A      D8A       41     1B14       0
                text26                              D1A      D1A       35     1A34       0
                text25                              C24      C24       2D     1848       0
                text24                              A7E      A7E       1B     14FC       0
                text23                              431      431       BF        8       0
                text22                              BF8      BF8       2C     17F0       0
                text21                              918      918       10     1230       0
                text20                              AB5      AB5       1E     156A       0
                text19                              1DD      1DD      18D        8       0
                text18                               3F       3F      19E        8       0
                text17                              7C6      7C6       37        8       0
                text16                              EF3      EF3       52     1DE6       0
                text15                              E10      E10       46     1C20       0
                text14                              4F0      4F0       95        8       0
                text13                              CB2      CB2       33     1964       0
                text12                              585      585       88        8       0
                text11                              8E4      8E4        8     11C8       0
                text10                              8FF      8FF        C     11FE       0
                text9                               8B6      8B6        4     116C       0
                text8                               8BF      8BF        5     117E       0
                text7                               B13      B13       22     1626       0
                text6                               8CA      8CA        6     1194       0
                text5                               928      928       10     1250       0
                text4                               984      984       15     1308       0
                text3                               F45      F45       57     1E8A       0
                text2                               C51      C51       30     18A2       0
                text1                               762      762       64        8       0
                maintext                            36A      36A       C7        8       0
                cstackBANK0                          20       20       3A       20       1
                cstackCOMMON                         70       70        8       70       1
                cstackBANK1                          E4       E4        5       A0       1
                inittext                            8D0      8D0        6     11A0       0
                clrtext                             8D6      8D6        6     11AC       0
                bssBANK2                            120      120       40      120       1
                dataBANK1                            DA       DA        A       A0       1
                bssBANK1                             A0       A0       3A       A0       1
                bssBANK0                             5A       5A       14       20       1
                bssCOMMON                            78       78        3       70       1
                nvBANK1                              E9       E9        1       A0       1
                stringtext                         1000     1000       15     2000       0
                idataBANK1                          8F5      8F5        A     11EA       0

TOTAL           Name                               Link     Load   Length     Space
        CLASS   STACK          

        CLASS   CODE           
                end_init                             13       13        2         0
                cinit                                15       15       2A         0
                intentry                              4        4        F         0
                reset_vec                             0        0        2         0
                text64                              B58      B58       24         0
                text63                              A48      A48       1B         0
                text61                              A14      A14       1A         0
                text60                              E56      E56       4C         0
                text59                              9C9      9C9       19         0
                text58                              9E2      9E2       19         0
                text57                              D4F      D4F       3B         0
                text56                              A63      A63       1B         0
                text55                              8DC      8DC        8         0
                text54                              B35      B35       23         0
                text53                              BCE      BCE       2A         0
                text52                              60D      60D       78         0
                text51                              938      938       11         0
                text50                              95A      95A       15         0
                text49                              F9C      F9C       64         0
                text48                              9FB      9FB       19         0
                text47                              A99      A99       1C         0
                text46                              6F7      6F7       6B         0
                text45                              DCB      DCB       45         0
                text44                              96F      96F       15         0
                text43                              685      685       72         0
                text42                              AD3      AD3       20         0
                text41                              999      999       18         0
                text40                              8BA      8BA        5         0
                text39                              8C4      8C4        6         0
                text38                              B7C      B7C       29         0
                text37                              BA5      BA5       29         0
                text36                              AF3      AF3       20         0
                text35                              CE5      CE5       35         0
                text34                              C81      C81       31         0
                text33                              8EC      8EC        9         0
                text32                              EA2      EA2       51         0
                text31                              9B1      9B1       18         0
                text30                              949      949       11         0
                text29                              90B      90B        D         0
                text28                              A2E      A2E       1A         0
                text27                              D8A      D8A       41         0
                text26                              D1A      D1A       35         0
                text25                              C24      C24       2D         0
                text24                              A7E      A7E       1B         0
                text23                              431      431       BF         0
                text22                              BF8      BF8       2C         0
                text21                              918      918       10         0
                text20                              AB5      AB5       1E         0
                text19                              1DD      1DD      18D         0
                text18                               3F       3F      19E         0
                text17                              7C6      7C6       37         0
                text16                              EF3      EF3       52         0
                text15                              E10      E10       46         0
                text14                              4F0      4F0       95         0
                text13                              CB2      CB2       33         0
                text12                              585      585       88         0
                text11                              8E4      8E4        8         0
                text10                              8FF      8FF        C         0
                text9                               8B6      8B6        4         0
                text8                               8BF      8BF        5         0
                text7                               B13      B13       22         0
                text6                               8CA      8CA        6         0
                text5                               928      928       10         0
                text4                               984      984       15         0
                text3                               F45      F45       57         0
                text2                               C51      C51       30         0
                text1                               762      762       64         0
                maintext                            36A      36A       C7         0
                inittext                            8D0      8D0        6         0
                clrtext                             8D6      8D6        6         0
                idataBANK1                          8F5      8F5        A         0

        CLASS   STRCODE        
                stringtext                         1000     1000       15         0

        CLASS   STRING         

        CLASS   CONST          

        CLASS   ENTRY          

        CLASS   COMMON         
                cstackCOMMON                         70       70        8         1
                bssCOMMON                            78       78        3         1

        CLASS   BANK0          
                cstackBANK0                          20       20       3A         1
                bssBANK0                             5A       5A       14         1

        CLASS   BANK1          
                cstackBANK1                          E4       E4        5         1
                dataBANK1                            DA       DA        A         1
                bssBANK1                             A0       A0       3A         1
                nvBANK1                              E9       E9        1         1

        CLASS   BANK2          
                bssBANK2                            120      120       40         1

        CLASS   BANK3          

        CLASS   BANK4          

        CLASS   BANK5          

        CLASS   BANK6          

        CLASS   BANK7          

        CLASS   BANK8          

        CLASS   BANK9          

        CLASS   BANK10         

        CLASS   BANK11         

        CLASS   BANK12         

        CLASS   BIGRAM         

        CLASS   RAM            

        CLASS   ABS1           
                abs_s1                               7E       7E        2         1

        CLASS   SFR0           

        CLASS   SFR1           

        CLASS   SFR2           

        CLASS   SFR3           

        CLASS   SFR4           

        CLASS   SFR5           

        CLASS   SFR6           

        CLASS   SFR7           

        CLASS   SFR8           

        CLASS   SFR9           

        CLASS   SFR10          

        CLASS   SFR11          

        CLASS   SFR12          

        CLASS   SFR13          

        CLASS   SFR14          

        CLASS   SFR15          

        CLASS   SFR16          

        CLASS   SFR17          

        CLASS   SFR18          

        CLASS   SFR19          

        CLASS   SFR20          

        CLASS   SFR21          

        CLASS   SFR22          

        CLASS   SFR23          

        CLASS   SFR24          

        CLASS   SFR25          

        CLASS   SFR26          

        CLASS   SFR27          

        CLASS   SFR28          

        CLASS   SFR29          

        CLASS   SFR30          

        CLASS   SFR31          

        CLASS   CONFIG         
                config                             8007     8007        2         0

        CLASS   IDLOC          

        CLASS   BANK31         

        CLASS   BANK30         

        CLASS   BANK29         

        CLASS   BANK28         

        CLASS   BANK27         

        CLASS   BANK26         

        CLASS   BANK25         

        CLASS   BANK24         

        CLASS   BANK23         

        CLASS   BANK22         

        CLASS   BANK21         

        CLASS   BANK20         

        CLASS   BANK19         

        CLASS   BANK18         

        CLASS   BANK17         

        CLASS   BANK16         

        CLASS   BANK15         

        CLASS   BANK14         

        CLASS   BANK13         

        CLASS   EEDATA         



SEGMENTS        Name                           Load    Length   Top    Selector   Space  Class     Delta

                reset_vec                      000000  000002  000002         0       0  CODE        2
                intentry                       000004  0007F9  0007FD         8       0  CODE        2
                cstackBANK0                    000020  00004E  00006E        20       1  BANK0       1
                cstackCOMMON                   000070  00000B  00007B        70       1  COMMON      1
                bssBANK1                       0000A0  00004A  0000EA        A0       1  BANK1       1
                bssBANK2                       000120  000040  000160       120       1  BANK2       1
                text9                          0008B6  000004  0008BA      116C       0  CODE        2
                text40                         0008BA  000005  0008BF      1174       0  CODE        2
                text8                          0008BF  000005  0008C4      117E       0  CODE        2
                text39                         0008C4  000006  0008CA      1188       0  CODE        2
                text6                          0008CA  000006  0008D0      1194       0  CODE        2
                inittext                       0008D0  000006  0008D6      11A0       0  CODE        2
                clrtext                        0008D6  000006  0008DC      11AC       0  CODE        2
                text55                         0008DC  000008  0008E4      11B8       0  CODE        2
                text11                         0008E4  000008  0008EC      11C8       0  CODE        2
                text33                         0008EC  000009  0008F5      11D8       0  CODE        2
                idataBANK1                     0008F5  00000A  0008FF      11EA       0  CODE        2
                text10                         0008FF  00000C  00090B      11FE       0  CODE        2
                text29                         00090B  00000D  000918      1216       0  CODE        2
                text21                         000918  000010  000928      1230       0  CODE        2
                text5                          000928  000010  000938      1250       0  CODE        2
                text51                         000938  000011  000949      1270       0  CODE        2
                text30                         000949  000011  00095A      1292       0  CODE        2
                text50                         00095A  000015  00096F      12B4       0  CODE        2
                text44                         00096F  000015  000984      12DE       0  CODE        2
                text4                          000984  000015  000999      1308       0  CODE        2
                text41                         000999  000018  0009B1      1332       0  CODE        2
                text31                         0009B1  000018  0009C9      1362       0  CODE        2
                text59                         0009C9  000019  0009E2      1392       0  CODE        2
                text58                         0009E2  000019  0009FB      13C4       0  CODE        2
                text48                         0009FB  000019  000A14      13F6       0  CODE        2
                text61                         000A14  00001A  000A2E      1428       0  CODE        2
                text28                         000A2E  00001A  000A48      145C       0  CODE        2
                text63                         000A48  00001B  000A63      1490       0  CODE        2
                text56                         000A63  00001B  000A7E      14C6       0  CODE        2
                text24                         000A7E  00001B  000A99      14FC       0  CODE        2
                text47                         000A99  00001C  000AB5      1532       0  CODE        2
                text20                         000AB5  00001E  000AD3      156A       0  CODE        2
                text42                         000AD3  000020  000AF3      15A6       0  CODE        2
                text36                         000AF3  000020  000B13      15E6       0  CODE        2
                text7                          000B13  000022  000B35      1626       0  CODE        2
                text54                         000B35  000023  000B58      166A       0  CODE        2
                text64                         000B58  000024  000B7C      16B0       0  CODE        2
                text38                         000B7C  000029  000BA5      16F8       0  CODE        2
                text37                         000BA5  000029  000BCE      174A       0  CODE        2
                text53                         000BCE  00002A  000BF8      179C       0  CODE        2
                text22                         000BF8  00002C  000C24      17F0       0  CODE        2
                text25                         000C24  00002D  000C51      1848       0  CODE        2
                text2                          000C51  000030  000C81      18A2       0  CODE        2
                text34                         000C81  000031  000CB2      1902       0  CODE        2
                text13                         000CB2  000033  000CE5      1964       0  CODE        2
                text35                         000CE5  000035  000D1A      19CA       0  CODE        2
                text26                         000D1A  000035  000D4F      1A34       0  CODE        2
                text57                         000D4F  00003B  000D8A      1A9E       0  CODE        2
                text27                         000D8A  000041  000DCB      1B14       0  CODE        2
                text45                         000DCB  000045  000E10      1B96       0  CODE        2
                text15                         000E10  000046  000E56      1C20       0  CODE        2
                text60                         000E56  00004C  000EA2      1CAC       0  CODE        2
                text32                         000EA2  000051  000EF3      1D44       0  CODE        2
                text16                         000EF3  000052  000F45      1DE6       0  CODE        2
                text3                          000F45  000057  000F9C      1E8A       0  CODE        2
                text49                         000F9C  000064  001000      1F38       0  CODE        2
                stringtext                     001000  000015  001015      2000       0  STRCODE     2
                config                         008007  000002  008009     1000E       0  CONFIG      2


UNUSED ADDRESS RANGES

        Name                Unused          Largest block    Delta
        BANK0            0006E-0006F               2           1
        BANK1            000EA-000EF               6           1
        BANK10           00520-0056F              50           1
        BANK11           005A0-005EF              50           1
        BANK12           00620-0064F              30           1
        BANK2            00160-0016F              10           1
        BANK3            001A0-001EF              50           1
        BANK4            00220-0026F              50           1
        BANK5            002A0-002EF              50           1
        BANK6            00320-0036F              50           1
        BANK7            003A0-003EF              50           1
        BANK8            00420-0046F              50           1
        BANK9            004A0-004EF              50           1
        BIGRAM           02000-023EF             3F0           1
        CODE             00002-00003               2           2
                         007FD-008B5               3
                         01015-03FFF             800
        COMMON           0007B-0007D               3           1
        CONST            00002-00003               2           2
                         007FD-008B5               3
                         01015-03FFF             100
        ENTRY            00002-00003               2           2
                         007FD-008B5               3
                         01015-03FFF             100
        IDLOC            08000-08003               4           2
        RAM              0006E-0006F               2           1
                         000EA-000EF               6
                         00160-0016F              10
                         001A0-001EF              50
                         00220-0026F              50
                         002A0-002EF              50
                         00320-0036F              50
                         003A0-003EF              50
                         00420-0046F              50
                         004A0-004EF              50
                         00520-0056F              50
                         005A0-005EF              50
                         00620-0064F              30
        SFR0             00000-0001F              20           1
        SFR1             00080-0009F              20           1
        SFR10            00500-0051F              20           1
        SFR11            00580-0059F              20           1
        SFR12            00600-0061F              20           1
        SFR13            00680-006EF              70           1
        SFR14            00700-0076F              70           1
        SFR15            00780-007EF              70           1
        SFR16            00800-0086F              70           1
        SFR17            00880-008EF              70           1
        SFR18            00900-0096F              70           1
        SFR19            00980-009EF              70           1
        SFR2             00100-0011F              20           1
        SFR20            00A00-00A6F              70           1
        SFR21            00A80-00AEF              70           1
        SFR22            00B00-00B6F              70           1
        SFR23            00B80-00BEF              70           1
        SFR24            00C00-00C6F              70           1
        SFR25            00C80-00CEF              70           1
        SFR26            00D00-00D6F              70           1
        SFR27            00D80-00DEF              70           1
        SFR28            00E00-00E6F              70           1
        SFR29            00E80-00EEF              70           1
        SFR3             00180-0019F              20           1
        SFR30            00F00-00F6F              70           1
        SFR31            00F80-00FEF              70           1
        SFR4             00200-0021F              20           1
        SFR5             00280-0029F              20           1
        SFR6             00300-0031F              20           1
        SFR7             00380-0039F              20           1
        SFR8             00400-0041F              20           1
        SFR9             00480-0049F              20           1
        STACK            020E0-023EF             310           1
        STRCODE          00002-00003               2           2
                         007FD-008B5              B9
                         01015-03FFF            2FEB
        STRING           00002-00003               2           2
                         007FD-008B5               3
                         01015-03FFF             100

                                  Symbol Table

?_ADC_GetConversion                              cstackCOMMON 00073
?_FLASH_ReadWord                                 cstackCOMMON 00073
?___awdiv                                        cstackCOMMON 00073
?___awmod                                        cstackCOMMON 00073
?___lwdiv                                        cstackBANK0  00021
?___lwmod                                        cstackCOMMON 00073
?___wmul                                         cstackCOMMON 00073
ADC_GetConversion@channel                        cstackCOMMON 00076
Bq32k_Rtc_Read_Time@p                            cstackBANK0  0002F
Bq32k_Rtc_Read_Time@temp                         cstackBANK0  00025
Bq32k_Time_Init@F2018                            dataBANK1    000DA
Bq32k_Time_Init@temp                             cstackBANK0  00027
Calculate_Time@temp                              cstackBANK0  0003A
Calculate_Time@temp1                             cstackBANK0  0003E
Calculate_Time@temp2                             cstackBANK0  00042
EUSART_Write@txData                              cstackCOMMON 00073
FLASH_EraseBlock@GIEBitValue                     cstackCOMMON 00075
FLASH_EraseBlock@startAddr                       cstackCOMMON 00073
FLASH_ReadWord@GIEBitValue                       cstackCOMMON 00075
FLASH_ReadWord@flashAddr                         cstackCOMMON 00073
FLASH_WriteBlock@GIEBitValue                     cstackBANK0  00028
FLASH_WriteBlock@blockStartAddr                  cstackBANK0  00026
FLASH_WriteBlock@flashWordArray                  cstackBANK0  00022
FLASH_WriteBlock@i                               cstackBANK0  00029
FLASH_WriteBlock@writeAddr                       cstackBANK0  00020
FLASH_WriteWord@blockStartAddr                   cstackBANK0  00030
FLASH_WriteWord@flashAddr                        cstackBANK0  0002A
FLASH_WriteWord@i                                cstackBANK0  00032
FLASH_WriteWord@offset                           cstackBANK0  0002F
FLASH_WriteWord@ramBuf                           cstackBANK0  0002C
FLASH_WriteWord@word                             cstackBANK0  0002D
I2C_Read_Buffer@ADD                              cstackBANK0  00021
I2C_Read_Buffer@Flag                             cstackBANK0  00022
I2C_Read_Buffer@Length                           cstackCOMMON 00077
I2C_Read_Buffer@buff                             cstackCOMMON 00076
I2C_Receive_Byte@Data                            cstackCOMMON 00074
I2C_Receive_Byte@i                               cstackCOMMON 00075
I2C_Send_Buffer@ADD                              cstackBANK0  00022
I2C_Send_Buffer@Flag                             cstackBANK0  00024
I2C_Send_Buffer@Length                           cstackCOMMON 00077
I2C_Send_Buffer@buff                             cstackCOMMON 00076
I2C_Send_Buffer@i                                cstackBANK0  00023
I2C_Send_Byte@Data                               cstackCOMMON 00074
I2C_Send_Byte@i                                  cstackCOMMON 00075
Key_Process@data_temp                            cstackBANK0  00052
Key_Process@gKeyValue                            cstackBANK0  00054
Key_Process@i                                    cstackBANK0  00055
Key_Scan@Key_val                                 cstackCOMMON 00075
SPI_Exchange8bit@data                            cstackCOMMON 00073
SPI_Exchange8bitBuffer@bufLen                    cstackCOMMON 00074
SPI_Exchange8bitBuffer@bytesWritten              cstackCOMMON 00077
SPI_Exchange8bitBuffer@dataIn                    cstackCOMMON 00076
SPI_Exchange8bitBuffer@dataOut                   cstackCOMMON 00075
Save_Write_word@data                             cstackBANK0  00033
Save_process@var_time                            cstackBANK0  00048
SendBit_1621@cnt                                 cstackCOMMON 00073
SendBit_1621@data                                cstackCOMMON 00076
SendBit_1621@i                                   cstackCOMMON 00077
SendCmd_1621@command                             cstackBANK0  00021
SendDataBit_1621@cnt                             cstackCOMMON 00073
SendDataBit_1621@data                            cstackCOMMON 00076
SendDataBit_1621@i                               cstackCOMMON 00077
Serach_Flash_Head@data                           cstackBANK0  00020
Serach_Flash_Head@i                              cstackBANK0  00022
TMR0_ISR@CountCallBack                           bssBANK1     000AC
Tc_Display@count                                 cstackBANK0  0002A
Tc_Display@data                                  cstackBANK0  0002B
Two_Display@F2123                                bssBANK1     000A0
Two_Display@num                                  cstackBANK0  00027
Two_Display@number                               cstackBANK0  0002B
WriteAll_1621@addr                               cstackBANK0  00024
WriteAll_1621@cnt                                cstackBANK0  00022
WriteAll_1621@i                                  cstackBANK0  00025
WriteAll_1621@p                                  cstackBANK0  00020
_ADCON0                                          (abs)        0009D
_ADCON0bits                                      (abs)        0009D
_ADCON1                                          (abs)        0009E
_ADC_GetConversion                               text61       00A14
_ADC_Initialize                                  text11       008E4
_ADRESH                                          (abs)        0009C
_ADRESL                                          (abs)        0009B
_ANSELA                                          (abs)        0018C
_ANSELB                                          (abs)        0018D
_ANSELC                                          (abs)        0018E
_APFCON                                          (abs)        0011D
_BAUDCON                                         (abs)        0019F
_Bq32k_Rtc_Read_Time                             text49       00F9C
_Bq32k_Time_Init                                 text56       00A63
_CH1_state                                       bssBANK0     00066
_CH1_temperature                                 bssBANK0     0005E
_CH2_state                                       bssBANK0     00067
_CH2_temperature                                 bssBANK0     00060
_Calculate_Time                                  text19       001DD
_Cur_Save_Index                                  bssBANK0     00062
_Cur_temperature_time_ch1                        bssBANK0     00068
_Cur_temperature_time_ch2                        bssCOMMON    00078
_Dis_TAB                                         stringtext   01000
_EUSART_Initialize                               text10       008FF
_EUSART_Write                                    text55       008DC
_FLASH_EraseBlock                                text47       00A99
_FLASH_ReadWord                                  text48       009FB
_FLASH_WriteBlock                                text46       006F7
_FLASH_WriteWord                                 text45       00DCB
_FVRCON                                          (abs)        00117
_FVRCONbits                                      (abs)        00117
_FVR_Initialize                                  text9        008B6
_Flash_buff                                      bssBANK2     00120
_I2C_Read_Buffer                                 text52       0060D
_I2C_Receive_Byte                                text53       00BCE
_I2C_Send_Buffer                                 text57       00D4F
_I2C_Send_Byte                                   text60       00E56
_I2C_Start                                       text59       009C9
_I2C_Stop                                        text58       009E2
_INTCONbits                                      (abs)        0000B
_INTERRUPT_InterruptManager                      intentry     00004
_Key_Process                                     text12       00585
_Key_Scan                                        text54       00B35
_LATA                                            (abs)        0010C
_LATA0                                           (abs)        00860
_LATA1                                           (abs)        00861
_LATA2                                           (abs)        00862
_LATA3                                           (abs)        00863
_LATA4                                           (abs)        00864
_LATA5                                           (abs)        00865
_LATB                                            (abs)        0010D
_LATB0                                           (abs)        00868
_LATB1                                           (abs)        00869
_LATC                                            (abs)        0010E
_LATC0                                           (abs)        00870
_LATC1                                           (abs)        00871
_LATC2                                           (abs)        00872
_LongPressSec                                    bssBANK0     00069
_MAX31856Sec                                     bssCOMMON    00079
_OPTION_REG                                      (abs)        00095
_OPTION_REGbits                                  (abs)        00095
_OSCCON                                          (abs)        00099
_OSCILLATOR_Initialize                           text8        008BF
_OSCSTAT                                         (abs)        0009A
_PIN_MANAGER_Initialize                          text7        00B13
_PIR1bits                                        (abs)        00011
_PMADRH                                          (abs)        00192
_PMADRL                                          (abs)        00191
_PMCON1bits                                      (abs)        00195
_PMCON2                                          (abs)        00196
_PMDATH                                          (abs)        00194
_PMDATL                                          (abs)        00193
_RA7                                             (abs)        00067
_RB1                                             (abs)        00069
_RB3                                             (abs)        0006B
_RB5                                             (abs)        0006D
_RCREG                                           (abs)        00199
_RCSTA                                           (abs)        0019D
_RCSTAbits                                       (abs)        0019D
_Record_flag                                     bssBANK0     0006A
_SPBRGH                                          (abs)        0019C
_SPBRGL                                          (abs)        0019B
_SPI_Exchange8bit                                text33       008EC
_SPI_Exchange8bitBuffer                          text32       00EA2
_SPI_Initialize                                  text6        008CA
_SSP1ADD                                         (abs)        00212
_SSP1CON1                                        (abs)        00215
_SSP1CON1bits                                    (abs)        00215
_SSP1STAT                                        (abs)        00214
_SSP1STATbits                                    (abs)        00214
_SSPBUF                                          (abs)        00211
_SYSTEM_Initialize                               text4        00984
_Save_Write_time                                 text43       00685
_Save_Write_word                                 text44       0096F
_Save_process                                    text3        00F45
_SendBit_1621                                    text42       00AD3
_SendCmd_1621                                    text41       00999
_SendDataBit_1621                                text36       00AF3
_Serach_Flash_Head                               text2        00C51
_Set_finish_flag                                 text40       008BA
_Set_start_flag                                  text39       008C4
_TMR0                                            (abs)        00015
_TMR0_CallBack                                   text64       00B58
_TMR0_ISR                                        text63       00A48
_TMR0_Initialize                                 text5        00928
_TRISA                                           (abs)        0008C
_TRISB                                           (abs)        0008D
_TRISB1                                          (abs)        00469
_TRISB3                                          (abs)        0046B
_TRISC                                           (abs)        0008E
_TXREG                                           (abs)        0019A
_TXSTA                                           (abs)        0019E
_Tc_Display                                      text23       00431
_Two_Display                                     text34       00C81
_WPUB                                            (abs)        0020D
_WPUE                                            (abs)        00210
_WriteAll_1621                                   text35       00CE5
_Write_Flash_finish                              text38       00B7C
_Write_Flash_head                                text37       00BA5
__CFG_BOREN$ON                                   (abs)        00000
__CFG_BORV$LO                                    (abs)        00000
__CFG_CLKOUTEN$OFF                               (abs)        00000
__CFG_CP$OFF                                     (abs)        00000
__CFG_FCMEN$ON                                   (abs)        00000
__CFG_FOSC$INTOSC                                (abs)        00000
__CFG_IESO$ON                                    (abs)        00000
__CFG_LPBOR$OFF                                  (abs)        00000
__CFG_LVP$OFF                                    (abs)        00000
__CFG_MCLRE$ON                                   (abs)        00000
__CFG_PWRTE$OFF                                  (abs)        00000
__CFG_STVREN$ON                                  (abs)        00000
__CFG_VCAPEN$OFF                                 (abs)        00000
__CFG_WDTE$OFF                                   (abs)        00000
__CFG_WRT$OFF                                    (abs)        00000
__Habs1                                          abs1         00000
__Hbank0                                         bank0        00000
__Hbank1                                         bank1        00000
__Hbank10                                        bank10       00000
__Hbank11                                        bank11       00000
__Hbank12                                        bank12       00000
__Hbank13                                        bank13       00000
__Hbank14                                        bank14       00000
__Hbank15                                        bank15       00000
__Hbank16                                        bank16       00000
__Hbank17                                        bank17       00000
__Hbank18                                        bank18       00000
__Hbank19                                        bank19       00000
__Hbank2                                         bank2        00000
__Hbank20                                        bank20       00000
__Hbank21                                        bank21       00000
__Hbank22                                        bank22       00000
__Hbank23                                        bank23       00000
__Hbank24                                        bank24       00000
__Hbank25                                        bank25       00000
__Hbank26                                        bank26       00000
__Hbank27                                        bank27       00000
__Hbank28                                        bank28       00000
__Hbank29                                        bank29       00000
__Hbank3                                         bank3        00000
__Hbank30                                        bank30       00000
__Hbank31                                        bank31       00000
__Hbank4                                         bank4        00000
__Hbank5                                         bank5        00000
__Hbank6                                         bank6        00000
__Hbank7                                         bank7        00000
__Hbank8                                         bank8        00000
__Hbank9                                         bank9        00000
__Hbigram                                        bigram       00000
__HbssBANK0                                      bssBANK0     00000
__HbssBANK1                                      bssBANK1     00000
__HbssBANK2                                      bssBANK2     00000
__HbssCOMMON                                     bssCOMMON    00000
__Hcinit                                         cinit        0003F
__Hclrtext                                       clrtext      00000
__Hcode                                          code         00000
__Hcommon                                        common       00000
__Hconfig                                        config       08009
__HcstackBANK0                                   cstackBANK0  00000
__HcstackBANK1                                   cstackBANK1  00000
__HcstackCOMMON                                  cstackCOMMON 00000
__HdataBANK1                                     dataBANK1    00000
__Heeprom_data                                   eeprom_data  00000
__Hend_init                                      end_init     00015
__Hfunctab                                       functab      00000
__HidataBANK1                                    idataBANK1   00000
__Hidloc                                         idloc        00000
__Hinit                                          init         00013
__Hinittext                                      inittext     00000
__Hintentry                                      intentry     00013
__Hmaintext                                      maintext     00000
__HnvBANK1                                       nvBANK1      00000
__Hpowerup                                       powerup      00000
__Hram                                           ram          00000
__Hreset_vec                                     reset_vec    00002
__Hsfr0                                          sfr0         00000
__Hsfr1                                          sfr1         00000
__Hsfr10                                         sfr10        00000
__Hsfr11                                         sfr11        00000
__Hsfr12                                         sfr12        00000
__Hsfr13                                         sfr13        00000
__Hsfr14                                         sfr14        00000
__Hsfr15                                         sfr15        00000
__Hsfr16                                         sfr16        00000
__Hsfr17                                         sfr17        00000
__Hsfr18                                         sfr18        00000
__Hsfr19                                         sfr19        00000
__Hsfr2                                          sfr2         00000
__Hsfr20                                         sfr20        00000
__Hsfr21                                         sfr21        00000
__Hsfr22                                         sfr22        00000
__Hsfr23                                         sfr23        00000
__Hsfr24                                         sfr24        00000
__Hsfr25                                         sfr25        00000
__Hsfr26                                         sfr26        00000
__Hsfr27                                         sfr27        00000
__Hsfr28                                         sfr28        00000
__Hsfr29                                         sfr29        00000
__Hsfr3                                          sfr3         00000
__Hsfr30                                         sfr30        00000
__Hsfr31                                         sfr31        00000
__Hsfr4                                          sfr4         00000
__Hsfr5                                          sfr5         00000
__Hsfr6                                          sfr6         00000
__Hsfr7                                          sfr7         00000
__Hsfr8                                          sfr8         00000
__Hsfr9                                          sfr9         00000
__Hspace_0                                       (abs)        08009
__Hspace_1                                       (abs)        00160
__Hspace_2                                       (abs)        00000
__Hspace_3                                       (abs)        00000
__Hstack                                         stack        00000
__Hstrings                                       strings      00000
__Hstringtext                                    stringtext   00000
__Htext                                          text         00000
__Labs1                                          abs1         00000
__Lbank0                                         bank0        00000
__Lbank1                                         bank1        00000
__Lbank10                                        bank10       00000
__Lbank11                                        bank11       00000
__Lbank12                                        bank12       00000
__Lbank13                                        bank13       00000
__Lbank14                                        bank14       00000
__Lbank15                                        bank15       00000
__Lbank16                                        bank16       00000
__Lbank17                                        bank17       00000
__Lbank18                                        bank18       00000
__Lbank19                                        bank19       00000
__Lbank2                                         bank2        00000
__Lbank20                                        bank20       00000
__Lbank21                                        bank21       00000
__Lbank22                                        bank22       00000
__Lbank23                                        bank23       00000
__Lbank24                                        bank24       00000
__Lbank25                                        bank25       00000
__Lbank26                                        bank26       00000
__Lbank27                                        bank27       00000
__Lbank28                                        bank28       00000
__Lbank29                                        bank29       00000
__Lbank3                                         bank3        00000
__Lbank30                                        bank30       00000
__Lbank31                                        bank31       00000
__Lbank4                                         bank4        00000
__Lbank5                                         bank5        00000
__Lbank6                                         bank6        00000
__Lbank7                                         bank7        00000
__Lbank8                                         bank8        00000
__Lbank9                                         bank9        00000
__Lbigram                                        bigram       00000
__LbssBANK0                                      bssBANK0     00000
__LbssBANK1                                      bssBANK1     00000
__LbssBANK2                                      bssBANK2     00000
__LbssCOMMON                                     bssCOMMON    00000
__Lcinit                                         cinit        00015
__Lclrtext                                       clrtext      00000
__Lcode                                          code         00000
__Lcommon                                        common       00000
__Lconfig                                        config       08007
__LcstackBANK0                                   cstackBANK0  00000
__LcstackBANK1                                   cstackBANK1  00000
__LcstackCOMMON                                  cstackCOMMON 00000
__LdataBANK1                                     dataBANK1    00000
__Leeprom_data                                   eeprom_data  00000
__Lend_init                                      end_init     00013
__Lfunctab                                       functab      00000
__LidataBANK1                                    idataBANK1   00000
__Lidloc                                         idloc        00000
__Linit                                          init         00013
__Linittext                                      inittext     00000
__Lintentry                                      intentry     00004
__Lmaintext                                      maintext     00000
__LnvBANK1                                       nvBANK1      00000
__Lpowerup                                       powerup      00000
__Lram                                           ram          00000
__Lreset_vec                                     reset_vec    00000
__Lsfr0                                          sfr0         00000
__Lsfr1                                          sfr1         00000
__Lsfr10                                         sfr10        00000
__Lsfr11                                         sfr11        00000
__Lsfr12                                         sfr12        00000
__Lsfr13                                         sfr13        00000
__Lsfr14                                         sfr14        00000
__Lsfr15                                         sfr15        00000
__Lsfr16                                         sfr16        00000
__Lsfr17                                         sfr17        00000
__Lsfr18                                         sfr18        00000
__Lsfr19                                         sfr19        00000
__Lsfr2                                          sfr2         00000
__Lsfr20                                         sfr20        00000
__Lsfr21                                         sfr21        00000
__Lsfr22                                         sfr22        00000
__Lsfr23                                         sfr23        00000
__Lsfr24                                         sfr24        00000
__Lsfr25                                         sfr25        00000
__Lsfr26                                         sfr26        00000
__Lsfr27                                         sfr27        00000
__Lsfr28                                         sfr28        00000
__Lsfr29                                         sfr29        00000
__Lsfr3                                          sfr3         00000
__Lsfr30                                         sfr30        00000
__Lsfr31                                         sfr31        00000
__Lsfr4                                          sfr4         00000
__Lsfr5                                          sfr5         00000
__Lsfr6                                          sfr6         00000
__Lsfr7                                          sfr7         00000
__Lsfr8                                          sfr8         00000
__Lsfr9                                          sfr9         00000
__Lspace_0                                       (abs)        00000
__Lspace_1                                       (abs)        00000
__Lspace_2                                       (abs)        00000
__Lspace_3                                       (abs)        00000
__Lstack                                         stack        00000
__Lstrings                                       strings      00000
__Lstringtext                                    stringtext   00000
__Ltext                                          text         00000
__S0                                             (abs)        08009
__S1                                             (abs)        00160
__S2                                             (abs)        00000
___awdiv                                         text16       00EF3
___awdiv@counter                                 cstackBANK0  00020
___awdiv@dividend                                cstackCOMMON 00075
___awdiv@divisor                                 cstackCOMMON 00073
___awdiv@quotient                                cstackBANK0  00022
___awdiv@sign                                    cstackBANK0  00021
___awmod                                         text15       00E10
___awmod@counter                                 cstackBANK0  00020
___awmod@dividend                                cstackCOMMON 00075
___awmod@divisor                                 cstackCOMMON 00073
___awmod@sign                                    cstackBANK0  00021
___bmul                                          text51       00938
___bmul@multiplicand                             cstackCOMMON 00073
___bmul@multiplier                               cstackCOMMON 00076
___bmul@product                                  cstackCOMMON 00075
___int_sp                                        stack        00000
___latbits                                       (abs)        00003
___lwdiv                                         text26       00D1A
___lwdiv@counter                                 cstackBANK0  00026
___lwdiv@dividend                                cstackBANK0  00023
___lwdiv@divisor                                 cstackBANK0  00021
___lwdiv@quotient                                cstackBANK0  00027
___lwmod                                         text25       00C24
___lwmod@counter                                 cstackBANK0  00020
___lwmod@dividend                                cstackCOMMON 00075
___lwmod@divisor                                 cstackCOMMON 00073
___sp                                            stack        00000
___wmul                                          text20       00AB5
___wmul@multiplicand                             cstackCOMMON 00075
___wmul@multiplier                               cstackCOMMON 00073
___wmul@product                                  cstackBANK0  00020
__end_of_ADC_GetConversion                       text61       00A2E
__end_of_ADC_Initialize                          text11       008EC
__end_of_Bq32k_Rtc_Read_Time                     text49       01000
__end_of_Bq32k_Time_Init                         text56       00A7E
__end_of_Calculate_Time                          text19       0036A
__end_of_Dis_TAB                                 stringtext   01015
__end_of_EUSART_Initialize                       text10       0090B
__end_of_EUSART_Write                            text55       008E4
__end_of_FLASH_EraseBlock                        text47       00AB5
__end_of_FLASH_ReadWord                          text48       00A14
__end_of_FLASH_WriteBlock                        text46       00762
__end_of_FLASH_WriteWord                         text45       00E10
__end_of_FVR_Initialize                          text9        008BA
__end_of_I2C_Read_Buffer                         text52       00685
__end_of_I2C_Receive_Byte                        text53       00BF8
__end_of_I2C_Send_Buffer                         text57       00D8A
__end_of_I2C_Send_Byte                           text60       00EA2
__end_of_I2C_Start                               text59       009E2
__end_of_I2C_Stop                                text58       009FB
__end_of_INTERRUPT_InterruptManager              intentry     00013
__end_of_Key_Process                             text12       0060D
__end_of_Key_Scan                                text54       00B58
__end_of_OSCILLATOR_Initialize                   text8        008C4
__end_of_PIN_MANAGER_Initialize                  text7        00B35
__end_of_SPI_Exchange8bit                        text33       008F5
__end_of_SPI_Exchange8bitBuffer                  text32       00EF3
__end_of_SPI_Initialize                          text6        008D0
__end_of_SYSTEM_Initialize                       text4        00999
__end_of_Save_Write_time                         text43       006F7
__end_of_Save_Write_word                         text44       00984
__end_of_Save_process                            text3        00F9C
__end_of_SendBit_1621                            text42       00AF3
__end_of_SendCmd_1621                            text41       009B1
__end_of_SendDataBit_1621                        text36       00B13
__end_of_Serach_Flash_Head                       text2        00C81
__end_of_Set_finish_flag                         text40       008BF
__end_of_Set_start_flag                          text39       008CA
__end_of_TMR0_CallBack                           text64       00B7C
__end_of_TMR0_ISR                                text63       00A63
__end_of_TMR0_Initialize                         text5        00938
__end_of_Tc_Display                              text23       004F0
__end_of_Two_Display                             text34       00CB2
__end_of_WriteAll_1621                           text35       00D1A
__end_of_Write_Flash_finish                      text38       00BA5
__end_of_Write_Flash_head                        text37       00BCE
__end_of___awdiv                                 text16       00F45
__end_of___awmod                                 text15       00E56
__end_of___bmul                                  text51       00949
__end_of___lwdiv                                 text26       00D4F
__end_of___lwmod                                 text25       00C51
__end_of___wmul                                  text20       00AD3
__end_of__initialization                         cinit        0003B
__end_of_bcd2bin                                 text50       0096F
__end_of_err_Display                             text22       00C24
__end_of_main                                    maintext     00431
__end_of_maxim_31856_init                        text1        007C6
__end_of_maxim_31856_read_nregisters             text31       009C9
__end_of_maxim_31856_read_register               text30       0095A
__end_of_maxim_31856_write_register              text29       00918
__end_of_maxim_clear_fault_status                text21       00928
__end_of_maxim_start_conversion                  text28       00A48
__end_of_memset                                  text24       00A99
__end_of_one_temperature_trans                   text27       00DCB
__end_of_tc_temperature_trans                    text18       001DD
__end_of_temperature_display                     text17       007FD
__end_of_temperature_process                     text13       00CE5
__end_of_time_Display                            text14       00585
__initialization                                 cinit        00015
__pbssBANK0                                      bssBANK0     0005A
__pbssBANK1                                      bssBANK1     000A0
__pbssBANK2                                      bssBANK2     00120
__pbssCOMMON                                     bssCOMMON    00078
__pcstackBANK0                                   cstackBANK0  00020
__pcstackBANK1                                   cstackBANK1  000E4
__pcstackCOMMON                                  cstackCOMMON 00070
__pdataBANK1                                     dataBANK1    000DA
__pidataBANK1                                    idataBANK1   008F5
__pintentry                                      intentry     00004
__pmaintext                                      maintext     0036A
__pnvBANK1                                       nvBANK1      000E9
__pstringtext                                    stringtext   01000
__ptext1                                         text1        00762
__ptext10                                        text10       008FF
__ptext11                                        text11       008E4
__ptext12                                        text12       00585
__ptext13                                        text13       00CB2
__ptext14                                        text14       004F0
__ptext15                                        text15       00E10
__ptext16                                        text16       00EF3
__ptext17                                        text17       007C6
__ptext18                                        text18       0003F
__ptext19                                        text19       001DD
__ptext2                                         text2        00C51
__ptext20                                        text20       00AB5
__ptext21                                        text21       00918
__ptext22                                        text22       00BF8
__ptext23                                        text23       00431
__ptext24                                        text24       00A7E
__ptext25                                        text25       00C24
__ptext26                                        text26       00D1A
__ptext27                                        text27       00D8A
__ptext28                                        text28       00A2E
__ptext29                                        text29       0090B
__ptext3                                         text3        00F45
__ptext30                                        text30       00949
__ptext31                                        text31       009B1
__ptext32                                        text32       00EA2
__ptext33                                        text33       008EC
__ptext34                                        text34       00C81
__ptext35                                        text35       00CE5
__ptext36                                        text36       00AF3
__ptext37                                        text37       00BA5
__ptext38                                        text38       00B7C
__ptext39                                        text39       008C4
__ptext4                                         text4        00984
__ptext40                                        text40       008BA
__ptext41                                        text41       00999
__ptext42                                        text42       00AD3
__ptext43                                        text43       00685
__ptext44                                        text44       0096F
__ptext45                                        text45       00DCB
__ptext46                                        text46       006F7
__ptext47                                        text47       00A99
__ptext48                                        text48       009FB
__ptext49                                        text49       00F9C
__ptext5                                         text5        00928
__ptext50                                        text50       0095A
__ptext51                                        text51       00938
__ptext52                                        text52       0060D
__ptext53                                        text53       00BCE
__ptext54                                        text54       00B35
__ptext55                                        text55       008DC
__ptext56                                        text56       00A63
__ptext57                                        text57       00D4F
__ptext58                                        text58       009E2
__ptext59                                        text59       009C9
__ptext6                                         text6        008CA
__ptext60                                        text60       00E56
__ptext61                                        text61       00A14
__ptext63                                        text63       00A48
__ptext64                                        text64       00B58
__ptext7                                         text7        00B13
__ptext8                                         text8        008BF
__ptext9                                         text9        008B6
__size_of_ADC_GetConversion                      (abs)        00000
__size_of_ADC_Initialize                         (abs)        00000
__size_of_Bq32k_Rtc_Read_Time                    (abs)        00000
__size_of_Bq32k_Time_Init                        (abs)        00000
__size_of_Calculate_Time                         (abs)        00000
__size_of_EUSART_Initialize                      (abs)        00000
__size_of_EUSART_Write                           (abs)        00000
__size_of_FLASH_EraseBlock                       (abs)        00000
__size_of_FLASH_ReadWord                         (abs)        00000
__size_of_FLASH_WriteBlock                       (abs)        00000
__size_of_FLASH_WriteWord                        (abs)        00000
__size_of_FVR_Initialize                         (abs)        00000
__size_of_I2C_Read_Buffer                        (abs)        00000
__size_of_I2C_Receive_Byte                       (abs)        00000
__size_of_I2C_Send_Buffer                        (abs)        00000
__size_of_I2C_Send_Byte                          (abs)        00000
__size_of_I2C_Start                              (abs)        00000
__size_of_I2C_Stop                               (abs)        00000
__size_of_INTERRUPT_InterruptManager             (abs)        00000
__size_of_Key_Process                            (abs)        00000
__size_of_Key_Scan                               (abs)        00000
__size_of_OSCILLATOR_Initialize                  (abs)        00000
__size_of_PIN_MANAGER_Initialize                 (abs)        00000
__size_of_SPI_Exchange8bit                       (abs)        00000
__size_of_SPI_Exchange8bitBuffer                 (abs)        00000
__size_of_SPI_Initialize                         (abs)        00000
__size_of_SYSTEM_Initialize                      (abs)        00000
__size_of_Save_Write_time                        (abs)        00000
__size_of_Save_Write_word                        (abs)        00000
__size_of_Save_process                           (abs)        00000
__size_of_SendBit_1621                           (abs)        00000
__size_of_SendCmd_1621                           (abs)        00000
__size_of_SendDataBit_1621                       (abs)        00000
__size_of_Serach_Flash_Head                      (abs)        00000
__size_of_Set_finish_flag                        (abs)        00000
__size_of_Set_start_flag                         (abs)        00000
__size_of_TMR0_CallBack                          (abs)        00000
__size_of_TMR0_ISR                               (abs)        00000
__size_of_TMR0_Initialize                        (abs)        00000
__size_of_Tc_Display                             (abs)        00000
__size_of_Two_Display                            (abs)        00000
__size_of_WriteAll_1621                          (abs)        00000
__size_of_Write_Flash_finish                     (abs)        00000
__size_of_Write_Flash_head                       (abs)        00000
__size_of___awdiv                                (abs)        00000
__size_of___awmod                                (abs)        00000
__size_of___bmul                                 (abs)        00000
__size_of___lwdiv                                (abs)        00000
__size_of___lwmod                                (abs)        00000
__size_of___wmul                                 (abs)        00000
__size_of_bcd2bin                                (abs)        00000
__size_of_err_Display                            (abs)        00000
__size_of_main                                   (abs)        00000
__size_of_maxim_31856_init                       (abs)        00000
__size_of_maxim_31856_read_nregisters            (abs)        00000
__size_of_maxim_31856_read_register              (abs)        00000
__size_of_maxim_31856_write_register             (abs)        00000
__size_of_maxim_clear_fault_status               (abs)        00000
__size_of_maxim_start_conversion                 (abs)        00000
__size_of_memset                                 (abs)        00000
__size_of_one_temperature_trans                  (abs)        00000
__size_of_tc_temperature_trans                   (abs)        00000
__size_of_temperature_display                    (abs)        00000
__size_of_temperature_process                    (abs)        00000
__size_of_time_Display                           (abs)        00000
_bcd2bin                                         text50       0095A
_display_buff                                    bssBANK1     000D6
_err_Display                                     text22       00BF8
_main                                            maintext     0036A
_maxim_31856_init                                text1        00762
_maxim_31856_read_nregisters                     text31       009B1
_maxim_31856_read_register                       text30       00949
_maxim_31856_write_register                      text29       0090B
_maxim_clear_fault_status                        text21       00918
_maxim_start_conversion                          text28       00A2E
_memset                                          text24       00A7E
_one_temperature_trans                           text27       00D8A
_rtc_save_ch1                                    bssBANK1     000C1
_rtc_save_ch2                                    bssBANK1     000C8
_rtc_tm                                          bssBANK1     000CF
_tc_temperature_trans                            text18       0003F
_temperature_decimal                             bssBANK0     0006B
_temperature_display                             text17       007C6
_temperature_int                                 bssBANK0     00064
_temperature_process                             text13       00CB2
_temperature_sign                                bssBANK1     000B0
_temperature_value                               bssBANK0     0005A
_time_Display                                    text14       004F0
_time_count                                      bssBANK0     0006C
_timer0ReloadVal                                 nvBANK1      000E9
_uch_cjth                                        bssBANK1     000B2
_uch_cjtl                                        bssBANK1     000B3
_uch_cr0                                         bssCOMMON    0007A
_uch_cr1                                         bssBANK1     000B4
_uch_ltcbh                                       bssBANK0     0006D
_uch_ltcbl                                       bssBANK1     000B5
_uch_ltcbm                                       bssBANK1     000B6
_uch_mask                                        bssBANK1     000B7
_uch_reg                                         bssBANK1     000B9
_uch_sr                                          bssBANK1     000B8
bcd2bin@val                                      cstackCOMMON 00077
btemp                                            (abs)        0007E
clear_ram0                                       clrtext      008D6
end_of_initialization                            cinit        0003B
err_Display@F2126                                bssBANK1     000A4
err_Display@num                                  cstackBANK0  00027
init_ram                                         inittext     008D0
int$flags                                        (abs)        0007E
intlevel0                                        functab      00000
intlevel1                                        functab      00000
intlevel2                                        functab      00000
intlevel3                                        functab      00000
intlevel4                                        functab      00000
intlevel5                                        functab      00000
ltemp                                            (abs)        0007E
ltemp0                                           (abs)        0007E
ltemp1                                           (abs)        00082
ltemp2                                           (abs)        00086
ltemp3                                           (abs)        00080
main@bat_data                                    cstackBANK1  000E7
main@data_temp                                   cstackBANK1  000E4
main@i                                           cstackBANK1  000E6
maxim_31856_read_nregisters@uch_buff             cstackBANK0  00023
maxim_31856_read_nregisters@uch_nBytes           cstackBANK0  00024
maxim_31856_read_nregisters@uch_register_address cstackBANK0  00027
maxim_31856_read_register@uch_register_address   cstackCOMMON 00075
maxim_31856_read_register@uch_register_data      cstackCOMMON 00076
maxim_31856_write_register@uch_register_address  cstackCOMMON 00075
maxim_31856_write_register@uch_register_value    cstackCOMMON 00074
maxim_start_conversion@uch_conversion_mode       cstackBANK0  00020
memset@c                                         cstackCOMMON 00073
memset@n                                         cstackCOMMON 00075
[...]
      Temps:          2       0       0       0       0       0       0       0       0       0       0       0       0       0
      Totals:         3       0       0       0       0       0       0       0       0       0       0       0       0       0
Total ram usage:        3 bytes
 Hardware stack levels used:    1
 Hardware stack levels required when called:    3
 This function calls:
		Nothing
 This function is called by:
		_Key_Process
 This function uses a non-reentrant model


 *************** function _EUSART_Write *****************
 Defined at:
		line 91 in file "mcc_generated_files/eusart.c"
 Parameters:    Size  Location     Type
  txData          1    wreg     unsigned char 
 Auto vars:     Size  Location     Type
  txData          1    3[COMMON] unsigned char 
 Return value:  Size  Location     Type
                  1    wreg      void 
 Registers used:
		wreg
 Tracked objects:
		On entry : 
		On exit  : 
		Unchanged: 
 Data sizes:     COMMON   BANK0   BANK1   BANK2   BANK3   BANK4   BANK5   BANK6   BANK7   BANK8   BANK9  BANK10  BANK11  BANK12
      Params:         0       0       0       0       0       0       0       0       0       0       0       0       0       0
      Locals:         1       0       0       0       0       0       0       0       0       0       0       0       0       0
      Temps:          0       0       0       0       0       0       0       0       0       0       0       0       0       0
      Totals:         1       0       0       0       0       0       0       0       0       0       0       0       0       0
Total ram usage:        1 bytes
 Hardware stack levels used:    1
 Hardware stack levels required when called:    3
 This function calls:
		Nothing
 This function is called by:
		_Key_Process
		_EUSART_SendString
 This function uses a non-reentrant model


 *************** function _Bq32k_Time_Init *****************
 Defined at:
		line 17 in file "mcc_generated_files/bq32k.c"
 Parameters:    Size  Location     Type
		None
 Auto vars:     Size  Location     Type
  temp           10    7[BANK0 ] unsigned char [10]
  time            7    0        struct bq32k_regs
 Return value:  Size  Location     Type
                  1    wreg      void 
 Registers used:
		wreg, fsr0l, fsr0h, fsr1l, fsr1h, status,2, status,0, pclath, cstack
 Tracked objects:
		On entry : 
		On exit  : 
		Unchanged: 
 Data sizes:     COMMON   BANK0   BANK1   BANK2   BANK3   BANK4   BANK5   BANK6   BANK7   BANK8   BANK9  BANK10  BANK11  BANK12
      Params:         0       0       0       0       0       0       0       0       0       0       0       0       0       0
      Locals:         0      10       0       0       0       0       0       0       0       0       0       0       0       0
      Temps:          0       2       0       0       0       0       0       0       0       0       0       0       0       0
      Totals:         0      12       0       0       0       0       0       0       0       0       0       0       0       0
Total ram usage:       12 bytes
 Hardware stack levels used:    1
 Hardware stack levels required when called:    5
 This function calls:
		_I2C_Send_Buffer
 This function is called by:
		_main
 This function uses a non-reentrant model


 *************** function _I2C_Send_Buffer *****************
 Defined at:
		line 173 in file "mcc_generated_files/i2c.c"
 Parameters:    Size  Location     Type
  ADD             1    wreg     unsigned char 
  buff            1    6[COMMON] PTR unsigned char 
		 -> Bq32k_Rtc_Write_Time@temp(10), Bq32k_Time_Init@temp(10), 
  Length          1    7[COMMON] unsigned char 
 Auto vars:     Size  Location     Type
  ADD             1    2[BANK0 ] unsigned char 
  Flag            1    4[BANK0 ] unsigned char 
  i               1    3[BANK0 ] unsigned char 
 Return value:  Size  Location     Type
                  1    wreg      unsigned char 
 Registers used:
		wreg, fsr1l, fsr1h, status,2, status,0, pclath, cstack
 Tracked objects:
		On entry : 
		On exit  : 
		Unchanged: 
 Data sizes:     COMMON   BANK0   BANK1   BANK2   BANK3   BANK4   BANK5   BANK6   BANK7   BANK8   BANK9  BANK10  BANK11  BANK12
      Params:         2       0       0       0       0       0       0       0       0       0       0       0       0       0
      Locals:         0       3       0       0       0       0       0       0       0       0       0       0       0       0
      Temps:          0       2       0       0       0       0       0       0       0       0       0       0       0       0
      Totals:         2       5       0       0       0       0       0       0       0       0       0       0       0       0
Total ram usage:        7 bytes
 Hardware stack levels used:    1
 Hardware stack levels required when called:    4
 This function calls:
		_I2C_Send_Byte
		_I2C_Start
		_I2C_Stop
 This function is called by:
		_Bq32k_Time_Init
		_Bq32k_Rtc_Write_Time
 This function uses a non-reentrant model


 *************** function _I2C_Stop *****************
 Defined at:
		line 102 in file "mcc_generated_files/i2c.c"
 Parameters:    Size  Location     Type
		None
 Auto vars:     Size  Location     Type
		None
 Return value:  Size  Location     Type
                  1    wreg      void 
 Registers used:
		wreg
 Tracked objects:
		On entry : 
		On exit  : 
		Unchanged: 
 Data sizes:     COMMON   BANK0   BANK1   BANK2   BANK3   BANK4   BANK5   BANK6   BANK7   BANK8   BANK9  BANK10  BANK11  BANK12
      Params:         0       0       0       0       0       0       0       0       0       0       0       0       0       0
      Locals:         0       0       0       0       0       0       0       0       0       0       0       0       0       0
      Temps:          1       0       0       0       0       0       0       0       0       0       0       0       0       0
      Totals:         1       0       0       0       0       0       0       0       0       0       0       0       0       0
Total ram usage:        1 bytes
 Hardware stack levels used:    1
 Hardware stack levels required when called:    3
 This function calls:
		Nothing
 This function is called by:
		_I2C_Read_Buffer
		_I2C_Send_Buffer
 This function uses a non-reentrant model


 *************** function _I2C_Start *****************
 Defined at:
		line 16 in file "mcc_generated_files/i2c.c"
 Parameters:    Size  Location     Type
		None
 Auto vars:     Size  Location     Type
		None
 Return value:  Size  Location     Type
                  1    wreg      void 
 Registers used:
		wreg
 Tracked objects:
		On entry : 
		On exit  : 
		Unchanged: 
 Data sizes:     COMMON   BANK0   BANK1   BANK2   BANK3   BANK4   BANK5   BANK6   BANK7   BANK8   BANK9  BANK10  BANK11  BANK12
      Params:         0       0       0       0       0       0       0       0       0       0       0       0       0       0
      Locals:         0       0       0       0       0       0       0       0       0       0       0       0       0       0
      Temps:          1       0       0       0       0       0       0       0       0       0       0       0       0       0
      Totals:         1       0       0       0       0       0       0       0       0       0       0       0       0       0
Total ram usage:        1 bytes
 Hardware stack levels used:    1
 Hardware stack levels required when called:    3
 This function calls:
		Nothing
 This function is called by:
		_I2C_Read_Buffer
		_I2C_Send_Buffer
 This function uses a non-reentrant model


 *************** function _I2C_Send_Byte *****************
 Defined at:
		line 34 in file "mcc_generated_files/i2c.c"
 Parameters:    Size  Location     Type
  Data            1    wreg     unsigned char 
 Auto vars:     Size  Location     Type
  Data            1    4[COMMON] unsigned char 
  i               1    5[COMMON] unsigned char 
 Return value:  Size  Location     Type
                  1    wreg      unsigned char 
 Registers used:
		wreg, status,2, status,0
 Tracked objects:
		On entry : 
		On exit  : 
		Unchanged: 
 Data sizes:     COMMON   BANK0   BANK1   BANK2   BANK3   BANK4   BANK5   BANK6   BANK7   BANK8   BANK9  BANK10  BANK11  BANK12
      Params:         0       0       0       0       0       0       0       0       0       0       0       0       0       0
      Locals:         2       0       0       0       0       0       0       0       0       0       0       0       0       0
      Temps:          1       0       0       0       0       0       0       0       0       0       0       0       0       0
      Totals:         3       0       0       0       0       0       0       0       0       0       0       0       0       0
Total ram usage:        3 bytes
 Hardware stack levels used:    1
 Hardware stack levels required when called:    3
 This function calls:
		Nothing
 This function is called by:
		_I2C_Read_Buffer
		_I2C_Send_Buffer
 This function uses a non-reentrant model


 *************** function _ADC_GetConversion *****************
 Defined at:
		line 106 in file "mcc_generated_files/adc.c"
 Parameters:    Size  Location     Type
  channel         1    wreg     enum E1850
 Auto vars:     Size  Location     Type
  channel         1    6[COMMON] enum E1850
 Return value:  Size  Location     Type
                  2    3[COMMON] unsigned int 
 Registers used:
		wreg, status,2, status,0
 Tracked objects:
		On entry : 
		On exit  : 
		Unchanged: 
 Data sizes:     COMMON   BANK0   BANK1   BANK2   BANK3   BANK4   BANK5   BANK6   BANK7   BANK8   BANK9  BANK10  BANK11  BANK12
      Params:         2       0       0       0       0       0       0       0       0       0       0       0       0       0
      Locals:         1       0       0       0       0       0       0       0       0       0       0       0       0       0
      Temps:          1       0       0       0       0       0       0       0       0       0       0       0       0       0
      Totals:         4       0       0       0       0       0       0       0       0       0       0       0       0       0
Total ram usage:        4 bytes
 Hardware stack levels used:    1
 Hardware stack levels required when called:    3
 This function calls:
		Nothing
 This function is called by:
		_main
 This function uses a non-reentrant model


 *************** function _INTERRUPT_InterruptManager *****************
 Defined at:
		line 52 in file "mcc_generated_files/interrupt_manager.c"
 Parameters:    Size  Location     Type
		None
 Auto vars:     Size  Location     Type
		None
 Return value:  Size  Location     Type
                  1    wreg      void 
 Registers used:
		wreg, status,2, status,0, pclath, cstack
 Tracked objects:
		On entry : 
		On exit  : 
		Unchanged: 
 Data sizes:     COMMON   BANK0   BANK1   BANK2   BANK3   BANK4   BANK5   BANK6   BANK7   BANK8   BANK9  BANK10  BANK11  BANK12
      Params:         0       0       0       0       0       0       0       0       0       0       0       0       0       0
      Locals:         0       0       0       0       0       0       0       0       0       0       0       0       0       0
      Temps:          1       0       0       0       0       0       0       0       0       0       0       0       0       0
      Totals:         1       0       0       0       0       0       0       0       0       0       0       0       0       0
Total ram usage:        1 bytes
 Hardware stack levels used:    1
 Hardware stack levels required when called:    2
 This function calls:
		_TMR0_ISR
 This function is called by:
		Interrupt level 1
 This function uses a non-reentrant model


 *************** function _TMR0_ISR *****************
 Defined at:
		line 103 in file "mcc_generated_files/tmr0.c"
 Parameters:    Size  Location     Type
		None
 Auto vars:     Size  Location     Type
		None
 Return value:  Size  Location     Type
                  1    wreg      void 
 Registers used:
		wreg, status,2, status,0, pclath, cstack
 Tracked objects:
		On entry : 
		On exit  : 
		Unchanged: 
 Data sizes:     COMMON   BANK0   BANK1   BANK2   BANK3   BANK4   BANK5   BANK6   BANK7   BANK8   BANK9  BANK10  BANK11  BANK12
      Params:         0       0       0       0       0       0       0       0       0       0       0       0       0       0
      Locals:         0       0       0       0       0       0       0       0       0       0       0       0       0       0
      Temps:          1       0       0       0       0       0       0       0       0       0       0       0       0       0
      Totals:         1       0       0       0       0       0       0       0       0       0       0       0       0       0
Total ram usage:        1 bytes
 Hardware stack levels used:    1
 Hardware stack levels required when called:    1
 This function calls:
		_TMR0_CallBack
 This function is called by:
		_INTERRUPT_InterruptManager
 This function uses a non-reentrant model


 *************** function _TMR0_CallBack *****************
 Defined at:
		line 125 in file "mcc_generated_files/tmr0.c"
 Parameters:    Size  Location     Type
		None
 Auto vars:     Size  Location     Type
		None
 Return value:  Size  Location     Type
                  1    wreg      void 
 Registers used:
		wreg, status,2, status,0
 Tracked objects:
		On entry : 
		On exit  : 
		Unchanged: 
 Data sizes:     COMMON   BANK0   BANK1   BANK2   BANK3   BANK4   BANK5   BANK6   BANK7   BANK8   BANK9  BANK10  BANK11  BANK12
      Params:         0       0       0       0       0       0       0       0       0       0       0       0       0       0
      Locals:         0       0       0       0       0       0       0       0       0       0       0       0       0       0
      Temps:          1       0       0       0       0       0       0       0       0       0       0       0       0       0
      Totals:         1       0       0       0       0       0       0       0       0       0       0       0       0       0
Total ram usage:        1 bytes
 Hardware stack levels used:    1
 This function calls:
		Nothing
 This function is called by:
		_TMR0_ISR
 This function uses a non-reentrant model



MODULE INFORMATION

Module		Function		Class		Link	Load	Size
mcc_generated_files/max31856.c
		_one_temperature_trans		CODE           	0D8A	0000	66
		_maxim_31856_read_nregisters		CODE           	09B1	0000	25
		_maxim_31856_read_register		CODE           	0949	0000	18
		_maxim_31856_init		CODE           	0762	0000	101
		_maxim_clear_fault_status		CODE           	0918	0000	17
		_tc_temperature_trans		CODE           	003F	0000	415
		_maxim_start_conversion		CODE           	0A2E	0000	27
		_temperature_process		CODE           	0CB2	0000	52
		_temperature_display		CODE           	07C6	0000	56
		_maxim_31856_write_register		CODE           	090B	0000	14

mcc_generated_files/max31856.c estimated size: 791

mcc_generated_files/fvr.c
		_FVR_Initialize		CODE           	08B6	0000	5

mcc_generated_files/fvr.c estimated size: 5

mcc_generated_files/interrupt_manager.c
		_INTERRUPT_InterruptManager		CODE           	0004	0000	16

mcc_generated_files/interrupt_manager.c estimated size: 16

mcc_generated_files/i2c.c
		_I2C_Receive_Byte		CODE           	0BCE	0000	43
		_I2C_Read_Buffer		CODE           	060D	0000	121
		_I2C_Send_Buffer		CODE           	0D4F	0000	60
		_I2C_Stop      		CODE           	09E2	0000	26
		_I2C_Send_Byte 		CODE           	0E56	0000	77
		_I2C_Start     		CODE           	09C9	0000	26

mcc_generated_files/i2c.c estimated size: 353

mcc_generated_files/bq32k.c
		_Bq32k_Time_Init		CODE           	0A63	0000	28
		_bcd2bin       		CODE           	095A	0000	22
		_Bq32k_Rtc_Read_Time		CODE           	0F9C	0000	101

mcc_generated_files/bq32k.c estimated size: 151

mcc_generated_files/tmr0.c
		_TMR0_CallBack 		CODE           	0B58	0000	37
		_TMR0_ISR      		CODE           	0A48	0000	28
		_TMR0_Initialize		CODE           	0928	0000	17

mcc_generated_files/tmr0.c estimated size: 82

mcc_generated_files/pin_manager.c
		_PIN_MANAGER_Initialize		CODE           	0B13	0000	35

mcc_generated_files/pin_manager.c estimated size: 35

mcc_generated_files/ht1621.c
		_WriteAll_1621 		CODE           	0CE5	0000	54
		_SendCmd_1621  		CODE           	0999	0000	25
		_Two_Display   		CODE           	0C81	0000	50
		_err_Display   		CODE           	0BF8	0000	45
		_Tc_Display    		CODE           	0431	0000	192
		_SendBit_1621  		CODE           	0AD3	0000	33
		_SendDataBit_1621		CODE           	0AF3	0000	33
		_time_Display  		CODE           	04F0	0000	150

mcc_generated_files/ht1621.c estimated size: 582

mcc_generated_files/adc.c
		_ADC_Initialize		CODE           	08E4	0000	9
		_ADC_GetConversion		CODE           	0A14	0000	27

mcc_generated_files/adc.c estimated size: 36

mcc_generated_files/key.c
		_Key_Scan      		CODE           	0B35	0000	36
		_Key_Process   		CODE           	0585	0000	137

mcc_generated_files/key.c estimated size: 173

D:\Program Files (x86)\Microchip\xc8\v1.37\sources\common\lwmod.c
		___lwmod       		CODE           	0C24	0000	46

D:\Program Files (x86)\Microchip\xc8\v1.37\sources\common\lwmod.c estimated size: 46

D:\Program Files (x86)\Microchip\xc8\v1.37\sources\common\awmod.c
		___awmod       		CODE           	0E10	0000	71

D:\Program Files (x86)\Microchip\xc8\v1.37\sources\common\awmod.c estimated size: 71

mcc_generated_files/save.c
		_Save_Write_time		CODE           	0685	0000	115
		_Save_Write_word		CODE           	096F	0000	22
		_Save_process  		CODE           	0F45	0000	88
		_Set_finish_flag		CODE           	08BA	0000	6
		_Write_Flash_head		CODE           	0BA5	0000	42
		_Calculate_Time		CODE           	01DD	0000	398
		_Serach_Flash_Head		CODE           	0C51	0000	49
		_Write_Flash_finish		CODE           	0B7C	0000	42
		_Set_start_flag		CODE           	08C4	0000	7

mcc_generated_files/save.c estimated size: 769

mcc_generated_files/spi.c
		_SPI_Exchange8bitBuffer		CODE           	0EA2	0000	82
		_SPI_Exchange8bit		CODE           	08EC	0000	10
		_SPI_Initialize		CODE           	08CA	0000	7

mcc_generated_files/spi.c estimated size: 99

shared
		_Dis_TAB       		STRCODE        	1000	0000	22
		__initialization		CODE           	0015	0000	39

shared estimated size: 61

mcc_generated_files/mcc.c
		_OSCILLATOR_Initialize		CODE           	08BF	0000	6
		_SYSTEM_Initialize		CODE           	0984	0000	22

mcc_generated_files/mcc.c estimated size: 28

D:\Program Files (x86)\Microchip\xc8\v1.37\sources\common\memset.c
		_memset        		CODE           	0A7E	0000	28

D:\Program Files (x86)\Microchip\xc8\v1.37\sources\common\memset.c estimated size: 28

mcc_generated_files/memory.c
		_FLASH_EraseBlock		CODE           	0A99	0000	29
		_FLASH_ReadWord		CODE           	09FB	0000	26
		_FLASH_WriteBlock		CODE           	06F7	0000	108
		_FLASH_WriteWord		CODE           	0DCB	0000	70

mcc_generated_files/memory.c estimated size: 233

mcc_generated_files/eusart.c
		_EUSART_Write  		CODE           	08DC	0000	9
		_EUSART_Initialize		CODE           	08FF	0000	13

mcc_generated_files/eusart.c estimated size: 22

D:\Program Files (x86)\Microchip\xc8\v1.37\sources\common\lwdiv.c
		___lwdiv       		CODE           	0D1A	0000	54

D:\Program Files (x86)\Microchip\xc8\v1.37\sources\common\lwdiv.c estimated size: 54

D:\Program Files (x86)\Microchip\xc8\v1.37\sources\common\awdiv.c
		___awdiv       		CODE           	0EF3	0000	83

D:\Program Files (x86)\Microchip\xc8\v1.37\sources\common\awdiv.c estimated size: 83

main.c
		_main          		CODE           	036A	0000	200

main.c estimated size: 200

D:\Program Files (x86)\Microchip\xc8\v1.37\sources\common\Umul16.c
		___wmul        		CODE           	0AB5	0000	31

D:\Program Files (x86)\Microchip\xc8\v1.37\sources\common\Umul16.c estimated size: 31

D:\Program Files (x86)\Microchip\xc8\v1.37\sources\common\Umul8.c
		___bmul        		CODE           	0938	0000	18

D:\Program Files (x86)\Microchip\xc8\v1.37\sources\common\Umul8.c estimated size: 18

