Microchip MPLAB XC8 Compiler V1.37 ()

Linker command line:

-W-3 --edf=D:\Program Files (x86)\Microchip\xc8\v1.37\dat\en_msgs.txt -cs \
  -h+dist/default/production\thermocouple.X.production.sym \
  --cmf=dist/default/production\thermocouple.X.production.cmf -z -Q16F1518 \
  -oC:\Users\ADMINI~1\AppData\Local\Temp\sgoo.2 \
  -Mdist/default/production/thermocouple.X.production.map -E1 -ver=XC8 \
  -ASTACK=020E5h-023efh -pstack=STACK -ACODE=00h-07FFhx8 \
  -ASTRCODE=00h-03FFFh -ASTRING=00h-0FFhx64 -ACONST=00h-0FFhx64 \
  -AENTRY=00h-0FFhx64 -ACOMMON=070h-07Fh -ABANK0=020h-06Fh \
  -ABANK1=0A0h-0EFh -ABANK2=0120h-016Fh -ABANK3=01A0h-01EFh \
  -ABANK4=0220h-026Fh -ABANK5=02A0h-02EFh -ABANK6=0320h-036Fh \
  -ABANK7=03A0h-03EFh -ABANK8=0420h-046Fh -ABANK9=04A0h-04EFh \
  -ABANK10=0520h-056Fh -ABANK11=05A0h-05EFh -ABANK12=0620h-064Fh \
  -ABIGRAM=02000h-023EFh \
  -ARAM=020h-06Fh,0A0h-0EFh,0120h-016Fh,01A0h-01EFh,0220h-026Fh,02A0h-02EFh,0320h-036Fh,03A0h-03EFh,0420h-046Fh,04A0h-04EFh,0520h-056Fh,05A0h-05EFh,0620h-064Fh \
  -AABS1=020h-07Fh,0A0h-0EFh,0120h-016Fh,01A0h-01EFh,0220h-026Fh,02A0h-02EFh,0320h-036Fh,03A0h-03EFh,0420h-046Fh,04A0h-04EFh,0520h-056Fh,05A0h-05EFh,0620h-064Fh \
  -ASFR0=00h-01Fh -ASFR1=080h-09Fh -ASFR2=0100h-011Fh -ASFR3=0180h-019Fh \
  -ASFR4=0200h-021Fh -ASFR5=0280h-029Fh -ASFR6=0300h-031Fh \
  -ASFR7=0380h-039Fh -ASFR8=0400h-041Fh -ASFR9=0480h-049Fh \
  -ASFR10=0500h-051Fh -ASFR11=0580h-059Fh -ASFR12=0600h-061Fh \
  -ASFR13=0680h-06EFh -ASFR14=0700h-076Fh -ASFR15=0780h-07EFh \
  -ASFR16=0800h-086Fh -ASFR17=0880h-08EFh -ASFR18=0900h-096Fh \
  -ASFR19=0980h-09EFh -ASFR20=0A00h-0A6Fh -ASFR21=0A80h-0AEFh \
  -ASFR22=0B00h-0B6Fh -ASFR23=0B80h-0BEFh -ASFR24=0C00h-0C6Fh \
  -ASFR25=0C80h-0CEFh -ASFR26=0D00h-0D6Fh -ASFR27=0D80h-0DEFh \
  -ASFR28=0E00h-0E6Fh -ASFR29=0E80h-0EEFh -ASFR30=0F00h-0F6Fh \
  -ASFR31=0F80h-0FEFh -preset_vec=00h,intentry=04h,init,end_init \
  -ppowerup=CODE -pcinit=CODE -pfunctab=CODE -ACONFIG=08007h-08008h \
  -pconfig=CONFIG -DCONFIG=2 -AIDLOC=08000h-08003h -pidloc=IDLOC -DIDLOC=2 \
  -DCODE=2 -DSTRCODE=2 -DSTRING=2 -DCONST=2 -DENTRY=2 -k \
  C:\Users\ADMINI~1\AppData\Local\Temp\sgoo.obj \
  dist/default/production\thermocouple.X.production.obj 

Object code version is 3.11

Machine type is 16F1518



                Name                               Link     Load   Length Selector   Space Scale
C:\Users\ADMINI~1\AppData\Local\Temp\sgoo.obj
                end_init                             13       13        2        8       0
                reset_vec                             0        0        2        0       0
                config                             8007     8007        2    1000E       0
dist/default/production\thermocouple.X.production.obj
                cinit                                15       15       2A        8       0
                intentry                              4        4        F        8       0
                text64                              AA6      AA6       25     154C       0
                text63                              996      996       1B     132C       0
                text61                              962      962       1A     12C4       0
                text60                              DE6      DE6       4C     1BCC       0
                text59                              917      917       19     122E       0
                text58                              930      930       19     1260       0
                text57                              CE3      CE3       3B     19C6       0
                text56                              9B1      9B1       1B     1362       0
                text55                              83F      83F        8     107E       0
                text54                              A83      A83       23     1506       0
                text53                              A21      A21       20     1442       0
                text52                              8E7      8E7       18     11CE       0
                text51                              81D      81D        5     103A       0
                text50                              827      827        6     104E       0
                text49                              A41      A41       20     1482       0
                text48                              C43      C43       35     1886       0
                text47                              BAC      BAC       31     1758       0
                text46                              84F      84F        9     109E       0
                text45                              E32      E32       51     1C64       0
                text44                              8FF      8FF       18     11FE       0
                text43                              89B      89B       11     1136       0
                text42                              86E      86E        D     10DC       0
                text41                              97C      97C       1A     12F8       0
                text40                              7B8      7B8       48        8       0
                text39                              C78      C78       35     18F0       0
                text38                              B21      B21       2D     1642       0
                text37                              9CC      9CC       1B     1398       0
                text36                              3A9      3A9       C8        8       0
                text35                              AF5      AF5       2C     15EA       0
                text34                              87B      87B       10     10F6       0
                text33                              ACB      ACB       2A     1596       0
                text32                              663      663       78        8       0
                text31                              8AC      8AC       11     1158       0
                text30                              8BD      8BD       15     117A       0
                text29                              F38      F38       64     1E70       0
                text28                              949      949       19     1292       0
                text27                              9E7      9E7       1C     13CE       0
                text26                              74D      74D       6B        8       0
                text25                              D5B      D5B       45     1AB6       0
                text24                              CAD      CAD       36     195A       0
                text23                              6DB      6DB       72        8       0
                text22                              B4E      B4E       2F     169C       0
                text21                              B7D      B7D       2F     16FA       0
                text20                              A03      A03       1E     1406       0
                text19                              20B      20B      19E        8       0
                text18                               3F       3F      1CC        8       0
                text17                              D1E      D1E       3D     1A3C       0
                text16                              E83      E83       52     1D06       0
                text15                              DA0      DA0       46     1B40       0
                text14                              5CE      5CE       95        8       0
                text13                              BDD      BDD       33     17BA       0
                text12                              538      538       96        8       0
                text11                              847      847        8     108E       0
                text10                              862      862        C     10C4       0
                text9                               819      819        4     1032       0
                text8                               822      822        5     1044       0
                text7                               A61      A61       22     14C2       0
                text6                               82D      82D        6     105A       0
                text5                               88B      88B       10     1116       0
                text4                               8D2      8D2       15     11A4       0
                text3                               ED5      ED5       63     1DAA       0
                text2                               C10      C10       33     1820       0
                text1                               F9C      F9C       64     1F38       0
                maintext                            471      471       C7        8       0
                cstackBANK0                          20       20       45       20       1
                cstackCOMMON                         70       70        8       70       1
                cstackBANK2                         160      160        5      120       1
                inittext                            833      833        6     1066       0
                clrtext                             839      839        6     1072       0
                bssBANK2                            120      120       40      120       1
                dataBANK1                            E5       E5        A       A0       1
                bssBANK1                             A0       A0       45       A0       1
                bssBANK0                             65       65        9       20       1
                bssCOMMON                            78       78        3       70       1
                nvBANK1                              EF       EF        1       A0       1
                stringtext                         1000     1000       15     2000       0
                idataBANK1                          858      858        A     10B0       0

TOTAL           Name                               Link     Load   Length     Space
        CLASS   STACK          

        CLASS   CODE           
                end_init                             13       13        2         0
                cinit                                15       15       2A         0
                intentry                              4        4        F         0
                reset_vec                             0        0        2         0
                text64                              AA6      AA6       25         0
                text63                              996      996       1B         0
                text61                              962      962       1A         0
                text60                              DE6      DE6       4C         0
                text59                              917      917       19         0
                text58                              930      930       19         0
                text57                              CE3      CE3       3B         0
                text56                              9B1      9B1       1B         0
                text55                              83F      83F        8         0
                text54                              A83      A83       23         0
                text53                              A21      A21       20         0
                text52                              8E7      8E7       18         0
                text51                              81D      81D        5         0
                text50                              827      827        6         0
                text49                              A41      A41       20         0
                text48                              C43      C43       35         0
                text47                              BAC      BAC       31         0
                text46                              84F      84F        9         0
                text45                              E32      E32       51         0
                text44                              8FF      8FF       18         0
                text43                              89B      89B       11         0
                text42                              86E      86E        D         0
                text41                              97C      97C       1A         0
                text40                              7B8      7B8       48         0
                text39                              C78      C78       35         0
                text38                              B21      B21       2D         0
                text37                              9CC      9CC       1B         0
                text36                              3A9      3A9       C8         0
                text35                              AF5      AF5       2C         0
                text34                              87B      87B       10         0
                text33                              ACB      ACB       2A         0
                text32                              663      663       78         0
                text31                              8AC      8AC       11         0
                text30                              8BD      8BD       15         0
                text29                              F38      F38       64         0
                text28                              949      949       19         0
                text27                              9E7      9E7       1C         0
                text26                              74D      74D       6B         0
                text25                              D5B      D5B       45         0
                text24                              CAD      CAD       36         0
                text23                              6DB      6DB       72         0
                text22                              B4E      B4E       2F         0
                text21                              B7D      B7D       2F         0
                text20                              A03      A03       1E         0
                text19                              20B      20B      19E         0
                text18                               3F       3F      1CC         0
                text17                              D1E      D1E       3D         0
                text16                              E83      E83       52         0
                text15                              DA0      DA0       46         0
                text14                              5CE      5CE       95         0
                text13                              BDD      BDD       33         0
                text12                              538      538       96         0
                text11                              847      847        8         0
                text10                              862      862        C         0
                text9                               819      819        4         0
                text8                               822      822        5         0
                text7                               A61      A61       22         0
                text6                               82D      82D        6         0
                text5                               88B      88B       10         0
                text4                               8D2      8D2       15         0
                text3                               ED5      ED5       63         0
                text2                               C10      C10       33         0
                text1                               F9C      F9C       64         0
                maintext                            471      471       C7         0
                inittext                            833      833        6         0
                clrtext                             839      839        6         0
                idataBANK1                          858      858        A         0

        CLASS   STRCODE        
                stringtext                         1000     1000       15         0

        CLASS   STRING         

        CLASS   CONST          

        CLASS   ENTRY          

        CLASS   COMMON         
                cstackCOMMON                         70       70        8         1
                bssCOMMON                            78       78        3         1

        CLASS   BANK0          
                cstackBANK0                          20       20       45         1
                bssBANK0                             65       65        9         1

        CLASS   BANK1          
                dataBANK1                            E5       E5        A         1
                bssBANK1                             A0       A0       45         1
                nvBANK1                              EF       EF        1         1

        CLASS   BANK2          
                cstackBANK2                         160      160        5         1
                bssBANK2                            120      120       40         1

        CLASS   BANK3          

        CLASS   BANK4          

        CLASS   BANK5          

        CLASS   BANK6          

        CLASS   BANK7          

        CLASS   BANK8          

        CLASS   BANK9          

        CLASS   BANK10         

        CLASS   BANK11         

        CLASS   BANK12         

        CLASS   BIGRAM         

        CLASS   RAM            

        CLASS   ABS1           
                abs_s1                               7E       7E        2         1

        CLASS   SFR0           

        CLASS   SFR1           

        CLASS   SFR2           

        CLASS   SFR3           

        CLASS   SFR4           

        CLASS   SFR5           

        CLASS   SFR6           

        CLASS   SFR7           

        CLASS   SFR8           

        CLASS   SFR9           

        CLASS   SFR10          

        CLASS   SFR11          

        CLASS   SFR12          

        CLASS   SFR13          

        CLASS   SFR14          

        CLASS   SFR15          

        CLASS   SFR16          

        CLASS   SFR17          

        CLASS   SFR18          

        CLASS   SFR19          

        CLASS   SFR20          

        CLASS   SFR21          

        CLASS   SFR22          

        CLASS   SFR23          

        CLASS   SFR24          

        CLASS   SFR25          

        CLASS   SFR26          

        CLASS   SFR27          

        CLASS   SFR28          

        CLASS   SFR29          

        CLASS   SFR30          

        CLASS   SFR31          

        CLASS   CONFIG         
                config                             8007     8007        2         0

        CLASS   IDLOC          

        CLASS   BANK31         

        CLASS   BANK30         

        CLASS   BANK29         

        CLASS   BANK28         

        CLASS   BANK27         

        CLASS   BANK26         

        CLASS   BANK25         

        CLASS   BANK24         

        CLASS   BANK23         

        CLASS   BANK22         

        CLASS   BANK21         

        CLASS   BANK20         

        CLASS   BANK19         

        CLASS   BANK18         

        CLASS   BANK17         

        CLASS   BANK16         

        CLASS   BANK15         

        CLASS   BANK14         

        CLASS   BANK13         

        CLASS   EEDATA         



SEGMENTS        Name                           Load    Length   Top    Selector   Space  Class     Delta

                reset_vec                      000000  000002  000002         0       0  CODE        2
                intentry                       000004  0007FC  000800         8       0  CODE        2
                cstackBANK0                    000020  00004E  00006E        20       1  BANK0       1
                cstackCOMMON                   000070  00000B  00007B        70       1  COMMON      1
                bssBANK1                       0000A0  000050  0000F0        A0       1  BANK1       1
                bssBANK2                       000120  000045  000165       120       1  BANK2       1
                text9                          000819  000004  00081D      1032       0  CODE        2
                text51                         00081D  000005  000822      103A       0  CODE        2
                text8                          000822  000005  000827      1044       0  CODE        2
                text50                         000827  000006  00082D      104E       0  CODE        2
                text6                          00082D  000006  000833      105A       0  CODE        2
                inittext                       000833  000006  000839      1066       0  CODE        2
                clrtext                        000839  000006  00083F      1072       0  CODE        2
                text55                         00083F  000008  000847      107E       0  CODE        2
                text11                         000847  000008  00084F      108E       0  CODE        2
                text46                         00084F  000009  000858      109E       0  CODE        2
                idataBANK1                     000858  00000A  000862      10B0       0  CODE        2
                text10                         000862  00000C  00086E      10C4       0  CODE        2
                text42                         00086E  00000D  00087B      10DC       0  CODE        2
                text34                         00087B  000010  00088B      10F6       0  CODE        2
                text5                          00088B  000010  00089B      1116       0  CODE        2
                text43                         00089B  000011  0008AC      1136       0  CODE        2
                text31                         0008AC  000011  0008BD      1158       0  CODE        2
                text30                         0008BD  000015  0008D2      117A       0  CODE        2
                text4                          0008D2  000015  0008E7      11A4       0  CODE        2
                text52                         0008E7  000018  0008FF      11CE       0  CODE        2
                text44                         0008FF  000018  000917      11FE       0  CODE        2
                text59                         000917  000019  000930      122E       0  CODE        2
                text58                         000930  000019  000949      1260       0  CODE        2
                text28                         000949  000019  000962      1292       0  CODE        2
                text61                         000962  00001A  00097C      12C4       0  CODE        2
                text41                         00097C  00001A  000996      12F8       0  CODE        2
                text63                         000996  00001B  0009B1      132C       0  CODE        2
                text56                         0009B1  00001B  0009CC      1362       0  CODE        2
                text37                         0009CC  00001B  0009E7      1398       0  CODE        2
                text27                         0009E7  00001C  000A03      13CE       0  CODE        2
                text20                         000A03  00001E  000A21      1406       0  CODE        2
                text53                         000A21  000020  000A41      1442       0  CODE        2
                text49                         000A41  000020  000A61      1482       0  CODE        2
                text7                          000A61  000022  000A83      14C2       0  CODE        2
                text54                         000A83  000023  000AA6      1506       0  CODE        2
                text64                         000AA6  000025  000ACB      154C       0  CODE        2
                text33                         000ACB  00002A  000AF5      1596       0  CODE        2
                text35                         000AF5  00002C  000B21      15EA       0  CODE        2
                text38                         000B21  00002D  000B4E      1642       0  CODE        2
                text22                         000B4E  00002F  000B7D      169C       0  CODE        2
                text21                         000B7D  00002F  000BAC      16FA       0  CODE        2
                text47                         000BAC  000031  000BDD      1758       0  CODE        2
                text13                         000BDD  000033  000C10      17BA       0  CODE        2
                text2                          000C10  000033  000C43      1820       0  CODE        2
                text48                         000C43  000035  000C78      1886       0  CODE        2
                text39                         000C78  000035  000CAD      18F0       0  CODE        2
                text24                         000CAD  000036  000CE3      195A       0  CODE        2
                text57                         000CE3  00003B  000D1E      19C6       0  CODE        2
                text17                         000D1E  00003D  000D5B      1A3C       0  CODE        2
                text25                         000D5B  000045  000DA0      1AB6       0  CODE        2
                text15                         000DA0  000046  000DE6      1B40       0  CODE        2
                text60                         000DE6  00004C  000E32      1BCC       0  CODE        2
                text45                         000E32  000051  000E83      1C64       0  CODE        2
                text16                         000E83  000052  000ED5      1D06       0  CODE        2
                text3                          000ED5  000063  000F38      1DAA       0  CODE        2
                text29                         000F38  000064  000F9C      1E70       0  CODE        2
                text1                          000F9C  000064  001000      1F38       0  CODE        2
                stringtext                     001000  000015  001015      2000       0  STRCODE     2
                config                         008007  000002  008009     1000E       0  CONFIG      2


UNUSED ADDRESS RANGES

        Name                Unused          Largest block    Delta
        BANK0            0006E-0006F               2           1
        BANK10           00520-0056F              50           1
        BANK11           005A0-005EF              50           1
        BANK12           00620-0064F              30           1
        BANK2            00165-0016F               B           1
        BANK3            001A0-001EF              50           1
        BANK4            00220-0026F              50           1
        BANK5            002A0-002EF              50           1
        BANK6            00320-0036F              50           1
        BANK7            003A0-003EF              50           1
        BANK8            00420-0046F              50           1
        BANK9            004A0-004EF              50           1
        BIGRAM           02000-023EF             3F0           1
        CODE             00002-00003               2           2
                         00800-00818              19
                         01015-03FFF             800
        COMMON           0007B-0007D               3           1
        CONST            00002-00003               2           2
                         00800-00818              19
                         01015-03FFF             100
        ENTRY            00002-00003               2           2
                         00800-00818              19
                         01015-03FFF             100
        IDLOC            08000-08003               4           2
        RAM              0006E-0006F               2           1
                         00165-0016F               B
                         001A0-001EF              50
                         00220-0026F              50
                         002A0-002EF              50
                         00320-0036F              50
                         003A0-003EF              50
                         00420-0046F              50
                         004A0-004EF              50
                         00520-0056F              50
                         005A0-005EF              50
                         00620-0064F              30
        SFR0             00000-0001F              20           1
        SFR1             00080-0009F              20           1
        SFR10            00500-0051F              20           1
        SFR11            00580-0059F              20           1
        SFR12            00600-0061F              20           1
        SFR13            00680-006EF              70           1
        SFR14            00700-0076F              70           1
        SFR15            00780-007EF              70           1
        SFR16            00800-0086F              70           1
        SFR17            00880-008EF              70           1
        SFR18            00900-0096F              70           1
        SFR19            00980-009EF              70           1
        SFR2             00100-0011F              20           1
        SFR20            00A00-00A6F              70           1
        SFR21            00A80-00AEF              70           1
        SFR22            00B00-00B6F              70           1
        SFR23            00B80-00BEF              70           1
        SFR24            00C00-00C6F              70           1
        SFR25            00C80-00CEF              70           1
        SFR26            00D00-00D6F              70           1
        SFR27            00D80-00DEF              70           1
        SFR28            00E00-00E6F              70           1
        SFR29            00E80-00EEF              70           1
        SFR3             00180-0019F              20           1
        SFR30            00F00-00F6F              70           1
        SFR31            00F80-00FEF              70           1
        SFR4             00200-0021F              20           1
        SFR5             00280-0029F              20           1
        SFR6             00300-0031F              20           1
        SFR7             00380-0039F              20           1
        SFR8             00400-0041F              20           1
        SFR9             00480-0049F              20           1
        STACK            020E5-023EF             30B           1
        STRCODE          00002-00003               2           2
                         00800-00818              19
                         01015-03FFF            2FEB
        STRING           00002-00003               2           2
                         00800-00818              19
                         01015-03FFF             100

                                  Symbol Table

?_ADC_GetConversion                              cstackCOMMON 00073
?_FLASH_ReadWord                                 cstackCOMMON 00073
?___awdiv                                        cstackCOMMON 00073
?___awmod                                        cstackCOMMON 00073
?___lwdiv                                        cstackBANK0  00021
?___lwmod                                        cstackCOMMON 00073
?___wmul                                         cstackCOMMON 00073
ADC_GetConversion@channel                        cstackCOMMON 00076
Bq32k_Rtc_Read_Time@p                            cstackBANK0  0002F
Bq32k_Rtc_Read_Time@temp                         cstackBANK0  00025
Bq32k_Time_Init@F2018                            dataBANK1    000E5
Bq32k_Time_Init@temp                             cstackBANK0  00027
Calculate_Time@temp                              cstackBANK0  00043
Calculate_Time@temp1                             cstackBANK0  00047
Calculate_Time@temp2                             cstackBANK0  0004B
EUSART_Write@txData                              cstackCOMMON 00073
FLASH_EraseBlock@GIEBitValue                     cstackCOMMON 00075
FLASH_EraseBlock@startAddr                       cstackCOMMON 00073
FLASH_ReadWord@GIEBitValue                       cstackCOMMON 00075
FLASH_ReadWord@flashAddr                         cstackCOMMON 00073
FLASH_WriteBlock@GIEBitValue                     cstackBANK0  00028
FLASH_WriteBlock@blockStartAddr                  cstackBANK0  00026
FLASH_WriteBlock@flashWordArray                  cstackBANK0  00022
FLASH_WriteBlock@i                               cstackBANK0  00029
FLASH_WriteBlock@writeAddr                       cstackBANK0  00020
FLASH_WriteWord@blockStartAddr                   cstackBANK0  00030
FLASH_WriteWord@flashAddr                        cstackBANK0  0002A
FLASH_WriteWord@i                                cstackBANK0  00032
FLASH_WriteWord@offset                           cstackBANK0  0002F
FLASH_WriteWord@ramBuf                           cstackBANK0  0002C
FLASH_WriteWord@word                             cstackBANK0  0002D
I2C_Read_Buffer@ADD                              cstackBANK0  00021
I2C_Read_Buffer@Flag                             cstackBANK0  00022
I2C_Read_Buffer@Length                           cstackCOMMON 00077
I2C_Read_Buffer@buff                             cstackCOMMON 00076
I2C_Receive_Byte@Data                            cstackCOMMON 00074
I2C_Receive_Byte@i                               cstackCOMMON 00075
I2C_Send_Buffer@ADD                              cstackBANK0  00022
I2C_Send_Buffer@Flag                             cstackBANK0  00024
I2C_Send_Buffer@Length                           cstackCOMMON 00077
I2C_Send_Buffer@buff                             cstackCOMMON 00076
I2C_Send_Buffer@i                                cstackBANK0  00023
I2C_Send_Byte@Data                               cstackCOMMON 00074
I2C_Send_Byte@i                                  cstackCOMMON 00075
Key_Process@data_temp                            cstackBANK0  0005D
Key_Process@gKeyValue                            cstackBANK0  0005F
Key_Process@i                                    cstackBANK0  00060
Key_Scan@Key_val                                 cstackCOMMON 00075
SPI_Exchange8bit@data                            cstackCOMMON 00073
SPI_Exchange8bitBuffer@bufLen                    cstackCOMMON 00074
SPI_Exchange8bitBuffer@bytesWritten              cstackCOMMON 00077
SPI_Exchange8bitBuffer@dataIn                    cstackCOMMON 00076
SPI_Exchange8bitBuffer@dataOut                   cstackCOMMON 00075
Save_Write_word@data                             cstackBANK0  00033
Save_process@var_time                            cstackBANK0  00051
SendBit_1621@cnt                                 cstackCOMMON 00073
SendBit_1621@data                                cstackCOMMON 00076
SendBit_1621@i                                   cstackCOMMON 00077
SendCmd_1621@command                             cstackBANK0  00021
SendDataBit_1621@cnt                             cstackCOMMON 00073
SendDataBit_1621@data                            cstackCOMMON 00076
SendDataBit_1621@i                               cstackCOMMON 00077
Serach_Flash_Head@count                          cstackBANK0  00033
Serach_Flash_Head@data                           cstackBANK0  00034
Serach_Flash_Head@i                              cstackBANK0  00036
TMR0_ISR@CountCallBack                           bssBANK1     000AC
Tc_Display@count                                 cstackBANK0  0002A
Tc_Display@data                                  cstackBANK0  0002B
Two_Display@F2123                                bssBANK1     000A0
Two_Display@num                                  cstackBANK0  00027
Two_Display@number                               cstackBANK0  0002B
WriteAll_1621@addr                               cstackBANK0  00024
WriteAll_1621@cnt                                cstackBANK0  00022
WriteAll_1621@i                                  cstackBANK0  00025
WriteAll_1621@p                                  cstackBANK0  00020
_ADCON0                                          (abs)        0009D
_ADCON0bits                                      (abs)        0009D
_ADCON1                                          (abs)        0009E
_ADC_GetConversion                               text61       00962
_ADC_Initialize                                  text11       00847
_ADRESH                                          (abs)        0009C
_ADRESL                                          (abs)        0009B
_ANSELA                                          (abs)        0018C
_ANSELB                                          (abs)        0018D
_ANSELC                                          (abs)        0018E
_APFCON                                          (abs)        0011D
_BAUDCON                                         (abs)        0019F
_Bq32k_Rtc_Read_Time                             text29       00F38
_Bq32k_Time_Init                                 text56       009B1
_CH1_state                                       bssBANK1     000B4
_CH1_temperature                                 bssBANK0     00069
_CH2_state                                       bssBANK1     000B5
_CH2_temperature                                 bssCOMMON    00078
_Calculate_Time                                  text19       0020B
_Cur_Save_Index                                  bssBANK1     000AE
_Cur_temperature_time_ch1                        bssBANK1     000B6
_Cur_temperature_time_ch2                        bssBANK1     000B7
_Dis_TAB                                         stringtext   01000
_EUSART_Initialize                               text10       00862
_EUSART_Write                                    text55       0083F
_FLASH_EraseBlock                                text27       009E7
_FLASH_ReadWord                                  text28       00949
_FLASH_WriteBlock                                text26       0074D
_FLASH_WriteWord                                 text25       00D5B
_FVRCON                                          (abs)        00117
_FVRCONbits                                      (abs)        00117
_FVR_Initialize                                  text9        00819
_Flash_buff                                      bssBANK2     00120
_I2C_Read_Buffer                                 text32       00663
_I2C_Receive_Byte                                text33       00ACB
_I2C_Send_Buffer                                 text57       00CE3
_I2C_Send_Byte                                   text60       00DE6
_I2C_Start                                       text59       00917
_I2C_Stop                                        text58       00930
_INTCONbits                                      (abs)        0000B
_INTERRUPT_InterruptManager                      intentry     00004
_Key_Process                                     text12       00538
_Key_Scan                                        text54       00A83
_LATA                                            (abs)        0010C
_LATA0                                           (abs)        00860
_LATA1                                           (abs)        00861
_LATA2                                           (abs)        00862
_LATA3                                           (abs)        00863
_LATA4                                           (abs)        00864
_LATA5                                           (abs)        00865
_LATB                                            (abs)        0010D
_LATB0                                           (abs)        00868
_LATB1                                           (abs)        00869
_LATC                                            (abs)        0010E
_LATC0                                           (abs)        00870
_LATC1                                           (abs)        00871
_LATC2                                           (abs)        00872
_LongPressSec                                    bssBANK1     000B8
_MAX31856Sec                                     bssBANK1     000B9
_OPTION_REG                                      (abs)        00095
_OPTION_REGbits                                  (abs)        00095
_OSCCON                                          (abs)        00099
_OSCILLATOR_Initialize                           text8        00822
_OSCSTAT                                         (abs)        0009A
_PIN_MANAGER_Initialize                          text7        00A61
_PIR1bits                                        (abs)        00011
_PMADRH                                          (abs)        00192
_PMADRL                                          (abs)        00191
_PMCON1bits                                      (abs)        00195
_PMCON2                                          (abs)        00196
_PMDATH                                          (abs)        00194
_PMDATL                                          (abs)        00193
_RA7                                             (abs)        00067
_RB1                                             (abs)        00069
_RB3                                             (abs)        0006B
_RB5                                             (abs)        0006D
_RCREG                                           (abs)        00199
_RCSTA                                           (abs)        0019D
_RCSTAbits                                       (abs)        0019D
_Record_flag                                     bssBANK0     0006B
_SPBRGH                                          (abs)        0019C
_SPBRGL                                          (abs)        0019B
_SPI_Exchange8bit                                text46       0084F
_SPI_Exchange8bitBuffer                          text45       00E32
_SPI_Initialize                                  text6        0082D
_SSP1ADD                                         (abs)        00212
_SSP1CON1                                        (abs)        00215
_SSP1CON1bits                                    (abs)        00215
_SSP1STAT                                        (abs)        00214
_SSP1STATbits                                    (abs)        00214
_SSPBUF                                          (abs)        00211
_SYSTEM_Initialize                               text4        008D2
_Save_Write_time                                 text23       006DB
_Save_Write_word                                 text24       00CAD
_Save_process                                    text3        00ED5
_SendBit_1621                                    text53       00A21
_SendCmd_1621                                    text52       008E7
_SendDataBit_1621                                text49       00A41
_Serach_Flash_Head                               text2        00C10
_Set_finish_flag                                 text51       0081D
_Set_start_flag                                  text50       00827
_TMR0                                            (abs)        00015
_TMR0_CallBack                                   text64       00AA6
_TMR0_ISR                                        text63       00996
_TMR0_Initialize                                 text5        0088B
_TRISA                                           (abs)        0008C
_TRISB                                           (abs)        0008D
_TRISB1                                          (abs)        00469
_TRISB3                                          (abs)        0046B
_TRISC                                           (abs)        0008E
_TXREG                                           (abs)        0019A
_TXSTA                                           (abs)        0019E
_Tc_Display                                      text36       003A9
_Two_Display                                     text47       00BAC
_WPUB                                            (abs)        0020D
_WPUE                                            (abs)        00210
_WriteAll_1621                                   text48       00C43
_Write_Flash_finish                              text22       00B4E
_Write_Flash_head                                text21       00B7D
__CFG_BOREN$ON                                   (abs)        00000
__CFG_BORV$LO                                    (abs)        00000
__CFG_CLKOUTEN$OFF                               (abs)        00000
__CFG_CP$OFF                                     (abs)        00000
__CFG_FCMEN$ON                                   (abs)        00000
__CFG_FOSC$INTOSC                                (abs)        00000
__CFG_IESO$ON                                    (abs)        00000
__CFG_LPBOR$OFF                                  (abs)        00000
__CFG_LVP$OFF                                    (abs)        00000
__CFG_MCLRE$ON                                   (abs)        00000
__CFG_PWRTE$OFF                                  (abs)        00000
__CFG_STVREN$ON                                  (abs)        00000
__CFG_VCAPEN$OFF                                 (abs)        00000
__CFG_WDTE$OFF                                   (abs)        00000
__CFG_WRT$OFF                                    (abs)        00000
__Habs1                                          abs1         00000
__Hbank0                                         bank0        00000
__Hbank1                                         bank1        00000
__Hbank10                                        bank10       00000
__Hbank11                                        bank11       00000
__Hbank12                                        bank12       00000
__Hbank13                                        bank13       00000
__Hbank14                                        bank14       00000
__Hbank15                                        bank15       00000
__Hbank16                                        bank16       00000
__Hbank17                                        bank17       00000
__Hbank18                                        bank18       00000
__Hbank19                                        bank19       00000
__Hbank2                                         bank2        00000
__Hbank20                                        bank20       00000
__Hbank21                                        bank21       00000
__Hbank22                                        bank22       00000
__Hbank23                                        bank23       00000
__Hbank24                                        bank24       00000
__Hbank25                                        bank25       00000
__Hbank26                                        bank26       00000
__Hbank27                                        bank27       00000
__Hbank28                                        bank28       00000
__Hbank29                                        bank29       00000
__Hbank3                                         bank3        00000
__Hbank30                                        bank30       00000
__Hbank31                                        bank31       00000
__Hbank4                                         bank4        00000
__Hbank5                                         bank5        00000
__Hbank6                                         bank6        00000
__Hbank7                                         bank7        00000
__Hbank8                                         bank8        00000
__Hbank9                                         bank9        00000
__Hbigram                                        bigram       00000
__HbssBANK0                                      bssBANK0     00000
__HbssBANK1                                      bssBANK1     00000
__HbssBANK2                                      bssBANK2     00000
__HbssCOMMON                                     bssCOMMON    00000
__Hcinit                                         cinit        0003F
__Hclrtext                                       clrtext      00000
__Hcode                                          code         00000
__Hcommon                                        common       00000
__Hconfig                                        config       08009
__HcstackBANK0                                   cstackBANK0  00000
__HcstackBANK2                                   cstackBANK2  00000
__HcstackCOMMON                                  cstackCOMMON 00000
__HdataBANK1                                     dataBANK1    00000
__Heeprom_data                                   eeprom_data  00000
__Hend_init                                      end_init     00015
__Hfunctab                                       functab      00000
__HidataBANK1                                    idataBANK1   00000
__Hidloc                                         idloc        00000
__Hinit                                          init         00013
__Hinittext                                      inittext     00000
__Hintentry                                      intentry     00013
__Hmaintext                                      maintext     00000
__HnvBANK1                                       nvBANK1      00000
__Hpowerup                                       powerup      00000
__Hram                                           ram          00000
__Hreset_vec                                     reset_vec    00002
__Hsfr0                                          sfr0         00000
__Hsfr1                                          sfr1         00000
__Hsfr10                                         sfr10        00000
__Hsfr11                                         sfr11        00000
__Hsfr12                                         sfr12        00000
__Hsfr13                                         sfr13        00000
__Hsfr14                                         sfr14        00000
__Hsfr15                                         sfr15        00000
__Hsfr16                                         sfr16        00000
__Hsfr17                                         sfr17        00000
__Hsfr18                                         sfr18        00000
__Hsfr19                                         sfr19        00000
__Hsfr2                                          sfr2         00000
__Hsfr20                                         sfr20        00000
__Hsfr21                                         sfr21        00000
__Hsfr22                                         sfr22        00000
__Hsfr23                                         sfr23        00000
__Hsfr24                                         sfr24        00000
__Hsfr25                                         sfr25        00000
__Hsfr26                                         sfr26        00000
__Hsfr27                                         sfr27        00000
__Hsfr28                                         sfr28        00000
__Hsfr29                                         sfr29        00000
__Hsfr3                                          sfr3         00000
__Hsfr30                                         sfr30        00000
__Hsfr31                                         sfr31        00000
__Hsfr4                                          sfr4         00000
__Hsfr5                                          sfr5         00000
__Hsfr6                                          sfr6         00000
__Hsfr7                                          sfr7         00000
__Hsfr8                                          sfr8         00000
__Hsfr9                                          sfr9         00000
__Hspace_0                                       (abs)        08009
__Hspace_1                                       (abs)        00165
__Hspace_2                                       (abs)        00000
__Hspace_3                                       (abs)        00000
__Hstack                                         stack        00000
__Hstrings                                       strings      00000
__Hstringtext                                    stringtext   00000
__Htext                                          text         00000
__Labs1                                          abs1         00000
__Lbank0                                         bank0        00000
__Lbank1                                         bank1        00000
__Lbank10                                        bank10       00000
__Lbank11                                        bank11       00000
__Lbank12                                        bank12       00000
__Lbank13                                        bank13       00000
__Lbank14                                        bank14       00000
__Lbank15                                        bank15       00000
__Lbank16                                        bank16       00000
__Lbank17                                        bank17       00000
__Lbank18                                        bank18       00000
__Lbank19                                        bank19       00000
__Lbank2                                         bank2        00000
__Lbank20                                        bank20       00000
__Lbank21                                        bank21       00000
__Lbank22                                        bank22       00000
__Lbank23                                        bank23       00000
__Lbank24                                        bank24       00000
__Lbank25                                        bank25       00000
__Lbank26                                        bank26       00000
__Lbank27                                        bank27       00000
__Lbank28                                        bank28       00000
__Lbank29                                        bank29       00000
__Lbank3                                         bank3        00000
__Lbank30                                        bank30       00000
__Lbank31                                        bank31       00000
__Lbank4                                         bank4        00000
__Lbank5                                         bank5        00000
__Lbank6                                         bank6        00000
__Lbank7                                         bank7        00000
__Lbank8                                         bank8        00000
__Lbank9                                         bank9        00000
__Lbigram                                        bigram       00000
__LbssBANK0                                      bssBANK0     00000
__LbssBANK1                                      bssBANK1     00000
__LbssBANK2                                      bssBANK2     00000
__LbssCOMMON                                     bssCOMMON    00000
__Lcinit                                         cinit        00015
__Lclrtext                                       clrtext      00000
__Lcode                                          code         00000
__Lcommon                                        common       00000
__Lconfig                                        config       08007
__LcstackBANK0                                   cstackBANK0  00000
__LcstackBANK2                                   cstackBANK2  00000
__LcstackCOMMON                                  cstackCOMMON 00000
__LdataBANK1                                     dataBANK1    00000
__Leeprom_data                                   eeprom_data  00000
__Lend_init                                      end_init     00013
__Lfunctab                                       functab      00000
__LidataBANK1                                    idataBANK1   00000
__Lidloc                                         idloc        00000
__Linit                                          init         00013
__Linittext                                      inittext     00000
__Lintentry                                      intentry     00004
__Lmaintext                                      maintext     00000
__LnvBANK1                                       nvBANK1      00000
__Lpowerup                                       powerup      00000
__Lram                                           ram          00000
__Lreset_vec                                     reset_vec    00000
__Lsfr0                                          sfr0         00000
__Lsfr1                                          sfr1         00000
__Lsfr10                                         sfr10        00000
__Lsfr11                                         sfr11        00000
__Lsfr12                                         sfr12        00000
__Lsfr13                                         sfr13        00000
__Lsfr14                                         sfr14        00000
__Lsfr15                                         sfr15        00000
__Lsfr16                                         sfr16        00000
__Lsfr17                                         sfr17        00000
__Lsfr18                                         sfr18        00000
__Lsfr19                                         sfr19        00000
__Lsfr2                                          sfr2         00000
__Lsfr20                                         sfr20        00000
__Lsfr21                                         sfr21        00000
__Lsfr22                                         sfr22        00000
__Lsfr23                                         sfr23        00000
__Lsfr24                                         sfr24        00000
__Lsfr25                                         sfr25        00000
__Lsfr26                                         sfr26        00000
__Lsfr27                                         sfr27        00000
__Lsfr28                                         sfr28        00000
__Lsfr29                                         sfr29        00000
__Lsfr3                                          sfr3         00000
__Lsfr30                                         sfr30        00000
__Lsfr31                                         sfr31        00000
__Lsfr4                                          sfr4         00000
__Lsfr5                                          sfr5         00000
__Lsfr6                                          sfr6         00000
__Lsfr7                                          sfr7         00000
__Lsfr8                                          sfr8         00000
__Lsfr9                                          sfr9         00000
__Lspace_0                                       (abs)        00000
__Lspace_1                                       (abs)        00000
__Lspace_2                                       (abs)        00000
__Lspace_3                                       (abs)        00000
__Lstack                                         stack        00000
__Lstrings                                       strings      00000
__Lstringtext                                    stringtext   00000
__Ltext                                          text         00000
__S0                                             (abs)        08009
__S1                                             (abs)        00165
__S2                                             (abs)        00000
___awdiv                                         text16       00E83
___awdiv@counter                                 cstackBANK0  00020
___awdiv@dividend                                cstackCOMMON 00075
___awdiv@divisor                                 cstackCOMMON 00073
___awdiv@quotient                                cstackBANK0  00022
___awdiv@sign                                    cstackBANK0  00021
___awmod                                         text15       00DA0
___awmod@counter                                 cstackBANK0  00020
___awmod@dividend                                cstackCOMMON 00075
___awmod@divisor                                 cstackCOMMON 00073
___awmod@sign                                    cstackBANK0  00021
___bmul                                          text31       008AC
___bmul@multiplicand                             cstackCOMMON 00073
___bmul@multiplier                               cstackCOMMON 00076
___bmul@product                                  cstackCOMMON 00075
___int_sp                                        stack        00000
___latbits                                       (abs)        00003
___lwdiv                                         text39       00C78
___lwdiv@counter                                 cstackBANK0  00026
___lwdiv@dividend                                cstackBANK0  00023
___lwdiv@divisor                                 cstackBANK0  00021
___lwdiv@quotient                                cstackBANK0  00027
___lwmod                                         text38       00B21
___lwmod@counter                                 cstackBANK0  00020
___lwmod@dividend                                cstackCOMMON 00075
___lwmod@divisor                                 cstackCOMMON 00073
___sp                                            stack        00000
___wmul                                          text20       00A03
___wmul@multiplicand                             cstackCOMMON 00075
___wmul@multiplier                               cstackCOMMON 00073
___wmul@product                                  cstackBANK0  00020
__end_of_ADC_GetConversion                       text61       0097C
__end_of_ADC_Initialize                          text11       0084F
__end_of_Bq32k_Rtc_Read_Time                     text29       00F9C
__end_of_Bq32k_Time_Init                         text56       009CC
__end_of_Calculate_Time                          text19       003A9
__end_of_Dis_TAB                                 stringtext   01015
__end_of_EUSART_Initialize                       text10       0086E
__end_of_EUSART_Write                            text55       00847
__end_of_FLASH_EraseBlock                        text27       00A03
__end_of_FLASH_ReadWord                          text28       00962
__end_of_FLASH_WriteBlock                        text26       007B8
__end_of_FLASH_WriteWord                         text25       00DA0
__end_of_FVR_Initialize                          text9        0081D
__end_of_I2C_Read_Buffer                         text32       006DB
__end_of_I2C_Receive_Byte                        text33       00AF5
__end_of_I2C_Send_Buffer                         text57       00D1E
__end_of_I2C_Send_Byte                           text60       00E32
__end_of_I2C_Start                               text59       00930
__end_of_I2C_Stop                                text58       00949
__end_of_INTERRUPT_InterruptManager              intentry     00013
__end_of_Key_Process                             text12       005CE
__end_of_Key_Scan                                text54       00AA6
__end_of_OSCILLATOR_Initialize                   text8        00827
__end_of_PIN_MANAGER_Initialize                  text7        00A83
__end_of_SPI_Exchange8bit                        text46       00858
__end_of_SPI_Exchange8bitBuffer                  text45       00E83
__end_of_SPI_Initialize                          text6        00833
__end_of_SYSTEM_Initialize                       text4        008E7
__end_of_Save_Write_time                         text23       0074D
__end_of_Save_Write_word                         text24       00CE3
__end_of_Save_process                            text3        00F38
__end_of_SendBit_1621                            text53       00A41
__end_of_SendCmd_1621                            text52       008FF
__end_of_SendDataBit_1621                        text49       00A61
__end_of_Serach_Flash_Head                       text2        00C43
__end_of_Set_finish_flag                         text51       00822
__end_of_Set_start_flag                          text50       0082D
__end_of_TMR0_CallBack                           text64       00ACB
__end_of_TMR0_ISR                                text63       009B1
__end_of_TMR0_Initialize                         text5        0089B
__end_of_Tc_Display                              text36       00471
__end_of_Two_Display                             text47       00BDD
__end_of_WriteAll_1621                           text48       00C78
__end_of_Write_Flash_finish                      text22       00B7D
__end_of_Write_Flash_head                        text21       00BAC
__end_of___awdiv                                 text16       00ED5
__end_of___awmod                                 text15       00DE6
__end_of___bmul                                  text31       008BD
__end_of___lwdiv                                 text39       00CAD
__end_of___lwmod                                 text38       00B4E
__end_of___wmul                                  text20       00A21
__end_of__initialization                         cinit        0003B
__end_of_bcd2bin                                 text30       008D2
__end_of_err_Display                             text35       00B21
__end_of_main                                    maintext     00538
__end_of_maxim_31856_init                        text1        01000
__end_of_maxim_31856_read_nregisters             text44       00917
__end_of_maxim_31856_read_register               text43       008AC
__end_of_maxim_31856_write_register              text42       0087B
__end_of_maxim_clear_fault_status                text34       0088B
__end_of_maxim_start_conversion                  text41       00996
__end_of_memset                                  text37       009E7
__end_of_one_temperature_trans                   text40       00800
__end_of_tc_temperature_trans                    text18       0020B
__end_of_temperature_display                     text17       00D5B
__end_of_temperature_process                     text13       00C10
__end_of_time_Display                            text14       00663
__initialization                                 cinit        00015
__pbssBANK0                                      bssBANK0     00065
__pbssBANK1                                      bssBANK1     000A0
__pbssBANK2                                      bssBANK2     00120
__pbssCOMMON                                     bssCOMMON    00078
__pcstackBANK0                                   cstackBANK0  00020
__pcstackBANK2                                   cstackBANK2  00160
__pcstackCOMMON                                  cstackCOMMON 00070
__pdataBANK1                                     dataBANK1    000E5
__pidataBANK1                                    idataBANK1   00858
__pintentry                                      intentry     00004
__pmaintext                                      maintext     00471
__pnvBANK1                                       nvBANK1      000EF
__pstringtext                                    stringtext   01000
__ptext1                                         text1        00F9C
__ptext10                                        text10       00862
__ptext11                                        text11       00847
__ptext12                                        text12       00538
__ptext13                                        text13       00BDD
__ptext14                                        text14       005CE
__ptext15                                        text15       00DA0
__ptext16                                        text16       00E83
__ptext17                                        text17       00D1E
__ptext18                                        text18       0003F
__ptext19                                        text19       0020B
__ptext2                                         text2        00C10
__ptext20                                        text20       00A03
__ptext21                                        text21       00B7D
__ptext22                                        text22       00B4E
__ptext23                                        text23       006DB
__ptext24                                        text24       00CAD
__ptext25                                        text25       00D5B
__ptext26                                        text26       0074D
__ptext27                                        text27       009E7
__ptext28                                        text28       00949
__ptext29                                        text29       00F38
__ptext3                                         text3        00ED5
__ptext30                                        text30       008BD
__ptext31                                        text31       008AC
__ptext32                                        text32       00663
__ptext33                                        text33       00ACB
__ptext34                                        text34       0087B
__ptext35                                        text35       00AF5
__ptext36                                        text36       003A9
__ptext37                                        text37       009CC
__ptext38                                        text38       00B21
__ptext39                                        text39       00C78
__ptext4                                         text4        008D2
__ptext40                                        text40       007B8
__ptext41                                        text41       0097C
__ptext42                                        text42       0086E
__ptext43                                        text43       0089B
__ptext44                                        text44       008FF
__ptext45                                        text45       00E32
__ptext46                                        text46       0084F
__ptext47                                        text47       00BAC
__ptext48                                        text48       00C43
__ptext49                                        text49       00A41
__ptext5                                         text5        0088B
__ptext50                                        text50       00827
__ptext51                                        text51       0081D
__ptext52                                        text52       008E7
__ptext53                                        text53       00A21
__ptext54                                        text54       00A83
__ptext55                                        text55       0083F
__ptext56                                        text56       009B1
__ptext57                                        text57       00CE3
__ptext58                                        text58       00930
__ptext59                                        text59       00917
__ptext6                                         text6        0082D
__ptext60                                        text60       00DE6
__ptext61                                        text61       00962
__ptext63                                        text63       00996
__ptext64                                        text64       00AA6
__ptext7                                         text7        00A61
__ptext8                                         text8        00822
__ptext9                                         text9        00819
__size_of_ADC_GetConversion                      (abs)        00000
__size_of_ADC_Initialize                         (abs)        00000
__size_of_Bq32k_Rtc_Read_Time                    (abs)        00000
__size_of_Bq32k_Time_Init                        (abs)        00000
__size_of_Calculate_Time                         (abs)        00000
__size_of_EUSART_Initialize                      (abs)        00000
__size_of_EUSART_Write                           (abs)        00000
__size_of_FLASH_EraseBlock                       (abs)        00000
__size_of_FLASH_ReadWord                         (abs)        00000
__size_of_FLASH_WriteBlock                       (abs)        00000
__size_of_FLASH_WriteWord                        (abs)        00000
__size_of_FVR_Initialize                         (abs)        00000
__size_of_I2C_Read_Buffer                        (abs)        00000
__size_of_I2C_Receive_Byte                       (abs)        00000
__size_of_I2C_Send_Buffer                        (abs)        00000
__size_of_I2C_Send_Byte                          (abs)        00000
__size_of_I2C_Start                              (abs)        00000
__size_of_I2C_Stop                               (abs)        00000
__size_of_INTERRUPT_InterruptManager             (abs)        00000
__size_of_Key_Process                            (abs)        00000
__size_of_Key_Scan                               (abs)        00000
__size_of_OSCILLATOR_Initialize                  (abs)        00000
__size_of_PIN_MANAGER_Initialize                 (abs)        00000
__size_of_SPI_Exchange8bit                       (abs)        00000
__size_of_SPI_Exchange8bitBuffer                 (abs)        00000
__size_of_SPI_Initialize                         (abs)        00000
__size_of_SYSTEM_Initialize                      (abs)        00000
__size_of_Save_Write_time                        (abs)        00000
__size_of_Save_Write_word                        (abs)        00000
__size_of_Save_process                           (abs)        00000
__size_of_SendBit_1621                           (abs)        00000
__size_of_SendCmd_1621                           (abs)        00000
__size_of_SendDataBit_1621                       (abs)        00000
__size_of_Serach_Flash_Head                      (abs)        00000
__size_of_Set_finish_flag                        (abs)        00000
__size_of_Set_start_flag                         (abs)        00000
__size_of_TMR0_CallBack                          (abs)        00000
__size_of_TMR0_ISR                               (abs)        00000
__size_of_TMR0_Initialize                        (abs)        00000
__size_of_Tc_Display                             (abs)        00000
__size_of_Two_Display                            (abs)        00000
__size_of_WriteAll_1621                          (abs)        00000
__size_of_Write_Flash_finish                     (abs)        00000
__size_of_Write_Flash_head                       (abs)        00000
__size_of___awdiv                                (abs)        00000
__size_of___awmod                                (abs)        00000
__size_of___bmul                                 (abs)        00000
__size_of___lwdiv                                (abs)        00000
__size_of___lwmod                                (abs)        00000
__size_of___wmul                                 (abs)        00000
__size_of_bcd2bin                                (abs)        00000
__size_of_err_Display                            (abs)        00000
__size_of_main                                   (abs)        00000
__size_of_maxim_31856_init                       (abs)        00000
__size_of_maxim_31856_read_nregisters            (abs)        00000
__size_of_maxim_31856_read_register              (abs)        00000
__size_of_maxim_31856_write_register             (abs)        00000
__size_of_maxim_clear_fault_status               (abs)        00000
__size_of_maxim_start_conversion                 (abs)        00000
__size_of_memset                                 (abs)        00000
__size_of_one_temperature_trans                  (abs)        00000
__size_of_tc_temperature_trans                   (abs)        00000
__size_of_temperature_display                    (abs)        00000
__size_of_temperature_process                    (abs)        00000
__size_of_time_Display                           (abs)        00000
_bcd2bin                                         text30       008BD
_display_buff                                    bssBANK1     000E1
_err_Display                                     text35       00AF5
_main                                            maintext     00471
_maxim_31856_init                                text1        00F9C
_maxim_31856_read_nregisters                     text44       008FF
_maxim_31856_read_register                       text43       0089B
_maxim_31856_write_register                      text42       0086E
_maxim_clear_fault_status                        text34       0087B
_maxim_start_conversion                          text41       0097C
_memset                                          text37       009CC
_one_temperature_trans                           text40       007B8
_rtc_save_ch1                                    bssBANK1     000CC
_rtc_save_ch2                                    bssBANK1     000D3
_rtc_tm                                          bssBANK1     000DA
_tc_temperature_trans                            text18       0003F
_temperature_decimal                             bssBANK0     0006C
_temperature_display                             text17       00D1E
_temperature_int                                 bssBANK1     000B2
_temperature_process                             text13       00BDD
_temperature_sign                                bssBANK1     000BA
_temperature_value                               bssBANK0     00065
_time_Display                                    text14       005CE
_time_count                                      bssBANK0     0006D
_timer0ReloadVal                                 nvBANK1      000EF
_uch_cjth                                        bssBANK1     000BC
_uch_cjtl                                        bssBANK1     000BD
_uch_cr0                                         bssCOMMON    0007A
_uch_cr1                                         bssBANK1     000BE
_uch_ltcbh                                       bssBANK1     000BF
_uch_ltcbl                                       bssBANK1     000C0
_uch_ltcbm                                       bssBANK1     000C1
_uch_mask                                        bssBANK1     000C2
_uch_reg                                         bssBANK1     000C4
_uch_sr                                          bssBANK1     000C3
bcd2bin@val                                      cstackCOMMON 00077
btemp                                            (abs)        0007E
clear_ram0                                       clrtext      00839
end_of_initialization                            cinit        0003B
err_Display@F2126                                bssBANK1     000A4
err_Display@num                                  cstackBANK0  00027
init_ram                                         inittext     00833
int$flags                                        (abs)        0007E
intlevel0                                        functab      00000
intlevel1                                        functab      00000
intlevel2                                        functab      00000
intlevel3                                        functab      00000
intlevel4                                        functab      00000
intlevel5                                        functab      00000
ltemp                                            (abs)        0007E
ltemp0                                           (abs)        0007E
ltemp1                                           (abs)        00082
ltemp2                                           (abs)        00086
ltemp3                                           (abs)        00080
main@bat_data                                    cstackBANK2  00163
main@data_temp                                   cstackBANK2  00160
main@i                                           cstackBANK2  00162
maxim_31856_read_nregisters@uch_buff             cstackBANK0  00023
maxim_31856_read_nregisters@uch_nBytes           cstackBANK0  00024
maxim_31856_read_nregisters@uch_register_address cstackBANK0  00027
maxim_31856_read_register@uch_register_address   cstackCOMMON 00075
maxim_31856_read_register@uch_register_data      cstackCOMMON 00076
maxim_31856_write_register@uch_register_address  cstackCOMMON 00075
maxim_31856_write_register@uch_register_value    cstackCOMMON 00074
maxim_start_conversion@uch_conversion_mode       cstackBANK0  00020
memset@c                                         cstackCOMMON 00073
memset@n                                         cstackCOMMON 00075
[...]
      Temps:          2       0       0       0       0       0       0       0       0       0       0       0       0       0
      Totals:         3       0       0       0       0       0       0       0       0       0       0       0       0       0
Total ram usage:        3 bytes
 Hardware stack levels used:    1
 Hardware stack levels required when called:    3
 This function calls:
		Nothing
 This function is called by:
		_Key_Process
 This function uses a non-reentrant model


 *************** function _EUSART_Write *****************
 Defined at:
		line 91 in file "mcc_generated_files/eusart.c"
 Parameters:    Size  Location     Type
  txData          1    wreg     unsigned char 
 Auto vars:     Size  Location     Type
  txData          1    3[COMMON] unsigned char 
 Return value:  Size  Location     Type
                  1    wreg      void 
 Registers used:
		wreg
 Tracked objects:
		On entry : 
		On exit  : 
		Unchanged: 
 Data sizes:     COMMON   BANK0   BANK1   BANK2   BANK3   BANK4   BANK5   BANK6   BANK7   BANK8   BANK9  BANK10  BANK11  BANK12
      Params:         0       0       0       0       0       0       0       0       0       0       0       0       0       0
      Locals:         1       0       0       0       0       0       0       0       0       0       0       0       0       0
      Temps:          0       0       0       0       0       0       0       0       0       0       0       0       0       0
      Totals:         1       0       0       0       0       0       0       0       0       0       0       0       0       0
Total ram usage:        1 bytes
 Hardware stack levels used:    1
 Hardware stack levels required when called:    3
 This function calls:
		Nothing
 This function is called by:
		_Key_Process
		_EUSART_SendString
 This function uses a non-reentrant model


 *************** function _Bq32k_Time_Init *****************
 Defined at:
		line 17 in file "mcc_generated_files/bq32k.c"
 Parameters:    Size  Location     Type
		None
 Auto vars:     Size  Location     Type
  temp           10    7[BANK0 ] unsigned char [10]
  time            7    0        struct bq32k_regs
 Return value:  Size  Location     Type
                  1    wreg      void 
 Registers used:
		wreg, fsr0l, fsr0h, fsr1l, fsr1h, status,2, status,0, pclath, cstack
 Tracked objects:
		On entry : 
		On exit  : 
		Unchanged: 
 Data sizes:     COMMON   BANK0   BANK1   BANK2   BANK3   BANK4   BANK5   BANK6   BANK7   BANK8   BANK9  BANK10  BANK11  BANK12
      Params:         0       0       0       0       0       0       0       0       0       0       0       0       0       0
      Locals:         0      10       0       0       0       0       0       0       0       0       0       0       0       0
      Temps:          0       2       0       0       0       0       0       0       0       0       0       0       0       0
      Totals:         0      12       0       0       0       0       0       0       0       0       0       0       0       0
Total ram usage:       12 bytes
 Hardware stack levels used:    1
 Hardware stack levels required when called:    5
 This function calls:
		_I2C_Send_Buffer
 This function is called by:
		_main
 This function uses a non-reentrant model


 *************** function _I2C_Send_Buffer *****************
 Defined at:
		line 173 in file "mcc_generated_files/i2c.c"
 Parameters:    Size  Location     Type
  ADD             1    wreg     unsigned char 
  buff            1    6[COMMON] PTR unsigned char 
		 -> Bq32k_Rtc_Write_Time@temp(10), Bq32k_Time_Init@temp(10), 
  Length          1    7[COMMON] unsigned char 
 Auto vars:     Size  Location     Type
  ADD             1    2[BANK0 ] unsigned char 
  Flag            1    4[BANK0 ] unsigned char 
  i               1    3[BANK0 ] unsigned char 
 Return value:  Size  Location     Type
                  1    wreg      unsigned char 
 Registers used:
		wreg, fsr1l, fsr1h, status,2, status,0, pclath, cstack
 Tracked objects:
		On entry : 
		On exit  : 
		Unchanged: 
 Data sizes:     COMMON   BANK0   BANK1   BANK2   BANK3   BANK4   BANK5   BANK6   BANK7   BANK8   BANK9  BANK10  BANK11  BANK12
      Params:         2       0       0       0       0       0       0       0       0       0       0       0       0       0
      Locals:         0       3       0       0       0       0       0       0       0       0       0       0       0       0
      Temps:          0       2       0       0       0       0       0       0       0       0       0       0       0       0
      Totals:         2       5       0       0       0       0       0       0       0       0       0       0       0       0
Total ram usage:        7 bytes
 Hardware stack levels used:    1
 Hardware stack levels required when called:    4
 This function calls:
		_I2C_Send_Byte
		_I2C_Start
		_I2C_Stop
 This function is called by:
		_Bq32k_Time_Init
		_Bq32k_Rtc_Write_Time
 This function uses a non-reentrant model


 *************** function _I2C_Stop *****************
 Defined at:
		line 102 in file "mcc_generated_files/i2c.c"
 Parameters:    Size  Location     Type
		None
 Auto vars:     Size  Location     Type
		None
 Return value:  Size  Location     Type
                  1    wreg      void 
 Registers used:
		wreg
 Tracked objects:
		On entry : 
		On exit  : 
		Unchanged: 
 Data sizes:     COMMON   BANK0   BANK1   BANK2   BANK3   BANK4   BANK5   BANK6   BANK7   BANK8   BANK9  BANK10  BANK11  BANK12
      Params:         0       0       0       0       0       0       0       0       0       0       0       0       0       0
      Locals:         0       0       0       0       0       0       0       0       0       0       0       0       0       0
      Temps:          1       0       0       0       0       0       0       0       0       0       0       0       0       0
      Totals:         1       0       0       0       0       0       0       0       0       0       0       0       0       0
Total ram usage:        1 bytes
 Hardware stack levels used:    1
 Hardware stack levels required when called:    3
 This function calls:
		Nothing
 This function is called by:
		_I2C_Read_Buffer
		_I2C_Send_Buffer
 This function uses a non-reentrant model


 *************** function _I2C_Start *****************
 Defined at:
		line 16 in file "mcc_generated_files/i2c.c"
 Parameters:    Size  Location     Type
		None
 Auto vars:     Size  Location     Type
		None
 Return value:  Size  Location     Type
                  1    wreg      void 
 Registers used:
		wreg
 Tracked objects:
		On entry : 
		On exit  : 
		Unchanged: 
 Data sizes:     COMMON   BANK0   BANK1   BANK2   BANK3   BANK4   BANK5   BANK6   BANK7   BANK8   BANK9  BANK10  BANK11  BANK12
      Params:         0       0       0       0       0       0       0       0       0       0       0       0       0       0
      Locals:         0       0       0       0       0       0       0       0       0       0       0       0       0       0
      Temps:          1       0       0       0       0       0       0       0       0       0       0       0       0       0
      Totals:         1       0       0       0       0       0       0       0       0       0       0       0       0       0
Total ram usage:        1 bytes
 Hardware stack levels used:    1
 Hardware stack levels required when called:    3
 This function calls:
		Nothing
 This function is called by:
		_I2C_Read_Buffer
		_I2C_Send_Buffer
 This function uses a non-reentrant model


 *************** function _I2C_Send_Byte *****************
 Defined at:
		line 34 in file "mcc_generated_files/i2c.c"
 Parameters:    Size  Location     Type
  Data            1    wreg     unsigned char 
 Auto vars:     Size  Location     Type
  Data            1    4[COMMON] unsigned char 
  i               1    5[COMMON] unsigned char 
 Return value:  Size  Location     Type
                  1    wreg      unsigned char 
 Registers used:
		wreg, status,2, status,0
 Tracked objects:
		On entry : 
		On exit  : 
		Unchanged: 
 Data sizes:     COMMON   BANK0   BANK1   BANK2   BANK3   BANK4   BANK5   BANK6   BANK7   BANK8   BANK9  BANK10  BANK11  BANK12
      Params:         0       0       0       0       0       0       0       0       0       0       0       0       0       0
      Locals:         2       0       0       0       0       0       0       0       0       0       0       0       0       0
      Temps:          1       0       0       0       0       0       0       0       0       0       0       0       0       0
      Totals:         3       0       0       0       0       0       0       0       0       0       0       0       0       0
Total ram usage:        3 bytes
 Hardware stack levels used:    1
 Hardware stack levels required when called:    3
 This function calls:
		Nothing
 This function is called by:
		_I2C_Read_Buffer
		_I2C_Send_Buffer
 This function uses a non-reentrant model


 *************** function _ADC_GetConversion *****************
 Defined at:
		line 106 in file "mcc_generated_files/adc.c"
 Parameters:    Size  Location     Type
  channel         1    wreg     enum E1850
 Auto vars:     Size  Location     Type
  channel         1    6[COMMON] enum E1850
 Return value:  Size  Location     Type
                  2    3[COMMON] unsigned int 
 Registers used:
		wreg, status,2, status,0
 Tracked objects:
		On entry : 
		On exit  : 
		Unchanged: 
 Data sizes:     COMMON   BANK0   BANK1   BANK2   BANK3   BANK4   BANK5   BANK6   BANK7   BANK8   BANK9  BANK10  BANK11  BANK12
      Params:         2       0       0       0       0       0       0       0       0       0       0       0       0       0
      Locals:         1       0       0       0       0       0       0       0       0       0       0       0       0       0
      Temps:          1       0       0       0       0       0       0       0       0       0       0       0       0       0
      Totals:         4       0       0       0       0       0       0       0       0       0       0       0       0       0
Total ram usage:        4 bytes
 Hardware stack levels used:    1
 Hardware stack levels required when called:    3
 This function calls:
		Nothing
 This function is called by:
		_main
 This function uses a non-reentrant model


 *************** function _INTERRUPT_InterruptManager *****************
 Defined at:
		line 52 in file "mcc_generated_files/interrupt_manager.c"
 Parameters:    Size  Location     Type
		None
 Auto vars:     Size  Location     Type
		None
 Return value:  Size  Location     Type
                  1    wreg      void 
 Registers used:
		wreg, status,2, status,0, pclath, cstack
 Tracked objects:
		On entry : 
		On exit  : 
		Unchanged: 
 Data sizes:     COMMON   BANK0   BANK1   BANK2   BANK3   BANK4   BANK5   BANK6   BANK7   BANK8   BANK9  BANK10  BANK11  BANK12
      Params:         0       0       0       0       0       0       0       0       0       0       0       0       0       0
      Locals:         0       0       0       0       0       0       0       0       0       0       0       0       0       0
      Temps:          1       0       0       0       0       0       0       0       0       0       0       0       0       0
      Totals:         1       0       0       0       0       0       0       0       0       0       0       0       0       0
Total ram usage:        1 bytes
 Hardware stack levels used:    1
 Hardware stack levels required when called:    2
 This function calls:
		_TMR0_ISR
 This function is called by:
		Interrupt level 1
 This function uses a non-reentrant model


 *************** function _TMR0_ISR *****************
 Defined at:
		line 103 in file "mcc_generated_files/tmr0.c"
 Parameters:    Size  Location     Type
		None
 Auto vars:     Size  Location     Type
		None
 Return value:  Size  Location     Type
                  1    wreg      void 
 Registers used:
		wreg, status,2, status,0, pclath, cstack
 Tracked objects:
		On entry : 
		On exit  : 
		Unchanged: 
 Data sizes:     COMMON   BANK0   BANK1   BANK2   BANK3   BANK4   BANK5   BANK6   BANK7   BANK8   BANK9  BANK10  BANK11  BANK12
      Params:         0       0       0       0       0       0       0       0       0       0       0       0       0       0
      Locals:         0       0       0       0       0       0       0       0       0       0       0       0       0       0
      Temps:          1       0       0       0       0       0       0       0       0       0       0       0       0       0
      Totals:         1       0       0       0       0       0       0       0       0       0       0       0       0       0
Total ram usage:        1 bytes
 Hardware stack levels used:    1
 Hardware stack levels required when called:    1
 This function calls:
		_TMR0_CallBack
 This function is called by:
		_INTERRUPT_InterruptManager
 This function uses a non-reentrant model


 *************** function _TMR0_CallBack *****************
 Defined at:
		line 125 in file "mcc_generated_files/tmr0.c"
 Parameters:    Size  Location     Type
		None
 Auto vars:     Size  Location     Type
		None
 Return value:  Size  Location     Type
                  1    wreg      void 
 Registers used:
		wreg, status,2, status,0
 Tracked objects:
		On entry : 
		On exit  : 
		Unchanged: 
 Data sizes:     COMMON   BANK0   BANK1   BANK2   BANK3   BANK4   BANK5   BANK6   BANK7   BANK8   BANK9  BANK10  BANK11  BANK12
      Params:         0       0       0       0       0       0       0       0       0       0       0       0       0       0
      Locals:         0       0       0       0       0       0       0       0       0       0       0       0       0       0
      Temps:          1       0       0       0       0       0       0       0       0       0       0       0       0       0
      Totals:         1       0       0       0       0       0       0       0       0       0       0       0       0       0
Total ram usage:        1 bytes
 Hardware stack levels used:    1
 This function calls:
		Nothing
 This function is called by:
		_TMR0_ISR
 This function uses a non-reentrant model



MODULE INFORMATION

Module		Function		Class		Link	Load	Size
mcc_generated_files/max31856.c
		_one_temperature_trans		CODE           	07B8	0000	73
		_maxim_31856_read_nregisters		CODE           	08FF	0000	25
		_maxim_31856_read_register		CODE           	089B	0000	18
		_maxim_31856_init		CODE           	0F9C	0000	101
		_maxim_clear_fault_status		CODE           	087B	0000	17
		_tc_temperature_trans		CODE           	003F	0000	461
		_maxim_start_conversion		CODE           	097C	0000	27
		_temperature_process		CODE           	0BDD	0000	52
		_temperature_display		CODE           	0D1E	0000	62
		_maxim_31856_write_register		CODE           	086E	0000	14

mcc_generated_files/max31856.c estimated size: 850

mcc_generated_files/fvr.c
		_FVR_Initialize		CODE           	0819	0000	5

mcc_generated_files/fvr.c estimated size: 5

mcc_generated_files/interrupt_manager.c
		_INTERRUPT_InterruptManager		CODE           	0004	0000	16

mcc_generated_files/interrupt_manager.c estimated size: 16

mcc_generated_files/i2c.c
		_I2C_Receive_Byte		CODE           	0ACB	0000	43
		_I2C_Read_Buffer		CODE           	0663	0000	121
		_I2C_Send_Buffer		CODE           	0CE3	0000	60
		_I2C_Stop      		CODE           	0930	0000	26
		_I2C_Send_Byte 		CODE           	0DE6	0000	77
		_I2C_Start     		CODE           	0917	0000	26

mcc_generated_files/i2c.c estimated size: 353

mcc_generated_files/bq32k.c
		_Bq32k_Time_Init		CODE           	09B1	0000	28
		_bcd2bin       		CODE           	08BD	0000	22
		_Bq32k_Rtc_Read_Time		CODE           	0F38	0000	101

mcc_generated_files/bq32k.c estimated size: 151

mcc_generated_files/tmr0.c
		_TMR0_CallBack 		CODE           	0AA6	0000	38
		_TMR0_ISR      		CODE           	0996	0000	28
		_TMR0_Initialize		CODE           	088B	0000	17

mcc_generated_files/tmr0.c estimated size: 83

mcc_generated_files/pin_manager.c
		_PIN_MANAGER_Initialize		CODE           	0A61	0000	35

mcc_generated_files/pin_manager.c estimated size: 35

mcc_generated_files/ht1621.c
		_WriteAll_1621 		CODE           	0C43	0000	54
		_SendCmd_1621  		CODE           	08E7	0000	25
		_Two_Display   		CODE           	0BAC	0000	50
		_err_Display   		CODE           	0AF5	0000	45
		_Tc_Display    		CODE           	03A9	0000	201
		_SendBit_1621  		CODE           	0A21	0000	33
		_SendDataBit_1621		CODE           	0A41	0000	33
		_time_Display  		CODE           	05CE	0000	150

mcc_generated_files/ht1621.c estimated size: 591

mcc_generated_files/adc.c
		_ADC_Initialize		CODE           	0847	0000	9
		_ADC_GetConversion		CODE           	0962	0000	27

mcc_generated_files/adc.c estimated size: 36

mcc_generated_files/key.c
		_Key_Scan      		CODE           	0A83	0000	36
		_Key_Process   		CODE           	0538	0000	151

mcc_generated_files/key.c estimated size: 187

D:\Program Files (x86)\Microchip\xc8\v1.37\sources\common\lwmod.c
		___lwmod       		CODE           	0B21	0000	46

D:\Program Files (x86)\Microchip\xc8\v1.37\sources\common\lwmod.c estimated size: 46

D:\Program Files (x86)\Microchip\xc8\v1.37\sources\common\awmod.c
		___awmod       		CODE           	0DA0	0000	71

D:\Program Files (x86)\Microchip\xc8\v1.37\sources\common\awmod.c estimated size: 71

mcc_generated_files/save.c
		_Save_Write_time		CODE           	06DB	0000	115
		_Save_Write_word		CODE           	0CAD	0000	55
		_Save_process  		CODE           	0ED5	0000	100
		_Set_finish_flag		CODE           	081D	0000	6
		_Write_Flash_head		CODE           	0B7D	0000	48
		_Calculate_Time		CODE           	020B	0000	415
		_Serach_Flash_Head		CODE           	0C10	0000	52
		_Write_Flash_finish		CODE           	0B4E	0000	48
		_Set_start_flag		CODE           	0827	0000	7

mcc_generated_files/save.c estimated size: 846

mcc_generated_files/spi.c
		_SPI_Exchange8bitBuffer		CODE           	0E32	0000	82
		_SPI_Exchange8bit		CODE           	084F	0000	10
		_SPI_Initialize		CODE           	082D	0000	7

mcc_generated_files/spi.c estimated size: 99

shared
		_Dis_TAB       		STRCODE        	1000	0000	22
		__initialization		CODE           	0015	0000	39

shared estimated size: 61

mcc_generated_files/mcc.c
		_OSCILLATOR_Initialize		CODE           	0822	0000	6
		_SYSTEM_Initialize		CODE           	08D2	0000	22

mcc_generated_files/mcc.c estimated size: 28

D:\Program Files (x86)\Microchip\xc8\v1.37\sources\common\memset.c
		_memset        		CODE           	09CC	0000	28

D:\Program Files (x86)\Microchip\xc8\v1.37\sources\common\memset.c estimated size: 28

mcc_generated_files/memory.c
		_FLASH_EraseBlock		CODE           	09E7	0000	29
		_FLASH_ReadWord		CODE           	0949	0000	26
		_FLASH_WriteBlock		CODE           	074D	0000	108
		_FLASH_WriteWord		CODE           	0D5B	0000	70

mcc_generated_files/memory.c estimated size: 233

mcc_generated_files/eusart.c
		_EUSART_Write  		CODE           	083F	0000	9
		_EUSART_Initialize		CODE           	0862	0000	13

mcc_generated_files/eusart.c estimated size: 22

D:\Program Files (x86)\Microchip\xc8\v1.37\sources\common\lwdiv.c
		___lwdiv       		CODE           	0C78	0000	54

D:\Program Files (x86)\Microchip\xc8\v1.37\sources\common\lwdiv.c estimated size: 54

D:\Program Files (x86)\Microchip\xc8\v1.37\sources\common\awdiv.c
		___awdiv       		CODE           	0E83	0000	83

D:\Program Files (x86)\Microchip\xc8\v1.37\sources\common\awdiv.c estimated size: 83

main.c
		_main          		CODE           	0471	0000	200

main.c estimated size: 200

D:\Program Files (x86)\Microchip\xc8\v1.37\sources\common\Umul16.c
		___wmul        		CODE           	0A03	0000	31

D:\Program Files (x86)\Microchip\xc8\v1.37\sources\common\Umul16.c estimated size: 31

D:\Program Files (x86)\Microchip\xc8\v1.37\sources\common\Umul8.c
		___bmul        		CODE           	08AC	0000	18

D:\Program Files (x86)\Microchip\xc8\v1.37\sources\common\Umul8.c estimated size: 18

