Microchip MPLAB XC8 Compiler V1.37 ()

Linker command line:

-W-3 --edf=D:\Program Files (x86)\Microchip\xc8\v1.37\dat\en_msgs.txt -cs \
  -h+dist/default/production\thermocouple.X.production.sym \
  --cmf=dist/default/production\thermocouple.X.production.cmf -z -Q16F1518 \
  -oC:\Users\ADMINI~1\AppData\Local\Temp\s39k.2 \
  -Mdist/default/production/thermocouple.X.production.map -E1 -ver=XC8 \
  -ASTACK=020E5h-023efh -pstack=STACK -ACODE=00h-07FFhx8 \
  -ASTRCODE=00h-03FFFh -ASTRING=00h-0FFhx64 -ACONST=00h-0FFhx64 \
  -AENTRY=00h-0FFhx64 -ACOMMON=070h-07Fh -ABANK0=020h-06Fh \
  -ABANK1=0A0h-0EFh -ABANK2=0120h-016Fh -ABANK3=01A0h-01EFh \
  -ABANK4=0220h-026Fh -ABANK5=02A0h-02EFh -ABANK6=0320h-036Fh \
  -ABANK7=03A0h-03EFh -ABANK8=0420h-046Fh -ABANK9=04A0h-04EFh \
  -ABANK10=0520h-056Fh -ABANK11=05A0h-05EFh -ABANK12=0620h-064Fh \
  -ABIGRAM=02000h-023EFh \
  -ARAM=020h-06Fh,0A0h-0EFh,0120h-016Fh,01A0h-01EFh,0220h-026Fh,02A0h-02EFh,0320h-036Fh,03A0h-03EFh,0420h-046Fh,04A0h-04EFh,0520h-056Fh,05A0h-05EFh,0620h-064Fh \
  -AABS1=020h-07Fh,0A0h-0EFh,0120h-016Fh,01A0h-01EFh,0220h-026Fh,02A0h-02EFh,0320h-036Fh,03A0h-03EFh,0420h-046Fh,04A0h-04EFh,0520h-056Fh,05A0h-05EFh,0620h-064Fh \
  -ASFR0=00h-01Fh -ASFR1=080h-09Fh -ASFR2=0100h-011Fh -ASFR3=0180h-019Fh \
  -ASFR4=0200h-021Fh -ASFR5=0280h-029Fh -ASFR6=0300h-031Fh \
  -ASFR7=0380h-039Fh -ASFR8=0400h-041Fh -ASFR9=0480h-049Fh \
  -ASFR10=0500h-051Fh -ASFR11=0580h-059Fh -ASFR12=0600h-061Fh \
  -ASFR13=0680h-06EFh -ASFR14=0700h-076Fh -ASFR15=0780h-07EFh \
  -ASFR16=0800h-086Fh -ASFR17=0880h-08EFh -ASFR18=0900h-096Fh \
  -ASFR19=0980h-09EFh -ASFR20=0A00h-0A6Fh -ASFR21=0A80h-0AEFh \
  -ASFR22=0B00h-0B6Fh -ASFR23=0B80h-0BEFh -ASFR24=0C00h-0C6Fh \
  -ASFR25=0C80h-0CEFh -ASFR26=0D00h-0D6Fh -ASFR27=0D80h-0DEFh \
  -ASFR28=0E00h-0E6Fh -ASFR29=0E80h-0EEFh -ASFR30=0F00h-0F6Fh \
  -ASFR31=0F80h-0FEFh -preset_vec=00h,intentry=04h,init,end_init \
  -ppowerup=CODE -pcinit=CODE -pfunctab=CODE -ACONFIG=08007h-08008h \
  -pconfig=CONFIG -DCONFIG=2 -AIDLOC=08000h-08003h -pidloc=IDLOC -DIDLOC=2 \
  -DCODE=2 -DSTRCODE=2 -DSTRING=2 -DCONST=2 -DENTRY=2 -k \
  C:\Users\ADMINI~1\AppData\Local\Temp\s39k.obj \
  dist/default/production\thermocouple.X.production.obj 

Object code version is 3.11

Machine type is 16F1518



                Name                               Link     Load   Length Selector   Space Scale
C:\Users\ADMINI~1\AppData\Local\Temp\s39k.obj
                end_init                             13       13        2        8       0
                reset_vec                             0        0        2        0       0
                config                             8007     8007        2    1000E       0
dist/default/production\thermocouple.X.production.obj
                cinit                                15       15       2A        8       0
                intentry                              4        4        F        8       0
                text64                              AF7      AF7       25     15EE       0
                text63                              9E7      9E7       1B     13CE       0
                text61                              9B3      9B3       1A     1366       0
                text60                              E4A      E4A       4C     1C94       0
                text59                              968      968       19     12D0       0
                text58                              981      981       19     1302       0
                text57                              CFF      CFF       3B     19FE       0
                text56                              A02      A02       1B     1404       0
                text55                              890      890        8     1120       0
                text54                              AD4      AD4       23     15A8       0
                text53                              A72      A72       20     14E4       0
                text52                              938      938       18     1270       0
                text51                              86E      86E        5     10DC       0
                text50                              878      878        6     10F0       0
                text49                              A92      A92       20     1524       0
                text48                              C95      C95       35     192A       0
                text47                              BFD      BFD       31     17FA       0
                text46                              8A0      8A0        9     1140       0
                text45                              E96      E96       51     1D2C       0
                text44                              950      950       18     12A0       0
                text43                              8EC      8EC       11     11D8       0
                text42                              8BF      8BF        D     117E       0
                text41                              9CD      9CD       1A     139A       0
                text40                              E02      E02       48     1C04       0
                text39                              CCA      CCA       35     1994       0
                text38                              B72      B72       2D     16E4       0
                text37                              A1D      A1D       1B     143A       0
                text36                              44F      44F       BE        8       0
                text35                              B46      B46       2C     168C       0
                text34                              8CC      8CC       10     1198       0
                text33                              B1C      B1C       2A     1638       0
                text32                              62F      62F       78        8       0
                text31                              8FD      8FD       11     11FA       0
                text30                              90E      90E       15     121C       0
                text29                              F9C      F9C       64     1F38       0
                text28                              99A      99A       19     1334       0
                text27                              A38      A38       1C     1470       0
                text26                              719      719       6B        8       0
                text25                              D77      D77       45     1AEE       0
                text24                              7E8      7E8       18        8       0
                text23                              6A7      6A7       72        8       0
                text22                              B9F      B9F       2F     173E       0
                text21                              BCE      BCE       2F     179C       0
                text20                              A54      A54       1E     14A8       0
                text19                              1E7      1E7      1A1        8       0
                text18                               3F       3F      1A8        8       0
                text17                              D3A      D3A       3D     1A74       0
                text16                              EE7      EE7       52     1DCE       0
                text15                              DBC      DBC       46     1B78       0
                text14                              50D      50D       95        8       0
                text13                              C2E      C2E       33     185C       0
                text12                              5A2      5A2       8D        8       0
                text11                              898      898        8     1130       0
                text10                              8B3      8B3        C     1166       0
                text9                               86A      86A        4     10D4       0
                text8                               873      873        5     10E6       0
                text7                               AB2      AB2       22     1564       0
                text6                               87E      87E        6     10FC       0
                text5                               8DC      8DC       10     11B8       0
                text4                               923      923       15     1246       0
                text3                               F39      F39       63     1E72       0
                text2                               C61      C61       34     18C2       0
                text1                               784      784       64        8       0
                maintext                            388      388       C7        8       0
                cstackBANK0                          20       20       41       20       1
                cstackCOMMON                         70       70        8       70       1
                cstackBANK2                         160      160        5      120       1
                inittext                            884      884        6     1108       0
                clrtext                             88A      88A        6     1114       0
                bssBANK2                            120      120       40      120       1
                dataBANK1                            E1       E1        A       A0       1
                bssBANK1                             A0       A0       41       A0       1
                bssBANK0                             61       61        D       20       1
                bssCOMMON                            78       78        3       70       1
                nvBANK1                              EB       EB        1       A0       1
                stringtext                         1000     1000       15     2000       0
                idataBANK1                          8A9      8A9        A     1152       0

TOTAL           Name                               Link     Load   Length     Space
        CLASS   STACK          

        CLASS   CODE           
                end_init                             13       13        2         0
                cinit                                15       15       2A         0
                intentry                              4        4        F         0
                reset_vec                             0        0        2         0
                text64                              AF7      AF7       25         0
                text63                              9E7      9E7       1B         0
                text61                              9B3      9B3       1A         0
                text60                              E4A      E4A       4C         0
                text59                              968      968       19         0
                text58                              981      981       19         0
                text57                              CFF      CFF       3B         0
                text56                              A02      A02       1B         0
                text55                              890      890        8         0
                text54                              AD4      AD4       23         0
                text53                              A72      A72       20         0
                text52                              938      938       18         0
                text51                              86E      86E        5         0
                text50                              878      878        6         0
                text49                              A92      A92       20         0
                text48                              C95      C95       35         0
                text47                              BFD      BFD       31         0
                text46                              8A0      8A0        9         0
                text45                              E96      E96       51         0
                text44                              950      950       18         0
                text43                              8EC      8EC       11         0
                text42                              8BF      8BF        D         0
                text41                              9CD      9CD       1A         0
                text40                              E02      E02       48         0
                text39                              CCA      CCA       35         0
                text38                              B72      B72       2D         0
                text37                              A1D      A1D       1B         0
                text36                              44F      44F       BE         0
                text35                              B46      B46       2C         0
                text34                              8CC      8CC       10         0
                text33                              B1C      B1C       2A         0
                text32                              62F      62F       78         0
                text31                              8FD      8FD       11         0
                text30                              90E      90E       15         0
                text29                              F9C      F9C       64         0
                text28                              99A      99A       19         0
                text27                              A38      A38       1C         0
                text26                              719      719       6B         0
                text25                              D77      D77       45         0
                text24                              7E8      7E8       18         0
                text23                              6A7      6A7       72         0
                text22                              B9F      B9F       2F         0
                text21                              BCE      BCE       2F         0
                text20                              A54      A54       1E         0
                text19                              1E7      1E7      1A1         0
                text18                               3F       3F      1A8         0
                text17                              D3A      D3A       3D         0
                text16                              EE7      EE7       52         0
                text15                              DBC      DBC       46         0
                text14                              50D      50D       95         0
                text13                              C2E      C2E       33         0
                text12                              5A2      5A2       8D         0
                text11                              898      898        8         0
                text10                              8B3      8B3        C         0
                text9                               86A      86A        4         0
                text8                               873      873        5         0
                text7                               AB2      AB2       22         0
                text6                               87E      87E        6         0
                text5                               8DC      8DC       10         0
                text4                               923      923       15         0
                text3                               F39      F39       63         0
                text2                               C61      C61       34         0
                text1                               784      784       64         0
                maintext                            388      388       C7         0
                inittext                            884      884        6         0
                clrtext                             88A      88A        6         0
                idataBANK1                          8A9      8A9        A         0

        CLASS   STRCODE        
                stringtext                         1000     1000       15         0

        CLASS   STRING         

        CLASS   CONST          

        CLASS   ENTRY          

        CLASS   COMMON         
                cstackCOMMON                         70       70        8         1
                bssCOMMON                            78       78        3         1

        CLASS   BANK0          
                cstackBANK0                          20       20       41         1
                bssBANK0                             61       61        D         1

        CLASS   BANK1          
                dataBANK1                            E1       E1        A         1
                bssBANK1                             A0       A0       41         1
                nvBANK1                              EB       EB        1         1

        CLASS   BANK2          
                cstackBANK2                         160      160        5         1
                bssBANK2                            120      120       40         1

        CLASS   BANK3          

        CLASS   BANK4          

        CLASS   BANK5          

        CLASS   BANK6          

        CLASS   BANK7          

        CLASS   BANK8          

        CLASS   BANK9          

        CLASS   BANK10         

        CLASS   BANK11         

        CLASS   BANK12         

        CLASS   BIGRAM         

        CLASS   RAM            

        CLASS   ABS1           
                abs_s1                               7E       7E        2         1

        CLASS   SFR0           

        CLASS   SFR1           

        CLASS   SFR2           

        CLASS   SFR3           

        CLASS   SFR4           

        CLASS   SFR5           

        CLASS   SFR6           

        CLASS   SFR7           

        CLASS   SFR8           

        CLASS   SFR9           

        CLASS   SFR10          

        CLASS   SFR11          

        CLASS   SFR12          

        CLASS   SFR13          

        CLASS   SFR14          

        CLASS   SFR15          

        CLASS   SFR16          

        CLASS   SFR17          

        CLASS   SFR18          

        CLASS   SFR19          

        CLASS   SFR20          

        CLASS   SFR21          

        CLASS   SFR22          

        CLASS   SFR23          

        CLASS   SFR24          

        CLASS   SFR25          

        CLASS   SFR26          

        CLASS   SFR27          

        CLASS   SFR28          

        CLASS   SFR29          

        CLASS   SFR30          

        CLASS   SFR31          

        CLASS   CONFIG         
                config                             8007     8007        2         0

        CLASS   IDLOC          

        CLASS   BANK31         

        CLASS   BANK30         

        CLASS   BANK29         

        CLASS   BANK28         

        CLASS   BANK27         

        CLASS   BANK26         

        CLASS   BANK25         

        CLASS   BANK24         

        CLASS   BANK23         

        CLASS   BANK22         

        CLASS   BANK21         

        CLASS   BANK20         

        CLASS   BANK19         

        CLASS   BANK18         

        CLASS   BANK17         

        CLASS   BANK16         

        CLASS   BANK15         

        CLASS   BANK14         

        CLASS   BANK13         

        CLASS   EEDATA         



SEGMENTS        Name                           Load    Length   Top    Selector   Space  Class     Delta

                reset_vec                      000000  000002  000002         0       0  CODE        2
                intentry                       000004  0007FC  000800         8       0  CODE        2
                cstackBANK0                    000020  00004E  00006E        20       1  BANK0       1
                cstackCOMMON                   000070  00000B  00007B        70       1  COMMON      1
                bssBANK1                       0000A0  00004C  0000EC        A0       1  BANK1       1
                bssBANK2                       000120  000045  000165       120       1  BANK2       1
                text9                          00086A  000004  00086E      10D4       0  CODE        2
                text51                         00086E  000005  000873      10DC       0  CODE        2
                text8                          000873  000005  000878      10E6       0  CODE        2
                text50                         000878  000006  00087E      10F0       0  CODE        2
                text6                          00087E  000006  000884      10FC       0  CODE        2
                inittext                       000884  000006  00088A      1108       0  CODE        2
                clrtext                        00088A  000006  000890      1114       0  CODE        2
                text55                         000890  000008  000898      1120       0  CODE        2
                text11                         000898  000008  0008A0      1130       0  CODE        2
                text46                         0008A0  000009  0008A9      1140       0  CODE        2
                idataBANK1                     0008A9  00000A  0008B3      1152       0  CODE        2
                text10                         0008B3  00000C  0008BF      1166       0  CODE        2
                text42                         0008BF  00000D  0008CC      117E       0  CODE        2
                text34                         0008CC  000010  0008DC      1198       0  CODE        2
                text5                          0008DC  000010  0008EC      11B8       0  CODE        2
                text43                         0008EC  000011  0008FD      11D8       0  CODE        2
                text31                         0008FD  000011  00090E      11FA       0  CODE        2
                text30                         00090E  000015  000923      121C       0  CODE        2
                text4                          000923  000015  000938      1246       0  CODE        2
                text52                         000938  000018  000950      1270       0  CODE        2
                text44                         000950  000018  000968      12A0       0  CODE        2
                text59                         000968  000019  000981      12D0       0  CODE        2
                text58                         000981  000019  00099A      1302       0  CODE        2
                text28                         00099A  000019  0009B3      1334       0  CODE        2
                text61                         0009B3  00001A  0009CD      1366       0  CODE        2
                text41                         0009CD  00001A  0009E7      139A       0  CODE        2
                text63                         0009E7  00001B  000A02      13CE       0  CODE        2
                text56                         000A02  00001B  000A1D      1404       0  CODE        2
                text37                         000A1D  00001B  000A38      143A       0  CODE        2
                text27                         000A38  00001C  000A54      1470       0  CODE        2
                text20                         000A54  00001E  000A72      14A8       0  CODE        2
                text53                         000A72  000020  000A92      14E4       0  CODE        2
                text49                         000A92  000020  000AB2      1524       0  CODE        2
                text7                          000AB2  000022  000AD4      1564       0  CODE        2
                text54                         000AD4  000023  000AF7      15A8       0  CODE        2
                text64                         000AF7  000025  000B1C      15EE       0  CODE        2
                text33                         000B1C  00002A  000B46      1638       0  CODE        2
                text35                         000B46  00002C  000B72      168C       0  CODE        2
                text38                         000B72  00002D  000B9F      16E4       0  CODE        2
                text22                         000B9F  00002F  000BCE      173E       0  CODE        2
                text21                         000BCE  00002F  000BFD      179C       0  CODE        2
                text47                         000BFD  000031  000C2E      17FA       0  CODE        2
                text13                         000C2E  000033  000C61      185C       0  CODE        2
                text2                          000C61  000034  000C95      18C2       0  CODE        2
                text48                         000C95  000035  000CCA      192A       0  CODE        2
                text39                         000CCA  000035  000CFF      1994       0  CODE        2
                text57                         000CFF  00003B  000D3A      19FE       0  CODE        2
                text17                         000D3A  00003D  000D77      1A74       0  CODE        2
                text25                         000D77  000045  000DBC      1AEE       0  CODE        2
                text15                         000DBC  000046  000E02      1B78       0  CODE        2
                text40                         000E02  000048  000E4A      1C04       0  CODE        2
                text60                         000E4A  00004C  000E96      1C94       0  CODE        2
                text45                         000E96  000051  000EE7      1D2C       0  CODE        2
                text16                         000EE7  000052  000F39      1DCE       0  CODE        2
                text3                          000F39  000063  000F9C      1E72       0  CODE        2
                text29                         000F9C  000064  001000      1F38       0  CODE        2
                stringtext                     001000  000015  001015      2000       0  STRCODE     2
                config                         008007  000002  008009     1000E       0  CONFIG      2


UNUSED ADDRESS RANGES

        Name                Unused          Largest block    Delta
        BANK0            0006E-0006F               2           1
        BANK1            000EC-000EF               4           1
        BANK10           00520-0056F              50           1
        BANK11           005A0-005EF              50           1
        BANK12           00620-0064F              30           1
        BANK2            00165-0016F               B           1
        BANK3            001A0-001EF              50           1
        BANK4            00220-0026F              50           1
        BANK5            002A0-002EF              50           1
        BANK6            00320-0036F              50           1
        BANK7            003A0-003EF              50           1
        BANK8            00420-0046F              50           1
        BANK9            004A0-004EF              50           1
        BIGRAM           02000-023EF             3F0           1
        CODE             00002-00003               2           2
                         00800-00869              6A
                         01015-03FFF             800
        COMMON           0007B-0007D               3           1
        CONST            00002-00003               2           2
                         00800-00869              6A
                         01015-03FFF             100
        ENTRY            00002-00003               2           2
                         00800-00869              6A
                         01015-03FFF             100
        IDLOC            08000-08003               4           2
        RAM              0006E-0006F               2           1
                         000EC-000EF               4
                         00165-0016F               B
                         001A0-001EF              50
                         00220-0026F              50
                         002A0-002EF              50
                         00320-0036F              50
                         003A0-003EF              50
                         00420-0046F              50
                         004A0-004EF              50
                         00520-0056F              50
                         005A0-005EF              50
                         00620-0064F              30
        SFR0             00000-0001F              20           1
        SFR1             00080-0009F              20           1
        SFR10            00500-0051F              20           1
        SFR11            00580-0059F              20           1
        SFR12            00600-0061F              20           1
        SFR13            00680-006EF              70           1
        SFR14            00700-0076F              70           1
        SFR15            00780-007EF              70           1
        SFR16            00800-0086F              70           1
        SFR17            00880-008EF              70           1
        SFR18            00900-0096F              70           1
        SFR19            00980-009EF              70           1
        SFR2             00100-0011F              20           1
        SFR20            00A00-00A6F              70           1
        SFR21            00A80-00AEF              70           1
        SFR22            00B00-00B6F              70           1
        SFR23            00B80-00BEF              70           1
        SFR24            00C00-00C6F              70           1
        SFR25            00C80-00CEF              70           1
        SFR26            00D00-00D6F              70           1
        SFR27            00D80-00DEF              70           1
        SFR28            00E00-00E6F              70           1
        SFR29            00E80-00EEF              70           1
        SFR3             00180-0019F              20           1
        SFR30            00F00-00F6F              70           1
        SFR31            00F80-00FEF              70           1
        SFR4             00200-0021F              20           1
        SFR5             00280-0029F              20           1
        SFR6             00300-0031F              20           1
        SFR7             00380-0039F              20           1
        SFR8             00400-0041F              20           1
        SFR9             00480-0049F              20           1
        STACK            020E5-023EF             30B           1
        STRCODE          00002-00003               2           2
                         00800-00869              6A
                         01015-03FFF            2FEB
        STRING           00002-00003               2           2
                         00800-00869              6A
                         01015-03FFF             100

                                  Symbol Table

?_ADC_GetConversion                              cstackCOMMON 00073
?_FLASH_ReadWord                                 cstackCOMMON 00073
?___awdiv                                        cstackCOMMON 00073
?___awmod                                        cstackCOMMON 00073
?___lwdiv                                        cstackBANK0  00021
?___lwmod                                        cstackCOMMON 00073
?___wmul                                         cstackCOMMON 00073
ADC_GetConversion@channel                        cstackCOMMON 00076
Bq32k_Rtc_Read_Time@p                            cstackBANK0  0002F
Bq32k_Rtc_Read_Time@temp                         cstackBANK0  00025
Bq32k_Time_Init@F2018                            dataBANK1    000E1
Bq32k_Time_Init@temp                             cstackBANK0  00027
Calculate_Time@temp                              cstackBANK0  00041
Calculate_Time@temp1                             cstackBANK0  00045
Calculate_Time@temp2                             cstackBANK0  00049
EUSART_Write@txData                              cstackCOMMON 00073
FLASH_EraseBlock@GIEBitValue                     cstackCOMMON 00075
FLASH_EraseBlock@startAddr                       cstackCOMMON 00073
FLASH_ReadWord@GIEBitValue                       cstackCOMMON 00075
FLASH_ReadWord@flashAddr                         cstackCOMMON 00073
FLASH_WriteBlock@GIEBitValue                     cstackBANK0  00028
FLASH_WriteBlock@blockStartAddr                  cstackBANK0  00026
FLASH_WriteBlock@flashWordArray                  cstackBANK0  00022
FLASH_WriteBlock@i                               cstackBANK0  00029
FLASH_WriteBlock@writeAddr                       cstackBANK0  00020
FLASH_WriteWord@blockStartAddr                   cstackBANK0  00030
FLASH_WriteWord@flashAddr                        cstackBANK0  0002A
FLASH_WriteWord@i                                cstackBANK0  00032
FLASH_WriteWord@offset                           cstackBANK0  0002F
FLASH_WriteWord@ramBuf                           cstackBANK0  0002C
FLASH_WriteWord@word                             cstackBANK0  0002D
I2C_Read_Buffer@ADD                              cstackBANK0  00021
I2C_Read_Buffer@Flag                             cstackBANK0  00022
I2C_Read_Buffer@Length                           cstackCOMMON 00077
I2C_Read_Buffer@buff                             cstackCOMMON 00076
I2C_Receive_Byte@Data                            cstackCOMMON 00074
I2C_Receive_Byte@i                               cstackCOMMON 00075
I2C_Send_Buffer@ADD                              cstackBANK0  00022
I2C_Send_Buffer@Flag                             cstackBANK0  00024
I2C_Send_Buffer@Length                           cstackCOMMON 00077
I2C_Send_Buffer@buff                             cstackCOMMON 00076
I2C_Send_Buffer@i                                cstackBANK0  00023
I2C_Send_Byte@Data                               cstackCOMMON 00074
I2C_Send_Byte@i                                  cstackCOMMON 00075
Key_Process@data_temp                            cstackBANK0  00059
Key_Process@gKeyValue                            cstackBANK0  0005B
Key_Process@i                                    cstackBANK0  0005C
Key_Scan@Key_val                                 cstackCOMMON 00075
SPI_Exchange8bit@data                            cstackCOMMON 00073
SPI_Exchange8bitBuffer@bufLen                    cstackCOMMON 00074
SPI_Exchange8bitBuffer@bytesWritten              cstackCOMMON 00077
SPI_Exchange8bitBuffer@dataIn                    cstackCOMMON 00076
SPI_Exchange8bitBuffer@dataOut                   cstackCOMMON 00075
Save_Write_word@data                             cstackBANK0  00033
Save_process@var_time                            cstackBANK0  0004F
SendBit_1621@cnt                                 cstackCOMMON 00073
SendBit_1621@data                                cstackCOMMON 00076
SendBit_1621@i                                   cstackCOMMON 00077
SendCmd_1621@command                             cstackBANK0  00021
SendDataBit_1621@cnt                             cstackCOMMON 00073
SendDataBit_1621@data                            cstackCOMMON 00076
SendDataBit_1621@i                               cstackCOMMON 00077
Serach_Flash_Head@data                           cstackBANK0  00020
Serach_Flash_Head@i                              cstackBANK0  00022
TMR0_ISR@CountCallBack                           bssBANK1     000AC
Tc_Display@count                                 cstackBANK0  0002A
Tc_Display@data                                  cstackBANK0  0002B
Two_Display@F2123                                bssBANK1     000A0
Two_Display@num                                  cstackBANK0  00027
Two_Display@number                               cstackBANK0  0002B
WriteAll_1621@addr                               cstackBANK0  00024
WriteAll_1621@cnt                                cstackBANK0  00022
WriteAll_1621@i                                  cstackBANK0  00025
WriteAll_1621@p                                  cstackBANK0  00020
_ADCON0                                          (abs)        0009D
_ADCON0bits                                      (abs)        0009D
_ADCON1                                          (abs)        0009E
_ADC_GetConversion                               text61       009B3
_ADC_Initialize                                  text11       00898
_ADRESH                                          (abs)        0009C
_ADRESL                                          (abs)        0009B
_ANSELA                                          (abs)        0018C
_ANSELB                                          (abs)        0018D
_ANSELC                                          (abs)        0018E
_APFCON                                          (abs)        0011D
_BAUDCON                                         (abs)        0019F
_Bq32k_Rtc_Read_Time                             text29       00F9C
_Bq32k_Time_Init                                 text56       00A02
_CH1_state                                       bssBANK1     000B2
_CH1_temperature                                 bssBANK0     00065
_CH2_state                                       bssBANK1     000B3
_CH2_temperature                                 bssBANK0     00067
_Calculate_Time                                  text19       001E7
_Cur_Save_Index                                  bssBANK1     000AE
_Cur_temperature_time_ch1                        bssBANK1     000B4
_Cur_temperature_time_ch2                        bssBANK1     000B5
_Dis_TAB                                         stringtext   01000
_EUSART_Initialize                               text10       008B3
_EUSART_Write                                    text55       00890
_FLASH_EraseBlock                                text27       00A38
_FLASH_ReadWord                                  text28       0099A
_FLASH_WriteBlock                                text26       00719
_FLASH_WriteWord                                 text25       00D77
_FVRCON                                          (abs)        00117
_FVRCONbits                                      (abs)        00117
_FVR_Initialize                                  text9        0086A
_Flash_buff                                      bssBANK2     00120
_I2C_Read_Buffer                                 text32       0062F
_I2C_Receive_Byte                                text33       00B1C
_I2C_Send_Buffer                                 text57       00CFF
_I2C_Send_Byte                                   text60       00E4A
_I2C_Start                                       text59       00968
_I2C_Stop                                        text58       00981
_INTCONbits                                      (abs)        0000B
_INTERRUPT_InterruptManager                      intentry     00004
_Key_Process                                     text12       005A2
_Key_Scan                                        text54       00AD4
_LATA                                            (abs)        0010C
_LATA0                                           (abs)        00860
_LATA1                                           (abs)        00861
_LATA2                                           (abs)        00862
_LATA3                                           (abs)        00863
_LATA4                                           (abs)        00864
_LATA5                                           (abs)        00865
_LATB                                            (abs)        0010D
_LATB0                                           (abs)        00868
_LATB1                                           (abs)        00869
_LATC                                            (abs)        0010E
_LATC0                                           (abs)        00870
_LATC1                                           (abs)        00871
_LATC2                                           (abs)        00872
_LongPressSec                                    bssBANK0     00069
_MAX31856Sec                                     bssBANK1     000B6
_OPTION_REG                                      (abs)        00095
_OPTION_REGbits                                  (abs)        00095
_OSCCON                                          (abs)        00099
_OSCILLATOR_Initialize                           text8        00873
_OSCSTAT                                         (abs)        0009A
_PIN_MANAGER_Initialize                          text7        00AB2
_PIR1bits                                        (abs)        00011
_PMADRH                                          (abs)        00192
_PMADRL                                          (abs)        00191
_PMCON1bits                                      (abs)        00195
_PMCON2                                          (abs)        00196
_PMDATH                                          (abs)        00194
_PMDATL                                          (abs)        00193
_RA7                                             (abs)        00067
_RB1                                             (abs)        00069
_RB3                                             (abs)        0006B
_RB5                                             (abs)        0006D
_RCREG                                           (abs)        00199
_RCSTA                                           (abs)        0019D
_RCSTAbits                                       (abs)        0019D
_Record_flag                                     bssBANK0     0006A
_SPBRGH                                          (abs)        0019C
_SPBRGL                                          (abs)        0019B
_SPI_Exchange8bit                                text46       008A0
_SPI_Exchange8bitBuffer                          text45       00E96
_SPI_Initialize                                  text6        0087E
_SSP1ADD                                         (abs)        00212
_SSP1CON1                                        (abs)        00215
_SSP1CON1bits                                    (abs)        00215
_SSP1STAT                                        (abs)        00214
_SSP1STATbits                                    (abs)        00214
_SSPBUF                                          (abs)        00211
_SYSTEM_Initialize                               text4        00923
_Save_Write_time                                 text23       006A7
_Save_Write_word                                 text24       007E8
_Save_process                                    text3        00F39
_SendBit_1621                                    text53       00A72
_SendCmd_1621                                    text52       00938
_SendDataBit_1621                                text49       00A92
_Serach_Flash_Head                               text2        00C61
_Set_finish_flag                                 text51       0086E
_Set_start_flag                                  text50       00878
_TMR0                                            (abs)        00015
_TMR0_CallBack                                   text64       00AF7
_TMR0_ISR                                        text63       009E7
_TMR0_Initialize                                 text5        008DC
_TRISA                                           (abs)        0008C
_TRISB                                           (abs)        0008D
_TRISB1                                          (abs)        00469
_TRISB3                                          (abs)        0046B
_TRISC                                           (abs)        0008E
_TXREG                                           (abs)        0019A
_TXSTA                                           (abs)        0019E
_Tc_Display                                      text36       0044F
_Two_Display                                     text47       00BFD
_WPUB                                            (abs)        0020D
_WPUE                                            (abs)        00210
_WriteAll_1621                                   text48       00C95
_Write_Flash_finish                              text22       00B9F
_Write_Flash_head                                text21       00BCE
__CFG_BOREN$ON                                   (abs)        00000
__CFG_BORV$LO                                    (abs)        00000
__CFG_CLKOUTEN$OFF                               (abs)        00000
__CFG_CP$OFF                                     (abs)        00000
__CFG_FCMEN$ON                                   (abs)        00000
__CFG_FOSC$INTOSC                                (abs)        00000
__CFG_IESO$ON                                    (abs)        00000
__CFG_LPBOR$OFF                                  (abs)        00000
__CFG_LVP$OFF                                    (abs)        00000
__CFG_MCLRE$ON                                   (abs)        00000
__CFG_PWRTE$OFF                                  (abs)        00000
__CFG_STVREN$ON                                  (abs)        00000
__CFG_VCAPEN$OFF                                 (abs)        00000
__CFG_WDTE$OFF                                   (abs)        00000
__CFG_WRT$OFF                                    (abs)        00000
__Habs1                                          abs1         00000
__Hbank0                                         bank0        00000
__Hbank1                                         bank1        00000
__Hbank10                                        bank10       00000
__Hbank11                                        bank11       00000
__Hbank12                                        bank12       00000
__Hbank13                                        bank13       00000
__Hbank14                                        bank14       00000
__Hbank15                                        bank15       00000
__Hbank16                                        bank16       00000
__Hbank17                                        bank17       00000
__Hbank18                                        bank18       00000
__Hbank19                                        bank19       00000
__Hbank2                                         bank2        00000
__Hbank20                                        bank20       00000
__Hbank21                                        bank21       00000
__Hbank22                                        bank22       00000
__Hbank23                                        bank23       00000
__Hbank24                                        bank24       00000
__Hbank25                                        bank25       00000
__Hbank26                                        bank26       00000
__Hbank27                                        bank27       00000
__Hbank28                                        bank28       00000
__Hbank29                                        bank29       00000
__Hbank3                                         bank3        00000
__Hbank30                                        bank30       00000
__Hbank31                                        bank31       00000
__Hbank4                                         bank4        00000
__Hbank5                                         bank5        00000
__Hbank6                                         bank6        00000
__Hbank7                                         bank7        00000
__Hbank8                                         bank8        00000
__Hbank9                                         bank9        00000
__Hbigram                                        bigram       00000
__HbssBANK0                                      bssBANK0     00000
__HbssBANK1                                      bssBANK1     00000
__HbssBANK2                                      bssBANK2     00000
__HbssCOMMON                                     bssCOMMON    00000
__Hcinit                                         cinit        0003F
__Hclrtext                                       clrtext      00000
__Hcode                                          code         00000
__Hcommon                                        common       00000
__Hconfig                                        config       08009
__HcstackBANK0                                   cstackBANK0  00000
__HcstackBANK2                                   cstackBANK2  00000
__HcstackCOMMON                                  cstackCOMMON 00000
__HdataBANK1                                     dataBANK1    00000
__Heeprom_data                                   eeprom_data  00000
__Hend_init                                      end_init     00015
__Hfunctab                                       functab      00000
__HidataBANK1                                    idataBANK1   00000
__Hidloc                                         idloc        00000
__Hinit                                          init         00013
__Hinittext                                      inittext     00000
__Hintentry                                      intentry     00013
__Hmaintext                                      maintext     00000
__HnvBANK1                                       nvBANK1      00000
__Hpowerup                                       powerup      00000
__Hram                                           ram          00000
__Hreset_vec                                     reset_vec    00002
__Hsfr0                                          sfr0         00000
__Hsfr1                                          sfr1         00000
__Hsfr10                                         sfr10        00000
__Hsfr11                                         sfr11        00000
__Hsfr12                                         sfr12        00000
__Hsfr13                                         sfr13        00000
__Hsfr14                                         sfr14        00000
__Hsfr15                                         sfr15        00000
__Hsfr16                                         sfr16        00000
__Hsfr17                                         sfr17        00000
__Hsfr18                                         sfr18        00000
__Hsfr19                                         sfr19        00000
__Hsfr2                                          sfr2         00000
__Hsfr20                                         sfr20        00000
__Hsfr21                                         sfr21        00000
__Hsfr22                                         sfr22        00000
__Hsfr23                                         sfr23        00000
__Hsfr24                                         sfr24        00000
__Hsfr25                                         sfr25        00000
__Hsfr26                                         sfr26        00000
__Hsfr27                                         sfr27        00000
__Hsfr28                                         sfr28        00000
__Hsfr29                                         sfr29        00000
__Hsfr3                                          sfr3         00000
__Hsfr30                                         sfr30        00000
__Hsfr31                                         sfr31        00000
__Hsfr4                                          sfr4         00000
__Hsfr5                                          sfr5         00000
__Hsfr6                                          sfr6         00000
__Hsfr7                                          sfr7         00000
__Hsfr8                                          sfr8         00000
__Hsfr9                                          sfr9         00000
__Hspace_0                                       (abs)        08009
__Hspace_1                                       (abs)        00165
__Hspace_2                                       (abs)        00000
__Hspace_3                                       (abs)        00000
__Hstack                                         stack        00000
__Hstrings                                       strings      00000
__Hstringtext                                    stringtext   00000
__Htext                                          text         00000
__Labs1                                          abs1         00000
__Lbank0                                         bank0        00000
__Lbank1                                         bank1        00000
__Lbank10                                        bank10       00000
__Lbank11                                        bank11       00000
__Lbank12                                        bank12       00000
__Lbank13                                        bank13       00000
__Lbank14                                        bank14       00000
__Lbank15                                        bank15       00000
__Lbank16                                        bank16       00000
__Lbank17                                        bank17       00000
__Lbank18                                        bank18       00000
__Lbank19                                        bank19       00000
__Lbank2                                         bank2        00000
__Lbank20                                        bank20       00000
__Lbank21                                        bank21       00000
__Lbank22                                        bank22       00000
__Lbank23                                        bank23       00000
__Lbank24                                        bank24       00000
__Lbank25                                        bank25       00000
__Lbank26                                        bank26       00000
__Lbank27                                        bank27       00000
__Lbank28                                        bank28       00000
__Lbank29                                        bank29       00000
__Lbank3                                         bank3        00000
__Lbank30                                        bank30       00000
__Lbank31                                        bank31       00000
__Lbank4                                         bank4        00000
__Lbank5                                         bank5        00000
__Lbank6                                         bank6        00000
__Lbank7                                         bank7        00000
__Lbank8                                         bank8        00000
__Lbank9                                         bank9        00000
__Lbigram                                        bigram       00000
__LbssBANK0                                      bssBANK0     00000
__LbssBANK1                                      bssBANK1     00000
__LbssBANK2                                      bssBANK2     00000
__LbssCOMMON                                     bssCOMMON    00000
__Lcinit                                         cinit        00015
__Lclrtext                                       clrtext      00000
__Lcode                                          code         00000
__Lcommon                                        common       00000
__Lconfig                                        config       08007
__LcstackBANK0                                   cstackBANK0  00000
__LcstackBANK2                                   cstackBANK2  00000
__LcstackCOMMON                                  cstackCOMMON 00000
__LdataBANK1                                     dataBANK1    00000
__Leeprom_data                                   eeprom_data  00000
__Lend_init                                      end_init     00013
__Lfunctab                                       functab      00000
__LidataBANK1                                    idataBANK1   00000
__Lidloc                                         idloc        00000
__Linit                                          init         00013
__Linittext                                      inittext     00000
__Lintentry                                      intentry     00004
__Lmaintext                                      maintext     00000
__LnvBANK1                                       nvBANK1      00000
__Lpowerup                                       powerup      00000
__Lram                                           ram          00000
__Lreset_vec                                     reset_vec    00000
__Lsfr0                                          sfr0         00000
__Lsfr1                                          sfr1         00000
__Lsfr10                                         sfr10        00000
__Lsfr11                                         sfr11        00000
__Lsfr12                                         sfr12        00000
__Lsfr13                                         sfr13        00000
__Lsfr14                                         sfr14        00000
__Lsfr15                                         sfr15        00000
__Lsfr16                                         sfr16        00000
__Lsfr17                                         sfr17        00000
__Lsfr18                                         sfr18        00000
__Lsfr19                                         sfr19        00000
__Lsfr2                                          sfr2         00000
__Lsfr20                                         sfr20        00000
__Lsfr21                                         sfr21        00000
__Lsfr22                                         sfr22        00000
__Lsfr23                                         sfr23        00000
__Lsfr24                                         sfr24        00000
__Lsfr25                                         sfr25        00000
__Lsfr26                                         sfr26        00000
__Lsfr27                                         sfr27        00000
__Lsfr28                                         sfr28        00000
__Lsfr29                                         sfr29        00000
__Lsfr3                                          sfr3         00000
__Lsfr30                                         sfr30        00000
__Lsfr31                                         sfr31        00000
__Lsfr4                                          sfr4         00000
__Lsfr5                                          sfr5         00000
__Lsfr6                                          sfr6         00000
__Lsfr7                                          sfr7         00000
__Lsfr8                                          sfr8         00000
__Lsfr9                                          sfr9         00000
__Lspace_0                                       (abs)        00000
__Lspace_1                                       (abs)        00000
__Lspace_2                                       (abs)        00000
__Lspace_3                                       (abs)        00000
__Lstack                                         stack        00000
__Lstrings                                       strings      00000
__Lstringtext                                    stringtext   00000
__Ltext                                          text         00000
__S0                                             (abs)        08009
__S1                                             (abs)        00165
__S2                                             (abs)        00000
___awdiv                                         text16       00EE7
___awdiv@counter                                 cstackBANK0  00020
___awdiv@dividend                                cstackCOMMON 00075
___awdiv@divisor                                 cstackCOMMON 00073
___awdiv@quotient                                cstackBANK0  00022
___awdiv@sign                                    cstackBANK0  00021
___awmod                                         text15       00DBC
___awmod@counter                                 cstackBANK0  00020
___awmod@dividend                                cstackCOMMON 00075
___awmod@divisor                                 cstackCOMMON 00073
___awmod@sign                                    cstackBANK0  00021
___bmul                                          text31       008FD
___bmul@multiplicand                             cstackCOMMON 00073
___bmul@multiplier                               cstackCOMMON 00076
___bmul@product                                  cstackCOMMON 00075
___int_sp                                        stack        00000
___latbits                                       (abs)        00003
___lwdiv                                         text39       00CCA
___lwdiv@counter                                 cstackBANK0  00026
___lwdiv@dividend                                cstackBANK0  00023
___lwdiv@divisor                                 cstackBANK0  00021
___lwdiv@quotient                                cstackBANK0  00027
___lwmod                                         text38       00B72
___lwmod@counter                                 cstackBANK0  00020
___lwmod@dividend                                cstackCOMMON 00075
___lwmod@divisor                                 cstackCOMMON 00073
___sp                                            stack        00000
___wmul                                          text20       00A54
___wmul@multiplicand                             cstackCOMMON 00075
___wmul@multiplier                               cstackCOMMON 00073
___wmul@product                                  cstackBANK0  00020
__end_of_ADC_GetConversion                       text61       009CD
__end_of_ADC_Initialize                          text11       008A0
__end_of_Bq32k_Rtc_Read_Time                     text29       01000
__end_of_Bq32k_Time_Init                         text56       00A1D
__end_of_Calculate_Time                          text19       00388
__end_of_Dis_TAB                                 stringtext   01015
__end_of_EUSART_Initialize                       text10       008BF
__end_of_EUSART_Write                            text55       00898
__end_of_FLASH_EraseBlock                        text27       00A54
__end_of_FLASH_ReadWord                          text28       009B3
__end_of_FLASH_WriteBlock                        text26       00784
__end_of_FLASH_WriteWord                         text25       00DBC
__end_of_FVR_Initialize                          text9        0086E
__end_of_I2C_Read_Buffer                         text32       006A7
__end_of_I2C_Receive_Byte                        text33       00B46
__end_of_I2C_Send_Buffer                         text57       00D3A
__end_of_I2C_Send_Byte                           text60       00E96
__end_of_I2C_Start                               text59       00981
__end_of_I2C_Stop                                text58       0099A
__end_of_INTERRUPT_InterruptManager              intentry     00013
__end_of_Key_Process                             text12       0062F
__end_of_Key_Scan                                text54       00AF7
__end_of_OSCILLATOR_Initialize                   text8        00878
__end_of_PIN_MANAGER_Initialize                  text7        00AD4
__end_of_SPI_Exchange8bit                        text46       008A9
__end_of_SPI_Exchange8bitBuffer                  text45       00EE7
__end_of_SPI_Initialize                          text6        00884
__end_of_SYSTEM_Initialize                       text4        00938
__end_of_Save_Write_time                         text23       00719
__end_of_Save_Write_word                         text24       00800
__end_of_Save_process                            text3        00F9C
__end_of_SendBit_1621                            text53       00A92
__end_of_SendCmd_1621                            text52       00950
__end_of_SendDataBit_1621                        text49       00AB2
__end_of_Serach_Flash_Head                       text2        00C95
__end_of_Set_finish_flag                         text51       00873
__end_of_Set_start_flag                          text50       0087E
__end_of_TMR0_CallBack                           text64       00B1C
__end_of_TMR0_ISR                                text63       00A02
__end_of_TMR0_Initialize                         text5        008EC
__end_of_Tc_Display                              text36       0050D
__end_of_Two_Display                             text47       00C2E
__end_of_WriteAll_1621                           text48       00CCA
__end_of_Write_Flash_finish                      text22       00BCE
__end_of_Write_Flash_head                        text21       00BFD
__end_of___awdiv                                 text16       00F39
__end_of___awmod                                 text15       00E02
__end_of___bmul                                  text31       0090E
__end_of___lwdiv                                 text39       00CFF
__end_of___lwmod                                 text38       00B9F
__end_of___wmul                                  text20       00A72
__end_of__initialization                         cinit        0003B
__end_of_bcd2bin                                 text30       00923
__end_of_err_Display                             text35       00B72
__end_of_main                                    maintext     0044F
__end_of_maxim_31856_init                        text1        007E8
__end_of_maxim_31856_read_nregisters             text44       00968
__end_of_maxim_31856_read_register               text43       008FD
__end_of_maxim_31856_write_register              text42       008CC
__end_of_maxim_clear_fault_status                text34       008DC
__end_of_maxim_start_conversion                  text41       009E7
__end_of_memset                                  text37       00A38
__end_of_one_temperature_trans                   text40       00E4A
__end_of_tc_temperature_trans                    text18       001E7
__end_of_temperature_display                     text17       00D77
__end_of_temperature_process                     text13       00C61
__end_of_time_Display                            text14       005A2
__initialization                                 cinit        00015
__pbssBANK0                                      bssBANK0     00061
__pbssBANK1                                      bssBANK1     000A0
__pbssBANK2                                      bssBANK2     00120
__pbssCOMMON                                     bssCOMMON    00078
__pcstackBANK0                                   cstackBANK0  00020
__pcstackBANK2                                   cstackBANK2  00160
__pcstackCOMMON                                  cstackCOMMON 00070
__pdataBANK1                                     dataBANK1    000E1
__pidataBANK1                                    idataBANK1   008A9
__pintentry                                      intentry     00004
__pmaintext                                      maintext     00388
__pnvBANK1                                       nvBANK1      000EB
__pstringtext                                    stringtext   01000
__ptext1                                         text1        00784
__ptext10                                        text10       008B3
__ptext11                                        text11       00898
__ptext12                                        text12       005A2
__ptext13                                        text13       00C2E
__ptext14                                        text14       0050D
__ptext15                                        text15       00DBC
__ptext16                                        text16       00EE7
__ptext17                                        text17       00D3A
__ptext18                                        text18       0003F
__ptext19                                        text19       001E7
__ptext2                                         text2        00C61
__ptext20                                        text20       00A54
__ptext21                                        text21       00BCE
__ptext22                                        text22       00B9F
__ptext23                                        text23       006A7
__ptext24                                        text24       007E8
__ptext25                                        text25       00D77
__ptext26                                        text26       00719
__ptext27                                        text27       00A38
__ptext28                                        text28       0099A
__ptext29                                        text29       00F9C
__ptext3                                         text3        00F39
__ptext30                                        text30       0090E
__ptext31                                        text31       008FD
__ptext32                                        text32       0062F
__ptext33                                        text33       00B1C
__ptext34                                        text34       008CC
__ptext35                                        text35       00B46
__ptext36                                        text36       0044F
__ptext37                                        text37       00A1D
__ptext38                                        text38       00B72
__ptext39                                        text39       00CCA
__ptext4                                         text4        00923
__ptext40                                        text40       00E02
__ptext41                                        text41       009CD
__ptext42                                        text42       008BF
__ptext43                                        text43       008EC
__ptext44                                        text44       00950
__ptext45                                        text45       00E96
__ptext46                                        text46       008A0
__ptext47                                        text47       00BFD
__ptext48                                        text48       00C95
__ptext49                                        text49       00A92
__ptext5                                         text5        008DC
__ptext50                                        text50       00878
__ptext51                                        text51       0086E
__ptext52                                        text52       00938
__ptext53                                        text53       00A72
__ptext54                                        text54       00AD4
__ptext55                                        text55       00890
__ptext56                                        text56       00A02
__ptext57                                        text57       00CFF
__ptext58                                        text58       00981
__ptext59                                        text59       00968
__ptext6                                         text6        0087E
__ptext60                                        text60       00E4A
__ptext61                                        text61       009B3
__ptext63                                        text63       009E7
__ptext64                                        text64       00AF7
__ptext7                                         text7        00AB2
__ptext8                                         text8        00873
__ptext9                                         text9        0086A
__size_of_ADC_GetConversion                      (abs)        00000
__size_of_ADC_Initialize                         (abs)        00000
__size_of_Bq32k_Rtc_Read_Time                    (abs)        00000
__size_of_Bq32k_Time_Init                        (abs)        00000
__size_of_Calculate_Time                         (abs)        00000
__size_of_EUSART_Initialize                      (abs)        00000
__size_of_EUSART_Write                           (abs)        00000
__size_of_FLASH_EraseBlock                       (abs)        00000
__size_of_FLASH_ReadWord                         (abs)        00000
__size_of_FLASH_WriteBlock                       (abs)        00000
__size_of_FLASH_WriteWord                        (abs)        00000
__size_of_FVR_Initialize                         (abs)        00000
__size_of_I2C_Read_Buffer                        (abs)        00000
__size_of_I2C_Receive_Byte                       (abs)        00000
__size_of_I2C_Send_Buffer                        (abs)        00000
__size_of_I2C_Send_Byte                          (abs)        00000
__size_of_I2C_Start                              (abs)        00000
__size_of_I2C_Stop                               (abs)        00000
__size_of_INTERRUPT_InterruptManager             (abs)        00000
__size_of_Key_Process                            (abs)        00000
__size_of_Key_Scan                               (abs)        00000
__size_of_OSCILLATOR_Initialize                  (abs)        00000
__size_of_PIN_MANAGER_Initialize                 (abs)        00000
__size_of_SPI_Exchange8bit                       (abs)        00000
__size_of_SPI_Exchange8bitBuffer                 (abs)        00000
__size_of_SPI_Initialize                         (abs)        00000
__size_of_SYSTEM_Initialize                      (abs)        00000
__size_of_Save_Write_time                        (abs)        00000
__size_of_Save_Write_word                        (abs)        00000
__size_of_Save_process                           (abs)        00000
__size_of_SendBit_1621                           (abs)        00000
__size_of_SendCmd_1621                           (abs)        00000
__size_of_SendDataBit_1621                       (abs)        00000
__size_of_Serach_Flash_Head                      (abs)        00000
__size_of_Set_finish_flag                        (abs)        00000
__size_of_Set_start_flag                         (abs)        00000
__size_of_TMR0_CallBack                          (abs)        00000
__size_of_TMR0_ISR                               (abs)        00000
__size_of_TMR0_Initialize                        (abs)        00000
__size_of_Tc_Display                             (abs)        00000
__size_of_Two_Display                            (abs)        00000
__size_of_WriteAll_1621                          (abs)        00000
__size_of_Write_Flash_finish                     (abs)        00000
__size_of_Write_Flash_head                       (abs)        00000
__size_of___awdiv                                (abs)        00000
__size_of___awmod                                (abs)        00000
__size_of___bmul                                 (abs)        00000
__size_of___lwdiv                                (abs)        00000
__size_of___lwmod                                (abs)        00000
__size_of___wmul                                 (abs)        00000
__size_of_bcd2bin                                (abs)        00000
__size_of_err_Display                            (abs)        00000
__size_of_main                                   (abs)        00000
__size_of_maxim_31856_init                       (abs)        00000
__size_of_maxim_31856_read_nregisters            (abs)        00000
__size_of_maxim_31856_read_register              (abs)        00000
__size_of_maxim_31856_write_register             (abs)        00000
__size_of_maxim_clear_fault_status               (abs)        00000
__size_of_maxim_start_conversion                 (abs)        00000
__size_of_memset                                 (abs)        00000
__size_of_one_temperature_trans                  (abs)        00000
__size_of_tc_temperature_trans                   (abs)        00000
__size_of_temperature_display                    (abs)        00000
__size_of_temperature_process                    (abs)        00000
__size_of_time_Display                           (abs)        00000
_bcd2bin                                         text30       0090E
_display_buff                                    bssBANK1     000DD
_err_Display                                     text35       00B46
_main                                            maintext     00388
_maxim_31856_init                                text1        00784
_maxim_31856_read_nregisters                     text44       00950
_maxim_31856_read_register                       text43       008EC
_maxim_31856_write_register                      text42       008BF
_maxim_clear_fault_status                        text34       008CC
_maxim_start_conversion                          text41       009CD
_memset                                          text37       00A1D
_one_temperature_trans                           text40       00E02
_rtc_save_ch1                                    bssBANK1     000C8
_rtc_save_ch2                                    bssBANK1     000CF
_rtc_tm                                          bssBANK1     000D6
_tc_temperature_trans                            text18       0003F
_temperature_decimal                             bssBANK0     0006B
_temperature_display                             text17       00D3A
_temperature_int                                 bssCOMMON    00078
_temperature_process                             text13       00C2E
_temperature_sign                                bssBANK1     000B7
_temperature_value                               bssBANK0     00061
_time_Display                                    text14       0050D
_time_count                                      bssBANK0     0006C
_timer0ReloadVal                                 nvBANK1      000EB
_uch_cjth                                        bssBANK1     000B9
_uch_cjtl                                        bssBANK1     000BA
_uch_cr0                                         bssCOMMON    0007A
_uch_cr1                                         bssBANK1     000BB
_uch_ltcbh                                       bssBANK0     0006D
_uch_ltcbl                                       bssBANK1     000BC
_uch_ltcbm                                       bssBANK1     000BD
_uch_mask                                        bssBANK1     000BE
_uch_reg                                         bssBANK1     000C0
_uch_sr                                          bssBANK1     000BF
bcd2bin@val                                      cstackCOMMON 00077
btemp                                            (abs)        0007E
clear_ram0                                       clrtext      0088A
end_of_initialization                            cinit        0003B
err_Display@F2126                                bssBANK1     000A4
err_Display@num                                  cstackBANK0  00027
init_ram                                         inittext     00884
int$flags                                        (abs)        0007E
intlevel0                                        functab      00000
intlevel1                                        functab      00000
intlevel2                                        functab      00000
intlevel3                                        functab      00000
intlevel4                                        functab      00000
intlevel5                                        functab      00000
ltemp                                            (abs)        0007E
ltemp0                                           (abs)        0007E
ltemp1                                           (abs)        00082
ltemp2                                           (abs)        00086
ltemp3                                           (abs)        00080
main@bat_data                                    cstackBANK2  00163
main@data_temp                                   cstackBANK2  00160
main@i                                           cstackBANK2  00162
maxim_31856_read_nregisters@uch_buff             cstackBANK0  00023
maxim_31856_read_nregisters@uch_nBytes           cstackBANK0  00024
maxim_31856_read_nregisters@uch_register_address cstackBANK0  00027
maxim_31856_read_register@uch_register_address   cstackCOMMON 00075
maxim_31856_read_register@uch_register_data      cstackCOMMON 00076
maxim_31856_write_register@uch_register_address  cstackCOMMON 00075
maxim_31856_write_register@uch_register_value    cstackCOMMON 00074
maxim_start_conversion@uch_conversion_mode       cstackBANK0  00020
memset@c                                         cstackCOMMON 00073
memset@n                                         cstackCOMMON 00075
[...]
      Temps:          2       0       0       0       0       0       0       0       0       0       0       0       0       0
      Totals:         3       0       0       0       0       0       0       0       0       0       0       0       0       0
Total ram usage:        3 bytes
 Hardware stack levels used:    1
 Hardware stack levels required when called:    3
 This function calls:
		Nothing
 This function is called by:
		_Key_Process
 This function uses a non-reentrant model


 *************** function _EUSART_Write *****************
 Defined at:
		line 91 in file "mcc_generated_files/eusart.c"
 Parameters:    Size  Location     Type
  txData          1    wreg     unsigned char 
 Auto vars:     Size  Location     Type
  txData          1    3[COMMON] unsigned char 
 Return value:  Size  Location     Type
                  1    wreg      void 
 Registers used:
		wreg
 Tracked objects:
		On entry : 
		On exit  : 
		Unchanged: 
 Data sizes:     COMMON   BANK0   BANK1   BANK2   BANK3   BANK4   BANK5   BANK6   BANK7   BANK8   BANK9  BANK10  BANK11  BANK12
      Params:         0       0       0       0       0       0       0       0       0       0       0       0       0       0
      Locals:         1       0       0       0       0       0       0       0       0       0       0       0       0       0
      Temps:          0       0       0       0       0       0       0       0       0       0       0       0       0       0
      Totals:         1       0       0       0       0       0       0       0       0       0       0       0       0       0
Total ram usage:        1 bytes
 Hardware stack levels used:    1
 Hardware stack levels required when called:    3
 This function calls:
		Nothing
 This function is called by:
		_Key_Process
		_EUSART_SendString
 This function uses a non-reentrant model


 *************** function _Bq32k_Time_Init *****************
 Defined at:
		line 17 in file "mcc_generated_files/bq32k.c"
 Parameters:    Size  Location     Type
		None
 Auto vars:     Size  Location     Type
  temp           10    7[BANK0 ] unsigned char [10]
  time            7    0        struct bq32k_regs
 Return value:  Size  Location     Type
                  1    wreg      void 
 Registers used:
		wreg, fsr0l, fsr0h, fsr1l, fsr1h, status,2, status,0, pclath, cstack
 Tracked objects:
		On entry : 
		On exit  : 
		Unchanged: 
 Data sizes:     COMMON   BANK0   BANK1   BANK2   BANK3   BANK4   BANK5   BANK6   BANK7   BANK8   BANK9  BANK10  BANK11  BANK12
      Params:         0       0       0       0       0       0       0       0       0       0       0       0       0       0
      Locals:         0      10       0       0       0       0       0       0       0       0       0       0       0       0
      Temps:          0       2       0       0       0       0       0       0       0       0       0       0       0       0
      Totals:         0      12       0       0       0       0       0       0       0       0       0       0       0       0
Total ram usage:       12 bytes
 Hardware stack levels used:    1
 Hardware stack levels required when called:    5
 This function calls:
		_I2C_Send_Buffer
 This function is called by:
		_main
 This function uses a non-reentrant model


 *************** function _I2C_Send_Buffer *****************
 Defined at:
		line 173 in file "mcc_generated_files/i2c.c"
 Parameters:    Size  Location     Type
  ADD             1    wreg     unsigned char 
  buff            1    6[COMMON] PTR unsigned char 
		 -> Bq32k_Rtc_Write_Time@temp(10), Bq32k_Time_Init@temp(10), 
  Length          1    7[COMMON] unsigned char 
 Auto vars:     Size  Location     Type
  ADD             1    2[BANK0 ] unsigned char 
  Flag            1    4[BANK0 ] unsigned char 
  i               1    3[BANK0 ] unsigned char 
 Return value:  Size  Location     Type
                  1    wreg      unsigned char 
 Registers used:
		wreg, fsr1l, fsr1h, status,2, status,0, pclath, cstack
 Tracked objects:
		On entry : 
		On exit  : 
		Unchanged: 
 Data sizes:     COMMON   BANK0   BANK1   BANK2   BANK3   BANK4   BANK5   BANK6   BANK7   BANK8   BANK9  BANK10  BANK11  BANK12
      Params:         2       0       0       0       0       0       0       0       0       0       0       0       0       0
      Locals:         0       3       0       0       0       0       0       0       0       0       0       0       0       0
      Temps:          0       2       0       0       0       0       0       0       0       0       0       0       0       0
      Totals:         2       5       0       0       0       0       0       0       0       0       0       0       0       0
Total ram usage:        7 bytes
 Hardware stack levels used:    1
 Hardware stack levels required when called:    4
 This function calls:
		_I2C_Send_Byte
		_I2C_Start
		_I2C_Stop
 This function is called by:
		_Bq32k_Time_Init
		_Bq32k_Rtc_Write_Time
 This function uses a non-reentrant model


 *************** function _I2C_Stop *****************
 Defined at:
		line 102 in file "mcc_generated_files/i2c.c"
 Parameters:    Size  Location     Type
		None
 Auto vars:     Size  Location     Type
		None
 Return value:  Size  Location     Type
                  1    wreg      void 
 Registers used:
		wreg
 Tracked objects:
		On entry : 
		On exit  : 
		Unchanged: 
 Data sizes:     COMMON   BANK0   BANK1   BANK2   BANK3   BANK4   BANK5   BANK6   BANK7   BANK8   BANK9  BANK10  BANK11  BANK12
      Params:         0       0       0       0       0       0       0       0       0       0       0       0       0       0
      Locals:         0       0       0       0       0       0       0       0       0       0       0       0       0       0
      Temps:          1       0       0       0       0       0       0       0       0       0       0       0       0       0
      Totals:         1       0       0       0       0       0       0       0       0       0       0       0       0       0
Total ram usage:        1 bytes
 Hardware stack levels used:    1
 Hardware stack levels required when called:    3
 This function calls:
		Nothing
 This function is called by:
		_I2C_Read_Buffer
		_I2C_Send_Buffer
 This function uses a non-reentrant model


 *************** function _I2C_Start *****************
 Defined at:
		line 16 in file "mcc_generated_files/i2c.c"
 Parameters:    Size  Location     Type
		None
 Auto vars:     Size  Location     Type
		None
 Return value:  Size  Location     Type
                  1    wreg      void 
 Registers used:
		wreg
 Tracked objects:
		On entry : 
		On exit  : 
		Unchanged: 
 Data sizes:     COMMON   BANK0   BANK1   BANK2   BANK3   BANK4   BANK5   BANK6   BANK7   BANK8   BANK9  BANK10  BANK11  BANK12
      Params:         0       0       0       0       0       0       0       0       0       0       0       0       0       0
      Locals:         0       0       0       0       0       0       0       0       0       0       0       0       0       0
      Temps:          1       0       0       0       0       0       0       0       0       0       0       0       0       0
      Totals:         1       0       0       0       0       0       0       0       0       0       0       0       0       0
Total ram usage:        1 bytes
 Hardware stack levels used:    1
 Hardware stack levels required when called:    3
 This function calls:
		Nothing
 This function is called by:
		_I2C_Read_Buffer
		_I2C_Send_Buffer
 This function uses a non-reentrant model


 *************** function _I2C_Send_Byte *****************
 Defined at:
		line 34 in file "mcc_generated_files/i2c.c"
 Parameters:    Size  Location     Type
  Data            1    wreg     unsigned char 
 Auto vars:     Size  Location     Type
  Data            1    4[COMMON] unsigned char 
  i               1    5[COMMON] unsigned char 
 Return value:  Size  Location     Type
                  1    wreg      unsigned char 
 Registers used:
		wreg, status,2, status,0
 Tracked objects:
		On entry : 
		On exit  : 
		Unchanged: 
 Data sizes:     COMMON   BANK0   BANK1   BANK2   BANK3   BANK4   BANK5   BANK6   BANK7   BANK8   BANK9  BANK10  BANK11  BANK12
      Params:         0       0       0       0       0       0       0       0       0       0       0       0       0       0
      Locals:         2       0       0       0       0       0       0       0       0       0       0       0       0       0
      Temps:          1       0       0       0       0       0       0       0       0       0       0       0       0       0
      Totals:         3       0       0       0       0       0       0       0       0       0       0       0       0       0
Total ram usage:        3 bytes
 Hardware stack levels used:    1
 Hardware stack levels required when called:    3
 This function calls:
		Nothing
 This function is called by:
		_I2C_Read_Buffer
		_I2C_Send_Buffer
 This function uses a non-reentrant model


 *************** function _ADC_GetConversion *****************
 Defined at:
		line 106 in file "mcc_generated_files/adc.c"
 Parameters:    Size  Location     Type
  channel         1    wreg     enum E1850
 Auto vars:     Size  Location     Type
  channel         1    6[COMMON] enum E1850
 Return value:  Size  Location     Type
                  2    3[COMMON] unsigned int 
 Registers used:
		wreg, status,2, status,0
 Tracked objects:
		On entry : 
		On exit  : 
		Unchanged: 
 Data sizes:     COMMON   BANK0   BANK1   BANK2   BANK3   BANK4   BANK5   BANK6   BANK7   BANK8   BANK9  BANK10  BANK11  BANK12
      Params:         2       0       0       0       0       0       0       0       0       0       0       0       0       0
      Locals:         1       0       0       0       0       0       0       0       0       0       0       0       0       0
      Temps:          1       0       0       0       0       0       0       0       0       0       0       0       0       0
      Totals:         4       0       0       0       0       0       0       0       0       0       0       0       0       0
Total ram usage:        4 bytes
 Hardware stack levels used:    1
 Hardware stack levels required when called:    3
 This function calls:
		Nothing
 This function is called by:
		_main
 This function uses a non-reentrant model


 *************** function _INTERRUPT_InterruptManager *****************
 Defined at:
		line 52 in file "mcc_generated_files/interrupt_manager.c"
 Parameters:    Size  Location     Type
		None
 Auto vars:     Size  Location     Type
		None
 Return value:  Size  Location     Type
                  1    wreg      void 
 Registers used:
		wreg, status,2, status,0, pclath, cstack
 Tracked objects:
		On entry : 
		On exit  : 
		Unchanged: 
 Data sizes:     COMMON   BANK0   BANK1   BANK2   BANK3   BANK4   BANK5   BANK6   BANK7   BANK8   BANK9  BANK10  BANK11  BANK12
      Params:         0       0       0       0       0       0       0       0       0       0       0       0       0       0
      Locals:         0       0       0       0       0       0       0       0       0       0       0       0       0       0
      Temps:          1       0       0       0       0       0       0       0       0       0       0       0       0       0
      Totals:         1       0       0       0       0       0       0       0       0       0       0       0       0       0
Total ram usage:        1 bytes
 Hardware stack levels used:    1
 Hardware stack levels required when called:    2
 This function calls:
		_TMR0_ISR
 This function is called by:
		Interrupt level 1
 This function uses a non-reentrant model


 *************** function _TMR0_ISR *****************
 Defined at:
		line 103 in file "mcc_generated_files/tmr0.c"
 Parameters:    Size  Location     Type
		None
 Auto vars:     Size  Location     Type
		None
 Return value:  Size  Location     Type
                  1    wreg      void 
 Registers used:
		wreg, status,2, status,0, pclath, cstack
 Tracked objects:
		On entry : 
		On exit  : 
		Unchanged: 
 Data sizes:     COMMON   BANK0   BANK1   BANK2   BANK3   BANK4   BANK5   BANK6   BANK7   BANK8   BANK9  BANK10  BANK11  BANK12
      Params:         0       0       0       0       0       0       0       0       0       0       0       0       0       0
      Locals:         0       0       0       0       0       0       0       0       0       0       0       0       0       0
      Temps:          1       0       0       0       0       0       0       0       0       0       0       0       0       0
      Totals:         1       0       0       0       0       0       0       0       0       0       0       0       0       0
Total ram usage:        1 bytes
 Hardware stack levels used:    1
 Hardware stack levels required when called:    1
 This function calls:
		_TMR0_CallBack
 This function is called by:
		_INTERRUPT_InterruptManager
 This function uses a non-reentrant model


 *************** function _TMR0_CallBack *****************
 Defined at:
		line 125 in file "mcc_generated_files/tmr0.c"
 Parameters:    Size  Location     Type
		None
 Auto vars:     Size  Location     Type
		None
 Return value:  Size  Location     Type
                  1    wreg      void 
 Registers used:
		wreg, status,2, status,0
 Tracked objects:
		On entry : 
		On exit  : 
		Unchanged: 
 Data sizes:     COMMON   BANK0   BANK1   BANK2   BANK3   BANK4   BANK5   BANK6   BANK7   BANK8   BANK9  BANK10  BANK11  BANK12
      Params:         0       0       0       0       0       0       0       0       0       0       0       0       0       0
      Locals:         0       0       0       0       0       0       0       0       0       0       0       0       0       0
      Temps:          1       0       0       0       0       0       0       0       0       0       0       0       0       0
      Totals:         1       0       0       0       0       0       0       0       0       0       0       0       0       0
Total ram usage:        1 bytes
 Hardware stack levels used:    1
 This function calls:
		Nothing
 This function is called by:
		_TMR0_ISR
 This function uses a non-reentrant model



MODULE INFORMATION

Module		Function		Class		Link	Load	Size
mcc_generated_files/max31856.c
		_one_temperature_trans		CODE           	0E02	0000	73
		_maxim_31856_read_nregisters		CODE           	0950	0000	25
		_maxim_31856_read_register		CODE           	08EC	0000	18
		_maxim_31856_init		CODE           	0784	0000	101
		_maxim_clear_fault_status		CODE           	08CC	0000	17
		_tc_temperature_trans		CODE           	003F	0000	425
		_maxim_start_conversion		CODE           	09CD	0000	27
		_temperature_process		CODE           	0C2E	0000	52
		_temperature_display		CODE           	0D3A	0000	62
		_maxim_31856_write_register		CODE           	08BF	0000	14

mcc_generated_files/max31856.c estimated size: 814

mcc_generated_files/fvr.c
		_FVR_Initialize		CODE           	086A	0000	5

mcc_generated_files/fvr.c estimated size: 5

mcc_generated_files/interrupt_manager.c
		_INTERRUPT_InterruptManager		CODE           	0004	0000	16

mcc_generated_files/interrupt_manager.c estimated size: 16

mcc_generated_files/i2c.c
		_I2C_Receive_Byte		CODE           	0B1C	0000	43
		_I2C_Read_Buffer		CODE           	062F	0000	121
		_I2C_Send_Buffer		CODE           	0CFF	0000	60
		_I2C_Stop      		CODE           	0981	0000	26
		_I2C_Send_Byte 		CODE           	0E4A	0000	77
		_I2C_Start     		CODE           	0968	0000	26

mcc_generated_files/i2c.c estimated size: 353

mcc_generated_files/bq32k.c
		_Bq32k_Time_Init		CODE           	0A02	0000	28
		_bcd2bin       		CODE           	090E	0000	22
		_Bq32k_Rtc_Read_Time		CODE           	0F9C	0000	101

mcc_generated_files/bq32k.c estimated size: 151

mcc_generated_files/tmr0.c
		_TMR0_CallBack 		CODE           	0AF7	0000	38
		_TMR0_ISR      		CODE           	09E7	0000	28
		_TMR0_Initialize		CODE           	08DC	0000	17

mcc_generated_files/tmr0.c estimated size: 83

mcc_generated_files/pin_manager.c
		_PIN_MANAGER_Initialize		CODE           	0AB2	0000	35

mcc_generated_files/pin_manager.c estimated size: 35

mcc_generated_files/ht1621.c
		_WriteAll_1621 		CODE           	0C95	0000	54
		_SendCmd_1621  		CODE           	0938	0000	25
		_Two_Display   		CODE           	0BFD	0000	50
		_err_Display   		CODE           	0B46	0000	45
		_Tc_Display    		CODE           	044F	0000	191
		_SendBit_1621  		CODE           	0A72	0000	33
		_SendDataBit_1621		CODE           	0A92	0000	33
		_time_Display  		CODE           	050D	0000	150

mcc_generated_files/ht1621.c estimated size: 581

mcc_generated_files/adc.c
		_ADC_Initialize		CODE           	0898	0000	9
		_ADC_GetConversion		CODE           	09B3	0000	27

mcc_generated_files/adc.c estimated size: 36

mcc_generated_files/key.c
		_Key_Scan      		CODE           	0AD4	0000	36
		_Key_Process   		CODE           	05A2	0000	142

mcc_generated_files/key.c estimated size: 178

D:\Program Files (x86)\Microchip\xc8\v1.37\sources\common\lwmod.c
		___lwmod       		CODE           	0B72	0000	46

D:\Program Files (x86)\Microchip\xc8\v1.37\sources\common\lwmod.c estimated size: 46

D:\Program Files (x86)\Microchip\xc8\v1.37\sources\common\awmod.c
		___awmod       		CODE           	0DBC	0000	71

D:\Program Files (x86)\Microchip\xc8\v1.37\sources\common\awmod.c estimated size: 71

mcc_generated_files/save.c
		_Save_Write_time		CODE           	06A7	0000	115
		_Save_Write_word		CODE           	07E8	0000	25
		_Save_process  		CODE           	0F39	0000	100
		_Set_finish_flag		CODE           	086E	0000	6
		_Write_Flash_head		CODE           	0BCE	0000	48
		_Calculate_Time		CODE           	01E7	0000	418
		_Serach_Flash_Head		CODE           	0C61	0000	53
		_Write_Flash_finish		CODE           	0B9F	0000	48
		_Set_start_flag		CODE           	0878	0000	7

mcc_generated_files/save.c estimated size: 820

mcc_generated_files/spi.c
		_SPI_Exchange8bitBuffer		CODE           	0E96	0000	82
		_SPI_Exchange8bit		CODE           	08A0	0000	10
		_SPI_Initialize		CODE           	087E	0000	7

mcc_generated_files/spi.c estimated size: 99

shared
		_Dis_TAB       		STRCODE        	1000	0000	22
		__initialization		CODE           	0015	0000	39

shared estimated size: 61

mcc_generated_files/mcc.c
		_OSCILLATOR_Initialize		CODE           	0873	0000	6
		_SYSTEM_Initialize		CODE           	0923	0000	22

mcc_generated_files/mcc.c estimated size: 28

D:\Program Files (x86)\Microchip\xc8\v1.37\sources\common\memset.c
		_memset        		CODE           	0A1D	0000	28

D:\Program Files (x86)\Microchip\xc8\v1.37\sources\common\memset.c estimated size: 28

mcc_generated_files/memory.c
		_FLASH_EraseBlock		CODE           	0A38	0000	29
		_FLASH_ReadWord		CODE           	099A	0000	26
		_FLASH_WriteBlock		CODE           	0719	0000	108
		_FLASH_WriteWord		CODE           	0D77	0000	70

mcc_generated_files/memory.c estimated size: 233

mcc_generated_files/eusart.c
		_EUSART_Write  		CODE           	0890	0000	9
		_EUSART_Initialize		CODE           	08B3	0000	13

mcc_generated_files/eusart.c estimated size: 22

D:\Program Files (x86)\Microchip\xc8\v1.37\sources\common\lwdiv.c
		___lwdiv       		CODE           	0CCA	0000	54

D:\Program Files (x86)\Microchip\xc8\v1.37\sources\common\lwdiv.c estimated size: 54

D:\Program Files (x86)\Microchip\xc8\v1.37\sources\common\awdiv.c
		___awdiv       		CODE           	0EE7	0000	83

D:\Program Files (x86)\Microchip\xc8\v1.37\sources\common\awdiv.c estimated size: 83

main.c
		_main          		CODE           	0388	0000	200

main.c estimated size: 200

D:\Program Files (x86)\Microchip\xc8\v1.37\sources\common\Umul16.c
		___wmul        		CODE           	0A54	0000	31

D:\Program Files (x86)\Microchip\xc8\v1.37\sources\common\Umul16.c estimated size: 31

D:\Program Files (x86)\Microchip\xc8\v1.37\sources\common\Umul8.c
		___bmul        		CODE           	08FD	0000	18

D:\Program Files (x86)\Microchip\xc8\v1.37\sources\common\Umul8.c estimated size: 18

