Microchip MPLAB XC8 Compiler V1.37 ()

Linker command line:

-W-3 --edf=D:\Program Files (x86)\Microchip\xc8\v1.37\dat\en_msgs.txt -cs \
  -h+dist/default/production\thermocouple.X.production.sym \
  --cmf=dist/default/production\thermocouple.X.production.cmf -z -Q16F1518 \
  -oC:\Users\ADMINI~1\AppData\Local\Temp\sio0.2 \
  -Mdist/default/production/thermocouple.X.production.map -E1 -ver=XC8 \
  -ASTACK=02130h-023efh -pstack=STACK -ACODE=00h-07FFhx8 \
  -ASTRCODE=00h-03FFFh -ASTRING=00h-0FFhx64 -ACONST=00h-0FFhx64 \
  -AENTRY=00h-0FFhx64 -ACOMMON=070h-07Fh -ABANK0=020h-06Fh \
  -ABANK1=0A0h-0EFh -ABANK2=0120h-016Fh -ABANK3=01A0h-01EFh \
  -ABANK4=0220h-026Fh -ABANK5=02A0h-02EFh -ABANK6=0320h-036Fh \
  -ABANK7=03A0h-03EFh -ABANK8=0420h-046Fh -ABANK9=04A0h-04EFh \
  -ABANK10=0520h-056Fh -ABANK11=05A0h-05EFh -ABANK12=0620h-064Fh \
  -ABIGRAM=02000h-023EFh \
  -ARAM=020h-06Fh,0A0h-0EFh,0120h-016Fh,01A0h-01EFh,0220h-026Fh,02A0h-02EFh,0320h-036Fh,03A0h-03EFh,0420h-046Fh,04A0h-04EFh,0520h-056Fh,05A0h-05EFh,0620h-064Fh \
  -AABS1=020h-07Fh,0A0h-0EFh,0120h-016Fh,01A0h-01EFh,0220h-026Fh,02A0h-02EFh,0320h-036Fh,03A0h-03EFh,0420h-046Fh,04A0h-04EFh,0520h-056Fh,05A0h-05EFh,0620h-064Fh \
  -ASFR0=00h-01Fh -ASFR1=080h-09Fh -ASFR2=0100h-011Fh -ASFR3=0180h-019Fh \
  -ASFR4=0200h-021Fh -ASFR5=0280h-029Fh -ASFR6=0300h-031Fh \
  -ASFR7=0380h-039Fh -ASFR8=0400h-041Fh -ASFR9=0480h-049Fh \
  -ASFR10=0500h-051Fh -ASFR11=0580h-059Fh -ASFR12=0600h-061Fh \
  -ASFR13=0680h-06EFh -ASFR14=0700h-076Fh -ASFR15=0780h-07EFh \
  -ASFR16=0800h-086Fh -ASFR17=0880h-08EFh -ASFR18=0900h-096Fh \
  -ASFR19=0980h-09EFh -ASFR20=0A00h-0A6Fh -ASFR21=0A80h-0AEFh \
  -ASFR22=0B00h-0B6Fh -ASFR23=0B80h-0BEFh -ASFR24=0C00h-0C6Fh \
  -ASFR25=0C80h-0CEFh -ASFR26=0D00h-0D6Fh -ASFR27=0D80h-0DEFh \
  -ASFR28=0E00h-0E6Fh -ASFR29=0E80h-0EEFh -ASFR30=0F00h-0F6Fh \
  -ASFR31=0F80h-0FEFh -preset_vec=00h,intentry=04h,init,end_init \
  -ppowerup=CODE -pcinit=CODE -pfunctab=CODE -ACONFIG=08007h-08008h \
  -pconfig=CONFIG -DCONFIG=2 -AIDLOC=08000h-08003h -pidloc=IDLOC -DIDLOC=2 \
  -DCODE=2 -DSTRCODE=2 -DSTRING=2 -DCONST=2 -DENTRY=2 -k \
  C:\Users\ADMINI~1\AppData\Local\Temp\sio0.obj \
  dist/default/production\thermocouple.X.production.obj 

Object code version is 3.11

Machine type is 16F1518



                Name                               Link     Load   Length Selector   Space Scale
C:\Users\ADMINI~1\AppData\Local\Temp\sio0.obj
                end_init                             27       27        2        8       0
                reset_vec                             0        0        2        0       0
                config                             8007     8007        2    1000E       0
dist/default/production\thermocouple.X.production.obj
                cinit                                29       29       2F        8       0
                intentry                              4        4       23        8       0
                text73                              669      669       A4        8       0
                text72                              E2D      E2D       6F     1C5A       0
                text71                             1663     1663       1D     2CC6       0
                text70                             150B     150B        F     2A16       0
                text69                             15F6     15F6       1B     2BEC       0
                text67                             16BA     16BA       1E     2D74       0
                text66                             16F7     16F7       20     2DEE       0
                text65                              829      829       2B     1052       0
                text64                              7A3      7A3       56        8       0
                text63                             1680     1680       1D     2D00       0
                text62                             169D     169D       1D     2D3A       0
                text61                              A11      A11       3B     1422       0
                text60                              93C      93C       34     1278       0
                text59                              8DB      8DB       30     11B6       0
                text58                              F0E      F0E       78     1E1C       0
                text57                             155B     155B       12     2AB6       0
                text56                             156D     156D       15     2ADA       0
                text55                              CF7      CF7       64     19EE       0
                text54                              C45      C45       52     188A       0
                text53                              AC6      AC6       46     158C       0
                text52                              8AD      8AD       2E     115A       0
                text51                              C97      C97       60     192E       0
                text50                              F86      F86       7A     1F0C       0
                text49                             151A     151A       10     2A34       0
                text48                              D5B      D5B       69     1AB6       0
                text47                              A4C      A4C       3C     1498       0
                text46                             14EC     14EC        9     29D8       0
                text45                             17DD     17DD       23     2FBA       0
                text44                             1737     1737       21     2E6E       0
                text43                             15AC     15AC       18     2B58       0
                text42                             14CE     14CE        5     299C       0
                text41                             14D8     14D8        6     29B0       0
                text40                             1758     1758       21     2EB0       0
                text39                              970      970       35     12E0       0
                text38                              90B      90B       31     1216       0
                text37                             14FF     14FF        C     29FE       0
                text36                              BA3      BA3       51     1746       0
                text35                             15C4     15C4       18     2B88       0
                text34                             1582     1582       15     2B04       0
                text33                             152A     152A       10     2A54       0
                text32                             15DC     15DC       1A     2BB8       0
                text31                              B0C      B0C       4A     1618       0
                text30                              9A5      9A5       35     134A       0
                text29                              880      880       2D     1100       0
                text28                             1611     1611       1B     2C22       0
                text27                              4F1      4F1       D1        8       0
                text26                              854      854       2C     10A8       0
                text25                             154A     154A       11     2A94       0
                text24                             1717     1717       20     2E2E       0
                text23                              BF4      BF4       51     17E8       0
                text22                              E9C      E9C       72     1D38       0
                text21                             1779     1779       21     2EF2       0
                text20                             179A     179A       21     2F34       0
                text19                             1647     1647       1C     2C8E       0
                text18                              26D      26D      19E        8       0
                text17                               58       58      215        8       0
                text16                              A88      A88       3E     1510       0
                text15                              70D      70D       96        8       0
                text14                              9DA      9DA       37     13B4       0
                text13                              5C2      5C2       A7        8       0
                text12                             14E4     14E4        8     29C8       0
                text11                             162C     162C       1B     2C58       0
                text10                             14CA     14CA        4     2994       0
                text9                              14D3     14D3        5     29A6       0
                text8                              17BB     17BB       22     2F76       0
                text7                              14DE     14DE        6     29BC       0
                text6                              153A     153A       10     2A74       0
                text5                              1597     1597       15     2B2E       0
                text4                               DC4      DC4       69     1B88       0
                text3                               B56      B56       4D     16AC       0
                text2                               806      806       23     100C       0
                text1                              16D8     16D8       1F     2DB0       0
                maintext                            40B      40B       E6        8       0
                cstackBANK0                          20       20       44       20       1
                cstackCOMMON                         70       70        E       70       1
                cstackBANK2                         15E      15E        5      120       1
                inittext                            800      800        6     1000       0
                clrtext                             7F9      7F9        6        8       0
                bssBANK3                            1A0      1A0       40      1A0       1
                dataBANK2                           154      154        A      120       1
                bssBANK2                            120      120       34      120       1
                bssBANK1                             A0       A0       4E       A0       1
                bssBANK0                             64       64        7       20       1
                nvBANK1                              EE       EE        2       A0       1
                stringtext                         1800     1800       15     3000       0
                idataBANK2                         14F5     14F5        A     29EA       0

TOTAL           Name                               Link     Load   Length     Space
        CLASS   STACK          

        CLASS   CODE           
                end_init                             27       27        2         0
                cinit                                29       29       2F         0
                intentry                              4        4       23         0
                reset_vec                             0        0        2         0
                text73                              669      669       A4         0
                text72                              E2D      E2D       6F         0
                text71                             1663     1663       1D         0
                text70                             150B     150B        F         0
                text69                             15F6     15F6       1B         0
                text67                             16BA     16BA       1E         0
                text66                             16F7     16F7       20         0
                text65                              829      829       2B         0
                text64                              7A3      7A3       56         0
                text63                             1680     1680       1D         0
                text62                             169D     169D       1D         0
                text61                              A11      A11       3B         0
                text60                              93C      93C       34         0
                text59                              8DB      8DB       30         0
                text58                              F0E      F0E       78         0
                text57                             155B     155B       12         0
                text56                             156D     156D       15         0
                text55                              CF7      CF7       64         0
                text54                              C45      C45       52         0
                text53                              AC6      AC6       46         0
                text52                              8AD      8AD       2E         0
                text51                              C97      C97       60         0
                text50                              F86      F86       7A         0
                text49                             151A     151A       10         0
                text48                              D5B      D5B       69         0
                text47                              A4C      A4C       3C         0
                text46                             14EC     14EC        9         0
                text45                             17DD     17DD       23         0
                text44                             1737     1737       21         0
                text43                             15AC     15AC       18         0
                text42                             14CE     14CE        5         0
                text41                             14D8     14D8        6         0
                text40                             1758     1758       21         0
                text39                              970      970       35         0
                text38                              90B      90B       31         0
                text37                             14FF     14FF        C         0
                text36                              BA3      BA3       51         0
                text35                             15C4     15C4       18         0
                text34                             1582     1582       15         0
                text33                             152A     152A       10         0
                text32                             15DC     15DC       1A         0
                text31                              B0C      B0C       4A         0
                text30                              9A5      9A5       35         0
                text29                              880      880       2D         0
                text28                             1611     1611       1B         0
                text27                              4F1      4F1       D1         0
                text26                              854      854       2C         0
                text25                             154A     154A       11         0
                text24                             1717     1717       20         0
                text23                              BF4      BF4       51         0
                text22                              E9C      E9C       72         0
                text21                             1779     1779       21         0
                text20                             179A     179A       21         0
                text19                             1647     1647       1C         0
                text18                              26D      26D      19E         0
                text17                               58       58      215         0
                text16                              A88      A88       3E         0
                text15                              70D      70D       96         0
                text14                              9DA      9DA       37         0
                text13                              5C2      5C2       A7         0
                text12                             14E4     14E4        8         0
                text11                             162C     162C       1B         0
                text10                             14CA     14CA        4         0
                text9                              14D3     14D3        5         0
                text8                              17BB     17BB       22         0
                text7                              14DE     14DE        6         0
                text6                              153A     153A       10         0
                text5                              1597     1597       15         0
                text4                               DC4      DC4       69         0
                text3                               B56      B56       4D         0
                text2                               806      806       23         0
                text1                              16D8     16D8       1F         0
                maintext                            40B      40B       E6         0
                inittext                            800      800        6         0
                clrtext                             7F9      7F9        6         0
                idataBANK2                         14F5     14F5        A         0

        CLASS   STRCODE        
                stringtext                         1800     1800       15         0

        CLASS   STRING         

        CLASS   CONST          

        CLASS   ENTRY          

        CLASS   COMMON         
                cstackCOMMON                         70       70        E         1

        CLASS   BANK0          
                cstackBANK0                          20       20       44         1
                bssBANK0                             64       64        7         1

        CLASS   BANK1          
                bssBANK1                             A0       A0       4E         1
                nvBANK1                              EE       EE        2         1

        CLASS   BANK2          
                cstackBANK2                         15E      15E        5         1
                dataBANK2                           154      154        A         1
                bssBANK2                            120      120       34         1

        CLASS   BANK3          
                bssBANK3                            1A0      1A0       40         1

        CLASS   BANK4          

        CLASS   BANK5          

        CLASS   BANK6          

        CLASS   BANK7          

        CLASS   BANK8          

        CLASS   BANK9          

        CLASS   BANK10         

        CLASS   BANK11         

        CLASS   BANK12         

        CLASS   BIGRAM         

        CLASS   RAM            

        CLASS   ABS1           
                abs_s1                               7E       7E        2         1

        CLASS   SFR0           

        CLASS   SFR1           

        CLASS   SFR2           

        CLASS   SFR3           

        CLASS   SFR4           

        CLASS   SFR5           

        CLASS   SFR6           

        CLASS   SFR7           

        CLASS   SFR8           

        CLASS   SFR9           

        CLASS   SFR10          

        CLASS   SFR11          

        CLASS   SFR12          

        CLASS   SFR13          

        CLASS   SFR14          

        CLASS   SFR15          

        CLASS   SFR16          

        CLASS   SFR17          

        CLASS   SFR18          

        CLASS   SFR19          

        CLASS   SFR20          

        CLASS   SFR21          

        CLASS   SFR22          

        CLASS   SFR23          

        CLASS   SFR24          

        CLASS   SFR25          

        CLASS   SFR26          

        CLASS   SFR27          

        CLASS   SFR28          

        CLASS   SFR29          

        CLASS   SFR30          

        CLASS   SFR31          

        CLASS   CONFIG         
                config                             8007     8007        2         0

        CLASS   IDLOC          

        CLASS   BANK31         

        CLASS   BANK30         

        CLASS   BANK29         

        CLASS   BANK28         

        CLASS   BANK27         

        CLASS   BANK26         

        CLASS   BANK25         

        CLASS   BANK24         

        CLASS   BANK23         

        CLASS   BANK22         

        CLASS   BANK21         

        CLASS   BANK20         

        CLASS   BANK19         

        CLASS   BANK18         

        CLASS   BANK17         

        CLASS   BANK16         

        CLASS   BANK15         

        CLASS   BANK14         

        CLASS   BANK13         

        CLASS   EEDATA         



SEGMENTS        Name                           Load    Length   Top    Selector   Space  Class     Delta

                reset_vec                      000000  000002  000002         0       0  CODE        2
                intentry                       000004  0007FB  0007FF         8       0  CODE        2
                cstackBANK0                    000020  00004B  00006B        20       1  BANK0       1
                cstackCOMMON                   000070  00000E  00007E        70       1  COMMON      1
                bssBANK1                       0000A0  000050  0000F0        A0       1  BANK1       1
                bssBANK2                       000120  000043  000163       120       1  BANK2       1
                bssBANK3                       0001A0  000040  0001E0       1A0       1  BANK3       1
                inittext                       000800  000006  000806      1000       0  CODE        2
                text2                          000806  000023  000829      100C       0  CODE        2
                text65                         000829  00002B  000854      1052       0  CODE        2
                text26                         000854  00002C  000880      10A8       0  CODE        2
                text29                         000880  00002D  0008AD      1100       0  CODE        2
                text52                         0008AD  00002E  0008DB      115A       0  CODE        2
                text59                         0008DB  000030  00090B      11B6       0  CODE        2
                text38                         00090B  000031  00093C      1216       0  CODE        2
                text60                         00093C  000034  000970      1278       0  CODE        2
                text39                         000970  000035  0009A5      12E0       0  CODE        2
                text30                         0009A5  000035  0009DA      134A       0  CODE        2
                text14                         0009DA  000037  000A11      13B4       0  CODE        2
                text61                         000A11  00003B  000A4C      1422       0  CODE        2
                text47                         000A4C  00003C  000A88      1498       0  CODE        2
                text16                         000A88  00003E  000AC6      1510       0  CODE        2
                text53                         000AC6  000046  000B0C      158C       0  CODE        2
                text31                         000B0C  00004A  000B56      1618       0  CODE        2
                text3                          000B56  00004D  000BA3      16AC       0  CODE        2
                text36                         000BA3  000051  000BF4      1746       0  CODE        2
                text23                         000BF4  000051  000C45      17E8       0  CODE        2
                text54                         000C45  000052  000C97      188A       0  CODE        2
                text51                         000C97  000060  000CF7      192E       0  CODE        2
                text55                         000CF7  000064  000D5B      19EE       0  CODE        2
                text48                         000D5B  000069  000DC4      1AB6       0  CODE        2
                text4                          000DC4  000069  000E2D      1B88       0  CODE        2
                text72                         000E2D  00006F  000E9C      1C5A       0  CODE        2
                text22                         000E9C  000072  000F0E      1D38       0  CODE        2
                text58                         000F0E  000078  000F86      1E1C       0  CODE        2
                text50                         000F86  00007A  001000      1F0C       0  CODE        2
                text10                         0014CA  000004  0014CE      2994       0  CODE        2
                text42                         0014CE  000005  0014D3      299C       0  CODE        2
                text9                          0014D3  000005  0014D8      29A6       0  CODE        2
                text41                         0014D8  000006  0014DE      29B0       0  CODE        2
                text7                          0014DE  000006  0014E4      29BC       0  CODE        2
                text12                         0014E4  000008  0014EC      29C8       0  CODE        2
                text46                         0014EC  000009  0014F5      29D8       0  CODE        2
                idataBANK2                     0014F5  00000A  0014FF      29EA       0  CODE        2
                text37                         0014FF  00000C  00150B      29FE       0  CODE        2
                text70                         00150B  00000F  00151A      2A16       0  CODE        2
                text49                         00151A  000010  00152A      2A34       0  CODE        2
                text33                         00152A  000010  00153A      2A54       0  CODE        2
                text6                          00153A  000010  00154A      2A74       0  CODE        2
                text25                         00154A  000011  00155B      2A94       0  CODE        2
                text57                         00155B  000012  00156D      2AB6       0  CODE        2
                text56                         00156D  000015  001582      2ADA       0  CODE        2
                text34                         001582  000015  001597      2B04       0  CODE        2
                text5                          001597  000015  0015AC      2B2E       0  CODE        2
                text43                         0015AC  000018  0015C4      2B58       0  CODE        2
                text35                         0015C4  000018  0015DC      2B88       0  CODE        2
                text32                         0015DC  00001A  0015F6      2BB8       0  CODE        2
                text69                         0015F6  00001B  001611      2BEC       0  CODE        2
                text28                         001611  00001B  00162C      2C22       0  CODE        2
                text11                         00162C  00001B  001647      2C58       0  CODE        2
                text19                         001647  00001C  001663      2C8E       0  CODE        2
                text71                         001663  00001D  001680      2CC6       0  CODE        2
                text63                         001680  00001D  00169D      2D00       0  CODE        2
                text62                         00169D  00001D  0016BA      2D3A       0  CODE        2
                text67                         0016BA  00001E  0016D8      2D74       0  CODE        2
                text1                          0016D8  00001F  0016F7      2DB0       0  CODE        2
                text66                         0016F7  000020  001717      2DEE       0  CODE        2
                text24                         001717  000020  001737      2E2E       0  CODE        2
                text44                         001737  000021  001758      2E6E       0  CODE        2
                text40                         001758  000021  001779      2EB0       0  CODE        2
                text21                         001779  000021  00179A      2EF2       0  CODE        2
                text20                         00179A  000021  0017BB      2F34       0  CODE        2
                text8                          0017BB  000022  0017DD      2F76       0  CODE        2
                text45                         0017DD  000023  001800      2FBA       0  CODE        2
                stringtext                     001800  000015  001815      3000       0  STRCODE     2
                config                         008007  000002  008009     1000E       0  CONFIG      2


UNUSED ADDRESS RANGES

        Name                Unused          Largest block    Delta
        BANK0            0006B-0006F               5           1
        BANK10           00520-0056F              50           1
        BANK11           005A0-005EF              50           1
        BANK12           00620-0064F              30           1
        BANK2            00163-0016F               D           1
        BANK3            001E0-001EF              10           1
        BANK4            00220-0026F              50           1
        BANK5            002A0-002EF              50           1
        BANK6            00320-0036F              50           1
        BANK7            003A0-003EF              50           1
        BANK8            00420-0046F              50           1
        BANK9            004A0-004EF              50           1
        BIGRAM           02000-023EF             3F0           1
        CODE             00002-00003               2           2
                         007FF-007FF               1
                         01000-014C9             4CA
                         01815-03FFF             800
        CONST            00002-00003               2           2
                         007FF-007FF               1
                         01000-014C9             100
                         01815-03FFF             100
        ENTRY            00002-00003               2           2
                         007FF-007FF               1
                         01000-014C9             100
                         01815-03FFF             100
        IDLOC            08000-08003               4           2
        RAM              0006B-0006F               5           1
                         00163-0016F               D
                         001E0-001EF              10
                         00220-0026F              50
                         002A0-002EF              50
                         00320-0036F              50
                         003A0-003EF              50
                         00420-0046F              50
                         004A0-004EF              50
                         00520-0056F              50
                         005A0-005EF              50
                         00620-0064F              30
        SFR0             00000-0001F              20           1
        SFR1             00080-0009F              20           1
        SFR10            00500-0051F              20           1
        SFR11            00580-0059F              20           1
        SFR12            00600-0061F              20           1
        SFR13            00680-006EF              70           1
        SFR14            00700-0076F              70           1
        SFR15            00780-007EF              70           1
        SFR16            00800-0086F              70           1
        SFR17            00880-008EF              70           1
        SFR18            00900-0096F              70           1
        SFR19            00980-009EF              70           1
        SFR2             00100-0011F              20           1
        SFR20            00A00-00A6F              70           1
        SFR21            00A80-00AEF              70           1
        SFR22            00B00-00B6F              70           1
        SFR23            00B80-00BEF              70           1
        SFR24            00C00-00C6F              70           1
        SFR25            00C80-00CEF              70           1
        SFR26            00D00-00D6F              70           1
        SFR27            00D80-00DEF              70           1
        SFR28            00E00-00E6F              70           1
        SFR29            00E80-00EEF              70           1
        SFR3             00180-0019F              20           1
        SFR30            00F00-00F6F              70           1
        SFR31            00F80-00FEF              70           1
        SFR4             00200-0021F              20           1
        SFR5             00280-0029F              20           1
        SFR6             00300-0031F              20           1
        SFR7             00380-0039F              20           1
        SFR8             00400-0041F              20           1
        SFR9             00480-0049F              20           1
        STACK            02130-023EF             2C0           1
        STRCODE          00002-00003               2           2
                         007FF-007FF               1
                         01000-014C9             4CA
                         01815-03FFF            27EB
        STRING           00002-00003               2           2
                         007FF-007FF               1
                         01000-014C9             100
                         01815-03FFF             100

                                  Symbol Table

?_ADC_GetConversion                              cstackBANK0  00021
?_CRC_cal                                        cstackBANK0  00021
?_FLASH_ReadWord                                 cstackBANK0  00021
?___awdiv                                        cstackBANK0  00021
?___awmod                                        cstackBANK0  00021
?___lwdiv                                        cstackBANK0  00027
?___lwmod                                        cstackBANK0  00021
?___wmul                                         cstackBANK0  00021
ADC_GetConversion@channel                        cstackBANK0  00024
Bq32k_Rtc_Read_Time@p                            cstackBANK0  00035
Bq32k_Rtc_Read_Time@temp                         cstackBANK0  0002B
Bq32k_Rtc_Write_Time@p                           cstackBANK0  0003E
Bq32k_Rtc_Write_Time@temp                        cstackBANK0  00034
Bq32k_Time_Init@F2027                            dataBANK2    00154
Bq32k_Time_Init@temp                             cstackBANK0  0002D
CRC_cal@frame_len                                cstackBANK0  00021
CRC_cal@i                                        cstackBANK0  00028
CRC_cal@remainder                                cstackBANK0  00029
CRC_cal@rx_arr                                   cstackBANK0  00027
Calculate_Time@temp                              cstackBANK0  00042
Calculate_Time@temp1                             cstackBANK0  00046
Calculate_Time@temp2                             cstackBANK0  0004A
EUSART_Receive_ISR@rx_tmp                        cstackCOMMON 0007D
EUSART_Write@txData                              cstackBANK0  00021
FLASH_EraseBlock@GIEBitValue                     cstackBANK0  00023
FLASH_EraseBlock@startAddr                       cstackBANK0  00021
FLASH_ReadWord@GIEBitValue                       cstackBANK0  00023
FLASH_ReadWord@flashAddr                         cstackBANK0  00021
FLASH_WriteWord@GIEBitValue                      cstackBANK0  00025
FLASH_WriteWord@flashAddr                        cstackBANK0  00021
FLASH_WriteWord@word                             cstackBANK0  00023
I2C_Read_Buffer@ADD                              cstackBANK0  00027
I2C_Read_Buffer@Flag                             cstackBANK0  00028
I2C_Read_Buffer@Length                           cstackBANK0  00025
I2C_Read_Buffer@buff                             cstackBANK0  00024
I2C_Receive_Byte@Data                            cstackBANK0  00022
I2C_Receive_Byte@i                               cstackBANK0  00023
I2C_Send_Buffer@ADD                              cstackBANK0  00028
I2C_Send_Buffer@Flag                             cstackBANK0  0002A
I2C_Send_Buffer@Length                           cstackBANK0  00025
I2C_Send_Buffer@buff                             cstackBANK0  00024
I2C_Send_Buffer@i                                cstackBANK0  00029
I2C_Send_Byte@Data                               cstackBANK0  00022
I2C_Send_Byte@i                                  cstackBANK0  00023
Key_Process@data_temp                            cstackBANK0  0005C
Key_Process@gKeyValue                            cstackBANK0  0005E
Key_Process@i                                    cstackBANK0  0005F
Key_Scan@Key_val                                 cstackBANK0  00023
Read_time_to_Com@crc_tmp                         cstackBANK0  0003C
Read_time_to_Com@i                               cstackBANK0  0003E
Read_time_to_Com@tmp_buf                         cstackBANK0  0002C
RxFrameCheck@frame_len                           cstackCOMMON 00070
RxFrameCheck@i                                   cstackCOMMON 00077
RxFrameCheck@remainder                           cstackCOMMON 00079
RxFrameCheck@rx_arr                              cstackCOMMON 00078
RxFrameCheck@tmp_crc                             cstackCOMMON 00075
SPI_Exchange8bit@data                            cstackBANK0  00021
SPI_Exchange8bitBuffer@bufLen                    cstackBANK0  00022
SPI_Exchange8bitBuffer@bytesWritten              cstackBANK0  00028
SPI_Exchange8bitBuffer@dataIn                    cstackBANK0  00027
SPI_Exchange8bitBuffer@dataOut                   cstackBANK0  00023
Save_Write_word@data                             cstackBANK0  00026
Save_process@var_time                            cstackBANK0  00050
SendBit_1621@cnt                                 cstackBANK0  00021
SendBit_1621@data                                cstackBANK0  00023
SendBit_1621@i                                   cstackBANK0  00024
SendCmd_1621@command                             cstackBANK0  00026
SendDataBit_1621@cnt                             cstackBANK0  00021
SendDataBit_1621@data                            cstackBANK0  00023
SendDataBit_1621@i                               cstackBANK0  00024
Serach_Flash_Head@count                          cstackBANK0  00027
Serach_Flash_Head@data                           cstackBANK0  00028
Serach_Flash_Head@i                              cstackBANK0  0002A
TMR0_ISR@CountCallBack                           bssBANK1     000AC
Tc_Display@count                                 cstackBANK0  00030
Tc_Display@data                                  cstackBANK0  00031
Two_Display@F2132                                bssBANK1     000A0
Two_Display@num                                  cstackBANK0  0002C
Two_Display@number                               cstackBANK0  00030
WriteAll_1621@addr                               cstackBANK0  00029
WriteAll_1621@cnt                                cstackBANK0  00027
WriteAll_1621@i                                  cstackBANK0  0002A
WriteAll_1621@p                                  cstackBANK0  00025
_ADCON0                                          (abs)        0009D
_ADCON0bits                                      (abs)        0009D
_ADCON1                                          (abs)        0009E
_ADC_GetConversion                               text67       016BA
_ADC_Initialize                                  text12       014E4
_ADRESH                                          (abs)        0009C
_ADRESL                                          (abs)        0009B
_ANSELA                                          (abs)        0018C
_ANSELB                                          (abs)        0018D
_ANSELC                                          (abs)        0018E
_APFCON                                          (abs)        0011D
_BAUDCON                                         (abs)        0019F
_Bq32k_Rtc_Read_Time                             text55       00CF7
_Bq32k_Rtc_Write_Time                            text51       00C97
_Bq32k_Time_Init                                 text60       0093C
_CH1_state                                       bssBANK1     000B6
_CH1_temperature                                 bssBANK1     000AE
_CH2_state                                       bssBANK1     000B7
_CH2_temperature                                 bssBANK1     000B0
_CRC_cal                                         text50       00F86
_Calculate_Time                                  text18       0026D
_Com_Process                                     text46       014EC
_Cur_Save_Index                                  bssBANK0     00064
_Cur_temperature_time_ch1                        bssBANK1     000B8
_Cur_temperature_time_ch2                        bssBANK1     000B9
_Dis_TAB                                         stringtext   01800
_EUSART_Initialize                               text11       0162C
_EUSART_Receive_ISR                              text72       00E2D
_EUSART_Transmit_ISR                             text71       01663
_EUSART_Write                                    text49       0151A
_FLASH_EraseBlock                                text24       01717
_FLASH_ReadWord                                  text66       016F7
_FLASH_WriteWord                                 text65       00829
_FVRCON                                          (abs)        00117
_FVRCONbits                                      (abs)        00117
_FVR_Initialize                                  text10       014CA
_I2C_Read_Buffer                                 text58       00F0E
_I2C_Receive_Byte                                text59       008DB
_I2C_Send_Buffer                                 text61       00A11
_I2C_Send_Byte                                   text64       007A3
_I2C_Start                                       text63       01680
_I2C_Stop                                        text62       0169D
_INTCONbits                                      (abs)        0000B
_INTERRUPT_InterruptManager                      intentry     00004
_Key_Process                                     text13       005C2
_Key_Scan                                        text45       017DD
_LATA                                            (abs)        0010C
_LATA0                                           (abs)        00860
_LATA1                                           (abs)        00861
_LATA2                                           (abs)        00862
_LATA3                                           (abs)        00863
_LATA4                                           (abs)        00864
_LATA5                                           (abs)        00865
_LATA6                                           (abs)        00866
_LATB                                            (abs)        0010D
_LATB0                                           (abs)        00868
_LATB1                                           (abs)        00869
_LATC                                            (abs)        0010E
_LATC0                                           (abs)        00870
_LATC1                                           (abs)        00871
_LATC2                                           (abs)        00872
_LongPressSec                                    bssBANK1     000BA
_MAX31856Sec                                     bssBANK1     000BB
_OPTION_REG                                      (abs)        00095
_OPTION_REGbits                                  (abs)        00095
_OSCCON                                          (abs)        00099
_OSCILLATOR_Initialize                           text9        014D3
_OSCSTAT                                         (abs)        0009A
_PIE1bits                                        (abs)        00091
_PIN_MANAGER_Initialize                          text8        017BB
_PIR1bits                                        (abs)        00011
_PMADRH                                          (abs)        00192
_PMADRL                                          (abs)        00191
_PMCON1bits                                      (abs)        00195
_PMCON2                                          (abs)        00196
_PMDATH                                          (abs)        00194
_PMDATL                                          (abs)        00193
_RA7                                             (abs)        00067
_RB1                                             (abs)        00069
_RB3                                             (abs)        0006B
_RB5                                             (abs)        0006D
_RCREG                                           (abs)        00199
_RCSTA                                           (abs)        0019D
_RCSTAbits                                       (abs)        0019D
_Read_time_to_Com                                text48       00D5B
_Record_flag                                     bssBANK0     00066
_RxFrameCheck                                    text73       00669
_SPBRGH                                          (abs)        0019C
_SPBRGL                                          (abs)        0019B
_SPI_Exchange8bit                                text37       014FF
_SPI_Exchange8bitBuffer                          text36       00BA3
_SPI_Initialize                                  text7        014DE
_SSP1ADD                                         (abs)        00212
_SSP1CON1                                        (abs)        00215
_SSP1CON1bits                                    (abs)        00215
_SSP1STAT                                        (abs)        00214
_SSP1STATbits                                    (abs)        00214
_SSPBUF                                          (abs)        00211
_SWDTEN                                          (abs)        004B8
_SYSTEM_Initialize                               text5        01597
_Save_Write_time                                 text22       00E9C
_Save_Write_word                                 text23       00BF4
_Save_process                                    text4        00DC4
_SendBit_1621                                    text44       01737
_SendCmd_1621                                    text43       015AC
_SendDataBit_1621                                text40       01758
_Serach_Flash_Head                               text3        00B56
_Set_finish_flag                                 text42       014CE
_Set_start_flag                                  text41       014D8
_Set_time_cmd_flag                               bssBANK1     000BC
_Set_time_from_Com                               text47       00A4C
_Sleep_process                                   text1        016D8
_Step_control                                    text2        00806
_TMR0                                            (abs)        00015
_TMR0_CallBack                                   text70       0150B
_TMR0_ISR                                        text69       015F6
_TMR0_Initialize                                 text6        0153A
_TRISA                                           (abs)        0008C
_TRISB                                           (abs)        0008D
_TRISB1                                          (abs)        00469
_TRISB3                                          (abs)        0046B
_TRISC                                           (abs)        0008E
_TXREG                                           (abs)        0019A
_TXSTA                                           (abs)        0019E
_Tc_Display                                      text27       004F1
_Two_Display                                     text38       0090B
_Usart_Run_Flag                                  bssBANK1     000BD
_Usart_Rx_Buff                                   bssBANK2     00134
_Usart_Rx_Cnt                                    bssBANK0     00067
_WDTPS0                                          (abs)        004B9
_WDTPS1                                          (abs)        004BA
_WDTPS2                                          (abs)        004BB
_WDTPS3                                          (abs)        004BC
_WDTPS4                                          (abs)        004BD
_WPUB                                            (abs)        0020D
_WPUE                                            (abs)        00210
_WriteAll_1621                                   text39       00970
_Write_Flash_finish                              text21       01779
_Write_Flash_head                                text20       0179A
__CFG_BOREN$ON                                   (abs)        00000
__CFG_BORV$LO                                    (abs)        00000
__CFG_CLKOUTEN$OFF                               (abs)        00000
__CFG_CP$OFF                                     (abs)        00000
__CFG_FCMEN$ON                                   (abs)        00000
__CFG_FOSC$INTOSC                                (abs)        00000
__CFG_IESO$ON                                    (abs)        00000
__CFG_LPBOR$OFF                                  (abs)        00000
__CFG_LVP$OFF                                    (abs)        00000
__CFG_MCLRE$ON                                   (abs)        00000
__CFG_PWRTE$OFF                                  (abs)        00000
__CFG_STVREN$ON                                  (abs)        00000
__CFG_VCAPEN$OFF                                 (abs)        00000
__CFG_WDTE$SWDTEN                                (abs)        00000
__CFG_WRT$OFF                                    (abs)        00000
__Habs1                                          abs1         00000
__Hbank0                                         bank0        00000
__Hbank1                                         bank1        00000
__Hbank10                                        bank10       00000
__Hbank11                                        bank11       00000
__Hbank12                                        bank12       00000
__Hbank13                                        bank13       00000
__Hbank14                                        bank14       00000
__Hbank15                                        bank15       00000
__Hbank16                                        bank16       00000
__Hbank17                                        bank17       00000
__Hbank18                                        bank18       00000
__Hbank19                                        bank19       00000
__Hbank2                                         bank2        00000
__Hbank20                                        bank20       00000
__Hbank21                                        bank21       00000
__Hbank22                                        bank22       00000
__Hbank23                                        bank23       00000
__Hbank24                                        bank24       00000
__Hbank25                                        bank25       00000
__Hbank26                                        bank26       00000
__Hbank27                                        bank27       00000
__Hbank28                                        bank28       00000
__Hbank29                                        bank29       00000
__Hbank3                                         bank3        00000
__Hbank30                                        bank30       00000
__Hbank31                                        bank31       00000
__Hbank4                                         bank4        00000
__Hbank5                                         bank5        00000
__Hbank6                                         bank6        00000
__Hbank7                                         bank7        00000
__Hbank8                                         bank8        00000
__Hbank9                                         bank9        00000
__Hbigram                                        bigram       00000
__HbssBANK0                                      bssBANK0     00000
__HbssBANK1                                      bssBANK1     00000
__HbssBANK2                                      bssBANK2     00000
__HbssBANK3                                      bssBANK3     00000
__Hcinit                                         cinit        00058
__Hclrtext                                       clrtext      00000
__Hcode                                          code         00000
__Hcommon                                        common       00000
__Hconfig                                        config       08009
__HcstackBANK0                                   cstackBANK0  00000
__HcstackBANK2                                   cstackBANK2  00000
__HcstackCOMMON                                  cstackCOMMON 00000
__HdataBANK2                                     dataBANK2    00000
__Heeprom_data                                   eeprom_data  00000
__Hend_init                                      end_init     00029
__Hfunctab                                       functab      00000
__HidataBANK2                                    idataBANK2   00000
__Hidloc                                         idloc        00000
__Hinit                                          init         00027
__Hinittext                                      inittext     00000
__Hintentry                                      intentry     00027
__Hmaintext                                      maintext     00000
__HnvBANK1                                       nvBANK1      00000
__Hpowerup                                       powerup      00000
__Hram                                           ram          00000
__Hreset_vec                                     reset_vec    00002
__Hsfr0                                          sfr0         00000
__Hsfr1                                          sfr1         00000
__Hsfr10                                         sfr10        00000
__Hsfr11                                         sfr11        00000
__Hsfr12                                         sfr12        00000
__Hsfr13                                         sfr13        00000
__Hsfr14                                         sfr14        00000
__Hsfr15                                         sfr15        00000
__Hsfr16                                         sfr16        00000
__Hsfr17                                         sfr17        00000
__Hsfr18                                         sfr18        00000
__Hsfr19                                         sfr19        00000
__Hsfr2                                          sfr2         00000
__Hsfr20                                         sfr20        00000
__Hsfr21                                         sfr21        00000
__Hsfr22                                         sfr22        00000
__Hsfr23                                         sfr23        00000
__Hsfr24                                         sfr24        00000
__Hsfr25                                         sfr25        00000
__Hsfr26                                         sfr26        00000
__Hsfr27                                         sfr27        00000
__Hsfr28                                         sfr28        00000
__Hsfr29                                         sfr29        00000
__Hsfr3                                          sfr3         00000
__Hsfr30                                         sfr30        00000
__Hsfr31                                         sfr31        00000
__Hsfr4                                          sfr4         00000
__Hsfr5                                          sfr5         00000
__Hsfr6                                          sfr6         00000
__Hsfr7                                          sfr7         00000
__Hsfr8                                          sfr8         00000
__Hsfr9                                          sfr9         00000
__Hspace_0                                       (abs)        08009
__Hspace_1                                       (abs)        001E0
__Hspace_2                                       (abs)        00000
__Hspace_3                                       (abs)        00000
__Hstack                                         stack        00000
__Hstrings                                       strings      00000
__Hstringtext                                    stringtext   00000
__Htext                                          text         00000
__Labs1                                          abs1         00000
__Lbank0                                         bank0        00000
__Lbank1                                         bank1        00000
__Lbank10                                        bank10       00000
__Lbank11                                        bank11       00000
__Lbank12                                        bank12       00000
__Lbank13                                        bank13       00000
__Lbank14                                        bank14       00000
__Lbank15                                        bank15       00000
__Lbank16                                        bank16       00000
__Lbank17                                        bank17       00000
__Lbank18                                        bank18       00000
__Lbank19                                        bank19       00000
__Lbank2                                         bank2        00000
__Lbank20                                        bank20       00000
__Lbank21                                        bank21       00000
__Lbank22                                        bank22       00000
__Lbank23                                        bank23       00000
__Lbank24                                        bank24       00000
__Lbank25                                        bank25       00000
__Lbank26                                        bank26       00000
__Lbank27                                        bank27       00000
__Lbank28                                        bank28       00000
__Lbank29                                        bank29       00000
__Lbank3                                         bank3        00000
__Lbank30                                        bank30       00000
__Lbank31                                        bank31       00000
__Lbank4                                         bank4        00000
__Lbank5                                         bank5        00000
__Lbank6                                         bank6        00000
__Lbank7                                         bank7        00000
__Lbank8                                         bank8        00000
__Lbank9                                         bank9        00000
__Lbigram                                        bigram       00000
__LbssBANK0                                      bssBANK0     00000
__LbssBANK1                                      bssBANK1     00000
__LbssBANK2                                      bssBANK2     00000
__LbssBANK3                                      bssBANK3     00000
__Lcinit                                         cinit        00029
__Lclrtext                                       clrtext      00000
__Lcode                                          code         00000
__Lcommon                                        common       00000
__Lconfig                                        config       08007
__LcstackBANK0                                   cstackBANK0  00000
__LcstackBANK2                                   cstackBANK2  00000
__LcstackCOMMON                                  cstackCOMMON 00000
__LdataBANK2                                     dataBANK2    00000
__Leeprom_data                                   eeprom_data  00000
__Lend_init                                      end_init     00027
__Lfunctab                                       functab      00000
__LidataBANK2                                    idataBANK2   00000
__Lidloc                                         idloc        00000
__Linit                                          init         00027
__Linittext                                      inittext     00000
__Lintentry                                      intentry     00004
__Lmaintext                                      maintext     00000
__LnvBANK1                                       nvBANK1      00000
__Lpowerup                                       powerup      00000
__Lram                                           ram          00000
__Lreset_vec                                     reset_vec    00000
__Lsfr0                                          sfr0         00000
__Lsfr1                                          sfr1         00000
__Lsfr10                                         sfr10        00000
__Lsfr11                                         sfr11        00000
__Lsfr12                                         sfr12        00000
__Lsfr13                                         sfr13        00000
__Lsfr14                                         sfr14        00000
__Lsfr15                                         sfr15        00000
__Lsfr16                                         sfr16        00000
__Lsfr17                                         sfr17        00000
__Lsfr18                                         sfr18        00000
__Lsfr19                                         sfr19        00000
__Lsfr2                                          sfr2         00000
__Lsfr20                                         sfr20        00000
__Lsfr21                                         sfr21        00000
__Lsfr22                                         sfr22        00000
__Lsfr23                                         sfr23        00000
__Lsfr24                                         sfr24        00000
__Lsfr25                                         sfr25        00000
__Lsfr26                                         sfr26        00000
__Lsfr27                                         sfr27        00000
__Lsfr28                                         sfr28        00000
__Lsfr29                                         sfr29        00000
__Lsfr3                                          sfr3         00000
__Lsfr30                                         sfr30        00000
__Lsfr31                                         sfr31        00000
__Lsfr4                                          sfr4         00000
__Lsfr5                                          sfr5         00000
__Lsfr6                                          sfr6         00000
__Lsfr7                                          sfr7         00000
__Lsfr8                                          sfr8         00000
__Lsfr9                                          sfr9         00000
__Lspace_0                                       (abs)        00000
__Lspace_1                                       (abs)        00000
__Lspace_2                                       (abs)        00000
__Lspace_3                                       (abs)        00000
__Lstack                                         stack        00000
__Lstrings                                       strings      00000
__Lstringtext                                    stringtext   00000
__Ltext                                          text         00000
__S0                                             (abs)        08009
__S1                                             (abs)        001E0
__S2                                             (abs)        00000
___awdiv                                         text54       00C45
___awdiv@counter                                 cstackBANK0  00026
___awdiv@dividend                                cstackBANK0  00023
___awdiv@divisor                                 cstackBANK0  00021
___awdiv@quotient                                cstackBANK0  00028
___awdiv@sign                                    cstackBANK0  00027
___awmod                                         text53       00AC6
___awmod@counter                                 cstackBANK0  00026
___awmod@dividend                                cstackBANK0  00023
___awmod@divisor                                 cstackBANK0  00021
___awmod@sign                                    cstackBANK0  00027
___bmul                                          text57       0155B
___bmul@multiplicand                             cstackBANK0  00021
___bmul@multiplier                               cstackBANK0  00024
___bmul@product                                  cstackBANK0  00023
___int_sp                                        stack        00000
___latbits                                       (abs)        00003
___lwdiv                                         text30       009A5
___lwdiv@counter                                 cstackBANK0  0002C
___lwdiv@dividend                                cstackBANK0  00029
___lwdiv@divisor                                 cstackBANK0  00027
___lwdiv@quotient                                cstackBANK0  0002D
___lwmod                                         text29       00880
___lwmod@counter                                 cstackBANK0  00026
___lwmod@dividend                                cstackBANK0  00023
___lwmod@divisor                                 cstackBANK0  00021
___sp                                            stack        00000
___wmul                                          text19       01647
___wmul@multiplicand                             cstackBANK0  00023
___wmul@multiplier                               cstackBANK0  00021
___wmul@product                                  cstackBANK0  00025
__end_of_ADC_GetConversion                       text67       016D8
__end_of_ADC_Initialize                          text12       014EC
__end_of_Bq32k_Rtc_Read_Time                     text55       00D5B
__end_of_Bq32k_Rtc_Write_Time                    text51       00CF7
__end_of_Bq32k_Time_Init                         text60       00970
__end_of_CRC_cal                                 text50       01000
__end_of_Calculate_Time                          text18       0040B
__end_of_Com_Process                             text46       014F5
__end_of_Dis_TAB                                 stringtext   01815
__end_of_EUSART_Initialize                       text11       01647
__end_of_EUSART_Receive_ISR                      text72       00E9C
__end_of_EUSART_Transmit_ISR                     text71       01680
__end_of_EUSART_Write                            text49       0152A
__end_of_FLASH_EraseBlock                        text24       01737
__end_of_FLASH_ReadWord                          text66       01717
__end_of_FLASH_WriteWord                         text65       00854
__end_of_FVR_Initialize                          text10       014CE
__end_of_I2C_Read_Buffer                         text58       00F86
__end_of_I2C_Receive_Byte                        text59       0090B
__end_of_I2C_Send_Buffer                         text61       00A4C
__end_of_I2C_Send_Byte                           text64       007F9
__end_of_I2C_Start                               text63       0169D
__end_of_I2C_Stop                                text62       016BA
__end_of_INTERRUPT_InterruptManager              intentry     00027
__end_of_Key_Process                             text13       00669
__end_of_Key_Scan                                text45       01800
__end_of_OSCILLATOR_Initialize                   text9        014D8
__end_of_PIN_MANAGER_Initialize                  text8        017DD
__end_of_Read_time_to_Com                        text48       00DC4
__end_of_RxFrameCheck                            text73       0070D
__end_of_SPI_Exchange8bit                        text37       0150B
__end_of_SPI_Exchange8bitBuffer                  text36       00BF4
__end_of_SPI_Initialize                          text7        014E4
__end_of_SYSTEM_Initialize                       text5        015AC
__end_of_Save_Write_time                         text22       00F0E
__end_of_Save_Write_word                         text23       00C45
__end_of_Save_process                            text4        00E2D
__end_of_SendBit_1621                            text44       01758
__end_of_SendCmd_1621                            text43       015C4
__end_of_SendDataBit_1621                        text40       01779
__end_of_Serach_Flash_Head                       text3        00BA3
__end_of_Set_finish_flag                         text42       014D3
__end_of_Set_start_flag                          text41       014DE
__end_of_Set_time_from_Com                       text47       00A88
__end_of_Sleep_process                           text1        016F7
__end_of_Step_control                            text2        00829
__end_of_TMR0_CallBack                           text70       0151A
__end_of_TMR0_ISR                                text69       01611
__end_of_TMR0_Initialize                         text6        0154A
__end_of_Tc_Display                              text27       005C2
__end_of_Two_Display                             text38       0093C
__end_of_WriteAll_1621                           text39       009A5
__end_of_Write_Flash_finish                      text21       0179A
__end_of_Write_Flash_head                        text20       017BB
__end_of___awdiv                                 text54       00C97
__end_of___awmod                                 text53       00B0C
__end_of___bmul                                  text57       0156D
__end_of___lwdiv                                 text30       009DA
__end_of___lwmod                                 text29       008AD
__end_of___wmul                                  text19       01663
__end_of__initialization                         cinit        00054
__end_of_bcd2bin                                 text56       01582
__end_of_bin2bcd                                 text52       008DB
__end_of_err_Display                             text26       00880
__end_of_main                                    maintext     004F1
__end_of_maxim_31856_read_nregisters             text35       015DC
__end_of_maxim_31856_read_register               text34       01597
__end_of_maxim_31856_write_register              text33       0153A
__end_of_maxim_clear_fault_status                text25       0155B
__end_of_maxim_start_conversion                  text32       015F6
__end_of_memset                                  text28       0162C
__end_of_one_temperature_trans                   text31       00B56
__end_of_tc_temperature_trans                    text17       0026D
__end_of_temperature_display                     text16       00AC6
__end_of_temperature_process                     text14       00A11
__end_of_time_Display                            text15       007A3
__initialization                                 cinit        00029
__pbssBANK0                                      bssBANK0     00064
__pbssBANK1                                      bssBANK1     000A0
__pbssBANK2                                      bssBANK2     00120
__pbssBANK3                                      bssBANK3     001A0
__pcstackBANK0                                   cstackBANK0  00020
__pcstackBANK2                                   cstackBANK2  0015E
__pcstackCOMMON                                  cstackCOMMON 00070
__pdataBANK2                                     dataBANK2    00154
__pidataBANK2                                    idataBANK2   014F5
__pintentry                                      intentry     00004
__pmaintext                                      maintext     0040B
__pnvBANK1                                       nvBANK1      000EE
__pstringtext                                    stringtext   01800
__ptext1                                         text1        016D8
__ptext10                                        text10       014CA
__ptext11                                        text11       0162C
__ptext12                                        text12       014E4
__ptext13                                        text13       005C2
__ptext14                                        text14       009DA
__ptext15                                        text15       0070D
__ptext16                                        text16       00A88
__ptext17                                        text17       00058
__ptext18                                        text18       0026D
__ptext19                                        text19       01647
__ptext2                                         text2        00806
__ptext20                                        text20       0179A
__ptext21                                        text21       01779
__ptext22                                        text22       00E9C
__ptext23                                        text23       00BF4
__ptext24                                        text24       01717
__ptext25                                        text25       0154A
__ptext26                                        text26       00854
__ptext27                                        text27       004F1
__ptext28                                        text28       01611
__ptext29                                        text29       00880
__ptext3                                         text3        00B56
__ptext30                                        text30       009A5
__ptext31                                        text31       00B0C
__ptext32                                        text32       015DC
__ptext33                                        text33       0152A
__ptext34                                        text34       01582
__ptext35                                        text35       015C4
__ptext36                                        text36       00BA3
__ptext37                                        text37       014FF
__ptext38                                        text38       0090B
__ptext39                                        text39       00970
__ptext4                                         text4        00DC4
__ptext40                                        text40       01758
__ptext41                                        text41       014D8
__ptext42                                        text42       014CE
__ptext43                                        text43       015AC
__ptext44                                        text44       01737
__ptext45                                        text45       017DD
__ptext46                                        text46       014EC
__ptext47                                        text47       00A4C
__ptext48                                        text48       00D5B
__ptext49                                        text49       0151A
__ptext5                                         text5        01597
__ptext50                                        text50       00F86
__ptext51                                        text51       00C97
__ptext52                                        text52       008AD
__ptext53                                        text53       00AC6
__ptext54                                        text54       00C45
__ptext55                                        text55       00CF7
__ptext56                                        text56       0156D
__ptext57                                        text57       0155B
__ptext58                                        text58       00F0E
__ptext59                                        text59       008DB
__ptext6                                         text6        0153A
__ptext60                                        text60       0093C
__ptext61                                        text61       00A11
__ptext62                                        text62       0169D
__ptext63                                        text63       01680
__ptext64                                        text64       007A3
__ptext65                                        text65       00829
__ptext66                                        text66       016F7
__ptext67                                        text67       016BA
__ptext69                                        text69       015F6
__ptext7                                         text7        014DE
__ptext70                                        text70       0150B
__ptext71                                        text71       01663
__ptext72                                        text72       00E2D
__ptext73                                        text73       00669
__ptext8                                         text8        017BB
__ptext9                                         text9        014D3
__size_of_ADC_GetConversion                      (abs)        00000
__size_of_ADC_Initialize                         (abs)        00000
__size_of_Bq32k_Rtc_Read_Time                    (abs)        00000
__size_of_Bq32k_Rtc_Write_Time                   (abs)        00000
__size_of_Bq32k_Time_Init                        (abs)        00000
__size_of_CRC_cal                                (abs)        00000
__size_of_Calculate_Time                         (abs)        00000
__size_of_Com_Process                            (abs)        00000
__size_of_EUSART_Initialize                      (abs)        00000
__size_of_EUSART_Receive_ISR                     (abs)        00000
__size_of_EUSART_Transmit_ISR                    (abs)        00000
__size_of_EUSART_Write                           (abs)        00000
__size_of_FLASH_EraseBlock                       (abs)        00000
__size_of_FLASH_ReadWord                         (abs)        00000
__size_of_FLASH_WriteWord                        (abs)        00000
__size_of_FVR_Initialize                         (abs)        00000
__size_of_I2C_Read_Buffer                        (abs)        00000
__size_of_I2C_Receive_Byte                       (abs)        00000
__size_of_I2C_Send_Buffer                        (abs)        00000
__size_of_I2C_Send_Byte                          (abs)        00000
__size_of_I2C_Start                              (abs)        00000
__size_of_I2C_Stop                               (abs)        00000
__size_of_INTERRUPT_InterruptManager             (abs)        00000
__size_of_Key_Process                            (abs)        00000
__size_of_Key_Scan                               (abs)        00000
__size_of_OSCILLATOR_Initialize                  (abs)        00000
__size_of_PIN_MANAGER_Initialize                 (abs)        00000
__size_of_Read_time_to_Com                       (abs)        00000
__size_of_RxFrameCheck                           (abs)        00000
__size_of_SPI_Exchange8bit                       (abs)        00000
__size_of_SPI_Exchange8bitBuffer                 (abs)        00000
__size_of_SPI_Initialize                         (abs)        00000
__size_of_SYSTEM_Initialize                      (abs)        00000
__size_of_Save_Write_time                        (abs)        00000
__size_of_Save_Write_word                        (abs)        00000
__size_of_Save_process                           (abs)        00000
__size_of_SendBit_1621                           (abs)        00000
__size_of_SendCmd_1621                           (abs)        00000
__size_of_SendDataBit_1621                       (abs)        00000
__size_of_Serach_Flash_Head                      (abs)        00000
__size_of_Set_finish_flag                        (abs)        00000
__size_of_Set_start_flag                         (abs)        00000
__size_of_Set_time_from_Com                      (abs)        00000
[...]
 Auto vars:     Size  Location     Type
  Data            1    2[BANK0 ] unsigned char 
  i               1    3[BANK0 ] unsigned char 
 Return value:  Size  Location     Type
                  1    wreg      unsigned char 
 Registers used:
		wreg, status,2, status,0
 Tracked objects:
		On entry : 
		On exit  : 
		Unchanged: 
 Data sizes:     COMMON   BANK0   BANK1   BANK2   BANK3   BANK4   BANK5   BANK6   BANK7   BANK8   BANK9  BANK10  BANK11  BANK12
      Params:         0       0       0       0       0       0       0       0       0       0       0       0       0       0
      Locals:         0       2       0       0       0       0       0       0       0       0       0       0       0       0
      Temps:          0       1       0       0       0       0       0       0       0       0       0       0       0       0
      Totals:         0       3       0       0       0       0       0       0       0       0       0       0       0       0
Total ram usage:        3 bytes
 Hardware stack levels used:    1
 Hardware stack levels required when called:    3
 This function calls:
		Nothing
 This function is called by:
		_I2C_Read_Buffer
		_I2C_Send_Buffer
 This function uses a non-reentrant model


 *************** function _FLASH_WriteWord *****************
 Defined at:
		line 93 in file "mcc_generated_files/memory.c"
 Parameters:    Size  Location     Type
  flashAddr       2    1[BANK0 ] unsigned int 
  word            2    3[BANK0 ] unsigned int 
 Auto vars:     Size  Location     Type
  GIEBitValue     1    5[BANK0 ] unsigned char 
 Return value:  Size  Location     Type
                  1    wreg      void 
 Registers used:
		wreg, status,2, status,0
 Tracked objects:
		On entry : 
		On exit  : 
		Unchanged: 
 Data sizes:     COMMON   BANK0   BANK1   BANK2   BANK3   BANK4   BANK5   BANK6   BANK7   BANK8   BANK9  BANK10  BANK11  BANK12
      Params:         0       4       0       0       0       0       0       0       0       0       0       0       0       0
      Locals:         0       1       0       0       0       0       0       0       0       0       0       0       0       0
      Temps:          0       0       0       0       0       0       0       0       0       0       0       0       0       0
      Totals:         0       5       0       0       0       0       0       0       0       0       0       0       0       0
Total ram usage:        5 bytes
 Hardware stack levels used:    1
 Hardware stack levels required when called:    3
 This function calls:
		Nothing
 This function is called by:
		_Bq32k_Time_Init
		_Write_Flash_head
		_Write_Flash_finish
		_Save_Write_word
 This function uses a non-reentrant model


 *************** function _FLASH_ReadWord *****************
 Defined at:
		line 58 in file "mcc_generated_files/memory.c"
 Parameters:    Size  Location     Type
  flashAddr       2    1[BANK0 ] unsigned int 
 Auto vars:     Size  Location     Type
  GIEBitValue     1    3[BANK0 ] unsigned char 
 Return value:  Size  Location     Type
                  2    1[BANK0 ] unsigned int 
 Registers used:
		wreg, status,2, status,0
 Tracked objects:
		On entry : 
		On exit  : 
		Unchanged: 
 Data sizes:     COMMON   BANK0   BANK1   BANK2   BANK3   BANK4   BANK5   BANK6   BANK7   BANK8   BANK9  BANK10  BANK11  BANK12
      Params:         0       2       0       0       0       0       0       0       0       0       0       0       0       0
      Locals:         0       1       0       0       0       0       0       0       0       0       0       0       0       0
      Temps:          0       0       0       0       0       0       0       0       0       0       0       0       0       0
      Totals:         0       3       0       0       0       0       0       0       0       0       0       0       0       0
Total ram usage:        3 bytes
 Hardware stack levels used:    1
 Hardware stack levels required when called:    3
 This function calls:
		Nothing
 This function is called by:
		_Key_Process
		_Bq32k_Time_Init
		_Serach_Flash_Head
 This function uses a non-reentrant model


 *************** function _ADC_GetConversion *****************
 Defined at:
		line 106 in file "mcc_generated_files/adc.c"
 Parameters:    Size  Location     Type
  channel         1    wreg     enum E1850
 Auto vars:     Size  Location     Type
  channel         1    4[BANK0 ] enum E1850
 Return value:  Size  Location     Type
                  2    1[BANK0 ] unsigned int 
 Registers used:
		wreg, status,2, status,0
 Tracked objects:
		On entry : 
		On exit  : 
		Unchanged: 
 Data sizes:     COMMON   BANK0   BANK1   BANK2   BANK3   BANK4   BANK5   BANK6   BANK7   BANK8   BANK9  BANK10  BANK11  BANK12
      Params:         0       2       0       0       0       0       0       0       0       0       0       0       0       0
      Locals:         0       1       0       0       0       0       0       0       0       0       0       0       0       0
      Temps:          0       1       0       0       0       0       0       0       0       0       0       0       0       0
      Totals:         0       4       0       0       0       0       0       0       0       0       0       0       0       0
Total ram usage:        4 bytes
 Hardware stack levels used:    1
 Hardware stack levels required when called:    3
 This function calls:
		Nothing
 This function is called by:
		_main
 This function uses a non-reentrant model


 *************** function _INTERRUPT_InterruptManager *****************
 Defined at:
		line 52 in file "mcc_generated_files/interrupt_manager.c"
 Parameters:    Size  Location     Type
		None
 Auto vars:     Size  Location     Type
		None
 Return value:  Size  Location     Type
                  1    wreg      void 
 Registers used:
		wreg, fsr0l, fsr0h, fsr1l, fsr1h, status,2, status,0, pclath, cstack
 Tracked objects:
		On entry : 
		On exit  : 
		Unchanged: 
 Data sizes:     COMMON   BANK0   BANK1   BANK2   BANK3   BANK4   BANK5   BANK6   BANK7   BANK8   BANK9  BANK10  BANK11  BANK12
      Params:         0       0       0       0       0       0       0       0       0       0       0       0       0       0
      Locals:         0       0       0       0       0       0       0       0       0       0       0       0       0       0
      Temps:          0       1       0       0       0       0       0       0       0       0       0       0       0       0
      Totals:         0       1       0       0       0       0       0       0       0       0       0       0       0       0
Total ram usage:        1 bytes
 Hardware stack levels used:    1
 Hardware stack levels required when called:    2
 This function calls:
		_EUSART_Receive_ISR
		_EUSART_Transmit_ISR
		_TMR0_ISR
 This function is called by:
		Interrupt level 1
 This function uses a non-reentrant model


 *************** function _TMR0_ISR *****************
 Defined at:
		line 103 in file "mcc_generated_files/tmr0.c"
 Parameters:    Size  Location     Type
		None
 Auto vars:     Size  Location     Type
		None
 Return value:  Size  Location     Type
                  1    wreg      void 
 Registers used:
		wreg, status,2, status,0, pclath, cstack
 Tracked objects:
		On entry : 
		On exit  : 
		Unchanged: 
 Data sizes:     COMMON   BANK0   BANK1   BANK2   BANK3   BANK4   BANK5   BANK6   BANK7   BANK8   BANK9  BANK10  BANK11  BANK12
      Params:         0       0       0       0       0       0       0       0       0       0       0       0       0       0
      Locals:         0       0       0       0       0       0       0       0       0       0       0       0       0       0
      Temps:          1       0       0       0       0       0       0       0       0       0       0       0       0       0
      Totals:         1       0       0       0       0       0       0       0       0       0       0       0       0       0
Total ram usage:        1 bytes
 Hardware stack levels used:    1
 Hardware stack levels required when called:    1
 This function calls:
		_TMR0_CallBack
 This function is called by:
		_INTERRUPT_InterruptManager
 This function uses a non-reentrant model


 *************** function _TMR0_CallBack *****************
 Defined at:
		line 125 in file "mcc_generated_files/tmr0.c"
 Parameters:    Size  Location     Type
		None
 Auto vars:     Size  Location     Type
		None
 Return value:  Size  Location     Type
                  1    wreg      void 
 Registers used:
		wreg, status,2, status,0
 Tracked objects:
		On entry : 
		On exit  : 
		Unchanged: 
 Data sizes:     COMMON   BANK0   BANK1   BANK2   BANK3   BANK4   BANK5   BANK6   BANK7   BANK8   BANK9  BANK10  BANK11  BANK12
      Params:         0       0       0       0       0       0       0       0       0       0       0       0       0       0
      Locals:         0       0       0       0       0       0       0       0       0       0       0       0       0       0
      Temps:          1       0       0       0       0       0       0       0       0       0       0       0       0       0
      Totals:         1       0       0       0       0       0       0       0       0       0       0       0       0       0
Total ram usage:        1 bytes
 Hardware stack levels used:    1
 This function calls:
		Nothing
 This function is called by:
		_TMR0_ISR
 This function uses a non-reentrant model


 *************** function _EUSART_Transmit_ISR *****************
 Defined at:
		line 155 in file "mcc_generated_files/eusart.c"
 Parameters:    Size  Location     Type
		None
 Auto vars:     Size  Location     Type
		None
 Return value:  Size  Location     Type
                  1    wreg      void 
 Registers used:
		wreg, fsr1l, fsr1h, status,2, status,0
 Tracked objects:
		On entry : 
		On exit  : 
		Unchanged: 
 Data sizes:     COMMON   BANK0   BANK1   BANK2   BANK3   BANK4   BANK5   BANK6   BANK7   BANK8   BANK9  BANK10  BANK11  BANK12
      Params:         0       0       0       0       0       0       0       0       0       0       0       0       0       0
      Locals:         0       0       0       0       0       0       0       0       0       0       0       0       0       0
      Temps:          1       0       0       0       0       0       0       0       0       0       0       0       0       0
      Totals:         1       0       0       0       0       0       0       0       0       0       0       0       0       0
Total ram usage:        1 bytes
 Hardware stack levels used:    1
 This function calls:
		Nothing
 This function is called by:
		_INTERRUPT_InterruptManager
 This function uses a non-reentrant model


 *************** function _EUSART_Receive_ISR *****************
 Defined at:
		line 169 in file "mcc_generated_files/eusart.c"
 Parameters:    Size  Location     Type
		None
 Auto vars:     Size  Location     Type
  rx_tmp          1   13[COMMON] unsigned char 
 Return value:  Size  Location     Type
                  1    wreg      void 
 Registers used:
		wreg, fsr0l, fsr0h, fsr1l, fsr1h, status,2, status,0, pclath, cstack
 Tracked objects:
		On entry : 
		On exit  : 
		Unchanged: 
 Data sizes:     COMMON   BANK0   BANK1   BANK2   BANK3   BANK4   BANK5   BANK6   BANK7   BANK8   BANK9  BANK10  BANK11  BANK12
      Params:         0       0       0       0       0       0       0       0       0       0       0       0       0       0
      Locals:         1       0       0       0       0       0       0       0       0       0       0       0       0       0
      Temps:          2       0       0       0       0       0       0       0       0       0       0       0       0       0
      Totals:         3       0       0       0       0       0       0       0       0       0       0       0       0       0
Total ram usage:        3 bytes
 Hardware stack levels used:    1
 Hardware stack levels required when called:    1
 This function calls:
		_RxFrameCheck
 This function is called by:
		_INTERRUPT_InterruptManager
 This function uses a non-reentrant model


 *************** function _RxFrameCheck *****************
 Defined at:
		line 85 in file "mcc_generated_files/com.c"
 Parameters:    Size  Location     Type
  rx_arr          1    wreg     PTR unsigned char 
		 -> Usart_Rx_Buff(32), 
  frame_len       1    0[COMMON] unsigned char 
 Auto vars:     Size  Location     Type
  rx_arr          1    8[COMMON] PTR unsigned char 
		 -> Usart_Rx_Buff(32), 
  remainder       2    9[COMMON] unsigned int 
  tmp_crc         2    5[COMMON] unsigned int 
  i               1    7[COMMON] unsigned char 
 Return value:  Size  Location     Type
                  1    wreg      unsigned char 
 Registers used:
		wreg, fsr1l, fsr1h, status,2, status,0
 Tracked objects:
		On entry : 
		On exit  : 
		Unchanged: 
 Data sizes:     COMMON   BANK0   BANK1   BANK2   BANK3   BANK4   BANK5   BANK6   BANK7   BANK8   BANK9  BANK10  BANK11  BANK12
      Params:         1       0       0       0       0       0       0       0       0       0       0       0       0       0
      Locals:         6       0       0       0       0       0       0       0       0       0       0       0       0       0
      Temps:          4       0       0       0       0       0       0       0       0       0       0       0       0       0
      Totals:        11       0       0       0       0       0       0       0       0       0       0       0       0       0
Total ram usage:       11 bytes
 Hardware stack levels used:    1
 This function calls:
		Nothing
 This function is called by:
		_EUSART_Receive_ISR
 This function uses a non-reentrant model



MODULE INFORMATION

Module		Function		Class		Link	Load	Size
mcc_generated_files/max31856.c
		_one_temperature_trans		CODE           	0B0C	0000	75
		_maxim_31856_read_nregisters		CODE           	15C4	0000	25
		_maxim_31856_read_register		CODE           	1582	0000	22
		_maxim_clear_fault_status		CODE           	154A	0000	18
		_tc_temperature_trans		CODE           	0058	0000	534
		_maxim_start_conversion		CODE           	15DC	0000	27
		_temperature_process		CODE           	09DA	0000	56
		_temperature_display		CODE           	0A88	0000	63
		_maxim_31856_write_register		CODE           	152A	0000	17

mcc_generated_files/max31856.c estimated size: 837

mcc_generated_files/fvr.c
		_FVR_Initialize		CODE           	14CA	0000	5

mcc_generated_files/fvr.c estimated size: 5

mcc_generated_files/interrupt_manager.c
		_INTERRUPT_InterruptManager		CODE           	0004	0000	36

mcc_generated_files/interrupt_manager.c estimated size: 36

mcc_generated_files/i2c.c
		_I2C_Receive_Byte		CODE           	08DB	0000	49
		_I2C_Read_Buffer		CODE           	0F0E	0000	121
		_I2C_Send_Buffer		CODE           	0A11	0000	60
		_I2C_Stop      		CODE           	169D	0000	30
		_I2C_Send_Byte 		CODE           	07A3	0000	87
		_I2C_Start     		CODE           	1680	0000	30

mcc_generated_files/i2c.c estimated size: 377

mcc_generated_files/bq32k.c
		_bin2bcd       		CODE           	08AD	0000	47
		_Bq32k_Time_Init		CODE           	093C	0000	53
		_bcd2bin       		CODE           	156D	0000	22
		_Bq32k_Rtc_Write_Time		CODE           	0C97	0000	97
		_Bq32k_Rtc_Read_Time		CODE           	0CF7	0000	101

mcc_generated_files/bq32k.c estimated size: 320

mcc_generated_files/tmr0.c
		_TMR0_CallBack 		CODE           	150B	0000	16
		_TMR0_ISR      		CODE           	15F6	0000	28
		_TMR0_Initialize		CODE           	153A	0000	17

mcc_generated_files/tmr0.c estimated size: 61

mcc_generated_files/pin_manager.c
		_PIN_MANAGER_Initialize		CODE           	17BB	0000	35

mcc_generated_files/pin_manager.c estimated size: 35

mcc_generated_files/ht1621.c
		_WriteAll_1621 		CODE           	0970	0000	54
		_SendCmd_1621  		CODE           	15AC	0000	25
		_Two_Display   		CODE           	090B	0000	50
		_err_Display   		CODE           	0854	0000	45
		_Tc_Display    		CODE           	04F1	0000	210
		_SendBit_1621  		CODE           	1737	0000	34
		_SendDataBit_1621		CODE           	1758	0000	34
		_time_Display  		CODE           	070D	0000	151

mcc_generated_files/ht1621.c estimated size: 603

mcc_generated_files/com.c
		_RxFrameCheck  		CODE           	0669	0000	165
		_CRC_cal       		CODE           	0F86	0000	123
		_Com_Process   		CODE           	14EC	0000	10
		_Read_time_to_Com		CODE           	0D5B	0000	106
		_Set_time_from_Com		CODE           	0A4C	0000	61

mcc_generated_files/com.c estimated size: 465

mcc_generated_files/adc.c
		_ADC_Initialize		CODE           	14E4	0000	9
		_ADC_GetConversion		CODE           	16BA	0000	31

mcc_generated_files/adc.c estimated size: 40

mcc_generated_files/key.c
		_Key_Scan      		CODE           	17DD	0000	36
		_Key_Process   		CODE           	05C2	0000	168

mcc_generated_files/key.c estimated size: 204

mcc_generated_files/power.c
		_Step_control  		CODE           	0806	0000	36
		_Sleep_process 		CODE           	16D8	0000	32

mcc_generated_files/power.c estimated size: 68

D:\Program Files (x86)\Microchip\xc8\v1.37\sources\common\lwmod.c
		___lwmod       		CODE           	0880	0000	46

D:\Program Files (x86)\Microchip\xc8\v1.37\sources\common\lwmod.c estimated size: 46

D:\Program Files (x86)\Microchip\xc8\v1.37\sources\common\awmod.c
		___awmod       		CODE           	0AC6	0000	71

D:\Program Files (x86)\Microchip\xc8\v1.37\sources\common\awmod.c estimated size: 71

mcc_generated_files/save.c
		_Save_Write_time		CODE           	0E9C	0000	115
		_Save_Write_word		CODE           	0BF4	0000	82
		_Save_process  		CODE           	0DC4	0000	106
		_Set_finish_flag		CODE           	14CE	0000	6
		_Write_Flash_head		CODE           	179A	0000	34
		_Calculate_Time		CODE           	026D	0000	415
		_Serach_Flash_Head		CODE           	0B56	0000	78
		_Write_Flash_finish		CODE           	1779	0000	34
		_Set_start_flag		CODE           	14D8	0000	7

mcc_generated_files/save.c estimated size: 877

mcc_generated_files/spi.c
		_SPI_Exchange8bitBuffer		CODE           	0BA3	0000	82
		_SPI_Exchange8bit		CODE           	14FF	0000	13
		_SPI_Initialize		CODE           	14DE	0000	7

mcc_generated_files/spi.c estimated size: 102

shared
		_Dis_TAB       		STRCODE        	1800	0000	22
		__initialization		CODE           	0029	0000	44

shared estimated size: 66

mcc_generated_files/mcc.c
		_OSCILLATOR_Initialize		CODE           	14D3	0000	6
		_SYSTEM_Initialize		CODE           	1597	0000	22

mcc_generated_files/mcc.c estimated size: 28

D:\Program Files (x86)\Microchip\xc8\v1.37\sources\common\memset.c
		_memset        		CODE           	1611	0000	28

D:\Program Files (x86)\Microchip\xc8\v1.37\sources\common\memset.c estimated size: 28

mcc_generated_files/memory.c
		_FLASH_EraseBlock		CODE           	1717	0000	33
		_FLASH_ReadWord		CODE           	16F7	0000	33
		_FLASH_WriteWord		CODE           	0829	0000	44

mcc_generated_files/memory.c estimated size: 110

mcc_generated_files/eusart.c
		_EUSART_Write  		CODE           	151A	0000	17
		_EUSART_Transmit_ISR		CODE           	1663	0000	30
		_EUSART_Initialize		CODE           	162C	0000	28
		_EUSART_Receive_ISR		CODE           	0E2D	0000	112

mcc_generated_files/eusart.c estimated size: 187

D:\Program Files (x86)\Microchip\xc8\v1.37\sources\common\lwdiv.c
		___lwdiv       		CODE           	09A5	0000	54

D:\Program Files (x86)\Microchip\xc8\v1.37\sources\common\lwdiv.c estimated size: 54

D:\Program Files (x86)\Microchip\xc8\v1.37\sources\common\awdiv.c
		___awdiv       		CODE           	0C45	0000	83

D:\Program Files (x86)\Microchip\xc8\v1.37\sources\common\awdiv.c estimated size: 83

main.c
		_main          		CODE           	040B	0000	231

main.c estimated size: 231

D:\Program Files (x86)\Microchip\xc8\v1.37\sources\common\Umul16.c
		___wmul        		CODE           	1647	0000	29

D:\Program Files (x86)\Microchip\xc8\v1.37\sources\common\Umul16.c estimated size: 29

D:\Program Files (x86)\Microchip\xc8\v1.37\sources\common\Umul8.c
		___bmul        		CODE           	155B	0000	19

D:\Program Files (x86)\Microchip\xc8\v1.37\sources\common\Umul8.c estimated size: 19

