Microchip MPLAB XC8 Compiler V1.37 ()

Linker command line:

-W-3 --edf=D:\Program Files (x86)\Microchip\xc8\v1.37\dat\en_msgs.txt -cs \
  -h+dist/default/production\thermocouple.X.production.sym \
  --cmf=dist/default/production\thermocouple.X.production.cmf -z -Q16F1518 \
  -oC:\Users\CHENJI~1\AppData\Local\Temp\s7mk.2 \
  -Mdist/default/production/thermocouple.X.production.map -E1 -ver=XC8 \
  -ASTACK=02090h-023efh -pstack=STACK -ACODE=00h-07FFhx8 \
  -ASTRCODE=00h-03FFFh -ASTRING=00h-0FFhx64 -ACONST=00h-0FFhx64 \
  -AENTRY=00h-0FFhx64 -ACOMMON=070h-07Fh -ABANK0=020h-06Fh \
  -ABANK1=0A0h-0EFh -ABANK2=0120h-016Fh -ABANK3=01A0h-01EFh \
  -ABANK4=0220h-026Fh -ABANK5=02A0h-02EFh -ABANK6=0320h-036Fh \
  -ABANK7=03A0h-03EFh -ABANK8=0420h-046Fh -ABANK9=04A0h-04EFh \
  -ABANK10=0520h-056Fh -ABANK11=05A0h-05EFh -ABANK12=0620h-064Fh \
  -ABIGRAM=02000h-023EFh \
  -ARAM=020h-06Fh,0A0h-0EFh,0120h-016Fh,01A0h-01EFh,0220h-026Fh,02A0h-02EFh,0320h-036Fh,03A0h-03EFh,0420h-046Fh,04A0h-04EFh,0520h-056Fh,05A0h-05EFh,0620h-064Fh \
  -AABS1=020h-07Fh,0A0h-0EFh,0120h-016Fh,01A0h-01EFh,0220h-026Fh,02A0h-02EFh,0320h-036Fh,03A0h-03EFh,0420h-046Fh,04A0h-04EFh,0520h-056Fh,05A0h-05EFh,0620h-064Fh \
  -ASFR0=00h-01Fh -ASFR1=080h-09Fh -ASFR2=0100h-011Fh -ASFR3=0180h-019Fh \
  -ASFR4=0200h-021Fh -ASFR5=0280h-029Fh -ASFR6=0300h-031Fh \
  -ASFR7=0380h-039Fh -ASFR8=0400h-041Fh -ASFR9=0480h-049Fh \
  -ASFR10=0500h-051Fh -ASFR11=0580h-059Fh -ASFR12=0600h-061Fh \
  -ASFR13=0680h-06EFh -ASFR14=0700h-076Fh -ASFR15=0780h-07EFh \
  -ASFR16=0800h-086Fh -ASFR17=0880h-08EFh -ASFR18=0900h-096Fh \
  -ASFR19=0980h-09EFh -ASFR20=0A00h-0A6Fh -ASFR21=0A80h-0AEFh \
  -ASFR22=0B00h-0B6Fh -ASFR23=0B80h-0BEFh -ASFR24=0C00h-0C6Fh \
  -ASFR25=0C80h-0CEFh -ASFR26=0D00h-0D6Fh -ASFR27=0D80h-0DEFh \
  -ASFR28=0E00h-0E6Fh -ASFR29=0E80h-0EEFh -ASFR30=0F00h-0F6Fh \
  -ASFR31=0F80h-0FEFh -preset_vec=00h,intentry=04h,init,end_init \
  -ppowerup=CODE -pcinit=CODE -pfunctab=CODE -ACONFIG=08007h-08008h \
  -pconfig=CONFIG -DCONFIG=2 -AIDLOC=08000h-08003h -pidloc=IDLOC -DIDLOC=2 \
  -DCODE=2 -DSTRCODE=2 -DSTRING=2 -DCONST=2 -DENTRY=2 -k \
  C:\Users\CHENJI~1\AppData\Local\Temp\s7mk.obj \
  dist/default/production\thermocouple.X.production.obj 

Object code version is 3.11

Machine type is 16F1518



                Name                               Link     Load   Length Selector   Space Scale
C:\Users\CHENJI~1\AppData\Local\Temp\s7mk.obj
                end_init                             13       13        2        8       0
                reset_vec                             0        0        2        0       0
                config                             8007     8007        2    1000E       0
dist/default/production\thermocouple.X.production.obj
                cinit                                15       15       15        8       0
                intentry                              4        4        F        8       0
                text35                              559      559       13      A5E       0
                text34                              544      544       15      A5E       0
                text32                              42D      42D       23        8       0
                text31                              492      492       20        8       0
                text30                              472      472       20        8       0
                text29                              31F      31F       35        8       0
                text28                              3DF      3DF       29        8       0
                text27                              5C7      5C7        9      A5E       0
                text26                              1DD      1DD       4C        8       0
                text25                              502      502       18        8       0
                text24                              57E      57E       11      A5E       0
                text23                              5AE      5AE        D      A5E       0
                text22                              4EA      4EA       18        8       0
                text21                              3B3      3B3       2C        8       0
                text20                              2EA      2EA       35        8       0
                text19                              387      387       2C        8       0
                text18                              4D0      4D0       1A        8       0
                text17                               D2       D2       A7        8       0
                text16                              408      408       25        8       0
                text15                              58F      58F       10      A5E       0
                text14                               2A       2A       A8        8       0
                text13                              4B2      4B2       1E        8       0
                text12                              2B5      2B5       35        8       0
                text11                              354      354       33        8       0
                text10                              273      273       42        8       0
                text9                               5D0      5D0        8      A5E       0
                text8                               5BB      5BB        C      A5E       0
                text7                               5E4      5E4        5      A5E       0
                text6                               450      450       22        8       0
                text5                               5DE      5DE        6      A5E       0
                text4                               59F      59F        F      A5E       0
                text3                               56C      56C       12      A5E       0
                text2                               52F      52F       15      A5E       0
                text1                               179      179       64        8       0
                maintext                            229      229       4A        8       0
                cstackBANK0                          52       52       13       20       1
                cstackCOMMON                         70       70        A       70       1
                clrtext                             5D8      5D8        6      A5E       0
                bssBANK1                             A0       A0       40       A0       1
                bssBANK0                             20       20       32       20       1
                bssCOMMON                            7A       7A        2       70       1
                nvBANK0                              65       65        1       20       1
                stringtext                          51A      51A       15      A34       0

TOTAL           Name                               Link     Load   Length     Space
        CLASS   STACK          

        CLASS   CODE           
                end_init                             13       13        2         0
                cinit                                15       15       15         0
                intentry                              4        4        F         0
                reset_vec                             0        0        2         0
                text35                              559      559       13         0
                text34                              544      544       15         0
                text32                              42D      42D       23         0
                text31                              492      492       20         0
                text30                              472      472       20         0
                text29                              31F      31F       35         0
                text28                              3DF      3DF       29         0
                text27                              5C7      5C7        9         0
                text26                              1DD      1DD       4C         0
                text25                              502      502       18         0
                text24                              57E      57E       11         0
                text23                              5AE      5AE        D         0
                text22                              4EA      4EA       18         0
                text21                              3B3      3B3       2C         0
                text20                              2EA      2EA       35         0
                text19                              387      387       2C         0
                text18                              4D0      4D0       1A         0
                text17                               D2       D2       A7         0
                text16                              408      408       25         0
                text15                              58F      58F       10         0
                text14                               2A       2A       A8         0
                text13                              4B2      4B2       1E         0
                text12                              2B5      2B5       35         0
                text11                              354      354       33         0
                text10                              273      273       42         0
                text9                               5D0      5D0        8         0
                text8                               5BB      5BB        C         0
                text7                               5E4      5E4        5         0
                text6                               450      450       22         0
                text5                               5DE      5DE        6         0
                text4                               59F      59F        F         0
                text3                               56C      56C       12         0
                text2                               52F      52F       15         0
                text1                               179      179       64         0
                maintext                            229      229       4A         0
                clrtext                             5D8      5D8        6         0

        CLASS   STRCODE        
                stringtext                          51A      51A       15         0

        CLASS   STRING         

        CLASS   CONST          

        CLASS   ENTRY          

        CLASS   COMMON         
                cstackCOMMON                         70       70        A         1
                bssCOMMON                            7A       7A        2         1

        CLASS   BANK0          
                cstackBANK0                          52       52       13         1
                bssBANK0                             20       20       32         1
                nvBANK0                              65       65        1         1

        CLASS   BANK1          
                bssBANK1                             A0       A0       40         1

        CLASS   BANK2          

        CLASS   BANK3          

        CLASS   BANK4          

        CLASS   BANK5          

        CLASS   BANK6          

        CLASS   BANK7          

        CLASS   BANK8          

        CLASS   BANK9          

        CLASS   BANK10         

        CLASS   BANK11         

        CLASS   BANK12         

        CLASS   BIGRAM         

        CLASS   RAM            

        CLASS   ABS1           
                abs_s1                               7E       7E        2         1

        CLASS   SFR0           

        CLASS   SFR1           

        CLASS   SFR2           

        CLASS   SFR3           

        CLASS   SFR4           

        CLASS   SFR5           

        CLASS   SFR6           

        CLASS   SFR7           

        CLASS   SFR8           

        CLASS   SFR9           

        CLASS   SFR10          

        CLASS   SFR11          

        CLASS   SFR12          

        CLASS   SFR13          

        CLASS   SFR14          

        CLASS   SFR15          

        CLASS   SFR16          

        CLASS   SFR17          

        CLASS   SFR18          

        CLASS   SFR19          

        CLASS   SFR20          

        CLASS   SFR21          

        CLASS   SFR22          

        CLASS   SFR23          

        CLASS   SFR24          

        CLASS   SFR25          

        CLASS   SFR26          

        CLASS   SFR27          

        CLASS   SFR28          

        CLASS   SFR29          

        CLASS   SFR30          

        CLASS   SFR31          

        CLASS   CONFIG         
                config                             8007     8007        2         0

        CLASS   IDLOC          

        CLASS   BANK31         

        CLASS   BANK30         

        CLASS   BANK29         

        CLASS   BANK28         

        CLASS   BANK27         

        CLASS   BANK26         

        CLASS   BANK25         

        CLASS   BANK24         

        CLASS   BANK23         

        CLASS   BANK22         

        CLASS   BANK21         

        CLASS   BANK20         

        CLASS   BANK19         

        CLASS   BANK18         

        CLASS   BANK17         

        CLASS   BANK16         

        CLASS   BANK15         

        CLASS   BANK14         

        CLASS   BANK13         

        CLASS   EEDATA         



SEGMENTS        Name                           Load    Length   Top    Selector   Space  Class     Delta

                reset_vec                      000000  000002  000002         0       0  CODE        2
                intentry                       000004  000516  00051A         8       0  CODE        2
                bssBANK0                       000020  000046  000066        20       1  BANK0       1
                cstackCOMMON                   000070  00000C  00007C        70       1  COMMON      1
                bssBANK1                       0000A0  000040  0000E0        A0       1  BANK1       1
                stringtext                     00051A  000015  00052F       A34       0  STRCODE     2
                text2                          00052F  0000BA  0005E9       A5E       0  CODE        2
                config                         008007  000002  008009     1000E       0  CONFIG      2


UNUSED ADDRESS RANGES

        Name                Unused          Largest block    Delta
        BANK0            00066-0006F               A           1
        BANK1            000E0-000EF              10           1
        BANK10           00520-0056F              50           1
        BANK11           005A0-005EF              50           1
        BANK12           00620-0064F              30           1
        BANK2            00120-0016F              50           1
        BANK3            001A0-001EF              50           1
        BANK4            00220-0026F              50           1
        BANK5            002A0-002EF              50           1
        BANK6            00320-0036F              50           1
        BANK7            003A0-003EF              50           1
        BANK8            00420-0046F              50           1
        BANK9            004A0-004EF              50           1
        BIGRAM           02000-023EF             3F0           1
        CODE             00002-00003               2           2
                         005E9-03FFF             800
        COMMON           0007C-0007D               2           1
        CONST            00002-00003               2           2
                         005E9-03FFF             100
        ENTRY            00002-00003               2           2
                         005E9-03FFF             100
        IDLOC            08000-08003               4           2
        RAM              00066-0006F               A           1
                         000E0-000EF              10
                         00120-0016F              50
                         001A0-001EF              50
                         00220-0026F              50
                         002A0-002EF              50
                         00320-0036F              50
                         003A0-003EF              50
                         00420-0046F              50
                         004A0-004EF              50
                         00520-0056F              50
                         005A0-005EF              50
                         00620-0064F              30
        SFR0             00000-0001F              20           1
        SFR1             00080-0009F              20           1
        SFR10            00500-0051F              20           1
        SFR11            00580-0059F              20           1
        SFR12            00600-0061F              20           1
        SFR13            00680-006EF              70           1
        SFR14            00700-0076F              70           1
        SFR15            00780-007EF              70           1
        SFR16            00800-0086F              70           1
        SFR17            00880-008EF              70           1
        SFR18            00900-0096F              70           1
        SFR19            00980-009EF              70           1
        SFR2             00100-0011F              20           1
        SFR20            00A00-00A6F              70           1
        SFR21            00A80-00AEF              70           1
        SFR22            00B00-00B6F              70           1
        SFR23            00B80-00BEF              70           1
        SFR24            00C00-00C6F              70           1
        SFR25            00C80-00CEF              70           1
        SFR26            00D00-00D6F              70           1
        SFR27            00D80-00DEF              70           1
        SFR28            00E00-00E6F              70           1
        SFR29            00E80-00EEF              70           1
        SFR3             00180-0019F              20           1
        SFR30            00F00-00F6F              70           1
        SFR31            00F80-00FEF              70           1
        SFR4             00200-0021F              20           1
        SFR5             00280-0029F              20           1
        SFR6             00300-0031F              20           1
        SFR7             00380-0039F              20           1
        SFR8             00400-0041F              20           1
        SFR9             00480-0049F              20           1
        STACK            02090-023EF             360           1
        STRCODE          00002-00003               2           2
                         005E9-03FFF            3A17
        STRING           00002-00003               2           2
                         005E9-03FFF             100

                                  Symbol Table

?___lwdiv                                        cstackBANK0  00052
?___lwmod                                        cstackCOMMON 00072
Key_Process@gKeyValue                            cstackBANK0  0005F
Key_Scan@Key_val                                 cstackCOMMON 00074
SPI_Exchange8bit@data                            cstackCOMMON 00072
SPI_Exchange8bitBuffer@bufLen                    cstackCOMMON 00073
SPI_Exchange8bitBuffer@bytesWritten              cstackCOMMON 00079
SPI_Exchange8bitBuffer@dataIn                    cstackCOMMON 00078
SPI_Exchange8bitBuffer@dataOut                   cstackCOMMON 00074
SendBit_1621@cnt                                 cstackCOMMON 00072
SendBit_1621@data                                cstackCOMMON 00075
SendBit_1621@i                                   cstackCOMMON 00076
SendCmd_1621@command                             cstackCOMMON 00078
SendDataBit_1621@cnt                             cstackCOMMON 00072
SendDataBit_1621@data                            cstackCOMMON 00075
SendDataBit_1621@i                               cstackCOMMON 00076
TMR0_ISR@CountCallBack                           bssBANK0     00036
Tc_Display@count                                 cstackBANK0  0005A
Tc_Display@data                                  cstackBANK0  0005B
Two_Display@F2073                                bssBANK0     00020
Two_Display@num                                  cstackBANK0  00056
Two_Display@number                               cstackBANK0  0005A
WriteAll_1621@addr                               cstackBANK0  00053
WriteAll_1621@cnt                                cstackCOMMON 00079
WriteAll_1621@i                                  cstackBANK0  00054
WriteAll_1621@p                                  cstackCOMMON 00077
_ADCON0                                          (abs)        0009D
_ADCON0bits                                      (abs)        0009D
_ADCON1                                          (abs)        0009E
_ADC_Initialize                                  text9        005D0
_ADRESH                                          (abs)        0009C
_ADRESL                                          (abs)        0009B
_ANSELA                                          (abs)        0018C
_ANSELB                                          (abs)        0018D
_ANSELC                                          (abs)        0018E
_APFCON                                          (abs)        0011D
_BAUDCON                                         (abs)        0019F
_Dis_TAB                                         stringtext   0051A
_EUSART_Initialize                               text8        005BB
_INTCONbits                                      (abs)        0000B
_INTERRUPT_InterruptManager                      intentry     00004
_Key_Process                                     text10       00273
_Key_Scan                                        text32       0042D
_LATA                                            (abs)        0010C
_LATA0                                           (abs)        00860
_LATA1                                           (abs)        00861
_LATA2                                           (abs)        00862
_LATA3                                           (abs)        00863
_LATA4                                           (abs)        00864
_LATA5                                           (abs)        00865
_LATB                                            (abs)        0010D
_LATB0                                           (abs)        00868
_LATB1                                           (abs)        00869
_LATC                                            (abs)        0010E
_LATC0                                           (abs)        00870
_LATC1                                           (abs)        00871
_LATC2                                           (abs)        00872
_LongPressSec                                    bssBANK0     0003A
_OPTION_REG                                      (abs)        00095
_OPTION_REGbits                                  (abs)        00095
_OSCCON                                          (abs)        00099
_OSCILLATOR_Initialize                           text7        005E4
_OSCSTAT                                         (abs)        0009A
_PIN_MANAGER_Initialize                          text6        00450
_PIR1bits                                        (abs)        00011
_PMADR                                           (abs)        00191
_PMADRH                                          (abs)        00192
_PMADRL                                          (abs)        00191
_PMCON1bits                                      (abs)        00195
_PMCON2                                          (abs)        00196
_PMDAT                                           (abs)        00193
_PMDATH                                          (abs)        00194
_PMDATL                                          (abs)        00193
_RA7                                             (abs)        00067
_RB1                                             (abs)        00069
_RB3                                             (abs)        0006B
_RB5                                             (abs)        0006D
_RCREG                                           (abs)        00199
_RCSTA                                           (abs)        0019D
_RCSTAbits                                       (abs)        0019D
_SPBRGH                                          (abs)        0019C
_SPBRGL                                          (abs)        0019B
_SPI_Exchange8bit                                text27       005C7
_SPI_Exchange8bitBuffer                          text26       001DD
_SPI_Initialize                                  text5        005DE
_SSP1ADD                                         (abs)        00212
_SSP1CON1                                        (abs)        00215
_SSP1CON1bits                                    (abs)        00215
_SSP1STAT                                        (abs)        00214
_SSP1STATbits                                    (abs)        00214
_SSPBUF                                          (abs)        00211
_SYSTEM_Initialize                               text3        0056C
_SendBit_1621                                    text31       00492
_SendCmd_1621                                    text2        0052F
_SendDataBit_1621                                text30       00472
_TMR0                                            (abs)        00015
_TMR0_CallBack                                   text35       00559
_TMR0_ISR                                        text34       00544
_TMR0_Initialize                                 text4        0059F
_TRISA                                           (abs)        0008C
_TRISB                                           (abs)        0008D
_TRISB3                                          (abs)        0046B
_TRISC                                           (abs)        0008E
_TXREG                                           (abs)        0019A
_TXSTA                                           (abs)        0019E
_Tc_Display                                      text17       000D2
_Two_Display                                     text28       003DF
_WPUB                                            (abs)        0020D
_WPUE                                            (abs)        00210
_WriteAll_1621                                   text29       0031F
__CFG_BOREN$ON                                   (abs)        00000
__CFG_BORV$LO                                    (abs)        00000
__CFG_CLKOUTEN$OFF                               (abs)        00000
__CFG_CP$OFF                                     (abs)        00000
__CFG_FCMEN$ON                                   (abs)        00000
__CFG_FOSC$INTOSC                                (abs)        00000
__CFG_IESO$ON                                    (abs)        00000
__CFG_LPBOR$OFF                                  (abs)        00000
__CFG_LVP$OFF                                    (abs)        00000
__CFG_MCLRE$ON                                   (abs)        00000
__CFG_PWRTE$OFF                                  (abs)        00000
__CFG_STVREN$ON                                  (abs)        00000
__CFG_VCAPEN$OFF                                 (abs)        00000
__CFG_WDTE$OFF                                   (abs)        00000
__CFG_WRT$OFF                                    (abs)        00000
__Habs1                                          abs1         00000
__Hbank0                                         bank0        00000
__Hbank1                                         bank1        00000
__Hbank10                                        bank10       00000
__Hbank11                                        bank11       00000
__Hbank12                                        bank12       00000
__Hbank13                                        bank13       00000
__Hbank14                                        bank14       00000
__Hbank15                                        bank15       00000
__Hbank16                                        bank16       00000
__Hbank17                                        bank17       00000
__Hbank18                                        bank18       00000
__Hbank19                                        bank19       00000
__Hbank2                                         bank2        00000
__Hbank20                                        bank20       00000
__Hbank21                                        bank21       00000
__Hbank22                                        bank22       00000
__Hbank23                                        bank23       00000
__Hbank24                                        bank24       00000
__Hbank25                                        bank25       00000
__Hbank26                                        bank26       00000
__Hbank27                                        bank27       00000
__Hbank28                                        bank28       00000
__Hbank29                                        bank29       00000
__Hbank3                                         bank3        00000
__Hbank30                                        bank30       00000
__Hbank31                                        bank31       00000
__Hbank4                                         bank4        00000
__Hbank5                                         bank5        00000
__Hbank6                                         bank6        00000
__Hbank7                                         bank7        00000
__Hbank8                                         bank8        00000
__Hbank9                                         bank9        00000
__Hbigram                                        bigram       00000
__HbssBANK0                                      bssBANK0     00000
__HbssBANK1                                      bssBANK1     00000
__HbssCOMMON                                     bssCOMMON    00000
__Hcinit                                         cinit        0002A
__Hclrtext                                       clrtext      00000
__Hcode                                          code         00000
__Hcommon                                        common       00000
__Hconfig                                        config       08009
__HcstackBANK0                                   cstackBANK0  00000
__HcstackCOMMON                                  cstackCOMMON 00000
__Heeprom_data                                   eeprom_data  00000
__Hend_init                                      end_init     00015
__Hfunctab                                       functab      00000
__Hidloc                                         idloc        00000
__Hinit                                          init         00013
__Hintentry                                      intentry     00013
__Hmaintext                                      maintext     00000
__HnvBANK0                                       nvBANK0      00000
__Hpowerup                                       powerup      00000
__Hram                                           ram          00000
__Hreset_vec                                     reset_vec    00002
__Hsfr0                                          sfr0         00000
__Hsfr1                                          sfr1         00000
__Hsfr10                                         sfr10        00000
__Hsfr11                                         sfr11        00000
__Hsfr12                                         sfr12        00000
__Hsfr13                                         sfr13        00000
__Hsfr14                                         sfr14        00000
__Hsfr15                                         sfr15        00000
__Hsfr16                                         sfr16        00000
__Hsfr17                                         sfr17        00000
__Hsfr18                                         sfr18        00000
__Hsfr19                                         sfr19        00000
__Hsfr2                                          sfr2         00000
__Hsfr20                                         sfr20        00000
__Hsfr21                                         sfr21        00000
__Hsfr22                                         sfr22        00000
__Hsfr23                                         sfr23        00000
__Hsfr24                                         sfr24        00000
__Hsfr25                                         sfr25        00000
__Hsfr26                                         sfr26        00000
__Hsfr27                                         sfr27        00000
__Hsfr28                                         sfr28        00000
__Hsfr29                                         sfr29        00000
__Hsfr3                                          sfr3         00000
__Hsfr30                                         sfr30        00000
__Hsfr31                                         sfr31        00000
__Hsfr4                                          sfr4         00000
__Hsfr5                                          sfr5         00000
__Hsfr6                                          sfr6         00000
__Hsfr7                                          sfr7         00000
__Hsfr8                                          sfr8         00000
__Hsfr9                                          sfr9         00000
__Hspace_0                                       (abs)        08009
__Hspace_1                                       (abs)        000E0
__Hspace_2                                       (abs)        00000
__Hspace_3                                       (abs)        00000
__Hstack                                         stack        00000
__Hstrings                                       strings      00000
__Hstringtext                                    stringtext   00000
__Htext                                          text         00000
__Labs1                                          abs1         00000
__Lbank0                                         bank0        00000
__Lbank1                                         bank1        00000
__Lbank10                                        bank10       00000
__Lbank11                                        bank11       00000
__Lbank12                                        bank12       00000
__Lbank13                                        bank13       00000
__Lbank14                                        bank14       00000
__Lbank15                                        bank15       00000
__Lbank16                                        bank16       00000
__Lbank17                                        bank17       00000
__Lbank18                                        bank18       00000
__Lbank19                                        bank19       00000
__Lbank2                                         bank2        00000
__Lbank20                                        bank20       00000
__Lbank21                                        bank21       00000
__Lbank22                                        bank22       00000
__Lbank23                                        bank23       00000
__Lbank24                                        bank24       00000
__Lbank25                                        bank25       00000
__Lbank26                                        bank26       00000
__Lbank27                                        bank27       00000
__Lbank28                                        bank28       00000
__Lbank29                                        bank29       00000
__Lbank3                                         bank3        00000
__Lbank30                                        bank30       00000
__Lbank31                                        bank31       00000
__Lbank4                                         bank4        00000
__Lbank5                                         bank5        00000
__Lbank6                                         bank6        00000
__Lbank7                                         bank7        00000
__Lbank8                                         bank8        00000
__Lbank9                                         bank9        00000
__Lbigram                                        bigram       00000
__LbssBANK0                                      bssBANK0     00000
__LbssBANK1                                      bssBANK1     00000
__LbssCOMMON                                     bssCOMMON    00000
__Lcinit                                         cinit        00015
__Lclrtext                                       clrtext      00000
__Lcode                                          code         00000
__Lcommon                                        common       00000
__Lconfig                                        config       08007
__LcstackBANK0                                   cstackBANK0  00000
__LcstackCOMMON                                  cstackCOMMON 00000
__Leeprom_data                                   eeprom_data  00000
__Lend_init                                      end_init     00013
__Lfunctab                                       functab      00000
__Lidloc                                         idloc        00000
__Linit                                          init         00013
__Lintentry                                      intentry     00004
__Lmaintext                                      maintext     00000
__LnvBANK0                                       nvBANK0      00000
__Lpowerup                                       powerup      00000
__Lram                                           ram          00000
__Lreset_vec                                     reset_vec    00000
__Lsfr0                                          sfr0         00000
__Lsfr1                                          sfr1         00000
__Lsfr10                                         sfr10        00000
__Lsfr11                                         sfr11        00000
__Lsfr12                                         sfr12        00000
__Lsfr13                                         sfr13        00000
__Lsfr14                                         sfr14        00000
__Lsfr15                                         sfr15        00000
__Lsfr16                                         sfr16        00000
__Lsfr17                                         sfr17        00000
__Lsfr18                                         sfr18        00000
__Lsfr19                                         sfr19        00000
__Lsfr2                                          sfr2         00000
__Lsfr20                                         sfr20        00000
__Lsfr21                                         sfr21        00000
__Lsfr22                                         sfr22        00000
__Lsfr23                                         sfr23        00000
__Lsfr24                                         sfr24        00000
__Lsfr25                                         sfr25        00000
__Lsfr26                                         sfr26        00000
__Lsfr27                                         sfr27        00000
__Lsfr28                                         sfr28        00000
__Lsfr29                                         sfr29        00000
__Lsfr3                                          sfr3         00000
__Lsfr30                                         sfr30        00000
__Lsfr31                                         sfr31        00000
__Lsfr4                                          sfr4         00000
__Lsfr5                                          sfr5         00000
__Lsfr6                                          sfr6         00000
__Lsfr7                                          sfr7         00000
__Lsfr8                                          sfr8         00000
__Lsfr9                                          sfr9         00000
__Lspace_0                                       (abs)        00000
__Lspace_1                                       (abs)        00000
__Lspace_2                                       (abs)        00000
__Lspace_3                                       (abs)        00000
__Lstack                                         stack        00000
__Lstrings                                       strings      00000
__Lstringtext                                    stringtext   00000
__Ltext                                          text         00000
__S0                                             (abs)        08009
__S1                                             (abs)        000E0
__S2                                             (abs)        00000
___int_sp                                        stack        00000
___latbits                                       (abs)        00003
___lwdiv                                         text20       002EA
___lwdiv@counter                                 cstackBANK0  00056
___lwdiv@dividend                                cstackBANK0  00054
___lwdiv@divisor                                 cstackBANK0  00052
___lwdiv@quotient                                cstackBANK0  00057
___lwmod                                         text19       00387
___lwmod@counter                                 cstackCOMMON 00077
___lwmod@dividend                                cstackCOMMON 00074
___lwmod@divisor                                 cstackCOMMON 00072
___sp                                            stack        00000
__end_of_ADC_Initialize                          text9        005D8
__end_of_Dis_TAB                                 stringtext   0052F
__end_of_EUSART_Initialize                       text8        005C7
__end_of_INTERRUPT_InterruptManager              intentry     00013
__end_of_Key_Process                             text10       002B5
__end_of_Key_Scan                                text32       00450
__end_of_OSCILLATOR_Initialize                   text7        005E9
__end_of_PIN_MANAGER_Initialize                  text6        00472
__end_of_SPI_Exchange8bit                        text27       005D0
__end_of_SPI_Exchange8bitBuffer                  text26       00229
__end_of_SPI_Initialize                          text5        005E4
__end_of_SYSTEM_Initialize                       text3        0057E
__end_of_SendBit_1621                            text31       004B2
__end_of_SendCmd_1621                            text2        00544
__end_of_SendDataBit_1621                        text30       00492
__end_of_TMR0_CallBack                           text35       0056C
__end_of_TMR0_ISR                                text34       00559
__end_of_TMR0_Initialize                         text4        005AE
__end_of_Tc_Display                              text17       00179
__end_of_Two_Display                             text28       00408
__end_of_WriteAll_1621                           text29       00354
__end_of___lwdiv                                 text20       0031F
__end_of___lwmod                                 text19       003B3
__end_of__initialization                         cinit        00026
__end_of_err_Display                             text16       0042D
__end_of_main                                    maintext     00273
__end_of_maxim_31856_init                        text1        001DD
__end_of_maxim_31856_read_nregisters             text25       0051A
__end_of_maxim_31856_read_register               text24       0058F
__end_of_maxim_31856_write_register              text23       005BB
__end_of_maxim_clear_fault_status                text15       0059F
__end_of_maxim_start_conversion                  text22       00502
__end_of_memset                                  text18       004EA
__end_of_one_temperature_trans                   text21       003DF
__end_of_tc_temperature_trans                    text14       000D2
__end_of_temperature_display                     text13       004D0
__end_of_temperature_process                     text11       00387
__end_of_time_Display                            text12       002EA
__initialization                                 cinit        00015
__pbssBANK0                                      bssBANK0     00020
__pbssBANK1                                      bssBANK1     000A0
__pbssCOMMON                                     bssCOMMON    0007A
__pcstackBANK0                                   cstackBANK0  00052
__pcstackCOMMON                                  cstackCOMMON 00070
__pintentry                                      intentry     00004
__pmaintext                                      maintext     00229
__pnvBANK0                                       nvBANK0      00065
__pstringtext                                    stringtext   0051A
__ptext1                                         text1        00179
__ptext10                                        text10       00273
__ptext11                                        text11       00354
__ptext12                                        text12       002B5
__ptext13                                        text13       004B2
__ptext14                                        text14       0002A
__ptext15                                        text15       0058F
__ptext16                                        text16       00408
__ptext17                                        text17       000D2
__ptext18                                        text18       004D0
__ptext19                                        text19       00387
__ptext2                                         text2        0052F
__ptext20                                        text20       002EA
__ptext21                                        text21       003B3
__ptext22                                        text22       004EA
__ptext23                                        text23       005AE
__ptext24                                        text24       0057E
__ptext25                                        text25       00502
__ptext26                                        text26       001DD
__ptext27                                        text27       005C7
__ptext28                                        text28       003DF
__ptext29                                        text29       0031F
__ptext3                                         text3        0056C
__ptext30                                        text30       00472
__ptext31                                        text31       00492
__ptext32                                        text32       0042D
__ptext34                                        text34       00544
__ptext35                                        text35       00559
__ptext4                                         text4        0059F
__ptext5                                         text5        005DE
__ptext6                                         text6        00450
__ptext7                                         text7        005E4
__ptext8                                         text8        005BB
__ptext9                                         text9        005D0
__size_of_ADC_Initialize                         (abs)        00000
__size_of_EUSART_Initialize                      (abs)        00000
__size_of_INTERRUPT_InterruptManager             (abs)        00000
__size_of_Key_Process                            (abs)        00000
__size_of_Key_Scan                               (abs)        00000
__size_of_OSCILLATOR_Initialize                  (abs)        00000
__size_of_PIN_MANAGER_Initialize                 (abs)        00000
__size_of_SPI_Exchange8bit                       (abs)        00000
__size_of_SPI_Exchange8bitBuffer                 (abs)        00000
__size_of_SPI_Initialize                         (abs)        00000
__size_of_SYSTEM_Initialize                      (abs)        00000
__size_of_SendBit_1621                           (abs)        00000
__size_of_SendCmd_1621                           (abs)        00000
__size_of_SendDataBit_1621                       (abs)        00000
__size_of_TMR0_CallBack                          (abs)        00000
__size_of_TMR0_ISR                               (abs)        00000
__size_of_TMR0_Initialize                        (abs)        00000
__size_of_Tc_Display                             (abs)        00000
__size_of_Two_Display                            (abs)        00000
__size_of_WriteAll_1621                          (abs)        00000
__size_of___lwdiv                                (abs)        00000
__size_of___lwmod                                (abs)        00000
__size_of_err_Display                            (abs)        00000
__size_of_main                                   (abs)        00000
__size_of_maxim_31856_init                       (abs)        00000
__size_of_maxim_31856_read_nregisters            (abs)        00000
__size_of_maxim_31856_read_register              (abs)        00000
__size_of_maxim_31856_write_register             (abs)        00000
__size_of_maxim_clear_fault_status               (abs)        00000
__size_of_maxim_start_conversion                 (abs)        00000
__size_of_memset                                 (abs)        00000
__size_of_one_temperature_trans                  (abs)        00000
__size_of_tc_temperature_trans                   (abs)        00000
__size_of_temperature_display                    (abs)        00000
__size_of_temperature_process                    (abs)        00000
__size_of_time_Display                           (abs)        00000
_display_buff                                    bssBANK0     0004E
_err_Display                                     text16       00408
_main                                            maintext     00229
_maxim_31856_init                                text1        00179
_maxim_31856_read_nregisters                     text25       00502
_maxim_31856_read_register                       text24       0057E
_maxim_31856_write_register                      text23       005AE
_maxim_clear_fault_status                        text15       0058F
_maxim_start_conversion                          text22       004EA
_memset                                          text18       004D0
_one_temperature_trans                           text21       003B3
_tc_temperature_trans                            text14       0002A
_temperature_decimal                             bssBANK0     0003B
_temperature_display                             text13       004B2
_temperature_int                                 bssBANK0     00038
_temperature_process                             text11       00354
_temperature_sign                                bssBANK0     0003C
_temperature_value                               bssBANK0     00024
_time_Display                                    text12       002B5
_time_count                                      bssBANK0     0003D
_timer0ReloadVal                                 nvBANK0      00065
_uch_cjth                                        bssBANK0     0003F
_uch_cjtl                                        bssBANK0     00040
_uch_cr0                                         bssCOMMON    0007A
_uch_cr1                                         bssBANK0     00041
_uch_ltcbh                                       bssCOMMON    0007B
_uch_ltcbl                                       bssBANK0     00042
_uch_ltcbm                                       bssBANK0     00043
_uch_mask                                        bssBANK0     00044
_uch_reg                                         bssBANK0     00046
_uch_sr                                          bssBANK0     00045
btemp                                            (abs)        0007E
clear_ram0                                       clrtext      005D8
end_of_initialization                            cinit        00026
err_Display@F2076                                bssBANK0     00028
err_Display@num                                  cstackBANK0  00056
int$flags                                        (abs)        0007E
intlevel0                                        functab      00000
intlevel1                                        functab      00000
intlevel2                                        functab      00000
intlevel3                                        functab      00000
intlevel4                                        functab      00000
intlevel5                                        functab      00000
ltemp                                            (abs)        0007E
ltemp0                                           (abs)        0007E
ltemp1                                           (abs)        00082
ltemp2                                           (abs)        00086
ltemp3                                           (abs)        00080
main@data_temp                                   cstackBANK0  00063
maxim_31856_read_nregisters@uch_buff             cstackBANK0  00052
maxim_31856_read_nregisters@uch_nBytes           cstackBANK0  00053
maxim_31856_read_nregisters@uch_register_address cstackBANK0  00056
maxim_31856_read_register@uch_register_address   cstackCOMMON 00074
maxim_31856_read_register@uch_register_data      cstackCOMMON 00075
maxim_31856_write_register@uch_register_address  cstackCOMMON 00074
maxim_31856_write_register@uch_register_value    cstackCOMMON 00073
maxim_start_conversion@uch_conversion_mode       cstackCOMMON 00077
memset@c                                         cstackCOMMON 00072
memset@n                                         cstackCOMMON 00074
memset@p                                         cstackCOMMON 00078
memset@p1                                        cstackCOMMON 00077
reset_vec                                        reset_vec    00000
stackhi                                          (abs)        023EF
stacklo                                          (abs)        02090
start                                            init         00013
start_initialization                             cinit        00015
time_Display@F2079                               bssBANK0     0002C
time_Display@num                                 cstackBANK0  00056
ttemp                                            (abs)        0007E
ttemp0                                           (abs)        0007E
ttemp1                                           (abs)        00081
ttemp2                                           (abs)        00084
ttemp3                                           (abs)        00087
ttemp4                                           (abs)        0007F
wtemp                                            (abs)        0007E
wtemp0                                           (abs)        0007E
wtemp1                                           (abs)        00080
wtemp2                                           (abs)        00082
wtemp3                                           (abs)        00084
wtemp4                                           (abs)        00086
wtemp5                                           (abs)        00088
wtemp6                                           (abs)        0007F


FUNCTION INFORMATION:

 *************** function _main *****************
 Defined at:
		line 60 in file "main.c"
 Parameters:    Size  Location     Type
		None
 Auto vars:     Size  Location     Type
  data_temp       2   17[BANK0 ] unsigned int 
 Return value:  Size  Location     Type
                  1    wreg      void 
 Registers used:
		wreg, fsr0l, fsr0h, fsr1l, fsr1h, status,2, status,0, pclath, cstack
 Tracked objects:
		On entry : 
		On exit  : 
		Unchanged: 
 Data sizes:     COMMON   BANK0   BANK1   BANK2   BANK3   BANK4   BANK5   BANK6   BANK7   BANK8   BANK9  BANK10  BANK11  BANK12
      Params:         0       0       0       0       0       0       0       0       0       0       0       0       0       0
      Locals:         0       2       0       0       0       0       0       0       0       0       0       0       0       0
      Temps:          0       3       0       0       0       0       0       0       0       0       0       0       0       0
      Totals:         0       5       0       0       0       0       0       0       0       0       0       0       0       0
Total ram usage:        5 bytes
 Hardware stack levels required when called:    9
 This function calls:
		_Key_Process
		_SYSTEM_Initialize
		_SendCmd_1621
		_WriteAll_1621
		_maxim_31856_init
		_temperature_process
 This function is called by:
		Startup code after reset
 This function uses a non-reentrant model


 *************** function _maxim_31856_init *****************
 Defined at:
		line 63 in file "mcc_generated_files/max31856.c"
 Parameters:    Size  Location     Type
		None
 Auto vars:     Size  Location     Type
		None
 Return value:  Size  Location     Type
                  1    wreg      void 
 Registers used:
		wreg, status,2, status,0, pclath, cstack
 Tracked objects:
		On entry : 
		On exit  : 
		Unchanged: 
 Data sizes:     COMMON   BANK0   BANK1   BANK2   BANK3   BANK4   BANK5   BANK6   BANK7   BANK8   BANK9  BANK10  BANK11  BANK12
      Params:         0       0       0       0       0       0       0       0       0       0       0       0       0       0
      Locals:         0       0       0       0       0       0       0       0       0       0       0       0       0       0
      Temps:          1       0       0       0       0       0       0       0       0       0       0       0       0       0
      Totals:         1       0       0       0       0       0       0       0       0       0       0       0       0       0
Total ram usage:        1 bytes
 Hardware stack levels used:    1
 Hardware stack levels required when called:    5
 This function calls:
		_maxim_31856_write_register
 This function is called by:
		_main
 This function uses a non-reentrant model


 *************** function _SendCmd_1621 *****************
 Defined at:
		line 59 in file "mcc_generated_files/ht1621.c"
 Parameters:    Size  Location     Type
  command         1    wreg     unsigned char 
 Auto vars:     Size  Location     Type
  command         1    8[COMMON] unsigned char 
 Return value:  Size  Location     Type
                  1    wreg      void 
 Registers used:
		wreg, status,2, status,0, pclath, cstack
 Tracked objects:
		On entry : 
		On exit  : 
		Unchanged: 
 Data sizes:     COMMON   BANK0   BANK1   BANK2   BANK3   BANK4   BANK5   BANK6   BANK7   BANK8   BANK9  BANK10  BANK11  BANK12
      Params:         0       0       0       0       0       0       0       0       0       0       0       0       0       0
      Locals:         1       0       0       0       0       0       0       0       0       0       0       0       0       0
      Temps:          1       0       0       0       0       0       0       0       0       0       0       0       0       0
      Totals:         2       0       0       0       0       0       0       0       0       0       0       0       0       0
Total ram usage:        2 bytes
 Hardware stack levels used:    1
 Hardware stack levels required when called:    4
 This function calls:
		_SendBit_1621
 This function is called by:
		_main
 This function uses a non-reentrant model


 *************** function _SYSTEM_Initialize *****************
 Defined at:
		line 70 in file "mcc_generated_files/mcc.c"
 Parameters:    Size  Location     Type
		None
 Auto vars:     Size  Location     Type
		None
 Return value:  Size  Location     Type
                  1    wreg      void 
 Registers used:
		wreg, status,2, status,0, pclath, cstack
 Tracked objects:
		On entry : 
		On exit  : 
		Unchanged: 
 Data sizes:     COMMON   BANK0   BANK1   BANK2   BANK3   BANK4   BANK5   BANK6   BANK7   BANK8   BANK9  BANK10  BANK11  BANK12
      Params:         0       0       0       0       0       0       0       0       0       0       0       0       0       0
      Locals:         0       0       0       0       0       0       0       0       0       0       0       0       0       0
      Temps:          0       0       0       0       0       0       0       0       0       0       0       0       0       0
      Totals:         0       0       0       0       0       0       0       0       0       0       0       0       0       0
Total ram usage:        0 bytes
 Hardware stack levels used:    1
 Hardware stack levels required when called:    4
 This function calls:
		_ADC_Initialize
		_EUSART_Initialize
		_OSCILLATOR_Initialize
		_PIN_MANAGER_Initialize
		_SPI_Initialize
		_TMR0_Initialize
 This function is called by:
		_main
 This function uses a non-reentrant model


 *************** function _TMR0_Initialize *****************
 Defined at:
		line 66 in file "mcc_generated_files/tmr0.c"
 Parameters:    Size  Location     Type
		None
 Auto vars:     Size  Location     Type
		None
 Return value:  Size  Location     Type
                  1    wreg      void 
 Registers used:
		wreg, status,2
 Tracked objects:
		On entry : 
		On exit  : 
		Unchanged: 
 Data sizes:     COMMON   BANK0   BANK1   BANK2   BANK3   BANK4   BANK5   BANK6   BANK7   BANK8   BANK9  BANK10  BANK11  BANK12
      Params:         0       0       0       0       0       0       0       0       0       0       0       0       0       0
      Locals:         0       0       0       0       0       0       0       0       0       0       0       0       0       0
      Temps:          1       0       0       0       0       0       0       0       0       0       0       0       0       0
      Totals:         1       0       0       0       0       0       0       0       0       0       0       0       0       0
Total ram usage:        1 bytes
 Hardware stack levels used:    1
 Hardware stack levels required when called:    3
 This function calls:
		Nothing
 This function is called by:
		_SYSTEM_Initialize
 This function uses a non-reentrant model


 *************** function _SPI_Initialize *****************
 Defined at:
		line 64 in file "mcc_generated_files/spi.c"
 Parameters:    Size  Location     Type
		None
 Auto vars:     Size  Location     Type
		None
 Return value:  Size  Location     Type
                  1    wreg      void 
 Registers used:
		wreg, status,2
 Tracked objects:
		On entry : 
		On exit  : 
		Unchanged: 
 Data sizes:     COMMON   BANK0   BANK1   BANK2   BANK3   BANK4   BANK5   BANK6   BANK7   BANK8   BANK9  BANK10  BANK11  BANK12
      Params:         0       0       0       0       0       0       0       0       0       0       0       0       0       0
      Locals:         0       0       0       0       0       0       0       0       0       0       0       0       0       0
      Temps:          0       0       0       0       0       0       0       0       0       0       0       0       0       0
      Totals:         0       0       0       0       0       0       0       0       0       0       0       0       0       0
Total ram usage:        0 bytes
 Hardware stack levels used:    1
 Hardware stack levels required when called:    3
 This function calls:
		Nothing
 This function is called by:
		_SYSTEM_Initialize
 This function uses a non-reentrant model


 *************** function _PIN_MANAGER_Initialize *****************
 Defined at:
		line 50 in file "mcc_generated_files/pin_manager.c"
 Parameters:    Size  Location     Type
		None
 Auto vars:     Size  Location     Type
		None
 Return value:  Size  Location     Type
                  1    wreg      void 
 Registers used:
		wreg, status,2
 Tracked objects:
		On entry : 
		On exit  : 
		Unchanged: 
 Data sizes:     COMMON   BANK0   BANK1   BANK2   BANK3   BANK4   BANK5   BANK6   BANK7   BANK8   BANK9  BANK10  BANK11  BANK12
      Params:         0       0       0       0       0       0       0       0       0       0       0       0       0       0
      Locals:         0       0       0       0       0       0       0       0       0       0       0       0       0       0
      Temps:          0       0       0       0       0       0       0       0       0       0       0       0       0       0
      Totals:         0       0       0       0       0       0       0       0       0       0       0       0       0       0
Total ram usage:        0 bytes
 Hardware stack levels used:    1
 Hardware stack levels required when called:    3
 This function calls:
		Nothing
 This function is called by:
		_SYSTEM_Initialize
 This function uses a non-reentrant model


 *************** function _OSCILLATOR_Initialize *****************
 Defined at:
		line 79 in file "mcc_generated_files/mcc.c"
 Parameters:    Size  Location     Type
		None
 Auto vars:     Size  Location     Type
		None
 Return value:  Size  Location     Type
                  1    wreg      void 
 Registers used:
		wreg, status,2
 Tracked objects:
		On entry : 
		On exit  : 
		Unchanged: 
 Data sizes:     COMMON   BANK0   BANK1   BANK2   BANK3   BANK4   BANK5   BANK6   BANK7   BANK8   BANK9  BANK10  BANK11  BANK12
      Params:         0       0       0       0       0       0       0       0       0       0       0       0       0       0
      Locals:         0       0       0       0       0       0       0       0       0       0       0       0       0       0
      Temps:          0       0       0       0       0       0       0       0       0       0       0       0       0       0
      Totals:         0       0       0       0       0       0       0       0       0       0       0       0       0       0
Total ram usage:        0 bytes
 Hardware stack levels used:    1
 Hardware stack levels required when called:    3
 This function calls:
		Nothing
 This function is called by:
		_SYSTEM_Initialize
 This function uses a non-reentrant model


 *************** function _EUSART_Initialize *****************
 Defined at:
		line 56 in file "mcc_generated_files/eusart.c"
 Parameters:    Size  Location     Type
		None
 Auto vars:     Size  Location     Type
		None
 Return value:  Size  Location     Type
                  1    wreg      void 
 Registers used:
		wreg
 Tracked objects:
		On entry : 
		On exit  : 
		Unchanged: 
 Data sizes:     COMMON   BANK0   BANK1   BANK2   BANK3   BANK4   BANK5   BANK6   BANK7   BANK8   BANK9  BANK10  BANK11  BANK12
      Params:         0       0       0       0       0       0       0       0       0       0       0       0       0       0
      Locals:         0       0       0       0       0       0       0       0       0       0       0       0       0       0
      Temps:          0       0       0       0       0       0       0       0       0       0       0       0       0       0
      Totals:         0       0       0       0       0       0       0       0       0       0       0       0       0       0
Total ram usage:        0 bytes
 Hardware stack levels used:    1
 Hardware stack levels required when called:    3
 This function calls:
		Nothing
 This function is called by:
		_SYSTEM_Initialize
 This function uses a non-reentrant model


 *************** function _ADC_Initialize *****************
 Defined at:
		line 65 in file "mcc_generated_files/adc.c"
 Parameters:    Size  Location     Type
		None
 Auto vars:     Size  Location     Type
		None
 Return value:  Size  Location     Type
                  1    wreg      void 
 Registers used:
		wreg, status,2
 Tracked objects:
		On entry : 
		On exit  : 
		Unchanged: 
 Data sizes:     COMMON   BANK0   BANK1   BANK2   BANK3   BANK4   BANK5   BANK6   BANK7   BANK8   BANK9  BANK10  BANK11  BANK12
      Params:         0       0       0       0       0       0       0       0       0       0       0       0       0       0
      Locals:         0       0       0       0       0       0       0       0       0       0       0       0       0       0
      Temps:          0       0       0       0       0       0       0       0       0       0       0       0       0       0
      Totals:         0       0       0       0       0       0       0       0       0       0       0       0       0       0
Total ram usage:        0 bytes
 Hardware stack levels used:    1
 Hardware stack levels required when called:    3
 This function calls:
		Nothing
 This function is called by:
		_SYSTEM_Initialize
 This function uses a non-reentrant model


 *************** function _Key_Process *****************
 Defined at:
		line 38 in file "mcc_generated_files/key.c"
 Parameters:    Size  Location     Type
		None
 Auto vars:     Size  Location     Type
  gKeyValue       1   13[BANK0 ] unsigned char 
 Return value:  Size  Location     Type
                  2  271[None  ] int 
 Registers used:
		wreg, fsr0l, fsr0h, fsr1l, fsr1h, status,2, status,0, pclath, cstack
 Tracked objects:
		On entry : 
		On exit  : 
		Unchanged: 
 Data sizes:     COMMON   BANK0   BANK1   BANK2   BANK3   BANK4   BANK5   BANK6   BANK7   BANK8   BANK9  BANK10  BANK11  BANK12
      Params:         0       0       0       0       0       0       0       0       0       0       0       0       0       0
      Locals:         0       1       0       0       0       0       0       0       0       0       0       0       0       0
      Temps:          0       1       0       0       0       0       0       0       0       0       0       0       0       0
      Totals:         0       2       0       0       0       0       0       0       0       0       0       0       0       0
Total ram usage:        2 bytes
 Hardware stack levels used:    1
 Hardware stack levels required when called:    8
 This function calls:
		_Key_Scan
		_temperature_process
 This function is called by:
		_main
 This function uses a non-reentrant model


 *************** function _temperature_process *****************
 Defined at:
		line 239 in file "mcc_generated_files/max31856.c"
 Parameters:    Size  Location     Type
		None
 Auto vars:     Size  Location     Type
		None
 Return value:  Size  Location     Type
                  1    wreg      void 
 Registers used:
		wreg, fsr0l, fsr0h, fsr1l, fsr1h, status,2, status,0, pclath, cstack
 Tracked objects:
		On entry : 
		On exit  : 
		Unchanged: 
 Data sizes:     COMMON   BANK0   BANK1   BANK2   BANK3   BANK4   BANK5   BANK6   BANK7   BANK8   BANK9  BANK10  BANK11  BANK12
      Params:         0       0       0       0       0       0       0       0       0       0       0       0       0       0
      Locals:         0       0       0       0       0       0       0       0       0       0       0       0       0       0
      Temps:          0       0       0       0       0       0       0       0       0       0       0       0       0       0
      Totals:         0       0       0       0       0       0       0       0       0       0       0       0       0       0
Total ram usage:        0 bytes
 Hardware stack levels used:    1
 Hardware stack levels required when called:    7
 This function calls:
		_Two_Display
		_one_temperature_trans
		_temperature_display
		_time_Display
 This function is called by:
		_main
		_Key_Process
 This function uses a non-reentrant model


 *************** function _time_Display *****************
 Defined at:
		line 163 in file "mcc_generated_files/ht1621.c"
 Parameters:    Size  Location     Type
		None
 Auto vars:     Size  Location     Type
  num             4    4[BANK0 ] unsigned char [4]
 Return value:  Size  Location     Type
                  1    wreg      void 
 Registers used:
		wreg, fsr0l, fsr0h, status,2, status,0, pclath, cstack
 Tracked objects:
		On entry : 
		On exit  : 
		Unchanged: 
 Data sizes:     COMMON   BANK0   BANK1   BANK2   BANK3   BANK4   BANK5   BANK6   BANK7   BANK8   BANK9  BANK10  BANK11  BANK12
      Params:         0       0       0       0       0       0       0       0       0       0       0       0       0       0
      Locals:         0       4       0       0       0       0       0       0       0       0       0       0       0       0
      Temps:          0       1       0       0       0       0       0       0       0       0       0       0       0       0
      Totals:         0       5       0       0       0       0       0       0       0       0       0       0       0       0
Total ram usage:        5 bytes
 Hardware stack levels used:    1
 Hardware stack levels required when called:    5
 This function calls:
		_WriteAll_1621
 This function is called by:
		_temperature_process
 This function uses a non-reentrant model


 *************** function _temperature_display *****************
 Defined at:
		line 217 in file "mcc_generated_files/max31856.c"
 Parameters:    Size  Location     Type
		None
 Auto vars:     Size  Location     Type
		None
 Return value:  Size  Location     Type
                  1    wreg      void 
 Registers used:
		wreg, fsr0l, fsr0h, fsr1l, fsr1h, status,2, status,0, pclath, cstack
 Tracked objects:
		On entry : 
		On exit  : 
		Unchanged: 
 Data sizes:     COMMON   BANK0   BANK1   BANK2   BANK3   BANK4   BANK5   BANK6   BANK7   BANK8   BANK9  BANK10  BANK11  BANK12
      Params:         0       0       0       0       0       0       0       0       0       0       0       0       0       0
      Locals:         0       0       0       0       0       0       0       0       0       0       0       0       0       0
      Temps:          0       1       0       0       0       0       0       0       0       0       0       0       0       0
      Totals:         0       1       0       0       0       0       0       0       0       0       0       0       0       0
Total ram usage:        1 bytes
 Hardware stack levels used:    1
 Hardware stack levels required when called:    6
 This function calls:
		_Tc_Display
		_err_Display
		_maxim_31856_write_register
		_maxim_clear_fault_status
		_tc_temperature_trans
 This function is called by:
		_temperature_process
 This function uses a non-reentrant model


 *************** function _tc_temperature_trans *****************
 Defined at:
		line 168 in file "mcc_generated_files/max31856.c"
 Parameters:    Size  Location     Type
		None
 Auto vars:     Size  Location     Type
		None
 Return value:  Size  Location     Type
                  1    wreg      void 
 Registers used:
		wreg, status,2, status,0
 Tracked objects:
		On entry : 
		On exit  : 
		Unchanged: 
 Data sizes:     COMMON   BANK0   BANK1   BANK2   BANK3   BANK4   BANK5   BANK6   BANK7   BANK8   BANK9  BANK10  BANK11  BANK12
      Params:         0       0       0       0       0       0       0       0       0       0       0       0       0       0
      Locals:         0       0       0       0       0       0       0       0       0       0       0       0       0       0
      Temps:          8       0       0       0       0       0       0       0       0       0       0       0       0       0
      Totals:         8       0       0       0       0       0       0       0       0       0       0       0       0       0
Total ram usage:        8 bytes
 Hardware stack levels used:    1
 Hardware stack levels required when called:    3
 This function calls:
		Nothing
 This function is called by:
		_temperature_display
 This function uses a non-reentrant model


 *************** function _maxim_clear_fault_status *****************
 Defined at:
		line 155 in file "mcc_generated_files/max31856.c"
 Parameters:    Size  Location     Type
		None
 Auto vars:     Size  Location     Type
		None
 Return value:  Size  Location     Type
                  1    wreg      void 
 Registers used:
		wreg, status,2, status,0, pclath, cstack
 Tracked objects:
		On entry : 
		On exit  : 
		Unchanged: 
 Data sizes:     COMMON   BANK0   BANK1   BANK2   BANK3   BANK4   BANK5   BANK6   BANK7   BANK8   BANK9  BANK10  BANK11  BANK12
      Params:         0       0       0       0       0       0       0       0       0       0       0       0       0       0
      Locals:         0       0       0       0       0       0       0       0       0       0       0       0       0       0
      Temps:          1       0       0       0       0       0       0       0       0       0       0       0       0       0
      Totals:         1       0       0       0       0       0       0       0       0       0       0       0       0       0
Total ram usage:        1 bytes
 Hardware stack levels used:    1
 Hardware stack levels required when called:    5
 This function calls:
		_maxim_31856_read_register
		_maxim_31856_write_register
 This function is called by:
		_temperature_display
 This function uses a non-reentrant model


 *************** function _err_Display *****************
 Defined at:
		line 149 in file "mcc_generated_files/ht1621.c"
 Parameters:    Size  Location     Type
		None
 Auto vars:     Size  Location     Type
  num             4    4[BANK0 ] unsigned char [4]
 Return value:  Size  Location     Type
                  1    wreg      void 
 Registers used:
		wreg, fsr0l, fsr0h, status,2, status,0, pclath, cstack
 Tracked objects:
		On entry : 
		On exit  : 
		Unchanged: 
 Data sizes:     COMMON   BANK0   BANK1   BANK2   BANK3   BANK4   BANK5   BANK6   BANK7   BANK8   BANK9  BANK10  BANK11  BANK12
      Params:         0       0       0       0       0       0       0       0       0       0       0       0       0       0
      Locals:         0       4       0       0       0       0       0       0       0       0       0       0       0       0
      Temps:          0       1       0       0       0       0       0       0       0       0       0       0       0       0
      Totals:         0       5       0       0       0       0       0       0       0       0       0       0       0       0
Total ram usage:        5 bytes
 Hardware stack levels used:    1
 Hardware stack levels required when called:    5
 This function calls:
		_WriteAll_1621
 This function is called by:
		_temperature_display
 This function uses a non-reentrant model


 *************** function _Tc_Display *****************
 Defined at:
		line 107 in file "mcc_generated_files/ht1621.c"
 Parameters:    Size  Location     Type
		None
 Auto vars:     Size  Location     Type
  data            2    9[BANK0 ] unsigned int 
  count           1    8[BANK0 ] unsigned char 
 Return value:  Size  Location     Type
                  1    wreg      void 
 Registers used:
		wreg, fsr0l, fsr0h, fsr1l, fsr1h, status,2, status,0, pclath, cstack
 Tracked objects:
		On entry : 
		On exit  : 
		Unchanged: 
 Data sizes:     COMMON   BANK0   BANK1   BANK2   BANK3   BANK4   BANK5   BANK6   BANK7   BANK8   BANK9  BANK10  BANK11  BANK12
      Params:         0       0       0       0       0       0       0       0       0       0       0       0       0       0
      Locals:         0       3       0       0       0       0       0       0       0       0       0       0       0       0
      Temps:          0       1       0       0       0       0       0       0       0       0       0       0       0       0
      Totals:         0       4       0       0       0       0       0       0       0       0       0       0       0       0
Total ram usage:        4 bytes
 Hardware stack levels used:    1
 Hardware stack levels required when called:    5
 This function calls:
		_WriteAll_1621
		___lwdiv
		___lwmod
		_memset
 This function is called by:
		_temperature_display
 This function uses a non-reentrant model


 *************** function _memset *****************
 Defined at:
		line 8 in file "D:\Program Files (x86)\Microchip\xc8\v1.37\sources\common\memset.c"
 Parameters:    Size  Location     Type
  p1              1    wreg     PTR void 
		 -> display_buff(4), 
  c               2    2[COMMON] int 
  n               2    4[COMMON] unsigned int 
 Auto vars:     Size  Location     Type
  p1              1    7[COMMON] PTR void 
		 -> display_buff(4), 
  p               1    8[COMMON] PTR unsigned char 
		 -> display_buff(4), 
 Return value:  Size  Location     Type
                  1    wreg      PTR void 
 Registers used:
[...]
      Temps:          1       0       0       0       0       0       0       0       0       0       0       0       0       0
      Totals:         3       0       0       0       0       0       0       0       0       0       0       0       0       0
Total ram usage:        3 bytes
 Hardware stack levels used:    1
 Hardware stack levels required when called:    4
 This function calls:
		_SPI_Exchange8bit
 This function is called by:
		_maxim_start_conversion
		_maxim_clear_fault_status
		_maxim_stop_conversion
		_maxim_disable_oc_fault_detection
		_maxim_set_oc_fault_detection
 This function uses a non-reentrant model


 *************** function _maxim_31856_read_nregisters *****************
 Defined at:
		line 49 in file "mcc_generated_files/max31856.c"
 Parameters:    Size  Location     Type
  uch_register    1    wreg     unsigned char 
  uch_buff        1    0[BANK0 ] PTR unsigned char 
		 -> uch_reg(8), 
  uch_nBytes      1    1[BANK0 ] unsigned char 
 Auto vars:     Size  Location     Type
  uch_register    1    4[BANK0 ] unsigned char 
 Return value:  Size  Location     Type
                  1    wreg      void 
 Registers used:
		wreg, fsr1l, fsr1h, status,2, status,0, pclath, cstack
 Tracked objects:
		On entry : 
		On exit  : 
		Unchanged: 
 Data sizes:     COMMON   BANK0   BANK1   BANK2   BANK3   BANK4   BANK5   BANK6   BANK7   BANK8   BANK9  BANK10  BANK11  BANK12
      Params:         0       2       0       0       0       0       0       0       0       0       0       0       0       0
      Locals:         0       1       0       0       0       0       0       0       0       0       0       0       0       0
      Temps:          0       2       0       0       0       0       0       0       0       0       0       0       0       0
      Totals:         0       5       0       0       0       0       0       0       0       0       0       0       0       0
Total ram usage:        5 bytes
 Hardware stack levels used:    1
 Hardware stack levels required when called:    5
 This function calls:
		_SPI_Exchange8bit
		_SPI_Exchange8bitBuffer
 This function is called by:
		_one_temperature_trans
 This function uses a non-reentrant model


 *************** function _SPI_Exchange8bitBuffer *****************
 Defined at:
		line 89 in file "mcc_generated_files/spi.c"
 Parameters:    Size  Location     Type
  dataIn          1    wreg     PTR unsigned char 
		 -> NULL(0), 
  bufLen          1    3[COMMON] unsigned char 
  dataOut         1    4[COMMON] PTR unsigned char 
		 -> uch_reg(8), 
 Auto vars:     Size  Location     Type
  dataIn          1    8[COMMON] PTR unsigned char 
		 -> NULL(0), 
  bytesWritten    1    9[COMMON] unsigned char 
 Return value:  Size  Location     Type
                  1    wreg      unsigned char 
 Registers used:
		wreg, fsr1l, fsr1h, status,2, status,0, pclath, cstack
 Tracked objects:
		On entry : 
		On exit  : 
		Unchanged: 
 Data sizes:     COMMON   BANK0   BANK1   BANK2   BANK3   BANK4   BANK5   BANK6   BANK7   BANK8   BANK9  BANK10  BANK11  BANK12
      Params:         2       0       0       0       0       0       0       0       0       0       0       0       0       0
      Locals:         2       0       0       0       0       0       0       0       0       0       0       0       0       0
      Temps:          3       0       0       0       0       0       0       0       0       0       0       0       0       0
      Totals:         7       0       0       0       0       0       0       0       0       0       0       0       0       0
Total ram usage:        7 bytes
 Hardware stack levels used:    1
 Hardware stack levels required when called:    4
 This function calls:
		_SPI_Exchange8bit
 This function is called by:
		_maxim_31856_read_nregisters
 This function uses a non-reentrant model


 *************** function _SPI_Exchange8bit *****************
 Defined at:
		line 77 in file "mcc_generated_files/spi.c"
 Parameters:    Size  Location     Type
  data            1    wreg     unsigned char 
 Auto vars:     Size  Location     Type
  data            1    2[COMMON] unsigned char 
 Return value:  Size  Location     Type
                  1    wreg      unsigned char 
 Registers used:
		wreg
 Tracked objects:
		On entry : 
		On exit  : 
		Unchanged: 
 Data sizes:     COMMON   BANK0   BANK1   BANK2   BANK3   BANK4   BANK5   BANK6   BANK7   BANK8   BANK9  BANK10  BANK11  BANK12
      Params:         0       0       0       0       0       0       0       0       0       0       0       0       0       0
      Locals:         1       0       0       0       0       0       0       0       0       0       0       0       0       0
      Temps:          0       0       0       0       0       0       0       0       0       0       0       0       0       0
      Totals:         1       0       0       0       0       0       0       0       0       0       0       0       0       0
Total ram usage:        1 bytes
 Hardware stack levels used:    1
 Hardware stack levels required when called:    3
 This function calls:
		Nothing
 This function is called by:
		_SPI_Exchange8bitBuffer
		_maxim_31856_write_register
		_maxim_31856_read_register
		_maxim_31856_read_nregisters
 This function uses a non-reentrant model


 *************** function _Two_Display *****************
 Defined at:
		line 135 in file "mcc_generated_files/ht1621.c"
 Parameters:    Size  Location     Type
  number          1    wreg     unsigned char 
 Auto vars:     Size  Location     Type
  number          1    8[BANK0 ] unsigned char 
  num             4    4[BANK0 ] unsigned char [4]
 Return value:  Size  Location     Type
                  1    wreg      void 
 Registers used:
		wreg, fsr0l, fsr0h, status,2, status,0, pclath, cstack
 Tracked objects:
		On entry : 
		On exit  : 
		Unchanged: 
 Data sizes:     COMMON   BANK0   BANK1   BANK2   BANK3   BANK4   BANK5   BANK6   BANK7   BANK8   BANK9  BANK10  BANK11  BANK12
      Params:         0       0       0       0       0       0       0       0       0       0       0       0       0       0
      Locals:         0       5       0       0       0       0       0       0       0       0       0       0       0       0
      Temps:          0       1       0       0       0       0       0       0       0       0       0       0       0       0
      Totals:         0       6       0       0       0       0       0       0       0       0       0       0       0       0
Total ram usage:        6 bytes
 Hardware stack levels used:    1
 Hardware stack levels required when called:    5
 This function calls:
		_WriteAll_1621
 This function is called by:
		_temperature_process
 This function uses a non-reentrant model


 *************** function _WriteAll_1621 *****************
 Defined at:
		line 88 in file "mcc_generated_files/ht1621.c"
 Parameters:    Size  Location     Type
  addr            1    wreg     unsigned char 
  p               2    7[COMMON] PTR unsigned char 
		 -> time_Display@num(4), err_Display@num(4), Two_Display@num(4), display_buff(4), 
		 -> Dis_TAB(21), 
  cnt             1    9[COMMON] unsigned char 
 Auto vars:     Size  Location     Type
  addr            1    1[BANK0 ] unsigned char 
  i               1    2[BANK0 ] unsigned char 
 Return value:  Size  Location     Type
                  1    wreg      void 
 Registers used:
		wreg, fsr0l, fsr0h, status,2, status,0, pclath, cstack
 Tracked objects:
		On entry : 
		On exit  : 
		Unchanged: 
 Data sizes:     COMMON   BANK0   BANK1   BANK2   BANK3   BANK4   BANK5   BANK6   BANK7   BANK8   BANK9  BANK10  BANK11  BANK12
      Params:         3       0       0       0       0       0       0       0       0       0       0       0       0       0
      Locals:         0       2       0       0       0       0       0       0       0       0       0       0       0       0
      Temps:          0       1       0       0       0       0       0       0       0       0       0       0       0       0
      Totals:         3       3       0       0       0       0       0       0       0       0       0       0       0       0
Total ram usage:        6 bytes
 Hardware stack levels used:    1
 Hardware stack levels required when called:    4
 This function calls:
		_SendBit_1621
		_SendDataBit_1621
 This function is called by:
		_main
		_Tc_Display
		_Two_Display
		_err_Display
		_time_Display
 This function uses a non-reentrant model


 *************** function _SendDataBit_1621 *****************
 Defined at:
		line 39 in file "mcc_generated_files/ht1621.c"
 Parameters:    Size  Location     Type
  data            1    wreg     unsigned char 
  cnt             1    2[COMMON] unsigned char 
 Auto vars:     Size  Location     Type
  data            1    5[COMMON] unsigned char 
  i               1    6[COMMON] unsigned char 
 Return value:  Size  Location     Type
                  1    wreg      void 
 Registers used:
		wreg, status,2, status,0
 Tracked objects:
		On entry : 
		On exit  : 
		Unchanged: 
 Data sizes:     COMMON   BANK0   BANK1   BANK2   BANK3   BANK4   BANK5   BANK6   BANK7   BANK8   BANK9  BANK10  BANK11  BANK12
      Params:         1       0       0       0       0       0       0       0       0       0       0       0       0       0
      Locals:         2       0       0       0       0       0       0       0       0       0       0       0       0       0
      Temps:          2       0       0       0       0       0       0       0       0       0       0       0       0       0
      Totals:         5       0       0       0       0       0       0       0       0       0       0       0       0       0
Total ram usage:        5 bytes
 Hardware stack levels used:    1
 Hardware stack levels required when called:    3
 This function calls:
		Nothing
 This function is called by:
		_WriteAll_1621
		_Write_1621
 This function uses a non-reentrant model


 *************** function _SendBit_1621 *****************
 Defined at:
		line 19 in file "mcc_generated_files/ht1621.c"
 Parameters:    Size  Location     Type
  data            1    wreg     unsigned char 
  cnt             1    2[COMMON] unsigned char 
 Auto vars:     Size  Location     Type
  data            1    5[COMMON] unsigned char 
  i               1    6[COMMON] unsigned char 
 Return value:  Size  Location     Type
                  1    wreg      void 
 Registers used:
		wreg, status,2, status,0
 Tracked objects:
		On entry : 
		On exit  : 
		Unchanged: 
 Data sizes:     COMMON   BANK0   BANK1   BANK2   BANK3   BANK4   BANK5   BANK6   BANK7   BANK8   BANK9  BANK10  BANK11  BANK12
      Params:         1       0       0       0       0       0       0       0       0       0       0       0       0       0
      Locals:         2       0       0       0       0       0       0       0       0       0       0       0       0       0
      Temps:          2       0       0       0       0       0       0       0       0       0       0       0       0       0
      Totals:         5       0       0       0       0       0       0       0       0       0       0       0       0       0
Total ram usage:        5 bytes
 Hardware stack levels used:    1
 Hardware stack levels required when called:    3
 This function calls:
		Nothing
 This function is called by:
		_SendCmd_1621
		_WriteAll_1621
		_Write_1621
 This function uses a non-reentrant model


 *************** function _Key_Scan *****************
 Defined at:
		line 16 in file "mcc_generated_files/key.c"
 Parameters:    Size  Location     Type
		None
 Auto vars:     Size  Location     Type
  Key_val         1    4[COMMON] unsigned char 
 Return value:  Size  Location     Type
                  1    wreg      unsigned char 
 Registers used:
		wreg
 Tracked objects:
		On entry : 
		On exit  : 
		Unchanged: 
 Data sizes:     COMMON   BANK0   BANK1   BANK2   BANK3   BANK4   BANK5   BANK6   BANK7   BANK8   BANK9  BANK10  BANK11  BANK12
      Params:         0       0       0       0       0       0       0       0       0       0       0       0       0       0
      Locals:         1       0       0       0       0       0       0       0       0       0       0       0       0       0
      Temps:          2       0       0       0       0       0       0       0       0       0       0       0       0       0
      Totals:         3       0       0       0       0       0       0       0       0       0       0       0       0       0
Total ram usage:        3 bytes
 Hardware stack levels used:    1
 Hardware stack levels required when called:    3
 This function calls:
		Nothing
 This function is called by:
		_Key_Process
 This function uses a non-reentrant model


 *************** function _INTERRUPT_InterruptManager *****************
 Defined at:
		line 52 in file "mcc_generated_files/interrupt_manager.c"
 Parameters:    Size  Location     Type
		None
 Auto vars:     Size  Location     Type
		None
 Return value:  Size  Location     Type
                  1    wreg      void 
 Registers used:
		wreg, status,2, status,0, pclath, cstack
 Tracked objects:
		On entry : 
		On exit  : 
		Unchanged: 
 Data sizes:     COMMON   BANK0   BANK1   BANK2   BANK3   BANK4   BANK5   BANK6   BANK7   BANK8   BANK9  BANK10  BANK11  BANK12
      Params:         0       0       0       0       0       0       0       0       0       0       0       0       0       0
      Locals:         0       0       0       0       0       0       0       0       0       0       0       0       0       0
      Temps:          1       0       0       0       0       0       0       0       0       0       0       0       0       0
      Totals:         1       0       0       0       0       0       0       0       0       0       0       0       0       0
Total ram usage:        1 bytes
 Hardware stack levels used:    1
 Hardware stack levels required when called:    2
 This function calls:
		_TMR0_ISR
 This function is called by:
		Interrupt level 1
 This function uses a non-reentrant model


 *************** function _TMR0_ISR *****************
 Defined at:
		line 103 in file "mcc_generated_files/tmr0.c"
 Parameters:    Size  Location     Type
		None
 Auto vars:     Size  Location     Type
		None
 Return value:  Size  Location     Type
                  1    wreg      void 
 Registers used:
		wreg, status,2, status,0, pclath, cstack
 Tracked objects:
		On entry : 
		On exit  : 
		Unchanged: 
 Data sizes:     COMMON   BANK0   BANK1   BANK2   BANK3   BANK4   BANK5   BANK6   BANK7   BANK8   BANK9  BANK10  BANK11  BANK12
      Params:         0       0       0       0       0       0       0       0       0       0       0       0       0       0
      Locals:         0       0       0       0       0       0       0       0       0       0       0       0       0       0
      Temps:          0       0       0       0       0       0       0       0       0       0       0       0       0       0
      Totals:         0       0       0       0       0       0       0       0       0       0       0       0       0       0
Total ram usage:        0 bytes
 Hardware stack levels used:    1
 Hardware stack levels required when called:    1
 This function calls:
		_TMR0_CallBack
 This function is called by:
		_INTERRUPT_InterruptManager
 This function uses a non-reentrant model


 *************** function _TMR0_CallBack *****************
 Defined at:
		line 123 in file "mcc_generated_files/tmr0.c"
 Parameters:    Size  Location     Type
		None
 Auto vars:     Size  Location     Type
		None
 Return value:  Size  Location     Type
                  1    wreg      void 
 Registers used:
		wreg, status,2, status,0
 Tracked objects:
		On entry : 
		On exit  : 
		Unchanged: 
 Data sizes:     COMMON   BANK0   BANK1   BANK2   BANK3   BANK4   BANK5   BANK6   BANK7   BANK8   BANK9  BANK10  BANK11  BANK12
      Params:         0       0       0       0       0       0       0       0       0       0       0       0       0       0
      Locals:         0       0       0       0       0       0       0       0       0       0       0       0       0       0
      Temps:          1       0       0       0       0       0       0       0       0       0       0       0       0       0
      Totals:         1       0       0       0       0       0       0       0       0       0       0       0       0       0
Total ram usage:        1 bytes
 Hardware stack levels used:    1
 This function calls:
		Nothing
 This function is called by:
		_TMR0_ISR
 This function uses a non-reentrant model



MODULE INFORMATION

Module		Function		Class		Link	Load	Size
mcc_generated_files/max31856.c
		_one_temperature_trans		CODE           	03B3	0000	45
		_maxim_31856_read_nregisters		CODE           	0502	0000	25
		_maxim_31856_read_register		CODE           	057E	0000	18
		_maxim_31856_init		CODE           	0179	0000	101
		_maxim_clear_fault_status		CODE           	058F	0000	17
		_tc_temperature_trans		CODE           	002A	0000	169
		_maxim_start_conversion		CODE           	04EA	0000	25
		_temperature_process		CODE           	0354	0000	52
		_temperature_display		CODE           	04B2	0000	31
		_maxim_31856_write_register		CODE           	05AE	0000	14

mcc_generated_files/max31856.c estimated size: 497

mcc_generated_files/interrupt_manager.c
		_INTERRUPT_InterruptManager		CODE           	0004	0000	16

mcc_generated_files/interrupt_manager.c estimated size: 16

mcc_generated_files/tmr0.c
		_TMR0_CallBack 		CODE           	0559	0000	20
		_TMR0_ISR      		CODE           	0544	0000	22
		_TMR0_Initialize		CODE           	059F	0000	16

mcc_generated_files/tmr0.c estimated size: 58

mcc_generated_files/pin_manager.c
		_PIN_MANAGER_Initialize		CODE           	0450	0000	35

mcc_generated_files/pin_manager.c estimated size: 35

mcc_generated_files/ht1621.c
		_WriteAll_1621 		CODE           	031F	0000	54
		_SendCmd_1621  		CODE           	052F	0000	22
		_Two_Display   		CODE           	03DF	0000	42
		_err_Display   		CODE           	0408	0000	38
		_Tc_Display    		CODE           	00D2	0000	168
		_SendBit_1621  		CODE           	0492	0000	33
		_SendDataBit_1621		CODE           	0472	0000	33
		_time_Display  		CODE           	02B5	0000	54

mcc_generated_files/ht1621.c estimated size: 444

mcc_generated_files/adc.c
		_ADC_Initialize		CODE           	05D0	0000	9

mcc_generated_files/adc.c estimated size: 9

mcc_generated_files/key.c
		_Key_Scan      		CODE           	042D	0000	36
		_Key_Process   		CODE           	0273	0000	67

mcc_generated_files/key.c estimated size: 103

D:\Program Files (x86)\Microchip\xc8\v1.37\sources\common\lwmod.c
		___lwmod       		CODE           	0387	0000	45

D:\Program Files (x86)\Microchip\xc8\v1.37\sources\common\lwmod.c estimated size: 45

mcc_generated_files/spi.c
		_SPI_Exchange8bitBuffer		CODE           	01DD	0000	77
		_SPI_Exchange8bit		CODE           	05C7	0000	10
		_SPI_Initialize		CODE           	05DE	0000	7

mcc_generated_files/spi.c estimated size: 94

shared
		_Dis_TAB       		STRCODE        	051A	0000	22
		__initialization		CODE           	0015	0000	18

shared estimated size: 40

mcc_generated_files/mcc.c
		_OSCILLATOR_Initialize		CODE           	05E4	0000	6
		_SYSTEM_Initialize		CODE           	056C	0000	19

mcc_generated_files/mcc.c estimated size: 25

D:\Program Files (x86)\Microchip\xc8\v1.37\sources\common\memset.c
		_memset        		CODE           	04D0	0000	27

D:\Program Files (x86)\Microchip\xc8\v1.37\sources\common\memset.c estimated size: 27

mcc_generated_files/eusart.c
		_EUSART_Initialize		CODE           	05BB	0000	13

mcc_generated_files/eusart.c estimated size: 13

D:\Program Files (x86)\Microchip\xc8\v1.37\sources\common\lwdiv.c
		___lwdiv       		CODE           	02EA	0000	54

D:\Program Files (x86)\Microchip\xc8\v1.37\sources\common\lwdiv.c estimated size: 54

main.c
		_main          		CODE           	0229	0000	75

main.c estimated size: 75

